[2020-05-06T13:54:09.619+0200][0.016s] Heap region size: 1M
[2020-05-06T13:54:09.790+0200][0.187s] Using G1
[2020-05-06T13:54:09.790+0200][0.187s] Heap address: 0x00000000e0000000, size: 512 MB, Compressed Oops mode: 32-bit
[2020-05-06T13:54:10.358+0200][0.754s] GC(0) Pause Young (Normal) (G1 Evacuation Pause)
[2020-05-06T13:54:10.358+0200][0.754s] GC(0) Using 10 workers of 10 for evacuation
[2020-05-06T13:54:10.361+0200][0.758s] GC(0)   Pre Evacuate Collection Set: 0.0ms
[2020-05-06T13:54:10.361+0200][0.758s] GC(0)   Evacuate Collection Set: 2.9ms
[2020-05-06T13:54:10.361+0200][0.758s] GC(0)   Post Evacuate Collection Set: 0.4ms
[2020-05-06T13:54:10.361+0200][0.758s] GC(0)   Other: 0.6ms
[2020-05-06T13:54:10.361+0200][0.758s] GC(0) Eden regions: 30->0(303)
[2020-05-06T13:54:10.369+0200][0.766s] GC(0) Survivor regions: 0->4(4)
[2020-05-06T13:54:10.369+0200][0.766s] GC(0) Old regions: 0->0
[2020-05-06T13:54:10.369+0200][0.766s] GC(0) Humongous regions: 0->0
[2020-05-06T13:54:10.369+0200][0.766s] GC(0) Metaspace: 15433K->15433K(1062912K)
[2020-05-06T13:54:10.369+0200][0.766s] GC(0) Pause Young (Normal) (G1 Evacuation Pause) 30M->3M(512M) 11.629ms
[2020-05-06T13:54:10.369+0200][0.766s] GC(0) User=0.02s Sys=0.00s Real=0.01s
[2020-05-06T13:54:10.586+0200][0.983s] GC(1) Pause Young (Concurrent Start) (Metadata GC Threshold)
[2020-05-06T13:54:10.586+0200][0.983s] GC(1) Using 10 workers of 10 for evacuation
[2020-05-06T13:54:10.592+0200][0.989s] GC(1)   Pre Evacuate Collection Set: 0.0ms
[2020-05-06T13:54:10.592+0200][0.989s] GC(1)   Evacuate Collection Set: 5.6ms
[2020-05-06T13:54:10.592+0200][0.989s] GC(1)   Post Evacuate Collection Set: 0.5ms
[2020-05-06T13:54:10.592+0200][0.989s] GC(1)   Other: 0.2ms
[2020-05-06T13:54:10.592+0200][0.989s] GC(1) Eden regions: 19->0(61)
[2020-05-06T13:54:10.592+0200][0.989s] GC(1) Survivor regions: 4->12(39)
[2020-05-06T13:54:10.592+0200][0.989s] GC(1) Old regions: 0->0
[2020-05-06T13:54:10.592+0200][0.989s] GC(1) Humongous regions: 4->4
[2020-05-06T13:54:10.592+0200][0.989s] GC(1) Metaspace: 20742K->20742K(1069056K)
[2020-05-06T13:54:10.592+0200][0.989s] GC(1) Pause Young (Concurrent Start) (Metadata GC Threshold) 26M->15M(512M) 6.439ms
[2020-05-06T13:54:10.592+0200][0.989s] GC(1) User=0.00s Sys=0.00s Real=0.01s
[2020-05-06T13:54:10.592+0200][0.989s] GC(2) Concurrent Cycle
[2020-05-06T13:54:10.592+0200][0.989s] GC(2) Concurrent Clear Claimed Marks
[2020-05-06T13:54:10.592+0200][0.989s] GC(2) Concurrent Clear Claimed Marks 0.019ms
[2020-05-06T13:54:10.592+0200][0.989s] GC(2) Concurrent Scan Root Regions
[2020-05-06T13:54:10.595+0200][0.992s] GC(2) Concurrent Scan Root Regions 2.199ms
[2020-05-06T13:54:10.595+0200][0.992s] GC(2) Concurrent Mark (0.992s)
[2020-05-06T13:54:10.595+0200][0.992s] GC(2) Concurrent Mark From Roots
[2020-05-06T13:54:10.595+0200][0.992s] GC(2) Using 3 workers of 3 for marking
[2020-05-06T13:54:10.595+0200][0.993s] GC(2) Concurrent Mark From Roots 0.797ms
[2020-05-06T13:54:10.596+0200][0.993s] GC(2) Concurrent Preclean
[2020-05-06T13:54:10.596+0200][0.993s] GC(2) Concurrent Preclean 0.113ms
[2020-05-06T13:54:10.596+0200][0.993s] GC(2) Concurrent Mark (0.992s, 0.993s) 0.962ms
[2020-05-06T13:54:10.596+0200][0.993s] GC(2) Pause Remark
[2020-05-06T13:54:10.596+0200][0.994s] GC(2) Cleaned string and symbol table, strings: 10274 processed, 0 removed, symbols: 68251 processed, 12 removed
[2020-05-06T13:54:10.597+0200][0.994s] GC(2) Pause Remark 16M->16M(512M) 0.874ms
[2020-05-06T13:54:10.597+0200][0.994s] GC(2) User=0.00s Sys=0.00s Real=0.00s
[2020-05-06T13:54:10.597+0200][0.994s] GC(2) Concurrent Rebuild Remembered Sets
[2020-05-06T13:54:10.598+0200][0.995s] GC(2) Concurrent Rebuild Remembered Sets 1.177ms
[2020-05-06T13:54:10.598+0200][0.995s] GC(2) Pause Cleanup
[2020-05-06T13:54:10.598+0200][0.995s] GC(2) Pause Cleanup 16M->16M(512M) 0.110ms
[2020-05-06T13:54:10.598+0200][0.995s] GC(2) User=0.00s Sys=0.00s Real=0.00s
[2020-05-06T13:54:10.598+0200][0.995s] GC(2) Concurrent Cleanup for Next Mark
[2020-05-06T13:54:10.599+0200][0.996s] GC(2) Concurrent Cleanup for Next Mark 0.224ms
[2020-05-06T13:54:10.599+0200][0.996s] GC(2) Concurrent Cycle 6.167ms
[2020-05-06T13:57:21.601+0200][191.998s] Heap
[2020-05-06T13:57:21.601+0200][191.998s]  garbage-first heap   total 524288K, used 32680K [0x00000000e0000000, 0x0000000100000000)
[2020-05-06T13:57:21.601+0200][191.998s]   region size 1024K, 29 young (29696K), 12 survivors (12288K)
[2020-05-06T13:57:21.601+0200][191.998s]  Metaspace       used 24067K, capacity 24599K, committed 24880K, reserved 1071104K
[2020-05-06T13:57:21.601+0200][191.998s]   class space    used 2618K, capacity 2848K, committed 2944K, reserved 1048576K
