[2020-05-09T18:39:13.787+0200][0.014s] Heap region size: 1M
[2020-05-09T18:39:13.960+0200][0.186s] Using G1
[2020-05-09T18:39:13.960+0200][0.186s] Heap address: 0x00000000e0000000, size: 512 MB, Compressed Oops mode: 32-bit
[2020-05-09T18:39:15.224+0200][1.451s] GC(0) Pause Young (Normal) (G1 Evacuation Pause)
[2020-05-09T18:39:15.225+0200][1.451s] GC(0) Using 10 workers of 10 for evacuation
[2020-05-09T18:39:15.228+0200][1.455s] GC(0)   Pre Evacuate Collection Set: 0.0ms
[2020-05-09T18:39:15.228+0200][1.455s] GC(0)   Evacuate Collection Set: 2.8ms
[2020-05-09T18:39:15.228+0200][1.455s] GC(0)   Post Evacuate Collection Set: 0.5ms
[2020-05-09T18:39:15.228+0200][1.455s] GC(0)   Other: 0.5ms
[2020-05-09T18:39:15.228+0200][1.455s] GC(0) Eden regions: 30->0(303)
[2020-05-09T18:39:15.231+0200][1.457s] GC(0) Survivor regions: 0->4(4)
[2020-05-09T18:39:15.231+0200][1.457s] GC(0) Old regions: 0->0
[2020-05-09T18:39:15.231+0200][1.457s] GC(0) Humongous regions: 0->0
[2020-05-09T18:39:15.231+0200][1.457s] GC(0) Metaspace: 15785K->15785K(1062912K)
[2020-05-09T18:39:15.231+0200][1.457s] GC(0) Pause Young (Normal) (G1 Evacuation Pause) 30M->3M(512M) 6.216ms
[2020-05-09T18:39:15.231+0200][1.457s] GC(0) User=0.02s Sys=0.00s Real=0.01s
[2020-05-09T18:39:15.423+0200][1.650s] GC(1) Pause Young (Concurrent Start) (Metadata GC Threshold)
[2020-05-09T18:39:15.423+0200][1.650s] GC(1) Using 10 workers of 10 for evacuation
[2020-05-09T18:39:15.433+0200][1.660s] GC(1)   Pre Evacuate Collection Set: 0.0ms
[2020-05-09T18:39:15.433+0200][1.660s] GC(1)   Evacuate Collection Set: 9.1ms
[2020-05-09T18:39:15.433+0200][1.660s] GC(1)   Post Evacuate Collection Set: 0.4ms
[2020-05-09T18:39:15.433+0200][1.660s] GC(1)   Other: 0.2ms
[2020-05-09T18:39:15.433+0200][1.660s] GC(1) Eden regions: 18->0(60)
[2020-05-09T18:39:15.433+0200][1.660s] GC(1) Survivor regions: 4->12(39)
[2020-05-09T18:39:15.433+0200][1.660s] GC(1) Old regions: 0->0
[2020-05-09T18:39:15.433+0200][1.660s] GC(1) Humongous regions: 4->4
[2020-05-09T18:39:15.433+0200][1.660s] GC(1) Metaspace: 20743K->20743K(1069056K)
[2020-05-09T18:39:15.433+0200][1.660s] GC(1) Pause Young (Concurrent Start) (Metadata GC Threshold) 25M->15M(512M) 9.814ms
[2020-05-09T18:39:15.433+0200][1.660s] GC(1) User=0.02s Sys=0.00s Real=0.01s
[2020-05-09T18:39:15.433+0200][1.660s] GC(2) Concurrent Cycle
[2020-05-09T18:39:15.433+0200][1.660s] GC(2) Concurrent Clear Claimed Marks
[2020-05-09T18:39:15.433+0200][1.660s] GC(2) Concurrent Clear Claimed Marks 0.018ms
[2020-05-09T18:39:15.433+0200][1.660s] GC(2) Concurrent Scan Root Regions
[2020-05-09T18:39:15.436+0200][1.663s] GC(2) Concurrent Scan Root Regions 3.005ms
[2020-05-09T18:39:15.436+0200][1.663s] GC(2) Concurrent Mark (1.663s)
[2020-05-09T18:39:15.436+0200][1.663s] GC(2) Concurrent Mark From Roots
[2020-05-09T18:39:15.436+0200][1.663s] GC(2) Using 3 workers of 3 for marking
[2020-05-09T18:39:15.437+0200][1.664s] GC(2) Concurrent Mark From Roots 0.595ms
[2020-05-09T18:39:15.437+0200][1.664s] GC(2) Concurrent Preclean
[2020-05-09T18:39:15.437+0200][1.664s] GC(2) Concurrent Preclean 0.116ms
[2020-05-09T18:39:15.437+0200][1.664s] GC(2) Concurrent Mark (1.663s, 1.664s) 0.757ms
[2020-05-09T18:39:15.437+0200][1.664s] GC(2) Pause Remark
[2020-05-09T18:39:15.438+0200][1.665s] GC(2) Cleaned string and symbol table, strings: 10280 processed, 0 removed, symbols: 68252 processed, 12 removed
[2020-05-09T18:39:15.438+0200][1.665s] GC(2) Pause Remark 16M->16M(512M) 0.934ms
[2020-05-09T18:39:15.438+0200][1.665s] GC(2) User=0.00s Sys=0.00s Real=0.00s
[2020-05-09T18:39:15.438+0200][1.665s] GC(2) Concurrent Rebuild Remembered Sets
[2020-05-09T18:39:15.439+0200][1.666s] GC(2) Concurrent Rebuild Remembered Sets 1.162ms
[2020-05-09T18:39:15.440+0200][1.666s] GC(2) Pause Cleanup
[2020-05-09T18:39:15.440+0200][1.666s] GC(2) Pause Cleanup 16M->16M(512M) 0.132ms
[2020-05-09T18:39:15.440+0200][1.666s] GC(2) User=0.00s Sys=0.00s Real=0.00s
[2020-05-09T18:39:15.440+0200][1.667s] GC(2) Concurrent Cleanup for Next Mark
[2020-05-09T18:39:15.440+0200][1.667s] GC(2) Concurrent Cleanup for Next Mark 0.175ms
[2020-05-09T18:39:15.440+0200][1.667s] GC(2) Concurrent Cycle 6.769ms
[2020-05-09T18:39:15.744+0200][1.971s] GC(3) Pause Young (Normal) (G1 Evacuation Pause)
[2020-05-09T18:39:15.744+0200][1.971s] GC(3) Using 10 workers of 10 for evacuation
[2020-05-09T18:39:15.752+0200][1.978s] GC(3)   Pre Evacuate Collection Set: 0.0ms
[2020-05-09T18:39:15.752+0200][1.978s] GC(3)   Evacuate Collection Set: 6.8ms
[2020-05-09T18:39:15.752+0200][1.978s] GC(3)   Post Evacuate Collection Set: 0.6ms
[2020-05-09T18:39:15.752+0200][1.978s] GC(3)   Other: 0.1ms
[2020-05-09T18:39:15.752+0200][1.978s] GC(3) Eden regions: 32->0(56)
[2020-05-09T18:39:15.752+0200][1.978s] GC(3) Survivor regions: 12->6(6)
[2020-05-09T18:39:15.752+0200][1.978s] GC(3) Old regions: 0->14
[2020-05-09T18:39:15.752+0200][1.978s] GC(3) Humongous regions: 4->4
[2020-05-09T18:39:15.752+0200][1.978s] GC(3) Metaspace: 23790K->23790K(1071104K)
[2020-05-09T18:39:15.752+0200][1.978s] GC(3) Pause Young (Normal) (G1 Evacuation Pause) 47M->23M(512M) 7.685ms
[2020-05-09T18:39:15.752+0200][1.978s] GC(3) User=0.17s Sys=0.00s Real=0.01s
[2020-05-09T18:39:16.216+0200][2.442s] GC(4) Pause Young (Normal) (G1 Evacuation Pause)
[2020-05-09T18:39:16.216+0200][2.442s] GC(4) Using 10 workers of 10 for evacuation
[2020-05-09T18:39:16.218+0200][2.444s] GC(4)   Pre Evacuate Collection Set: 0.0ms
[2020-05-09T18:39:16.218+0200][2.444s] GC(4)   Evacuate Collection Set: 1.3ms
[2020-05-09T18:39:16.218+0200][2.444s] GC(4)   Post Evacuate Collection Set: 0.5ms
[2020-05-09T18:39:16.218+0200][2.444s] GC(4)   Other: 0.1ms
[2020-05-09T18:39:16.218+0200][2.444s] GC(4) Eden regions: 56->0(98)
[2020-05-09T18:39:16.218+0200][2.444s] GC(4) Survivor regions: 6->2(8)
[2020-05-09T18:39:16.218+0200][2.444s] GC(4) Old regions: 14->19
[2020-05-09T18:39:16.218+0200][2.444s] GC(4) Humongous regions: 4->4
[2020-05-09T18:39:16.218+0200][2.444s] GC(4) Metaspace: 30718K->30718K(1077248K)
[2020-05-09T18:39:16.218+0200][2.444s] GC(4) Pause Young (Normal) (G1 Evacuation Pause) 79M->24M(512M) 2.093ms
[2020-05-09T18:39:16.218+0200][2.444s] GC(4) User=0.00s Sys=0.00s Real=0.00s
[2020-05-09T18:39:16.397+0200][2.624s] GC(5) Pause Young (Concurrent Start) (Metadata GC Threshold)
[2020-05-09T18:39:16.397+0200][2.624s] GC(5) Using 10 workers of 10 for evacuation
[2020-05-09T18:39:16.400+0200][2.626s] GC(5)   Pre Evacuate Collection Set: 0.0ms
[2020-05-09T18:39:16.400+0200][2.626s] GC(5)   Evacuate Collection Set: 1.7ms
[2020-05-09T18:39:16.400+0200][2.626s] GC(5)   Post Evacuate Collection Set: 0.3ms
[2020-05-09T18:39:16.400+0200][2.626s] GC(5)   Other: 0.1ms
[2020-05-09T18:39:16.400+0200][2.626s] GC(5) Eden regions: 22->0(106)
[2020-05-09T18:39:16.400+0200][2.626s] GC(5) Survivor regions: 2->3(13)
[2020-05-09T18:39:16.400+0200][2.626s] GC(5) Old regions: 19->19
[2020-05-09T18:39:16.400+0200][2.626s] GC(5) Humongous regions: 4->4
[2020-05-09T18:39:16.400+0200][2.626s] GC(5) Metaspace: 35069K->35069K(1081344K)
[2020-05-09T18:39:16.400+0200][2.627s] GC(5) Pause Young (Concurrent Start) (Metadata GC Threshold) 46M->25M(512M) 2.264ms
[2020-05-09T18:39:16.400+0200][2.627s] GC(5) User=0.00s Sys=0.00s Real=0.00s
[2020-05-09T18:39:16.400+0200][2.627s] GC(6) Concurrent Cycle
[2020-05-09T18:39:16.400+0200][2.627s] GC(6) Concurrent Clear Claimed Marks
[2020-05-09T18:39:16.400+0200][2.627s] GC(6) Concurrent Clear Claimed Marks 0.020ms
[2020-05-09T18:39:16.400+0200][2.627s] GC(6) Concurrent Scan Root Regions
[2020-05-09T18:39:16.401+0200][2.628s] GC(6) Concurrent Scan Root Regions 1.291ms
[2020-05-09T18:39:16.401+0200][2.628s] GC(6) Concurrent Mark (2.628s)
[2020-05-09T18:39:16.401+0200][2.628s] GC(6) Concurrent Mark From Roots
[2020-05-09T18:39:16.401+0200][2.628s] GC(6) Using 3 workers of 3 for marking
[2020-05-09T18:39:16.413+0200][2.640s] GC(6) Concurrent Mark From Roots 11.871ms
[2020-05-09T18:39:16.413+0200][2.640s] GC(6) Concurrent Preclean
[2020-05-09T18:39:16.413+0200][2.640s] GC(6) Concurrent Preclean 0.207ms
[2020-05-09T18:39:16.413+0200][2.640s] GC(6) Concurrent Mark (2.628s, 2.640s) 12.148ms
[2020-05-09T18:39:16.414+0200][2.640s] GC(6) Pause Remark
[2020-05-09T18:39:16.415+0200][2.642s] GC(6) Cleaned string and symbol table, strings: 16790 processed, 22 removed, symbols: 115797 processed, 55 removed
[2020-05-09T18:39:16.415+0200][2.642s] GC(6) Pause Remark 26M->26M(512M) 1.651ms
[2020-05-09T18:39:16.415+0200][2.642s] GC(6) User=0.00s Sys=0.00s Real=0.00s
[2020-05-09T18:39:16.415+0200][2.642s] GC(6) Concurrent Rebuild Remembered Sets
[2020-05-09T18:39:16.422+0200][2.649s] GC(6) Concurrent Rebuild Remembered Sets 6.664ms
[2020-05-09T18:39:16.422+0200][2.649s] GC(6) Pause Cleanup
[2020-05-09T18:39:16.422+0200][2.649s] GC(6) Pause Cleanup 26M->26M(512M) 0.099ms
[2020-05-09T18:39:16.422+0200][2.649s] GC(6) User=0.00s Sys=0.00s Real=0.00s
[2020-05-09T18:39:16.422+0200][2.649s] GC(6) Concurrent Cleanup for Next Mark
[2020-05-09T18:39:16.423+0200][2.649s] GC(6) Concurrent Cleanup for Next Mark 0.207ms
[2020-05-09T18:39:16.423+0200][2.649s] GC(6) Concurrent Cycle 22.760ms
[2020-05-09T18:39:27.969+0200][14.195s] GC(7) Pause Young (Concurrent Start) (G1 Evacuation Pause)
[2020-05-09T18:39:27.969+0200][14.195s] GC(7) Using 10 workers of 10 for evacuation
[2020-05-09T18:39:27.973+0200][14.199s] GC(7)   Pre Evacuate Collection Set: 0.0ms
[2020-05-09T18:39:27.973+0200][14.200s] GC(7)   Evacuate Collection Set: 3.6ms
[2020-05-09T18:39:27.973+0200][14.200s] GC(7)   Post Evacuate Collection Set: 0.5ms
[2020-05-09T18:39:27.973+0200][14.200s] GC(7)   Other: 0.2ms
[2020-05-09T18:39:27.973+0200][14.200s] GC(7) Eden regions: 106->0(299)
[2020-05-09T18:39:27.973+0200][14.200s] GC(7) Survivor regions: 3->8(14)
[2020-05-09T18:39:27.973+0200][14.200s] GC(7) Old regions: 19->19
[2020-05-09T18:39:27.973+0200][14.200s] GC(7) Humongous regions: 5->4
[2020-05-09T18:39:27.973+0200][14.200s] GC(7) Metaspace: 41773K->41773K(1087488K)
[2020-05-09T18:39:27.973+0200][14.200s] GC(7) Pause Young (Concurrent Start) (G1 Evacuation Pause) 132M->30M(512M) 4.491ms
[2020-05-09T18:39:27.973+0200][14.200s] GC(7) User=0.00s Sys=0.00s Real=0.00s
[2020-05-09T18:39:27.973+0200][14.200s] GC(8) Concurrent Cycle
[2020-05-09T18:39:27.973+0200][14.200s] GC(8) Concurrent Clear Claimed Marks
[2020-05-09T18:39:27.974+0200][14.200s] GC(8) Concurrent Clear Claimed Marks 0.063ms
[2020-05-09T18:39:27.974+0200][14.200s] GC(8) Concurrent Scan Root Regions
[2020-05-09T18:39:27.976+0200][14.202s] GC(8) Concurrent Scan Root Regions 2.377ms
[2020-05-09T18:39:27.976+0200][14.202s] GC(8) Concurrent Mark (14.202s)
[2020-05-09T18:39:27.976+0200][14.202s] GC(8) Concurrent Mark From Roots
[2020-05-09T18:39:27.976+0200][14.202s] GC(8) Using 3 workers of 3 for marking
[2020-05-09T18:39:27.988+0200][14.215s] GC(8) Concurrent Mark From Roots 12.358ms
[2020-05-09T18:39:27.988+0200][14.215s] GC(8) Concurrent Preclean
[2020-05-09T18:39:27.989+0200][14.215s] GC(8) Concurrent Preclean 0.215ms
[2020-05-09T18:39:27.989+0200][14.215s] GC(8) Concurrent Mark (14.202s, 14.215s) 12.645ms
[2020-05-09T18:39:27.989+0200][14.215s] GC(8) Pause Remark
[2020-05-09T18:39:27.991+0200][14.217s] GC(8) Cleaned string and symbol table, strings: 19840 processed, 1 removed, symbols: 134386 processed, 32 removed
[2020-05-09T18:39:27.991+0200][14.217s] GC(8) Pause Remark 36M->36M(512M) 2.156ms
[2020-05-09T18:39:27.991+0200][14.217s] GC(8) User=0.00s Sys=0.00s Real=0.00s
[2020-05-09T18:39:27.991+0200][14.217s] GC(8) Concurrent Rebuild Remembered Sets
[2020-05-09T18:39:27.998+0200][14.224s] GC(8) Concurrent Rebuild Remembered Sets 6.570ms
[2020-05-09T18:39:27.998+0200][14.224s] GC(8) Pause Cleanup
[2020-05-09T18:39:27.998+0200][14.224s] GC(8) Pause Cleanup 39M->39M(512M) 0.157ms
[2020-05-09T18:39:27.998+0200][14.224s] GC(8) User=0.00s Sys=0.00s Real=0.00s
[2020-05-09T18:39:27.998+0200][14.224s] GC(8) Concurrent Cleanup for Next Mark
[2020-05-09T18:39:27.998+0200][14.225s] GC(8) Concurrent Cleanup for Next Mark 0.209ms
[2020-05-09T18:39:27.998+0200][14.225s] GC(8) Concurrent Cycle 24.828ms
[2020-05-09T18:39:28.368+0200][14.594s] GC(9) Pause Young (Normal) (G1 Evacuation Pause)
[2020-05-09T18:39:28.368+0200][14.594s] GC(9) Using 10 workers of 10 for evacuation
[2020-05-09T18:39:28.372+0200][14.598s] GC(9)   Pre Evacuate Collection Set: 0.0ms
[2020-05-09T18:39:28.372+0200][14.598s] GC(9)   Evacuate Collection Set: 3.2ms
[2020-05-09T18:39:28.372+0200][14.598s] GC(9)   Post Evacuate Collection Set: 0.5ms
[2020-05-09T18:39:28.372+0200][14.598s] GC(9)   Other: 0.2ms
[2020-05-09T18:39:28.372+0200][14.598s] GC(9) Eden regions: 299->0(298)
[2020-05-09T18:39:28.372+0200][14.598s] GC(9) Survivor regions: 8->9(39)
[2020-05-09T18:39:28.372+0200][14.598s] GC(9) Old regions: 19->19
[2020-05-09T18:39:28.372+0200][14.598s] GC(9) Humongous regions: 4->4
[2020-05-09T18:39:28.372+0200][14.598s] GC(9) Metaspace: 45807K->45807K(1091584K)
[2020-05-09T18:39:28.372+0200][14.598s] GC(9) Pause Young (Normal) (G1 Evacuation Pause) 329M->31M(512M) 4.147ms
[2020-05-09T18:39:28.372+0200][14.598s] GC(9) User=0.05s Sys=0.00s Real=0.00s
[2020-05-09T19:49:28.914+0200][4215.140s] GC(10) Pause Young (Normal) (G1 Evacuation Pause)
[2020-05-09T19:49:28.914+0200][4215.140s] GC(10) Using 10 workers of 10 for evacuation
[2020-05-09T19:49:28.925+0200][4215.151s] GC(10)   Pre Evacuate Collection Set: 0.0ms
[2020-05-09T19:49:28.925+0200][4215.151s] GC(10)   Evacuate Collection Set: 9.5ms
[2020-05-09T19:49:28.925+0200][4215.151s] GC(10)   Post Evacuate Collection Set: 1.1ms
[2020-05-09T19:49:28.925+0200][4215.151s] GC(10)   Other: 0.2ms
[2020-05-09T19:49:28.925+0200][4215.151s] GC(10) Eden regions: 298->0(283)
[2020-05-09T19:49:28.925+0200][4215.151s] GC(10) Survivor regions: 9->24(39)
[2020-05-09T19:49:28.925+0200][4215.151s] GC(10) Old regions: 19->19
[2020-05-09T19:49:28.925+0200][4215.151s] GC(10) Humongous regions: 4->4
[2020-05-09T19:49:28.925+0200][4215.151s] GC(10) Metaspace: 55721K->55721K(1099776K)
[2020-05-09T19:49:28.925+0200][4215.151s] GC(10) Pause Young (Normal) (G1 Evacuation Pause) 329M->46M(512M) 10.987ms
[2020-05-09T19:49:28.925+0200][4215.151s] GC(10) User=0.16s Sys=0.00s Real=0.01s
[2020-05-09T21:49:41.824+0200][11428.051s] GC(11) Pause Young (Normal) (G1 Evacuation Pause)
[2020-05-09T21:49:41.824+0200][11428.051s] GC(11) Using 10 workers of 10 for evacuation
[2020-05-09T21:49:41.838+0200][11428.064s] GC(11)   Pre Evacuate Collection Set: 0.0ms
[2020-05-09T21:49:41.838+0200][11428.064s] GC(11)   Evacuate Collection Set: 12.0ms
[2020-05-09T21:49:41.838+0200][11428.064s] GC(11)   Post Evacuate Collection Set: 1.2ms
[2020-05-09T21:49:41.838+0200][11428.064s] GC(11)   Other: 0.3ms
[2020-05-09T21:49:41.838+0200][11428.064s] GC(11) Eden regions: 283->0(273)
[2020-05-09T21:49:41.838+0200][11428.064s] GC(11) Survivor regions: 24->34(39)
[2020-05-09T21:49:41.838+0200][11428.064s] GC(11) Old regions: 19->26
[2020-05-09T21:49:41.838+0200][11428.064s] GC(11) Humongous regions: 48->28
[2020-05-09T21:49:41.838+0200][11428.064s] GC(11) Metaspace: 57223K->57223K(1101824K)
[2020-05-09T21:49:41.838+0200][11428.064s] GC(11) Pause Young (Normal) (G1 Evacuation Pause) 373M->86M(512M) 13.744ms
[2020-05-09T21:49:41.838+0200][11428.064s] GC(11) User=0.00s Sys=0.00s Real=0.01s
[2020-05-09T21:49:50.519+0200][11436.745s] GC(12) Pause Young (Concurrent Start) (G1 Humongous Allocation)
[2020-05-09T21:49:50.519+0200][11436.745s] GC(12) Using 10 workers of 10 for evacuation
[2020-05-09T21:49:50.556+0200][11436.782s] GC(12) To-space exhausted
[2020-05-09T21:49:50.556+0200][11436.782s] GC(12)   Pre Evacuate Collection Set: 0.1ms
[2020-05-09T21:49:50.556+0200][11436.782s] GC(12)   Evacuate Collection Set: 21.6ms
[2020-05-09T21:49:50.556+0200][11436.782s] GC(12)   Post Evacuate Collection Set: 15.3ms
[2020-05-09T21:49:50.556+0200][11436.782s] GC(12)   Other: 0.5ms
[2020-05-09T21:49:50.556+0200][11436.782s] GC(12) Eden regions: 202->0(69)
[2020-05-09T21:49:50.556+0200][11436.782s] GC(12) Survivor regions: 34->38(39)
[2020-05-09T21:49:50.556+0200][11436.782s] GC(12) Old regions: 26->262
[2020-05-09T21:49:50.556+0200][11436.782s] GC(12) Humongous regions: 203->53
[2020-05-09T21:49:50.556+0200][11436.783s] GC(12) Metaspace: 57426K->57426K(1101824K)
[2020-05-09T21:49:50.557+0200][11436.783s] GC(12) Pause Young (Concurrent Start) (G1 Humongous Allocation) 463M->352M(512M) 37.929ms
[2020-05-09T21:49:50.557+0200][11436.783s] GC(12) User=0.31s Sys=0.00s Real=0.04s
[2020-05-09T21:49:50.557+0200][11436.783s] GC(13) Concurrent Cycle
[2020-05-09T21:49:50.557+0200][11436.783s] GC(13) Concurrent Clear Claimed Marks
[2020-05-09T21:49:50.557+0200][11436.783s] GC(13) Concurrent Clear Claimed Marks 0.120ms
[2020-05-09T21:49:50.557+0200][11436.783s] GC(13) Concurrent Scan Root Regions
[2020-05-09T21:49:50.558+0200][11436.784s] GC(13) Concurrent Scan Root Regions 0.806ms
[2020-05-09T21:49:50.558+0200][11436.784s] GC(13) Concurrent Mark (11436.784s)
[2020-05-09T21:49:50.558+0200][11436.784s] GC(13) Concurrent Mark From Roots
[2020-05-09T21:49:50.558+0200][11436.784s] GC(13) Using 3 workers of 3 for marking
[2020-05-09T21:49:50.621+0200][11436.848s] GC(13) Concurrent Mark From Roots 63.665ms
[2020-05-09T21:49:50.621+0200][11436.848s] GC(13) Concurrent Preclean
[2020-05-09T21:49:50.621+0200][11436.848s] GC(13) Concurrent Preclean 0.598ms
[2020-05-09T21:49:50.622+0200][11436.848s] GC(13) Concurrent Mark (11436.784s, 11436.848s) 64.463ms
[2020-05-09T21:49:50.622+0200][11436.849s] GC(13) Pause Remark
[2020-05-09T21:49:50.632+0200][11436.858s] GC(13) Cleaned string and symbol table, strings: 27425 processed, 1007 removed, symbols: 164538 processed, 584 removed
[2020-05-09T21:49:50.632+0200][11436.859s] GC(13) Pause Remark 359M->359M(512M) 10.522ms
[2020-05-09T21:49:50.632+0200][11436.859s] GC(13) User=0.00s Sys=0.00s Real=0.01s
[2020-05-09T21:49:50.632+0200][11436.859s] GC(13) Concurrent Rebuild Remembered Sets
[2020-05-09T21:49:50.667+0200][11436.894s] GC(13) Concurrent Rebuild Remembered Sets 34.772ms
[2020-05-09T21:49:50.669+0200][11436.895s] GC(13) Pause Cleanup
[2020-05-09T21:49:50.669+0200][11436.895s] GC(13) Pause Cleanup 359M->359M(512M) 0.368ms
[2020-05-09T21:49:50.669+0200][11436.895s] GC(13) User=0.00s Sys=0.00s Real=0.00s
[2020-05-09T21:49:50.669+0200][11436.896s] GC(13) Concurrent Cleanup for Next Mark
[2020-05-09T21:49:50.670+0200][11436.896s] GC(13) Concurrent Cleanup for Next Mark 0.781ms
[2020-05-09T21:49:50.670+0200][11436.896s] GC(13) Concurrent Cycle 113.599ms
[2020-05-09T21:49:53.212+0200][11439.438s] GC(14) Pause Young (Prepare Mixed) (G1 Evacuation Pause)
[2020-05-09T21:49:53.212+0200][11439.438s] GC(14) Using 10 workers of 10 for evacuation
[2020-05-09T21:49:53.218+0200][11439.445s] GC(14)   Pre Evacuate Collection Set: 0.0ms
[2020-05-09T21:49:53.218+0200][11439.445s] GC(14)   Evacuate Collection Set: 5.5ms
[2020-05-09T21:49:53.218+0200][11439.445s] GC(14)   Post Evacuate Collection Set: 0.7ms
[2020-05-09T21:49:53.219+0200][11439.445s] GC(14)   Other: 0.3ms
[2020-05-09T21:49:53.219+0200][11439.445s] GC(14) Eden regions: 69->0(12)
[2020-05-09T21:49:53.219+0200][11439.445s] GC(14) Survivor regions: 38->13(14)
[2020-05-09T21:49:53.219+0200][11439.445s] GC(14) Old regions: 262->298
[2020-05-09T21:49:53.219+0200][11439.445s] GC(14) Humongous regions: 61->46
[2020-05-09T21:49:53.219+0200][11439.445s] GC(14) Metaspace: 57269K->57269K(1101824K)
[2020-05-09T21:49:53.219+0200][11439.445s] GC(14) Pause Young (Prepare Mixed) (G1 Evacuation Pause) 429M->355M(512M) 6.887ms
[2020-05-09T21:49:53.219+0200][11439.445s] GC(14) User=0.14s Sys=0.00s Real=0.01s
[2020-05-09T21:49:53.539+0200][11439.765s] GC(15) Pause Young (Mixed) (G1 Evacuation Pause)
[2020-05-09T21:49:53.539+0200][11439.765s] GC(15) Using 10 workers of 10 for evacuation
[2020-05-09T21:49:53.540+0200][11439.767s] GC(15)   Pre Evacuate Collection Set: 0.1ms
[2020-05-09T21:49:53.541+0200][11439.767s] GC(15)   Evacuate Collection Set: 1.6ms
[2020-05-09T21:49:53.541+0200][11439.767s] GC(15)   Post Evacuate Collection Set: 0.4ms
[2020-05-09T21:49:53.541+0200][11439.767s] GC(15)   Other: 0.2ms
[2020-05-09T21:49:53.541+0200][11439.767s] GC(15) Eden regions: 12->0(21)
[2020-05-09T21:49:53.541+0200][11439.767s] GC(15) Survivor regions: 13->4(4)
[2020-05-09T21:49:53.541+0200][11439.767s] GC(15) Old regions: 298->256
[2020-05-09T21:49:53.541+0200][11439.767s] GC(15) Humongous regions: 48->46
[2020-05-09T21:49:53.541+0200][11439.767s] GC(15) Metaspace: 57355K->57355K(1101824K)
[2020-05-09T21:49:53.541+0200][11439.767s] GC(15) Pause Young (Mixed) (G1 Evacuation Pause) 369M->304M(512M) 2.596ms
[2020-05-09T21:49:53.541+0200][11439.768s] GC(15) User=0.00s Sys=0.00s Real=0.00s
[2020-05-09T21:49:55.458+0200][11441.685s] GC(16) Pause Young (Mixed) (G1 Evacuation Pause)
[2020-05-09T21:49:55.458+0200][11441.685s] GC(16) Using 10 workers of 10 for evacuation
[2020-05-09T21:49:55.460+0200][11441.687s] GC(16)   Pre Evacuate Collection Set: 0.1ms
[2020-05-09T21:49:55.460+0200][11441.687s] GC(16)   Evacuate Collection Set: 1.2ms
[2020-05-09T21:49:55.460+0200][11441.687s] GC(16)   Post Evacuate Collection Set: 0.5ms
[2020-05-09T21:49:55.460+0200][11441.687s] GC(16)   Other: 0.4ms
[2020-05-09T21:49:55.460+0200][11441.687s] GC(16) Eden regions: 21->0(22)
[2020-05-09T21:49:55.460+0200][11441.687s] GC(16) Survivor regions: 4->3(4)
[2020-05-09T21:49:55.461+0200][11441.687s] GC(16) Old regions: 256->206
[2020-05-09T21:49:55.461+0200][11441.687s] GC(16) Humongous regions: 46->46
[2020-05-09T21:49:55.461+0200][11441.687s] GC(16) Metaspace: 57710K->57710K(1101824K)
[2020-05-09T21:49:55.461+0200][11441.687s] GC(16) Pause Young (Mixed) (G1 Evacuation Pause) 325M->253M(512M) 2.679ms
[2020-05-09T21:49:55.461+0200][11441.688s] GC(16) User=0.00s Sys=0.00s Real=0.00s
[2020-05-09T21:49:56.085+0200][11442.311s] GC(17) Pause Young (Mixed) (G1 Evacuation Pause)
[2020-05-09T21:49:56.085+0200][11442.311s] GC(17) Using 10 workers of 10 for evacuation
[2020-05-09T21:49:56.087+0200][11442.313s] GC(17)   Pre Evacuate Collection Set: 0.1ms
[2020-05-09T21:49:56.087+0200][11442.313s] GC(17)   Evacuate Collection Set: 1.2ms
[2020-05-09T21:49:56.087+0200][11442.313s] GC(17)   Post Evacuate Collection Set: 0.5ms
[2020-05-09T21:49:56.087+0200][11442.314s] GC(17)   Other: 0.4ms
[2020-05-09T21:49:56.087+0200][11442.314s] GC(17) Eden regions: 22->0(23)
[2020-05-09T21:49:56.087+0200][11442.314s] GC(17) Survivor regions: 3->2(4)
[2020-05-09T21:49:56.087+0200][11442.314s] GC(17) Old regions: 206->159
[2020-05-09T21:49:56.088+0200][11442.314s] GC(17) Humongous regions: 46->46
[2020-05-09T21:49:56.088+0200][11442.314s] GC(17) Metaspace: 57749K->57749K(1101824K)
[2020-05-09T21:49:56.088+0200][11442.314s] GC(17) Pause Young (Mixed) (G1 Evacuation Pause) 275M->206M(512M) 2.597ms
[2020-05-09T21:49:56.088+0200][11442.314s] GC(17) User=0.00s Sys=0.00s Real=0.00s
[2020-05-09T21:49:56.705+0200][11442.931s] GC(18) Pause Young (Mixed) (G1 Evacuation Pause)
[2020-05-09T21:49:56.705+0200][11442.932s] GC(18) Using 10 workers of 10 for evacuation
[2020-05-09T21:49:56.710+0200][11442.936s] GC(18)   Pre Evacuate Collection Set: 0.1ms
[2020-05-09T21:49:56.710+0200][11442.936s] GC(18)   Evacuate Collection Set: 3.0ms
[2020-05-09T21:49:56.710+0200][11442.936s] GC(18)   Post Evacuate Collection Set: 0.9ms
[2020-05-09T21:49:56.710+0200][11442.936s] GC(18)   Other: 0.5ms
[2020-05-09T21:49:56.710+0200][11442.936s] GC(18) Eden regions: 23->0(176)
[2020-05-09T21:49:56.710+0200][11442.936s] GC(18) Survivor regions: 2->2(4)
[2020-05-09T21:49:56.710+0200][11442.936s] GC(18) Old regions: 159->125
[2020-05-09T21:49:56.710+0200][11442.936s] GC(18) Humongous regions: 46->46
[2020-05-09T21:49:56.710+0200][11442.936s] GC(18) Metaspace: 57756K->57756K(1101824K)
[2020-05-09T21:49:56.710+0200][11442.937s] GC(18) Pause Young (Mixed) (G1 Evacuation Pause) 229M->171M(512M) 5.037ms
[2020-05-09T21:49:56.710+0200][11442.937s] GC(18) User=0.00s Sys=0.00s Real=0.01s
[2020-05-09T21:49:59.518+0200][11445.744s] GC(19) Pause Young (Normal) (G1 Evacuation Pause)
[2020-05-09T21:49:59.518+0200][11445.744s] GC(19) Using 10 workers of 10 for evacuation
[2020-05-09T21:49:59.521+0200][11445.747s] GC(19)   Pre Evacuate Collection Set: 0.1ms
[2020-05-09T21:49:59.521+0200][11445.747s] GC(19)   Evacuate Collection Set: 1.5ms
[2020-05-09T21:49:59.521+0200][11445.747s] GC(19)   Post Evacuate Collection Set: 0.8ms
[2020-05-09T21:49:59.521+0200][11445.747s] GC(19)   Other: 0.3ms
[2020-05-09T21:49:59.521+0200][11445.747s] GC(19) Eden regions: 176->0(178)
[2020-05-09T21:49:59.521+0200][11445.747s] GC(19) Survivor regions: 2->13(23)
[2020-05-09T21:49:59.521+0200][11445.747s] GC(19) Old regions: 125->125
[2020-05-09T21:49:59.521+0200][11445.747s] GC(19) Humongous regions: 48->48
[2020-05-09T21:49:59.522+0200][11445.747s] GC(19) Metaspace: 57773K->57773K(1101824K)
[2020-05-09T21:49:59.522+0200][11445.748s] GC(19) Pause Young (Normal) (G1 Evacuation Pause) 349M->184M(512M) 3.229ms
[2020-05-09T21:49:59.522+0200][11445.748s] GC(19) User=0.00s Sys=0.00s Real=0.00s
[2020-05-09T21:50:02.095+0200][11448.321s] GC(20) Pause Young (Normal) (G1 Evacuation Pause)
[2020-05-09T21:50:02.095+0200][11448.321s] GC(20) Using 10 workers of 10 for evacuation
[2020-05-09T21:50:02.097+0200][11448.323s] GC(20)   Pre Evacuate Collection Set: 0.1ms
[2020-05-09T21:50:02.097+0200][11448.324s] GC(20)   Evacuate Collection Set: 2.0ms
[2020-05-09T21:50:02.097+0200][11448.324s] GC(20)   Post Evacuate Collection Set: 0.6ms
[2020-05-09T21:50:02.097+0200][11448.324s] GC(20)   Other: 0.3ms
[2020-05-09T21:50:02.097+0200][11448.324s] GC(20) Eden regions: 178->0(180)
[2020-05-09T21:50:02.097+0200][11448.324s] GC(20) Survivor regions: 13->20(24)
[2020-05-09T21:50:02.097+0200][11448.324s] GC(20) Old regions: 125->125
[2020-05-09T21:50:02.097+0200][11448.324s] GC(20) Humongous regions: 53->51
[2020-05-09T21:50:02.097+0200][11448.324s] GC(20) Metaspace: 57779K->57779K(1101824K)
[2020-05-09T21:50:02.097+0200][11448.324s] GC(20) Pause Young (Normal) (G1 Evacuation Pause) 367M->195M(512M) 3.286ms
[2020-05-09T21:50:02.097+0200][11448.324s] GC(20) User=0.00s Sys=0.00s Real=0.00s
[2020-05-09T21:50:03.890+0200][11450.116s] GC(21) Pause Young (Normal) (G1 Evacuation Pause)
[2020-05-09T21:50:03.890+0200][11450.116s] GC(21) Using 10 workers of 10 for evacuation
[2020-05-09T21:50:03.893+0200][11450.119s] GC(21)   Pre Evacuate Collection Set: 0.1ms
[2020-05-09T21:50:03.893+0200][11450.119s] GC(21)   Evacuate Collection Set: 2.3ms
[2020-05-09T21:50:03.893+0200][11450.119s] GC(21)   Post Evacuate Collection Set: 0.5ms
[2020-05-09T21:50:03.893+0200][11450.119s] GC(21)   Other: 0.2ms
[2020-05-09T21:50:03.893+0200][11450.119s] GC(21) Eden regions: 180->0(181)
[2020-05-09T21:50:03.893+0200][11450.119s] GC(21) Survivor regions: 20->16(25)
[2020-05-09T21:50:03.893+0200][11450.119s] GC(21) Old regions: 125->132
[2020-05-09T21:50:03.893+0200][11450.119s] GC(21) Humongous regions: 58->58
[2020-05-09T21:50:03.893+0200][11450.119s] GC(21) Metaspace: 57782K->57782K(1101824K)
[2020-05-09T21:50:03.893+0200][11450.119s] GC(21) Pause Young (Normal) (G1 Evacuation Pause) 382M->205M(512M) 3.401ms
[2020-05-09T21:50:03.893+0200][11450.119s] GC(21) User=0.00s Sys=0.00s Real=0.00s
[2020-05-09T21:50:05.621+0200][11451.848s] GC(22) Pause Young (Normal) (G1 Evacuation Pause)
[2020-05-09T21:50:05.622+0200][11451.848s] GC(22) Using 10 workers of 10 for evacuation
[2020-05-09T21:50:05.625+0200][11451.851s] GC(22)   Pre Evacuate Collection Set: 0.1ms
[2020-05-09T21:50:05.625+0200][11451.851s] GC(22)   Evacuate Collection Set: 2.1ms
[2020-05-09T21:50:05.625+0200][11451.851s] GC(22)   Post Evacuate Collection Set: 0.7ms
[2020-05-09T21:50:05.625+0200][11451.851s] GC(22)   Other: 0.4ms
[2020-05-09T21:50:05.625+0200][11451.851s] GC(22) Eden regions: 181->0(183)
[2020-05-09T21:50:05.625+0200][11451.851s] GC(22) Survivor regions: 16->10(25)
[2020-05-09T21:50:05.625+0200][11451.852s] GC(22) Old regions: 132->138
[2020-05-09T21:50:05.626+0200][11451.852s] GC(22) Humongous regions: 71->67
[2020-05-09T21:50:05.626+0200][11451.852s] GC(22) Metaspace: 57787K->57787K(1101824K)
[2020-05-09T21:50:05.626+0200][11451.852s] GC(22) Pause Young (Normal) (G1 Evacuation Pause) 399M->214M(512M) 4.572ms
[2020-05-09T21:50:05.626+0200][11451.852s] GC(22) User=0.03s Sys=0.02s Real=0.00s
[2020-05-09T21:50:07.083+0200][11453.309s] GC(23) Pause Young (Normal) (G1 Evacuation Pause)
[2020-05-09T21:50:07.083+0200][11453.310s] GC(23) Using 10 workers of 10 for evacuation
[2020-05-09T21:50:07.086+0200][11453.312s] GC(23)   Pre Evacuate Collection Set: 0.1ms
[2020-05-09T21:50:07.086+0200][11453.312s] GC(23)   Evacuate Collection Set: 1.8ms
[2020-05-09T21:50:07.086+0200][11453.312s] GC(23)   Post Evacuate Collection Set: 0.5ms
[2020-05-09T21:50:07.086+0200][11453.312s] GC(23)   Other: 0.4ms
[2020-05-09T21:50:07.086+0200][11453.312s] GC(23) Eden regions: 183->0(186)
[2020-05-09T21:50:07.086+0200][11453.312s] GC(23) Survivor regions: 10->13(25)
[2020-05-09T21:50:07.086+0200][11453.312s] GC(23) Old regions: 138->138
[2020-05-09T21:50:07.086+0200][11453.312s] GC(23) Humongous regions: 81->67
[2020-05-09T21:50:07.086+0200][11453.313s] GC(23) Metaspace: 57788K->57788K(1101824K)
[2020-05-09T21:50:07.086+0200][11453.313s] GC(23) Pause Young (Normal) (G1 Evacuation Pause) 411M->217M(512M) 3.154ms
[2020-05-09T21:50:07.086+0200][11453.313s] GC(23) User=0.00s Sys=0.00s Real=0.00s
[2020-05-09T21:50:09.081+0200][11455.307s] GC(24) Pause Young (Normal) (G1 Evacuation Pause)
[2020-05-09T21:50:09.081+0200][11455.307s] GC(24) Using 10 workers of 10 for evacuation
[2020-05-09T21:50:09.085+0200][11455.312s] GC(24)   Pre Evacuate Collection Set: 0.1ms
[2020-05-09T21:50:09.085+0200][11455.312s] GC(24)   Evacuate Collection Set: 3.1ms
[2020-05-09T21:50:09.085+0200][11455.312s] GC(24)   Post Evacuate Collection Set: 1.0ms
[2020-05-09T21:50:09.086+0200][11455.312s] GC(24)   Other: 0.3ms
[2020-05-09T21:50:09.086+0200][11455.312s] GC(24) Eden regions: 186->0(184)
[2020-05-09T21:50:09.086+0200][11455.312s] GC(24) Survivor regions: 13->22(25)
[2020-05-09T21:50:09.086+0200][11455.312s] GC(24) Old regions: 138->138
[2020-05-09T21:50:09.086+0200][11455.312s] GC(24) Humongous regions: 83->69
[2020-05-09T21:50:09.086+0200][11455.312s] GC(24) Metaspace: 57871K->57871K(1101824K)
[2020-05-09T21:50:09.086+0200][11455.312s] GC(24) Pause Young (Normal) (G1 Evacuation Pause) 419M->227M(512M) 5.054ms
[2020-05-09T21:50:09.086+0200][11455.312s] GC(24) User=0.00s Sys=0.00s Real=0.00s
[2020-05-09T21:50:10.269+0200][11456.495s] GC(25) Pause Young (Normal) (G1 Evacuation Pause)
[2020-05-09T21:50:10.269+0200][11456.495s] GC(25) Using 10 workers of 10 for evacuation
[2020-05-09T21:50:10.273+0200][11456.499s] GC(25)   Pre Evacuate Collection Set: 0.1ms
[2020-05-09T21:50:10.273+0200][11456.499s] GC(25)   Evacuate Collection Set: 2.8ms
[2020-05-09T21:50:10.273+0200][11456.499s] GC(25)   Post Evacuate Collection Set: 0.6ms
[2020-05-09T21:50:10.273+0200][11456.499s] GC(25)   Other: 0.3ms
[2020-05-09T21:50:10.273+0200][11456.499s] GC(25) Eden regions: 184->0(182)
[2020-05-09T21:50:10.273+0200][11456.499s] GC(25) Survivor regions: 22->18(26)
[2020-05-09T21:50:10.273+0200][11456.499s] GC(25) Old regions: 138->147
[2020-05-09T21:50:10.273+0200][11456.499s] GC(25) Humongous regions: 73->71
[2020-05-09T21:50:10.273+0200][11456.499s] GC(25) Metaspace: 57871K->57871K(1101824K)
[2020-05-09T21:50:10.273+0200][11456.499s] GC(25) Pause Young (Normal) (G1 Evacuation Pause) 415M->235M(512M) 4.096ms
[2020-05-09T21:50:10.273+0200][11456.499s] GC(25) User=0.00s Sys=0.00s Real=0.00s
[2020-05-09T21:50:11.547+0200][11457.773s] GC(26) Pause Young (Normal) (G1 Evacuation Pause)
[2020-05-09T21:50:11.547+0200][11457.773s] GC(26) Using 10 workers of 10 for evacuation
[2020-05-09T21:50:11.549+0200][11457.776s] GC(26)   Pre Evacuate Collection Set: 0.1ms
[2020-05-09T21:50:11.550+0200][11457.776s] GC(26)   Evacuate Collection Set: 2.1ms
[2020-05-09T21:50:11.550+0200][11457.776s] GC(26)   Post Evacuate Collection Set: 0.5ms
[2020-05-09T21:50:11.550+0200][11457.776s] GC(26)   Other: 0.4ms
[2020-05-09T21:50:11.550+0200][11457.776s] GC(26) Eden regions: 182->0(183)
[2020-05-09T21:50:11.550+0200][11457.776s] GC(26) Survivor regions: 18->11(25)
[2020-05-09T21:50:11.550+0200][11457.776s] GC(26) Old regions: 147->156
[2020-05-09T21:50:11.550+0200][11457.776s] GC(26) Humongous regions: 71->71
[2020-05-09T21:50:11.550+0200][11457.776s] GC(26) Metaspace: 57876K->57876K(1101824K)
[2020-05-09T21:50:11.550+0200][11457.776s] GC(26) Pause Young (Normal) (G1 Evacuation Pause) 417M->236M(512M) 3.581ms
[2020-05-09T21:50:11.550+0200][11457.777s] GC(26) User=0.00s Sys=0.00s Real=0.00s
[2020-05-09T21:50:14.030+0200][11460.256s] GC(27) Pause Young (Concurrent Start) (G1 Humongous Allocation)
[2020-05-09T21:50:14.030+0200][11460.256s] GC(27) Using 10 workers of 10 for evacuation
[2020-05-09T21:50:14.034+0200][11460.260s] GC(27)   Pre Evacuate Collection Set: 0.1ms
[2020-05-09T21:50:14.034+0200][11460.260s] GC(27)   Evacuate Collection Set: 2.6ms
[2020-05-09T21:50:14.034+0200][11460.260s] GC(27)   Post Evacuate Collection Set: 0.5ms
[2020-05-09T21:50:14.034+0200][11460.260s] GC(27)   Other: 0.3ms
[2020-05-09T21:50:14.034+0200][11460.260s] GC(27) Eden regions: 165->0(172)
[2020-05-09T21:50:14.034+0200][11460.260s] GC(27) Survivor regions: 11->23(25)
[2020-05-09T21:50:14.034+0200][11460.260s] GC(27) Old regions: 156->156
[2020-05-09T21:50:14.034+0200][11460.260s] GC(27) Humongous regions: 74->74
[2020-05-09T21:50:14.034+0200][11460.260s] GC(27) Metaspace: 57918K->57918K(1101824K)
[2020-05-09T21:50:14.034+0200][11460.260s] GC(27) Pause Young (Concurrent Start) (G1 Humongous Allocation) 403M->252M(512M) 3.818ms
[2020-05-09T21:50:14.034+0200][11460.260s] GC(27) User=0.00s Sys=0.00s Real=0.00s
[2020-05-09T21:50:14.034+0200][11460.260s] GC(28) Concurrent Cycle
[2020-05-09T21:50:14.034+0200][11460.260s] GC(28) Concurrent Clear Claimed Marks
[2020-05-09T21:50:14.034+0200][11460.260s] GC(28) Concurrent Clear Claimed Marks 0.087ms
[2020-05-09T21:50:14.034+0200][11460.260s] GC(28) Concurrent Scan Root Regions
[2020-05-09T21:50:14.034+0200][11460.261s] GC(28) Concurrent Scan Root Regions 0.626ms
[2020-05-09T21:50:14.034+0200][11460.261s] GC(28) Concurrent Mark (11460.261s)
[2020-05-09T21:50:14.034+0200][11460.261s] GC(28) Concurrent Mark From Roots
[2020-05-09T21:50:14.034+0200][11460.261s] GC(28) Using 3 workers of 3 for marking
[2020-05-09T21:50:14.071+0200][11460.298s] GC(28) Concurrent Mark From Roots 37.222ms
[2020-05-09T21:50:14.071+0200][11460.298s] GC(28) Concurrent Preclean
[2020-05-09T21:50:14.072+0200][11460.299s] GC(28) Concurrent Preclean 0.375ms
[2020-05-09T21:50:14.072+0200][11460.299s] GC(28) Concurrent Mark (11460.261s, 11460.299s) 37.724ms
[2020-05-09T21:50:14.073+0200][11460.299s] GC(28) Pause Remark
[2020-05-09T21:50:14.081+0200][11460.307s] GC(28) Cleaned string and symbol table, strings: 26777 processed, 226 removed, symbols: 164836 processed, 24 removed
[2020-05-09T21:50:14.082+0200][11460.308s] GC(28) Pause Remark 256M->122M(512M) 9.280ms
[2020-05-09T21:50:14.082+0200][11460.308s] GC(28) User=0.02s Sys=0.03s Real=0.01s
[2020-05-09T21:50:14.082+0200][11460.308s] GC(28) Concurrent Rebuild Remembered Sets
[2020-05-09T21:50:14.102+0200][11460.329s] GC(28) Concurrent Rebuild Remembered Sets 20.458ms
[2020-05-09T21:50:14.103+0200][11460.329s] GC(28) Pause Cleanup
[2020-05-09T21:50:14.103+0200][11460.329s] GC(28) Pause Cleanup 127M->127M(512M) 0.182ms
[2020-05-09T21:50:14.103+0200][11460.330s] GC(28) User=0.00s Sys=0.00s Real=0.00s
[2020-05-09T21:50:14.103+0200][11460.330s] GC(28) Concurrent Cleanup for Next Mark
[2020-05-09T21:50:14.104+0200][11460.330s] GC(28) Concurrent Cleanup for Next Mark 0.493ms
[2020-05-09T21:50:14.104+0200][11460.330s] GC(28) Concurrent Cycle 70.101ms
[2020-05-09T21:50:18.932+0200][11465.159s] GC(29) Pause Young (Prepare Mixed) (G1 Evacuation Pause)
[2020-05-09T21:50:18.932+0200][11465.159s] GC(29) Using 10 workers of 10 for evacuation
[2020-05-09T21:50:18.936+0200][11465.162s] GC(29)   Pre Evacuate Collection Set: 0.0ms
[2020-05-09T21:50:18.936+0200][11465.162s] GC(29)   Evacuate Collection Set: 2.9ms
[2020-05-09T21:50:18.936+0200][11465.162s] GC(29)   Post Evacuate Collection Set: 0.5ms
[2020-05-09T21:50:18.936+0200][11465.162s] GC(29)   Other: 0.2ms
[2020-05-09T21:50:18.936+0200][11465.162s] GC(29) Eden regions: 172->0(2)
[2020-05-09T21:50:18.936+0200][11465.162s] GC(29) Survivor regions: 23->23(25)
[2020-05-09T21:50:18.936+0200][11465.162s] GC(29) Old regions: 86->95
[2020-05-09T21:50:18.936+0200][11465.162s] GC(29) Humongous regions: 77->28
[2020-05-09T21:50:18.936+0200][11465.162s] GC(29) Metaspace: 57672K->57672K(1101824K)
[2020-05-09T21:50:18.936+0200][11465.162s] GC(29) Pause Young (Prepare Mixed) (G1 Evacuation Pause) 357M->144M(512M) 3.932ms
[2020-05-09T21:50:18.936+0200][11465.163s] GC(29) User=0.16s Sys=0.00s Real=0.00s
[2020-05-09T21:50:18.993+0200][11465.219s] GC(30) Pause Young (Mixed) (G1 Evacuation Pause)
[2020-05-09T21:50:18.993+0200][11465.219s] GC(30) Using 10 workers of 10 for evacuation
[2020-05-09T21:50:18.996+0200][11465.222s] GC(30)   Pre Evacuate Collection Set: 0.0ms
[2020-05-09T21:50:18.996+0200][11465.222s] GC(30)   Evacuate Collection Set: 2.1ms
[2020-05-09T21:50:18.996+0200][11465.222s] GC(30)   Post Evacuate Collection Set: 0.5ms
[2020-05-09T21:50:18.996+0200][11465.222s] GC(30)   Other: 0.2ms
[2020-05-09T21:50:18.996+0200][11465.222s] GC(30) Eden regions: 2->0(231)
[2020-05-09T21:50:18.996+0200][11465.222s] GC(30) Survivor regions: 23->1(4)
[2020-05-09T21:50:18.996+0200][11465.222s] GC(30) Old regions: 95->99
[2020-05-09T21:50:18.996+0200][11465.222s] GC(30) Humongous regions: 28->28
[2020-05-09T21:50:18.996+0200][11465.222s] GC(30) Metaspace: 57672K->57672K(1101824K)
[2020-05-09T21:50:18.996+0200][11465.222s] GC(30) Pause Young (Mixed) (G1 Evacuation Pause) 146M->126M(512M) 3.015ms
[2020-05-09T21:50:18.996+0200][11465.222s] GC(30) User=0.00s Sys=0.00s Real=0.00s
[2020-05-09T21:50:27.090+0200][11473.316s] GC(31) Pause Young (Normal) (G1 Evacuation Pause)
[2020-05-09T21:50:27.090+0200][11473.316s] GC(31) Using 10 workers of 10 for evacuation
[2020-05-09T21:50:27.094+0200][11473.320s] GC(31)   Pre Evacuate Collection Set: 0.0ms
[2020-05-09T21:50:27.094+0200][11473.320s] GC(31)   Evacuate Collection Set: 3.4ms
[2020-05-09T21:50:27.094+0200][11473.320s] GC(31)   Post Evacuate Collection Set: 0.9ms
[2020-05-09T21:50:27.094+0200][11473.320s] GC(31)   Other: 0.2ms
[2020-05-09T21:50:27.094+0200][11473.320s] GC(31) Eden regions: 231->0(206)
[2020-05-09T21:50:27.094+0200][11473.320s] GC(31) Survivor regions: 1->28(29)
[2020-05-09T21:50:27.094+0200][11473.320s] GC(31) Old regions: 99->99
[2020-05-09T21:50:27.094+0200][11473.320s] GC(31) Humongous regions: 91->56
[2020-05-09T21:50:27.095+0200][11473.320s] GC(31) Metaspace: 57706K->57706K(1101824K)
[2020-05-09T21:50:27.095+0200][11473.321s] GC(31) Pause Young (Normal) (G1 Evacuation Pause) 420M->181M(512M) 4.786ms
[2020-05-09T21:50:27.095+0200][11473.321s] GC(31) User=0.00s Sys=0.00s Real=0.01s
[2020-05-09T21:50:28.842+0200][11475.069s] GC(32) Pause Young (Normal) (G1 Evacuation Pause)
[2020-05-09T21:50:28.842+0200][11475.069s] GC(32) Using 10 workers of 10 for evacuation
[2020-05-09T21:50:28.848+0200][11475.074s] GC(32)   Pre Evacuate Collection Set: 0.0ms
[2020-05-09T21:50:28.848+0200][11475.074s] GC(32)   Evacuate Collection Set: 4.3ms
[2020-05-09T21:50:28.848+0200][11475.074s] GC(32)   Post Evacuate Collection Set: 0.5ms
[2020-05-09T21:50:28.848+0200][11475.074s] GC(32)   Other: 0.2ms
[2020-05-09T21:50:28.848+0200][11475.074s] GC(32) Eden regions: 206->0(214)
[2020-05-09T21:50:28.848+0200][11475.074s] GC(32) Survivor regions: 28->1(30)
[2020-05-09T21:50:28.848+0200][11475.074s] GC(32) Old regions: 99->126
[2020-05-09T21:50:28.848+0200][11475.074s] GC(32) Humongous regions: 56->56
[2020-05-09T21:50:28.848+0200][11475.074s] GC(32) Metaspace: 57706K->57706K(1101824K)
[2020-05-09T21:50:28.848+0200][11475.074s] GC(32) Pause Young (Normal) (G1 Evacuation Pause) 387M->181M(512M) 5.300ms
[2020-05-09T21:50:28.848+0200][11475.074s] GC(32) User=0.00s Sys=0.00s Real=0.01s
[2020-05-09T21:50:30.218+0200][11476.444s] GC(33) Pause Young (Normal) (G1 Evacuation Pause)
[2020-05-09T21:50:30.218+0200][11476.444s] GC(33) Using 10 workers of 10 for evacuation
[2020-05-09T21:50:30.218+0200][11476.445s] GC(33)   Pre Evacuate Collection Set: 0.0ms
[2020-05-09T21:50:30.219+0200][11476.445s] GC(33)   Evacuate Collection Set: 0.3ms
[2020-05-09T21:50:30.219+0200][11476.445s] GC(33)   Post Evacuate Collection Set: 0.5ms
[2020-05-09T21:50:30.219+0200][11476.445s] GC(33)   Other: 0.2ms
[2020-05-09T21:50:30.219+0200][11476.445s] GC(33) Eden regions: 214->0(223)
[2020-05-09T21:50:30.219+0200][11476.445s] GC(33) Survivor regions: 1->1(27)
[2020-05-09T21:50:30.219+0200][11476.445s] GC(33) Old regions: 126->126
[2020-05-09T21:50:30.219+0200][11476.445s] GC(33) Humongous regions: 56->56
[2020-05-09T21:50:30.219+0200][11476.445s] GC(33) Metaspace: 57706K->57706K(1101824K)
[2020-05-09T21:50:30.219+0200][11476.445s] GC(33) Pause Young (Normal) (G1 Evacuation Pause) 395M->181M(512M) 1.175ms
[2020-05-09T21:50:30.219+0200][11476.445s] GC(33) User=0.00s Sys=0.00s Real=0.00s
[2020-05-09T23:09:32.450+0200][16218.676s] GC(34) Pause Young (Normal) (G1 Evacuation Pause)
[2020-05-09T23:09:32.450+0200][16218.676s] GC(34) Using 10 workers of 10 for evacuation
[2020-05-09T23:09:32.451+0200][16218.678s] GC(34)   Pre Evacuate Collection Set: 0.1ms
[2020-05-09T23:09:32.451+0200][16218.678s] GC(34)   Evacuate Collection Set: 0.6ms
[2020-05-09T23:09:32.451+0200][16218.678s] GC(34)   Post Evacuate Collection Set: 0.6ms
[2020-05-09T23:09:32.451+0200][16218.678s] GC(34)   Other: 0.2ms
[2020-05-09T23:09:32.451+0200][16218.678s] GC(34) Eden regions: 223->0(231)
[2020-05-09T23:09:32.451+0200][16218.678s] GC(34) Survivor regions: 1->1(28)
[2020-05-09T23:09:32.451+0200][16218.678s] GC(34) Old regions: 126->126
[2020-05-09T23:09:32.451+0200][16218.678s] GC(34) Humongous regions: 56->56
[2020-05-09T23:09:32.451+0200][16218.678s] GC(34) Metaspace: 57965K->57965K(1101824K)
[2020-05-09T23:09:32.451+0200][16218.678s] GC(34) Pause Young (Normal) (G1 Evacuation Pause) 404M->181M(512M) 1.563ms
[2020-05-09T23:09:32.451+0200][16218.678s] GC(34) User=0.00s Sys=0.00s Real=0.00s
[2020-05-10T00:57:50.258+0200][22716.484s] GC(35) Pause Young (Normal) (G1 Evacuation Pause)
[2020-05-10T00:57:50.258+0200][22716.484s] GC(35) Using 10 workers of 10 for evacuation
[2020-05-10T00:57:50.261+0200][22716.487s] GC(35)   Pre Evacuate Collection Set: 0.0ms
[2020-05-10T00:57:50.261+0200][22716.487s] GC(35)   Evacuate Collection Set: 2.5ms
[2020-05-10T00:57:50.261+0200][22716.487s] GC(35)   Post Evacuate Collection Set: 0.6ms
[2020-05-10T00:57:50.261+0200][22716.487s] GC(35)   Other: 0.1ms
[2020-05-10T00:57:50.261+0200][22716.487s] GC(35) Eden regions: 231->0(213)
[2020-05-10T00:57:50.261+0200][22716.487s] GC(35) Survivor regions: 1->18(29)
[2020-05-10T00:57:50.261+0200][22716.487s] GC(35) Old regions: 126->126
[2020-05-10T00:57:50.261+0200][22716.487s] GC(35) Humongous regions: 62->60
[2020-05-10T00:57:50.261+0200][22716.487s] GC(35) Metaspace: 57969K->57969K(1101824K)
[2020-05-10T00:57:50.261+0200][22716.487s] GC(35) Pause Young (Normal) (G1 Evacuation Pause) 418M->202M(512M) 3.388ms
[2020-05-10T00:57:50.261+0200][22716.487s] GC(35) User=0.00s Sys=0.00s Real=0.00s
[2020-05-10T00:57:51.415+0200][22717.642s] GC(36) Pause Young (Concurrent Start) (G1 Humongous Allocation)
[2020-05-10T00:57:51.415+0200][22717.642s] GC(36) Using 10 workers of 10 for evacuation
[2020-05-10T00:57:51.418+0200][22717.644s] GC(36)   Pre Evacuate Collection Set: 0.1ms
[2020-05-10T00:57:51.418+0200][22717.644s] GC(36)   Evacuate Collection Set: 2.1ms
[2020-05-10T00:57:51.418+0200][22717.644s] GC(36)   Post Evacuate Collection Set: 0.4ms
[2020-05-10T00:57:51.418+0200][22717.644s] GC(36)   Other: 0.1ms
[2020-05-10T00:57:51.418+0200][22717.644s] GC(36) Eden regions: 57->0(197)
[2020-05-10T00:57:51.418+0200][22717.644s] GC(36) Survivor regions: 18->9(29)
[2020-05-10T00:57:51.418+0200][22717.644s] GC(36) Old regions: 126->136
[2020-05-10T00:57:51.418+0200][22717.644s] GC(36) Humongous regions: 104->77
[2020-05-10T00:57:51.418+0200][22717.644s] GC(36) Metaspace: 57969K->57969K(1101824K)
[2020-05-10T00:57:51.418+0200][22717.644s] GC(36) Pause Young (Concurrent Start) (G1 Humongous Allocation) 303M->220M(512M) 2.808ms
[2020-05-10T00:57:51.418+0200][22717.644s] GC(36) User=0.02s Sys=0.00s Real=0.00s
[2020-05-10T00:57:51.418+0200][22717.644s] GC(37) Concurrent Cycle
[2020-05-10T00:57:51.418+0200][22717.645s] GC(37) Concurrent Clear Claimed Marks
[2020-05-10T00:57:51.419+0200][22717.645s] GC(37) Concurrent Clear Claimed Marks 0.071ms
[2020-05-10T00:57:51.419+0200][22717.645s] GC(37) Concurrent Scan Root Regions
[2020-05-10T00:57:51.419+0200][22717.645s] GC(37) Concurrent Scan Root Regions 0.404ms
[2020-05-10T00:57:51.419+0200][22717.645s] GC(37) Concurrent Mark (22717.645s)
[2020-05-10T00:57:51.419+0200][22717.645s] GC(37) Concurrent Mark From Roots
[2020-05-10T00:57:51.419+0200][22717.645s] GC(37) Using 3 workers of 3 for marking
[2020-05-10T00:57:51.436+0200][22717.662s] GC(37) Concurrent Mark From Roots 17.127ms
[2020-05-10T00:57:51.436+0200][22717.662s] GC(37) Concurrent Preclean
[2020-05-10T00:57:51.436+0200][22717.662s] GC(37) Concurrent Preclean 0.208ms
[2020-05-10T00:57:51.436+0200][22717.662s] GC(37) Concurrent Mark (22717.645s, 22717.662s) 17.394ms
[2020-05-10T00:57:51.437+0200][22717.663s] GC(37) Pause Remark
[2020-05-10T00:57:51.440+0200][22717.666s] GC(37) Cleaned string and symbol table, strings: 27165 processed, 12 removed, symbols: 164889 processed, 92 removed
[2020-05-10T00:57:51.440+0200][22717.666s] GC(37) Pause Remark 227M->139M(512M) 3.808ms
[2020-05-10T00:57:51.440+0200][22717.667s] GC(37) User=0.00s Sys=0.00s Real=0.00s
[2020-05-10T00:57:51.441+0200][22717.667s] GC(37) Concurrent Rebuild Remembered Sets
[2020-05-10T00:57:51.452+0200][22717.678s] GC(37) Concurrent Rebuild Remembered Sets 11.240ms
[2020-05-10T00:57:51.452+0200][22717.678s] GC(37) Pause Cleanup
[2020-05-10T00:57:51.452+0200][22717.678s] GC(37) Pause Cleanup 140M->140M(512M) 0.142ms
[2020-05-10T00:57:51.452+0200][22717.678s] GC(37) User=0.00s Sys=0.00s Real=0.00s
[2020-05-10T00:57:51.452+0200][22717.678s] GC(37) Concurrent Cleanup for Next Mark
[2020-05-10T00:57:51.453+0200][22717.679s] GC(37) Concurrent Cleanup for Next Mark 0.469ms
[2020-05-10T00:57:51.453+0200][22717.679s] GC(37) Concurrent Cycle 34.354ms
[2020-05-10T00:57:55.447+0200][22721.673s] GC(38) Pause Young (Prepare Mixed) (G1 Evacuation Pause)
[2020-05-10T00:57:55.447+0200][22721.673s] GC(38) Using 10 workers of 10 for evacuation
[2020-05-10T00:57:55.450+0200][22721.677s] GC(38) To-space exhausted
[2020-05-10T00:57:55.450+0200][22721.677s] GC(38)   Pre Evacuate Collection Set: 0.0ms
[2020-05-10T00:57:55.450+0200][22721.677s] GC(38)   Evacuate Collection Set: 0.9ms
[2020-05-10T00:57:55.450+0200][22721.677s] GC(38)   Post Evacuate Collection Set: 2.9ms
[2020-05-10T00:57:55.450+0200][22721.677s] GC(38)   Other: 0.2ms
[2020-05-10T00:57:55.450+0200][22721.677s] GC(38) Eden regions: 197->0(21)
[2020-05-10T00:57:55.450+0200][22721.677s] GC(38) Survivor regions: 9->4(26)
[2020-05-10T00:57:55.450+0200][22721.677s] GC(38) Old regions: 97->303
[2020-05-10T00:57:55.450+0200][22721.677s] GC(38) Humongous regions: 205->47
[2020-05-10T00:57:55.450+0200][22721.677s] GC(38) Metaspace: 57969K->57969K(1101824K)
[2020-05-10T00:57:55.450+0200][22721.677s] GC(38) Pause Young (Prepare Mixed) (G1 Evacuation Pause) 506M->352M(512M) 4.137ms
[2020-05-10T00:57:55.450+0200][22721.677s] GC(38) User=0.16s Sys=0.00s Real=0.00s
[2020-05-10T00:57:55.826+0200][22722.053s] GC(39) Pause Young (Mixed) (G1 Evacuation Pause)
[2020-05-10T00:57:55.827+0200][22722.053s] GC(39) Using 10 workers of 10 for evacuation
[2020-05-10T00:57:55.829+0200][22722.055s] GC(39)   Pre Evacuate Collection Set: 0.0ms
[2020-05-10T00:57:55.829+0200][22722.055s] GC(39)   Evacuate Collection Set: 1.0ms
[2020-05-10T00:57:55.829+0200][22722.055s] GC(39)   Post Evacuate Collection Set: 0.4ms
[2020-05-10T00:57:55.829+0200][22722.055s] GC(39)   Other: 0.2ms
[2020-05-10T00:57:55.829+0200][22722.055s] GC(39) Eden regions: 21->0(103)
[2020-05-10T00:57:55.829+0200][22722.055s] GC(39) Survivor regions: 4->4(4)
[2020-05-10T00:57:55.829+0200][22722.055s] GC(39) Old regions: 303->283
[2020-05-10T00:57:55.829+0200][22722.055s] GC(39) Humongous regions: 47->47
[2020-05-10T00:57:55.829+0200][22722.055s] GC(39) Metaspace: 57969K->57969K(1101824K)
[2020-05-10T00:57:55.829+0200][22722.055s] GC(39) Pause Young (Mixed) (G1 Evacuation Pause) 373M->332M(512M) 1.835ms
[2020-05-10T00:57:55.829+0200][22722.055s] GC(39) User=0.00s Sys=0.00s Real=0.00s
[2020-05-10T00:57:56.262+0200][22722.488s] GC(40) Pause Young (Concurrent Start) (G1 Humongous Allocation)
[2020-05-10T00:57:56.262+0200][22722.488s] GC(40) Using 10 workers of 10 for evacuation
[2020-05-10T00:57:56.265+0200][22722.491s] GC(40)   Pre Evacuate Collection Set: 0.1ms
[2020-05-10T00:57:56.265+0200][22722.491s] GC(40)   Evacuate Collection Set: 1.5ms
[2020-05-10T00:57:56.265+0200][22722.491s] GC(40)   Post Evacuate Collection Set: 0.5ms
[2020-05-10T00:57:56.265+0200][22722.491s] GC(40)   Other: 0.2ms
[2020-05-10T00:57:56.265+0200][22722.491s] GC(40) Eden regions: 22->0(79)
[2020-05-10T00:57:56.265+0200][22722.491s] GC(40) Survivor regions: 4->8(14)
[2020-05-10T00:57:56.265+0200][22722.491s] GC(40) Old regions: 283->283
[2020-05-10T00:57:56.265+0200][22722.491s] GC(40) Humongous regions: 52->51
[2020-05-10T00:57:56.265+0200][22722.491s] GC(40) Metaspace: 57969K->57969K(1101824K)
[2020-05-10T00:57:56.265+0200][22722.491s] GC(40) Pause Young (Concurrent Start) (G1 Humongous Allocation) 359M->340M(512M) 2.365ms
[2020-05-10T00:57:56.265+0200][22722.491s] GC(40) User=0.00s Sys=0.00s Real=0.00s
[2020-05-10T00:57:56.265+0200][22722.491s] GC(41) Concurrent Cycle
[2020-05-10T00:57:56.265+0200][22722.491s] GC(41) Concurrent Clear Claimed Marks
[2020-05-10T00:57:56.265+0200][22722.491s] GC(41) Concurrent Clear Claimed Marks 0.053ms
[2020-05-10T00:57:56.265+0200][22722.491s] GC(41) Concurrent Scan Root Regions
[2020-05-10T00:57:56.265+0200][22722.491s] GC(41) Concurrent Scan Root Regions 0.323ms
[2020-05-10T00:57:56.265+0200][22722.491s] GC(41) Concurrent Mark (22722.491s)
[2020-05-10T00:57:56.265+0200][22722.491s] GC(41) Concurrent Mark From Roots
[2020-05-10T00:57:56.265+0200][22722.491s] GC(41) Using 3 workers of 3 for marking
[2020-05-10T00:57:56.285+0200][22722.511s] GC(41) Concurrent Mark From Roots 20.113ms
[2020-05-10T00:57:56.285+0200][22722.511s] GC(41) Concurrent Preclean
[2020-05-10T00:57:56.285+0200][22722.512s] GC(41) Concurrent Preclean 0.233ms
[2020-05-10T00:57:56.285+0200][22722.512s] GC(41) Concurrent Mark (22722.491s, 22722.512s) 20.408ms
[2020-05-10T00:57:56.286+0200][22722.512s] GC(41) Pause Remark
[2020-05-10T00:57:56.291+0200][22722.517s] GC(41) Cleaned string and symbol table, strings: 27157 processed, 12 removed, symbols: 164797 processed, 0 removed
[2020-05-10T00:57:56.291+0200][22722.517s] GC(41) Pause Remark 350M->350M(512M) 5.440ms
[2020-05-10T00:57:56.291+0200][22722.517s] GC(41) User=0.00s Sys=0.00s Real=0.00s
[2020-05-10T00:57:56.291+0200][22722.517s] GC(41) Concurrent Rebuild Remembered Sets
[2020-05-10T00:57:56.302+0200][22722.528s] GC(41) Concurrent Rebuild Remembered Sets 10.222ms
[2020-05-10T00:57:56.302+0200][22722.528s] GC(41) Pause Cleanup
[2020-05-10T00:57:56.302+0200][22722.528s] GC(41) Pause Cleanup 351M->351M(512M) 0.218ms
[2020-05-10T00:57:56.302+0200][22722.528s] GC(41) User=0.00s Sys=0.00s Real=0.00s
[2020-05-10T00:57:56.302+0200][22722.528s] GC(41) Concurrent Cleanup for Next Mark
[2020-05-10T00:57:56.302+0200][22722.529s] GC(41) Concurrent Cleanup for Next Mark 0.280ms
[2020-05-10T00:57:56.302+0200][22722.529s] GC(41) Concurrent Cycle 37.712ms
[2020-05-10T00:57:58.408+0200][22724.635s] GC(42) Pause Young (Prepare Mixed) (G1 Evacuation Pause)
[2020-05-10T00:57:58.408+0200][22724.635s] GC(42) Using 10 workers of 10 for evacuation
[2020-05-10T00:57:58.418+0200][22724.644s] GC(42)   Pre Evacuate Collection Set: 0.0ms
[2020-05-10T00:57:58.418+0200][22724.644s] GC(42)   Evacuate Collection Set: 1.9ms
[2020-05-10T00:57:58.418+0200][22724.644s] GC(42)   Post Evacuate Collection Set: 6.9ms
[2020-05-10T00:57:58.418+0200][22724.644s] GC(42)   Other: 0.2ms
[2020-05-10T00:57:58.418+0200][22724.644s] GC(42) Eden regions: 79->0(14)
[2020-05-10T00:57:58.418+0200][22724.644s] GC(42) Survivor regions: 8->11(11)
[2020-05-10T00:57:58.418+0200][22724.644s] GC(42) Old regions: 283->290
[2020-05-10T00:57:58.418+0200][22724.644s] GC(42) Humongous regions: 104->76
[2020-05-10T00:57:58.418+0200][22724.644s] GC(42) Metaspace: 57965K->57965K(1101824K)
[2020-05-10T00:57:58.418+0200][22724.644s] GC(42) Pause Young (Prepare Mixed) (G1 Evacuation Pause) 472M->375M(512M) 9.216ms
[2020-05-10T00:57:58.418+0200][22724.644s] GC(42) User=0.00s Sys=0.00s Real=0.01s
[2020-05-10T00:57:58.699+0200][22724.925s] GC(43) Pause Young (Mixed) (G1 Evacuation Pause)
[2020-05-10T00:57:58.699+0200][22724.926s] GC(43) Using 10 workers of 10 for evacuation
[2020-05-10T00:57:58.702+0200][22724.928s] GC(43)   Pre Evacuate Collection Set: 0.0ms
[2020-05-10T00:57:58.702+0200][22724.928s] GC(43)   Evacuate Collection Set: 1.7ms
[2020-05-10T00:57:58.702+0200][22724.928s] GC(43)   Post Evacuate Collection Set: 0.5ms
[2020-05-10T00:57:58.702+0200][22724.928s] GC(43)   Other: 0.1ms
[2020-05-10T00:57:58.702+0200][22724.928s] GC(43) Eden regions: 14->0(22)
[2020-05-10T00:57:58.702+0200][22724.928s] GC(43) Survivor regions: 11->3(4)
[2020-05-10T00:57:58.702+0200][22724.928s] GC(43) Old regions: 290->254
[2020-05-10T00:57:58.702+0200][22724.928s] GC(43) Humongous regions: 76->76
[2020-05-10T00:57:58.702+0200][22724.928s] GC(43) Metaspace: 57965K->57965K(1101824K)
[2020-05-10T00:57:58.702+0200][22724.928s] GC(43) Pause Young (Mixed) (G1 Evacuation Pause) 389M->332M(512M) 2.461ms
[2020-05-10T00:57:58.702+0200][22724.928s] GC(43) User=0.00s Sys=0.00s Real=0.00s
[2020-05-10T00:57:59.486+0200][22725.712s] GC(44) Pause Young (Mixed) (G1 Evacuation Pause)
[2020-05-10T00:57:59.486+0200][22725.712s] GC(44) Using 10 workers of 10 for evacuation
[2020-05-10T00:57:59.487+0200][22725.713s] GC(44)   Pre Evacuate Collection Set: 0.0ms
[2020-05-10T00:57:59.487+0200][22725.713s] GC(44)   Evacuate Collection Set: 0.9ms
[2020-05-10T00:57:59.487+0200][22725.713s] GC(44)   Post Evacuate Collection Set: 0.5ms
[2020-05-10T00:57:59.487+0200][22725.713s] GC(44)   Other: 0.1ms
[2020-05-10T00:57:59.487+0200][22725.713s] GC(44) Eden regions: 22->0(23)
[2020-05-10T00:57:59.487+0200][22725.713s] GC(44) Survivor regions: 3->2(4)
[2020-05-10T00:57:59.487+0200][22725.713s] GC(44) Old regions: 254->211
[2020-05-10T00:57:59.487+0200][22725.713s] GC(44) Humongous regions: 76->76
[2020-05-10T00:57:59.487+0200][22725.713s] GC(44) Metaspace: 57972K->57972K(1101824K)
[2020-05-10T00:57:59.487+0200][22725.713s] GC(44) Pause Young (Mixed) (G1 Evacuation Pause) 354M->288M(512M) 1.671ms
[2020-05-10T00:57:59.487+0200][22725.713s] GC(44) User=0.00s Sys=0.00s Real=0.00s
[2020-05-10T00:57:59.628+0200][22725.854s] GC(45) Pause Young (Mixed) (G1 Evacuation Pause)
[2020-05-10T00:57:59.628+0200][22725.854s] GC(45) Using 10 workers of 10 for evacuation
[2020-05-10T00:57:59.630+0200][22725.855s] GC(45)   Pre Evacuate Collection Set: 0.1ms
[2020-05-10T00:57:59.630+0200][22725.856s] GC(45)   Evacuate Collection Set: 0.9ms
[2020-05-10T00:57:59.630+0200][22725.856s] GC(45)   Post Evacuate Collection Set: 0.5ms
[2020-05-10T00:57:59.630+0200][22725.856s] GC(45)   Other: 0.1ms
[2020-05-10T00:57:59.630+0200][22725.856s] GC(45) Eden regions: 23->0(23)
[2020-05-10T00:57:59.630+0200][22725.856s] GC(45) Survivor regions: 2->2(4)
[2020-05-10T00:57:59.630+0200][22725.856s] GC(45) Old regions: 211->167
[2020-05-10T00:57:59.630+0200][22725.856s] GC(45) Humongous regions: 76->76
[2020-05-10T00:57:59.630+0200][22725.856s] GC(45) Metaspace: 57972K->57972K(1101824K)
[2020-05-10T00:57:59.630+0200][22725.856s] GC(45) Pause Young (Mixed) (G1 Evacuation Pause) 311M->244M(512M) 1.703ms
[2020-05-10T00:57:59.630+0200][22725.856s] GC(45) User=0.00s Sys=0.00s Real=0.00s
[2020-05-10T00:57:59.784+0200][22726.010s] GC(46) Pause Young (Mixed) (G1 Evacuation Pause)
[2020-05-10T00:57:59.784+0200][22726.010s] GC(46) Using 10 workers of 10 for evacuation
[2020-05-10T00:57:59.784+0200][22726.011s] GC(46)   Pre Evacuate Collection Set: 0.1ms
[2020-05-10T00:57:59.784+0200][22726.011s] GC(46)   Evacuate Collection Set: 1.0ms
[2020-05-10T00:57:59.784+0200][22726.011s] GC(46)   Post Evacuate Collection Set: 0.4ms
[2020-05-10T00:57:59.785+0200][22726.011s] GC(46)   Other: 0.2ms
[2020-05-10T00:57:59.785+0200][22726.011s] GC(46) Eden regions: 23->0(176)
[2020-05-10T00:57:59.785+0200][22726.011s] GC(46) Survivor regions: 2->2(4)
[2020-05-10T00:57:59.785+0200][22726.011s] GC(46) Old regions: 167->132
[2020-05-10T00:57:59.785+0200][22726.011s] GC(46) Humongous regions: 76->76
[2020-05-10T00:57:59.785+0200][22726.011s] GC(46) Metaspace: 57972K->57972K(1101824K)
[2020-05-10T00:57:59.785+0200][22726.011s] GC(46) Pause Young (Mixed) (G1 Evacuation Pause) 267M->209M(512M) 1.787ms
[2020-05-10T00:57:59.785+0200][22726.011s] GC(46) User=0.00s Sys=0.00s Real=0.00s
[2020-05-10T00:58:00.834+0200][22727.061s] GC(47) Pause Young (Normal) (G1 Evacuation Pause)
[2020-05-10T00:58:00.834+0200][22727.061s] GC(47) Using 10 workers of 10 for evacuation
[2020-05-10T00:58:00.835+0200][22727.062s] GC(47)   Pre Evacuate Collection Set: 0.0ms
[2020-05-10T00:58:00.835+0200][22727.062s] GC(47)   Evacuate Collection Set: 0.4ms
[2020-05-10T00:58:00.835+0200][22727.062s] GC(47)   Post Evacuate Collection Set: 0.5ms
[2020-05-10T00:58:00.835+0200][22727.062s] GC(47)   Other: 0.1ms
[2020-05-10T00:58:00.835+0200][22727.062s] GC(47) Eden regions: 176->0(185)
[2020-05-10T00:58:00.835+0200][22727.062s] GC(47) Survivor regions: 2->2(23)
[2020-05-10T00:58:00.835+0200][22727.062s] GC(47) Old regions: 132->132
[2020-05-10T00:58:00.835+0200][22727.062s] GC(47) Humongous regions: 76->76
[2020-05-10T00:58:00.835+0200][22727.062s] GC(47) Metaspace: 57972K->57972K(1101824K)
[2020-05-10T00:58:00.835+0200][22727.062s] GC(47) Pause Young (Normal) (G1 Evacuation Pause) 385M->209M(512M) 1.111ms
[2020-05-10T00:58:00.835+0200][22727.062s] GC(47) User=0.00s Sys=0.00s Real=0.00s
[2020-05-10T00:58:02.059+0200][22728.286s] GC(48) Pause Young (Normal) (G1 Evacuation Pause)
[2020-05-10T00:58:02.059+0200][22728.286s] GC(48) Using 10 workers of 10 for evacuation
[2020-05-10T00:58:02.060+0200][22728.287s] GC(48)   Pre Evacuate Collection Set: 0.0ms
[2020-05-10T00:58:02.060+0200][22728.287s] GC(48)   Evacuate Collection Set: 0.4ms
[2020-05-10T00:58:02.060+0200][22728.287s] GC(48)   Post Evacuate Collection Set: 0.4ms
[2020-05-10T00:58:02.060+0200][22728.287s] GC(48)   Other: 0.1ms
[2020-05-10T00:58:02.060+0200][22728.287s] GC(48) Eden regions: 185->0(193)
[2020-05-10T00:58:02.060+0200][22728.287s] GC(48) Survivor regions: 2->2(24)
[2020-05-10T00:58:02.060+0200][22728.287s] GC(48) Old regions: 132->132
[2020-05-10T00:58:02.060+0200][22728.287s] GC(48) Humongous regions: 76->76
[2020-05-10T00:58:02.060+0200][22728.287s] GC(48) Metaspace: 57972K->57972K(1101824K)
[2020-05-10T00:58:02.061+0200][22728.287s] GC(48) Pause Young (Normal) (G1 Evacuation Pause) 394M->209M(512M) 1.049ms
[2020-05-10T00:58:02.061+0200][22728.287s] GC(48) User=0.00s Sys=0.00s Real=0.00s
[2020-05-10T00:58:02.923+0200][22729.150s] GC(49) Pause Young (Concurrent Start) (G1 Evacuation Pause)
[2020-05-10T00:58:02.923+0200][22729.150s] GC(49) Using 10 workers of 10 for evacuation
[2020-05-10T00:58:02.925+0200][22729.151s] GC(49)   Pre Evacuate Collection Set: 0.1ms
[2020-05-10T00:58:02.925+0200][22729.151s] GC(49)   Evacuate Collection Set: 0.6ms
[2020-05-10T00:58:02.925+0200][22729.151s] GC(49)   Post Evacuate Collection Set: 0.4ms
[2020-05-10T00:58:02.925+0200][22729.151s] GC(49)   Other: 0.1ms
[2020-05-10T00:58:02.925+0200][22729.151s] GC(49) Eden regions: 193->0(199)
[2020-05-10T00:58:02.925+0200][22729.151s] GC(49) Survivor regions: 2->2(25)
[2020-05-10T00:58:02.925+0200][22729.151s] GC(49) Old regions: 132->132
[2020-05-10T00:58:02.925+0200][22729.151s] GC(49) Humongous regions: 76->76
[2020-05-10T00:58:02.925+0200][22729.151s] GC(49) Metaspace: 57973K->57973K(1101824K)
[2020-05-10T00:58:02.925+0200][22729.151s] GC(49) Pause Young (Concurrent Start) (G1 Evacuation Pause) 402M->209M(512M) 1.220ms
[2020-05-10T00:58:02.925+0200][22729.151s] GC(49) User=0.00s Sys=0.00s Real=0.00s
[2020-05-10T00:58:02.925+0200][22729.151s] GC(50) Concurrent Cycle
[2020-05-10T00:58:02.925+0200][22729.151s] GC(50) Concurrent Clear Claimed Marks
[2020-05-10T00:58:02.925+0200][22729.151s] GC(50) Concurrent Clear Claimed Marks 0.020ms
[2020-05-10T00:58:02.925+0200][22729.151s] GC(50) Concurrent Scan Root Regions
[2020-05-10T00:58:02.926+0200][22729.152s] GC(50) Concurrent Scan Root Regions 0.317ms
[2020-05-10T00:58:02.926+0200][22729.152s] GC(50) Concurrent Mark (22729.152s)
[2020-05-10T00:58:02.926+0200][22729.152s] GC(50) Concurrent Mark From Roots
[2020-05-10T00:58:02.926+0200][22729.152s] GC(50) Using 3 workers of 3 for marking
[2020-05-10T00:58:02.942+0200][22729.169s] GC(50) Concurrent Mark From Roots 16.860ms
[2020-05-10T00:58:02.942+0200][22729.169s] GC(50) Concurrent Preclean
[2020-05-10T00:58:02.942+0200][22729.169s] GC(50) Concurrent Preclean 0.220ms
[2020-05-10T00:58:02.942+0200][22729.169s] GC(50) Concurrent Mark (22729.152s, 22729.169s) 17.137ms
[2020-05-10T00:58:02.942+0200][22729.169s] GC(50) Pause Remark
[2020-05-10T00:58:02.945+0200][22729.171s] GC(50) Cleaned string and symbol table, strings: 27160 processed, 0 removed, symbols: 164801 processed, 4 removed
[2020-05-10T00:58:02.946+0200][22729.172s] GC(50) Pause Remark 217M->187M(512M) 2.628ms
[2020-05-10T00:58:02.946+0200][22729.172s] GC(50) User=0.00s Sys=0.00s Real=0.00s
[2020-05-10T00:58:02.946+0200][22729.172s] GC(50) Concurrent Rebuild Remembered Sets
[2020-05-10T00:58:02.957+0200][22729.183s] GC(50) Concurrent Rebuild Remembered Sets 11.303ms
[2020-05-10T00:58:02.957+0200][22729.183s] GC(50) Pause Cleanup
[2020-05-10T00:58:02.957+0200][22729.183s] GC(50) Pause Cleanup 192M->192M(512M) 0.115ms
[2020-05-10T00:58:02.957+0200][22729.183s] GC(50) User=0.00s Sys=0.00s Real=0.00s
[2020-05-10T00:58:02.957+0200][22729.184s] GC(50) Concurrent Cleanup for Next Mark
[2020-05-10T00:58:02.958+0200][22729.184s] GC(50) Concurrent Cleanup for Next Mark 0.239ms
[2020-05-10T00:58:02.958+0200][22729.184s] GC(50) Concurrent Cycle 32.486ms
[2020-05-10T00:58:03.351+0200][22729.577s] GC(51) Pause Young (Prepare Mixed) (G1 Evacuation Pause)
[2020-05-10T00:58:03.351+0200][22729.577s] GC(51) Using 10 workers of 10 for evacuation
[2020-05-10T00:58:03.352+0200][22729.578s] GC(51)   Pre Evacuate Collection Set: 0.0ms
[2020-05-10T00:58:03.352+0200][22729.578s] GC(51)   Evacuate Collection Set: 0.4ms
[2020-05-10T00:58:03.352+0200][22729.578s] GC(51)   Post Evacuate Collection Set: 0.5ms
[2020-05-10T00:58:03.352+0200][22729.578s] GC(51)   Other: 0.2ms
[2020-05-10T00:58:03.352+0200][22729.578s] GC(51) Eden regions: 199->0(23)
[2020-05-10T00:58:03.352+0200][22729.579s] GC(51) Survivor regions: 2->2(26)
[2020-05-10T00:58:03.352+0200][22729.579s] GC(51) Old regions: 132->132
[2020-05-10T00:58:03.352+0200][22729.579s] GC(51) Humongous regions: 46->46
[2020-05-10T00:58:03.352+0200][22729.579s] GC(51) Metaspace: 57973K->57973K(1101824K)
[2020-05-10T00:58:03.352+0200][22729.579s] GC(51) Pause Young (Prepare Mixed) (G1 Evacuation Pause) 378M->179M(512M) 1.278ms
[2020-05-10T00:58:03.352+0200][22729.579s] GC(51) User=0.00s Sys=0.00s Real=0.00s
[2020-05-10T00:58:03.394+0200][22729.621s] GC(52) Pause Young (Mixed) (G1 Evacuation Pause)
[2020-05-10T00:58:03.394+0200][22729.621s] GC(52) Using 10 workers of 10 for evacuation
[2020-05-10T00:58:03.395+0200][22729.621s] GC(52)   Pre Evacuate Collection Set: 0.0ms
[2020-05-10T00:58:03.395+0200][22729.622s] GC(52)   Evacuate Collection Set: 0.3ms
[2020-05-10T00:58:03.395+0200][22729.622s] GC(52)   Post Evacuate Collection Set: 0.4ms
[2020-05-10T00:58:03.395+0200][22729.622s] GC(52)   Other: 0.1ms
[2020-05-10T00:58:03.395+0200][22729.622s] GC(52) Eden regions: 23->0(219)
[2020-05-10T00:58:03.395+0200][22729.622s] GC(52) Survivor regions: 2->2(4)
[2020-05-10T00:58:03.395+0200][22729.622s] GC(52) Old regions: 132->131
[2020-05-10T00:58:03.395+0200][22729.622s] GC(52) Humongous regions: 46->46
[2020-05-10T00:58:03.395+0200][22729.622s] GC(52) Metaspace: 57973K->57973K(1101824K)
[2020-05-10T00:58:03.395+0200][22729.622s] GC(52) Pause Young (Mixed) (G1 Evacuation Pause) 202M->177M(512M) 1.030ms
[2020-05-10T00:58:03.395+0200][22729.622s] GC(52) User=0.00s Sys=0.00s Real=0.00s
[2020-05-10T00:58:04.366+0200][22730.593s] GC(53) Pause Young (Normal) (G1 Evacuation Pause)
[2020-05-10T00:58:04.366+0200][22730.593s] GC(53) Using 10 workers of 10 for evacuation
[2020-05-10T00:58:04.369+0200][22730.595s] GC(53)   Pre Evacuate Collection Set: 0.0ms
[2020-05-10T00:58:04.369+0200][22730.595s] GC(53)   Evacuate Collection Set: 1.3ms
[2020-05-10T00:58:04.369+0200][22730.595s] GC(53)   Post Evacuate Collection Set: 0.6ms
[2020-05-10T00:58:04.369+0200][22730.595s] GC(53)   Other: 0.1ms
[2020-05-10T00:58:04.369+0200][22730.595s] GC(53) Eden regions: 219->0(211)
[2020-05-10T00:58:04.369+0200][22730.595s] GC(53) Survivor regions: 2->15(28)
[2020-05-10T00:58:04.369+0200][22730.595s] GC(53) Old regions: 131->131
[2020-05-10T00:58:04.369+0200][22730.595s] GC(53) Humongous regions: 52->50
[2020-05-10T00:58:04.369+0200][22730.595s] GC(53) Metaspace: 57981K->57981K(1101824K)
[2020-05-10T00:58:04.369+0200][22730.595s] GC(53) Pause Young (Normal) (G1 Evacuation Pause) 402M->194M(512M) 2.201ms
[2020-05-10T00:58:04.369+0200][22730.595s] GC(53) User=0.00s Sys=0.00s Real=0.00s
[2020-05-10T00:58:04.793+0200][22731.019s] GC(54) Pause Young (Concurrent Start) (G1 Humongous Allocation)
[2020-05-10T00:58:04.793+0200][22731.019s] GC(54) Using 10 workers of 10 for evacuation
[2020-05-10T00:58:04.796+0200][22731.022s] GC(54)   Pre Evacuate Collection Set: 0.1ms
[2020-05-10T00:58:04.796+0200][22731.022s] GC(54)   Evacuate Collection Set: 2.3ms
[2020-05-10T00:58:04.796+0200][22731.022s] GC(54)   Post Evacuate Collection Set: 0.5ms
[2020-05-10T00:58:04.796+0200][22731.022s] GC(54)   Other: 0.2ms
[2020-05-10T00:58:04.796+0200][22731.022s] GC(54) Eden regions: 162->0(197)
[2020-05-10T00:58:04.796+0200][22731.022s] GC(54) Survivor regions: 15->24(29)
[2020-05-10T00:58:04.796+0200][22731.022s] GC(54) Old regions: 131->131
[2020-05-10T00:58:04.796+0200][22731.022s] GC(54) Humongous regions: 50->50
[2020-05-10T00:58:04.796+0200][22731.022s] GC(54) Metaspace: 57987K->57987K(1101824K)
[2020-05-10T00:58:04.796+0200][22731.022s] GC(54) Pause Young (Concurrent Start) (G1 Humongous Allocation) 356M->203M(512M) 3.126ms
[2020-05-10T00:58:04.796+0200][22731.022s] GC(54) User=0.00s Sys=0.00s Real=0.00s
[2020-05-10T00:58:04.796+0200][22731.022s] GC(55) Concurrent Cycle
[2020-05-10T00:58:04.796+0200][22731.022s] GC(55) Concurrent Clear Claimed Marks
[2020-05-10T00:58:04.796+0200][22731.022s] GC(55) Concurrent Clear Claimed Marks 0.056ms
[2020-05-10T00:58:04.796+0200][22731.022s] GC(55) Concurrent Scan Root Regions
[2020-05-10T00:58:04.797+0200][22731.023s] GC(55) Concurrent Scan Root Regions 0.581ms
[2020-05-10T00:58:04.797+0200][22731.023s] GC(55) Concurrent Mark (22731.023s)
[2020-05-10T00:58:04.797+0200][22731.023s] GC(55) Concurrent Mark From Roots
[2020-05-10T00:58:04.797+0200][22731.023s] GC(55) Using 3 workers of 3 for marking
[2020-05-10T00:58:04.813+0200][22731.040s] GC(55) Concurrent Mark From Roots 17.627ms
[2020-05-10T00:58:04.813+0200][22731.040s] GC(55) Concurrent Preclean
[2020-05-10T00:58:04.814+0200][22731.040s] GC(55) Concurrent Preclean 0.224ms
[2020-05-10T00:58:04.814+0200][22731.041s] GC(55) Concurrent Mark (22731.023s, 22731.041s) 17.912ms
[2020-05-10T00:58:04.814+0200][22731.041s] GC(55) Pause Remark
[2020-05-10T00:58:04.816+0200][22731.043s] GC(55) Cleaned string and symbol table, strings: 27171 processed, 0 removed, symbols: 164803 processed, 0 removed
[2020-05-10T00:58:04.817+0200][22731.043s] GC(55) Pause Remark 217M->170M(512M) 2.641ms
[2020-05-10T00:58:04.817+0200][22731.043s] GC(55) User=0.00s Sys=0.00s Real=0.00s
[2020-05-10T00:58:04.817+0200][22731.044s] GC(55) Concurrent Rebuild Remembered Sets
[2020-05-10T00:58:04.827+0200][22731.053s] GC(55) Concurrent Rebuild Remembered Sets 9.829ms
[2020-05-10T00:58:04.827+0200][22731.054s] GC(55) Pause Cleanup
[2020-05-10T00:58:04.827+0200][22731.054s] GC(55) Pause Cleanup 175M->175M(512M) 0.194ms
[2020-05-10T00:58:04.827+0200][22731.054s] GC(55) User=0.00s Sys=0.00s Real=0.00s
[2020-05-10T00:58:04.827+0200][22731.054s] GC(55) Concurrent Cleanup for Next Mark
[2020-05-10T00:58:04.827+0200][22731.054s] GC(55) Concurrent Cleanup for Next Mark 0.246ms
[2020-05-10T00:58:04.827+0200][22731.054s] GC(55) Concurrent Cycle 32.350ms
[2020-05-10T00:58:05.797+0200][22732.023s] GC(56) Pause Young (Prepare Mixed) (G1 Evacuation Pause)
[2020-05-10T00:58:05.797+0200][22732.023s] GC(56) Using 10 workers of 10 for evacuation
[2020-05-10T00:58:05.799+0200][22732.025s] GC(56)   Pre Evacuate Collection Set: 0.0ms
[2020-05-10T00:58:05.799+0200][22732.025s] GC(56)   Evacuate Collection Set: 1.4ms
[2020-05-10T00:58:05.799+0200][22732.025s] GC(56)   Post Evacuate Collection Set: 0.5ms
[2020-05-10T00:58:05.799+0200][22732.025s] GC(56)   Other: 0.2ms
[2020-05-10T00:58:05.799+0200][22732.025s] GC(56) Eden regions: 197->0(9)
[2020-05-10T00:58:05.799+0200][22732.025s] GC(56) Survivor regions: 24->16(28)
[2020-05-10T00:58:05.799+0200][22732.025s] GC(56) Old regions: 122->122
[2020-05-10T00:58:05.799+0200][22732.025s] GC(56) Humongous regions: 20->12
[2020-05-10T00:58:05.799+0200][22732.025s] GC(56) Metaspace: 58014K->58014K(1101824K)
[2020-05-10T00:58:05.799+0200][22732.025s] GC(56) Pause Young (Prepare Mixed) (G1 Evacuation Pause) 361M->148M(512M) 2.146ms
[2020-05-10T00:58:05.799+0200][22732.025s] GC(56) User=0.00s Sys=0.00s Real=0.00s
[2020-05-10T00:58:05.882+0200][22732.108s] GC(57) Pause Young (Mixed) (G1 Evacuation Pause)
[2020-05-10T00:58:05.882+0200][22732.108s] GC(57) Using 10 workers of 10 for evacuation
[2020-05-10T00:58:05.884+0200][22732.110s] GC(57)   Pre Evacuate Collection Set: 0.0ms
[2020-05-10T00:58:05.884+0200][22732.110s] GC(57)   Evacuate Collection Set: 1.5ms
[2020-05-10T00:58:05.884+0200][22732.110s] GC(57)   Post Evacuate Collection Set: 0.4ms
[2020-05-10T00:58:05.884+0200][22732.110s] GC(57)   Other: 0.1ms
[2020-05-10T00:58:05.884+0200][22732.110s] GC(57) Eden regions: 9->0(21)
[2020-05-10T00:58:05.884+0200][22732.111s] GC(57) Survivor regions: 16->4(4)
[2020-05-10T00:58:05.884+0200][22732.111s] GC(57) Old regions: 122->83
[2020-05-10T00:58:05.884+0200][22732.111s] GC(57) Humongous regions: 12->12
[2020-05-10T00:58:05.884+0200][22732.111s] GC(57) Metaspace: 58014K->58014K(1101824K)
[2020-05-10T00:58:05.884+0200][22732.111s] GC(57) Pause Young (Mixed) (G1 Evacuation Pause) 157M->98M(512M) 2.168ms
[2020-05-10T00:58:05.884+0200][22732.111s] GC(57) User=0.00s Sys=0.00s Real=0.00s
[2020-05-10T00:58:06.116+0200][22732.343s] GC(58) Pause Young (Mixed) (G1 Evacuation Pause)
[2020-05-10T00:58:06.116+0200][22732.343s] GC(58) Using 10 workers of 10 for evacuation
[2020-05-10T00:58:06.118+0200][22732.344s] GC(58)   Pre Evacuate Collection Set: 0.0ms
[2020-05-10T00:58:06.118+0200][22732.344s] GC(58)   Evacuate Collection Set: 0.8ms
[2020-05-10T00:58:06.118+0200][22732.344s] GC(58)   Post Evacuate Collection Set: 0.4ms
[2020-05-10T00:58:06.118+0200][22732.344s] GC(58)   Other: 0.1ms
[2020-05-10T00:58:06.118+0200][22732.344s] GC(58) Eden regions: 21->0(253)
[2020-05-10T00:58:06.118+0200][22732.344s] GC(58) Survivor regions: 4->4(4)
[2020-05-10T00:58:06.118+0200][22732.344s] GC(58) Old regions: 83->84
[2020-05-10T00:58:06.118+0200][22732.344s] GC(58) Humongous regions: 12->12
[2020-05-10T00:58:06.118+0200][22732.344s] GC(58) Metaspace: 58014K->58014K(1101824K)
[2020-05-10T00:58:06.118+0200][22732.344s] GC(58) Pause Young (Mixed) (G1 Evacuation Pause) 119M->99M(512M) 1.509ms
[2020-05-10T00:58:06.118+0200][22732.344s] GC(58) User=0.00s Sys=0.00s Real=0.00s
[2020-05-10T00:58:11.653+0200][22737.879s] GC(59) Pause Young (Normal) (G1 Evacuation Pause)
[2020-05-10T00:58:11.653+0200][22737.879s] GC(59) Using 10 workers of 10 for evacuation
[2020-05-10T00:58:11.657+0200][22737.883s] GC(59) To-space exhausted
[2020-05-10T00:58:11.657+0200][22737.883s] GC(59)   Pre Evacuate Collection Set: 0.0ms
[2020-05-10T00:58:11.657+0200][22737.883s] GC(59)   Evacuate Collection Set: 3.0ms
[2020-05-10T00:58:11.657+0200][22737.883s] GC(59)   Post Evacuate Collection Set: 1.1ms
[2020-05-10T00:58:11.657+0200][22737.883s] GC(59)   Other: 0.2ms
[2020-05-10T00:58:11.657+0200][22737.883s] GC(59) Eden regions: 253->0(181)
[2020-05-10T00:58:11.657+0200][22737.883s] GC(59) Survivor regions: 4->33(33)
[2020-05-10T00:58:11.657+0200][22737.883s] GC(59) Old regions: 84->142
[2020-05-10T00:58:11.657+0200][22737.883s] GC(59) Humongous regions: 135->44
[2020-05-10T00:58:11.657+0200][22737.883s] GC(59) Metaspace: 58014K->58014K(1101824K)
[2020-05-10T00:58:11.657+0200][22737.883s] GC(59) Pause Young (Normal) (G1 Evacuation Pause) 475M->219M(512M) 4.386ms
[2020-05-10T00:58:11.657+0200][22737.883s] GC(59) User=0.00s Sys=0.00s Real=0.00s
[2020-05-10T00:58:11.692+0200][22737.918s] GC(60) Pause Young (Concurrent Start) (G1 Humongous Allocation)
[2020-05-10T00:58:11.692+0200][22737.918s] GC(60) Using 10 workers of 10 for evacuation
[2020-05-10T00:58:11.697+0200][22737.923s] GC(60)   Pre Evacuate Collection Set: 0.1ms
[2020-05-10T00:58:11.697+0200][22737.923s] GC(60)   Evacuate Collection Set: 3.9ms
[2020-05-10T00:58:11.697+0200][22737.923s] GC(60)   Post Evacuate Collection Set: 0.5ms
[2020-05-10T00:58:11.697+0200][22737.923s] GC(60)   Other: 0.1ms
[2020-05-10T00:58:11.697+0200][22737.923s] GC(60) Eden regions: 2->0(109)
[2020-05-10T00:58:11.697+0200][22737.923s] GC(60) Survivor regions: 33->1(27)
[2020-05-10T00:58:11.697+0200][22737.923s] GC(60) Old regions: 142->176
[2020-05-10T00:58:11.697+0200][22737.923s] GC(60) Humongous regions: 44->44
[2020-05-10T00:58:11.697+0200][22737.923s] GC(60) Metaspace: 58014K->58014K(1101824K)
[2020-05-10T00:58:11.697+0200][22737.923s] GC(60) Pause Young (Concurrent Start) (G1 Humongous Allocation) 221M->219M(512M) 4.717ms
[2020-05-10T00:58:11.697+0200][22737.923s] GC(60) User=0.00s Sys=0.00s Real=0.01s
[2020-05-10T00:58:11.697+0200][22737.923s] GC(61) Concurrent Cycle
[2020-05-10T00:58:11.697+0200][22737.923s] GC(61) Concurrent Clear Claimed Marks
[2020-05-10T00:58:11.697+0200][22737.923s] GC(61) Concurrent Clear Claimed Marks 0.062ms
[2020-05-10T00:58:11.697+0200][22737.923s] GC(61) Concurrent Scan Root Regions
[2020-05-10T00:58:11.697+0200][22737.923s] GC(61) Concurrent Scan Root Regions 0.416ms
[2020-05-10T00:58:11.697+0200][22737.923s] GC(61) Concurrent Mark (22737.923s)
[2020-05-10T00:58:11.697+0200][22737.923s] GC(61) Concurrent Mark From Roots
[2020-05-10T00:58:11.697+0200][22737.923s] GC(61) Using 3 workers of 3 for marking
[2020-05-10T00:58:11.714+0200][22737.940s] GC(61) Concurrent Mark From Roots 17.026ms
[2020-05-10T00:58:11.714+0200][22737.941s] GC(61) Concurrent Preclean
[2020-05-10T00:58:11.715+0200][22737.941s] GC(61) Concurrent Preclean 0.208ms
[2020-05-10T00:58:11.715+0200][22737.941s] GC(61) Concurrent Mark (22737.923s, 22737.941s) 17.345ms
[2020-05-10T00:58:11.715+0200][22737.941s] GC(61) Pause Remark
[2020-05-10T00:58:11.717+0200][22737.944s] GC(61) Cleaned string and symbol table, strings: 27197 processed, 0 removed, symbols: 164803 processed, 0 removed
[2020-05-10T00:58:11.718+0200][22737.944s] GC(61) Pause Remark 224M->222M(512M) 2.887ms
[2020-05-10T00:58:11.718+0200][22737.944s] GC(61) User=0.00s Sys=0.00s Real=0.00s
[2020-05-10T00:58:11.718+0200][22737.944s] GC(61) Concurrent Rebuild Remembered Sets
[2020-05-10T00:58:11.732+0200][22737.959s] GC(61) Concurrent Rebuild Remembered Sets 14.526ms
[2020-05-10T00:58:11.733+0200][22737.959s] GC(61) Pause Cleanup
[2020-05-10T00:58:11.733+0200][22737.959s] GC(61) Pause Cleanup 222M->222M(512M) 0.184ms
[2020-05-10T00:58:11.733+0200][22737.959s] GC(61) User=0.00s Sys=0.00s Real=0.00s
[2020-05-10T00:58:11.733+0200][22737.959s] GC(61) Concurrent Cleanup for Next Mark
[2020-05-10T00:58:11.733+0200][22737.959s] GC(61) Concurrent Cleanup for Next Mark 0.241ms
[2020-05-10T00:58:11.733+0200][22737.959s] GC(61) Concurrent Cycle 36.473ms
[2020-05-10T00:58:13.879+0200][22740.106s] GC(62) Pause Young (Prepare Mixed) (G1 Evacuation Pause)
[2020-05-10T00:58:13.879+0200][22740.106s] GC(62) Using 10 workers of 10 for evacuation
[2020-05-10T00:58:13.882+0200][22740.108s] GC(62)   Pre Evacuate Collection Set: 0.0ms
[2020-05-10T00:58:13.882+0200][22740.108s] GC(62)   Evacuate Collection Set: 1.7ms
[2020-05-10T00:58:13.882+0200][22740.108s] GC(62)   Post Evacuate Collection Set: 0.4ms
[2020-05-10T00:58:13.882+0200][22740.108s] GC(62)   Other: 0.1ms
[2020-05-10T00:58:13.882+0200][22740.108s] GC(62) Eden regions: 109->0(11)
[2020-05-10T00:58:13.882+0200][22740.108s] GC(62) Survivor regions: 1->14(14)
[2020-05-10T00:58:13.882+0200][22740.108s] GC(62) Old regions: 175->178
[2020-05-10T00:58:13.882+0200][22740.108s] GC(62) Humongous regions: 124->80
[2020-05-10T00:58:13.882+0200][22740.108s] GC(62) Metaspace: 58015K->58015K(1101824K)
[2020-05-10T00:58:13.882+0200][22740.108s] GC(62) Pause Young (Prepare Mixed) (G1 Evacuation Pause) 407M->271M(512M) 2.396ms
[2020-05-10T00:58:13.882+0200][22740.108s] GC(62) User=0.00s Sys=0.00s Real=0.00s
[2020-05-10T00:58:14.067+0200][22740.293s] GC(63) Pause Young (Mixed) (G1 Evacuation Pause)
[2020-05-10T00:58:14.067+0200][22740.293s] GC(63) Using 10 workers of 10 for evacuation
[2020-05-10T00:58:14.069+0200][22740.295s] GC(63)   Pre Evacuate Collection Set: 0.0ms
[2020-05-10T00:58:14.069+0200][22740.295s] GC(63)   Evacuate Collection Set: 1.5ms
[2020-05-10T00:58:14.069+0200][22740.295s] GC(63)   Post Evacuate Collection Set: 0.4ms
[2020-05-10T00:58:14.069+0200][22740.295s] GC(63)   Other: 0.1ms
[2020-05-10T00:58:14.069+0200][22740.296s] GC(63) Eden regions: 11->0(22)
[2020-05-10T00:58:14.069+0200][22740.296s] GC(63) Survivor regions: 14->3(4)
[2020-05-10T00:58:14.069+0200][22740.296s] GC(63) Old regions: 178->141
[2020-05-10T00:58:14.069+0200][22740.296s] GC(63) Humongous regions: 108->94
[2020-05-10T00:58:14.069+0200][22740.296s] GC(63) Metaspace: 58015K->58015K(1101824K)
[2020-05-10T00:58:14.069+0200][22740.296s] GC(63) Pause Young (Mixed) (G1 Evacuation Pause) 310M->236M(512M) 2.161ms
[2020-05-10T00:58:14.069+0200][22740.296s] GC(63) User=0.00s Sys=0.00s Real=0.00s
[2020-05-10T00:58:14.690+0200][22740.917s] GC(64) Pause Young (Mixed) (G1 Evacuation Pause)
[2020-05-10T00:58:14.690+0200][22740.917s] GC(64) Using 10 workers of 10 for evacuation
[2020-05-10T00:58:14.692+0200][22740.918s] GC(64)   Pre Evacuate Collection Set: 0.0ms
[2020-05-10T00:58:14.692+0200][22740.918s] GC(64)   Evacuate Collection Set: 0.9ms
[2020-05-10T00:58:14.692+0200][22740.918s] GC(64)   Post Evacuate Collection Set: 0.4ms
[2020-05-10T00:58:14.692+0200][22740.918s] GC(64)   Other: 0.1ms
[2020-05-10T00:58:14.692+0200][22740.918s] GC(64) Eden regions: 22->0(116)
[2020-05-10T00:58:14.692+0200][22740.918s] GC(64) Survivor regions: 3->4(4)
[2020-05-10T00:58:14.692+0200][22740.918s] GC(64) Old regions: 141->133
[2020-05-10T00:58:14.692+0200][22740.918s] GC(64) Humongous regions: 98->96
[2020-05-10T00:58:14.692+0200][22740.918s] GC(64) Metaspace: 58020K->58020K(1101824K)
[2020-05-10T00:58:14.692+0200][22740.918s] GC(64) Pause Young (Mixed) (G1 Evacuation Pause) 262M->232M(512M) 1.558ms
[2020-05-10T00:58:14.692+0200][22740.918s] GC(64) User=0.00s Sys=0.00s Real=0.00s
[2020-05-10T00:58:15.775+0200][22742.002s] GC(65) Pause Young (Normal) (G1 Evacuation Pause)
[2020-05-10T00:58:15.775+0200][22742.002s] GC(65) Using 10 workers of 10 for evacuation
[2020-05-10T00:58:15.778+0200][22742.004s] GC(65)   Pre Evacuate Collection Set: 0.0ms
[2020-05-10T00:58:15.778+0200][22742.004s] GC(65)   Evacuate Collection Set: 0.7ms
[2020-05-10T00:58:15.778+0200][22742.004s] GC(65)   Post Evacuate Collection Set: 0.5ms
[2020-05-10T00:58:15.778+0200][22742.004s] GC(65)   Other: 0.1ms
[2020-05-10T00:58:15.778+0200][22742.004s] GC(65) Eden regions: 116->0(127)
[2020-05-10T00:58:15.778+0200][22742.004s] GC(65) Survivor regions: 4->7(15)
[2020-05-10T00:58:15.778+0200][22742.004s] GC(65) Old regions: 133->133
[2020-05-10T00:58:15.778+0200][22742.004s] GC(65) Humongous regions: 112->96
[2020-05-10T00:58:15.778+0200][22742.004s] GC(65) Metaspace: 58035K->58035K(1101824K)
[2020-05-10T00:58:15.778+0200][22742.004s] GC(65) Pause Young (Normal) (G1 Evacuation Pause) 364M->235M(512M) 1.453ms
[2020-05-10T00:58:15.778+0200][22742.004s] GC(65) User=0.14s Sys=0.00s Real=0.00s
[2020-05-10T00:58:16.435+0200][22742.662s] GC(66) Pause Young (Normal) (G1 Evacuation Pause)
[2020-05-10T00:58:16.435+0200][22742.662s] GC(66) Using 10 workers of 10 for evacuation
[2020-05-10T00:58:16.436+0200][22742.663s] GC(66)   Pre Evacuate Collection Set: 0.0ms
[2020-05-10T00:58:16.436+0200][22742.663s] GC(66)   Evacuate Collection Set: 0.7ms
[2020-05-10T00:58:16.436+0200][22742.663s] GC(66)   Post Evacuate Collection Set: 0.4ms
[2020-05-10T00:58:16.436+0200][22742.663s] GC(66)   Other: 0.1ms
[2020-05-10T00:58:16.436+0200][22742.663s] GC(66) Eden regions: 127->0(136)
[2020-05-10T00:58:16.436+0200][22742.663s] GC(66) Survivor regions: 7->7(17)
[2020-05-10T00:58:16.436+0200][22742.663s] GC(66) Old regions: 133->133
[2020-05-10T00:58:16.436+0200][22742.663s] GC(66) Humongous regions: 96->96
[2020-05-10T00:58:16.436+0200][22742.663s] GC(66) Metaspace: 58035K->58035K(1101824K)
[2020-05-10T00:58:16.436+0200][22742.663s] GC(66) Pause Young (Normal) (G1 Evacuation Pause) 362M->235M(512M) 1.399ms
[2020-05-10T00:58:16.436+0200][22742.663s] GC(66) User=0.00s Sys=0.00s Real=0.00s
[2020-05-10T00:58:17.146+0200][22743.372s] GC(67) Pause Young (Normal) (G1 Evacuation Pause)
[2020-05-10T00:58:17.146+0200][22743.372s] GC(67) Using 10 workers of 10 for evacuation
[2020-05-10T00:58:17.147+0200][22743.373s] GC(67)   Pre Evacuate Collection Set: 0.0ms
[2020-05-10T00:58:17.147+0200][22743.373s] GC(67)   Evacuate Collection Set: 0.7ms
[2020-05-10T00:58:17.147+0200][22743.373s] GC(67)   Post Evacuate Collection Set: 0.4ms
[2020-05-10T00:58:17.147+0200][22743.373s] GC(67)   Other: 0.1ms
[2020-05-10T00:58:17.147+0200][22743.373s] GC(67) Eden regions: 136->0(144)
[2020-05-10T00:58:17.147+0200][22743.373s] GC(67) Survivor regions: 7->7(18)
[2020-05-10T00:58:17.147+0200][22743.373s] GC(67) Old regions: 133->133
[2020-05-10T00:58:17.147+0200][22743.373s] GC(67) Humongous regions: 96->96
[2020-05-10T00:58:17.147+0200][22743.373s] GC(67) Metaspace: 58035K->58035K(1101824K)
[2020-05-10T00:58:17.147+0200][22743.373s] GC(67) Pause Young (Normal) (G1 Evacuation Pause) 371M->235M(512M) 1.426ms
[2020-05-10T00:58:17.147+0200][22743.373s] GC(67) User=0.00s Sys=0.00s Real=0.00s
[2020-05-10T00:58:17.859+0200][22744.085s] GC(68) Pause Young (Normal) (G1 Evacuation Pause)
[2020-05-10T00:58:17.859+0200][22744.086s] GC(68) Using 10 workers of 10 for evacuation
[2020-05-10T00:58:17.860+0200][22744.087s] GC(68)   Pre Evacuate Collection Set: 0.0ms
[2020-05-10T00:58:17.860+0200][22744.087s] GC(68)   Evacuate Collection Set: 0.7ms
[2020-05-10T00:58:17.860+0200][22744.087s] GC(68)   Post Evacuate Collection Set: 0.4ms
[2020-05-10T00:58:17.860+0200][22744.087s] GC(68)   Other: 0.1ms
[2020-05-10T00:58:17.860+0200][22744.087s] GC(68) Eden regions: 144->0(151)
[2020-05-10T00:58:17.860+0200][22744.087s] GC(68) Survivor regions: 7->7(19)
[2020-05-10T00:58:17.860+0200][22744.087s] GC(68) Old regions: 133->133
[2020-05-10T00:58:17.860+0200][22744.087s] GC(68) Humongous regions: 96->96
[2020-05-10T00:58:17.860+0200][22744.087s] GC(68) Metaspace: 58035K->58035K(1101824K)
[2020-05-10T00:58:17.860+0200][22744.087s] GC(68) Pause Young (Normal) (G1 Evacuation Pause) 379M->235M(512M) 1.274ms
[2020-05-10T00:58:17.860+0200][22744.087s] GC(68) User=0.00s Sys=0.00s Real=0.00s
[2020-05-10T00:58:18.214+0200][22744.441s] GC(69) Pause Young (Concurrent Start) (G1 Evacuation Pause)
[2020-05-10T00:58:18.214+0200][22744.441s] GC(69) Using 10 workers of 10 for evacuation
[2020-05-10T00:58:18.216+0200][22744.442s] GC(69)   Pre Evacuate Collection Set: 0.1ms
[2020-05-10T00:58:18.216+0200][22744.442s] GC(69)   Evacuate Collection Set: 0.9ms
[2020-05-10T00:58:18.216+0200][22744.442s] GC(69)   Post Evacuate Collection Set: 0.4ms
[2020-05-10T00:58:18.216+0200][22744.442s] GC(69)   Other: 0.1ms
[2020-05-10T00:58:18.216+0200][22744.442s] GC(69) Eden regions: 151->0(157)
[2020-05-10T00:58:18.216+0200][22744.442s] GC(69) Survivor regions: 7->7(20)
[2020-05-10T00:58:18.216+0200][22744.442s] GC(69) Old regions: 133->133
[2020-05-10T00:58:18.216+0200][22744.442s] GC(69) Humongous regions: 96->96
[2020-05-10T00:58:18.216+0200][22744.442s] GC(69) Metaspace: 58035K->58035K(1101824K)
[2020-05-10T00:58:18.216+0200][22744.442s] GC(69) Pause Young (Concurrent Start) (G1 Evacuation Pause) 386M->235M(512M) 1.571ms
[2020-05-10T00:58:18.216+0200][22744.442s] GC(69) User=0.16s Sys=0.00s Real=0.00s
[2020-05-10T00:58:18.216+0200][22744.442s] GC(70) Concurrent Cycle
[2020-05-10T00:58:18.216+0200][22744.442s] GC(70) Concurrent Clear Claimed Marks
[2020-05-10T00:58:18.216+0200][22744.442s] GC(70) Concurrent Clear Claimed Marks 0.024ms
[2020-05-10T00:58:18.216+0200][22744.442s] GC(70) Concurrent Scan Root Regions
[2020-05-10T00:58:18.216+0200][22744.443s] GC(70) Concurrent Scan Root Regions 0.361ms
[2020-05-10T00:58:18.216+0200][22744.443s] GC(70) Concurrent Mark (22744.443s)
[2020-05-10T00:58:18.217+0200][22744.443s] GC(70) Concurrent Mark From Roots
[2020-05-10T00:58:18.217+0200][22744.443s] GC(70) Using 3 workers of 3 for marking
[2020-05-10T00:58:18.234+0200][22744.461s] GC(70) Concurrent Mark From Roots 17.808ms
[2020-05-10T00:58:18.234+0200][22744.461s] GC(70) Concurrent Preclean
[2020-05-10T00:58:18.234+0200][22744.461s] GC(70) Concurrent Preclean 0.235ms
[2020-05-10T00:58:18.234+0200][22744.461s] GC(70) Concurrent Mark (22744.443s, 22744.461s) 18.106ms
[2020-05-10T00:58:18.235+0200][22744.461s] GC(70) Pause Remark
[2020-05-10T00:58:18.237+0200][22744.464s] GC(70) Cleaned string and symbol table, strings: 27207 processed, 0 removed, symbols: 164803 processed, 0 removed
[2020-05-10T00:58:18.237+0200][22744.464s] GC(70) Pause Remark 242M->193M(512M) 2.800ms
[2020-05-10T00:58:18.238+0200][22744.464s] GC(70) User=0.00s Sys=0.00s Real=0.00s
[2020-05-10T00:58:18.238+0200][22744.464s] GC(70) Concurrent Rebuild Remembered Sets
[2020-05-10T00:58:18.247+0200][22744.473s] GC(70) Concurrent Rebuild Remembered Sets 9.204ms
[2020-05-10T00:58:18.247+0200][22744.473s] GC(70) Pause Cleanup
[2020-05-10T00:58:18.247+0200][22744.474s] GC(70) Pause Cleanup 196M->196M(512M) 0.126ms
[2020-05-10T00:58:18.247+0200][22744.474s] GC(70) User=0.00s Sys=0.00s Real=0.00s
[2020-05-10T00:58:18.247+0200][22744.474s] GC(70) Concurrent Cleanup for Next Mark
[2020-05-10T00:58:18.247+0200][22744.474s] GC(70) Concurrent Cleanup for Next Mark 0.197ms
[2020-05-10T00:58:18.247+0200][22744.474s] GC(70) Concurrent Cycle 31.478ms
[2020-05-10T00:58:18.596+0200][22744.822s] GC(71) Pause Young (Prepare Mixed) (G1 Evacuation Pause)
[2020-05-10T00:58:18.596+0200][22744.822s] GC(71) Using 10 workers of 10 for evacuation
[2020-05-10T00:58:18.597+0200][22744.824s] GC(71)   Pre Evacuate Collection Set: 0.0ms
[2020-05-10T00:58:18.597+0200][22744.824s] GC(71)   Evacuate Collection Set: 0.7ms
[2020-05-10T00:58:18.598+0200][22744.824s] GC(71)   Post Evacuate Collection Set: 0.5ms
[2020-05-10T00:58:18.598+0200][22744.824s] GC(71)   Other: 0.1ms
[2020-05-10T00:58:18.598+0200][22744.824s] GC(71) Eden regions: 157->0(18)
[2020-05-10T00:58:18.598+0200][22744.824s] GC(71) Survivor regions: 7->7(21)
[2020-05-10T00:58:18.598+0200][22744.824s] GC(71) Old regions: 133->133
[2020-05-10T00:58:18.598+0200][22744.824s] GC(71) Humongous regions: 47->47
[2020-05-10T00:58:18.598+0200][22744.824s] GC(71) Metaspace: 58035K->58035K(1101824K)
[2020-05-10T00:58:18.598+0200][22744.824s] GC(71) Pause Young (Prepare Mixed) (G1 Evacuation Pause) 343M->186M(512M) 1.562ms
[2020-05-10T00:58:18.598+0200][22744.824s] GC(71) User=0.00s Sys=0.00s Real=0.00s
[2020-05-10T00:58:18.656+0200][22744.883s] GC(72) Pause Young (Mixed) (G1 Evacuation Pause)
[2020-05-10T00:58:18.656+0200][22744.883s] GC(72) Using 10 workers of 10 for evacuation
[2020-05-10T00:58:18.658+0200][22744.884s] GC(72)   Pre Evacuate Collection Set: 0.0ms
[2020-05-10T00:58:18.658+0200][22744.884s] GC(72)   Evacuate Collection Set: 0.7ms
[2020-05-10T00:58:18.658+0200][22744.884s] GC(72)   Post Evacuate Collection Set: 0.4ms
[2020-05-10T00:58:18.658+0200][22744.884s] GC(72)   Other: 0.1ms
[2020-05-10T00:58:18.658+0200][22744.884s] GC(72) Eden regions: 18->0(183)
[2020-05-10T00:58:18.658+0200][22744.884s] GC(72) Survivor regions: 7->1(4)
[2020-05-10T00:58:18.658+0200][22744.884s] GC(72) Old regions: 133->137
[2020-05-10T00:58:18.658+0200][22744.884s] GC(72) Humongous regions: 47->47
[2020-05-10T00:58:18.658+0200][22744.884s] GC(72) Metaspace: 58044K->58044K(1101824K)
[2020-05-10T00:58:18.658+0200][22744.884s] GC(72) Pause Young (Mixed) (G1 Evacuation Pause) 204M->183M(512M) 1.371ms
[2020-05-10T00:58:18.658+0200][22744.884s] GC(72) User=0.00s Sys=0.00s Real=0.00s
[2020-05-10T00:58:19.734+0200][22745.960s] GC(73) Pause Young (Normal) (G1 Evacuation Pause)
[2020-05-10T00:58:19.734+0200][22745.960s] GC(73) Using 10 workers of 10 for evacuation
[2020-05-10T00:58:19.737+0200][22745.963s] GC(73)   Pre Evacuate Collection Set: 0.0ms
[2020-05-10T00:58:19.737+0200][22745.964s] GC(73)   Evacuate Collection Set: 2.7ms
[2020-05-10T00:58:19.737+0200][22745.964s] GC(73)   Post Evacuate Collection Set: 0.5ms
[2020-05-10T00:58:19.737+0200][22745.964s] GC(73)   Other: 0.1ms
[2020-05-10T00:58:19.737+0200][22745.964s] GC(73) Eden regions: 183->0(174)
[2020-05-10T00:58:19.737+0200][22745.964s] GC(73) Survivor regions: 1->22(23)
[2020-05-10T00:58:19.737+0200][22745.964s] GC(73) Old regions: 137->137
[2020-05-10T00:58:19.737+0200][22745.964s] GC(73) Humongous regions: 53->51
[2020-05-10T00:58:19.737+0200][22745.964s] GC(73) Metaspace: 58047K->58047K(1101824K)
[2020-05-10T00:58:19.737+0200][22745.964s] GC(73) Pause Young (Normal) (G1 Evacuation Pause) 372M->208M(512M) 3.412ms
[2020-05-10T00:58:19.737+0200][22745.964s] GC(73) User=0.00s Sys=0.00s Real=0.00s
[2020-05-10T00:58:19.969+0200][22746.195s] GC(74) Pause Young (Normal) (G1 Evacuation Pause)
[2020-05-10T00:58:19.969+0200][22746.195s] GC(74) Using 10 workers of 10 for evacuation
[2020-05-10T00:58:19.972+0200][22746.198s] GC(74)   Pre Evacuate Collection Set: 0.0ms
[2020-05-10T00:58:19.972+0200][22746.198s] GC(74)   Evacuate Collection Set: 2.2ms
[2020-05-10T00:58:19.972+0200][22746.198s] GC(74)   Post Evacuate Collection Set: 0.3ms
[2020-05-10T00:58:19.972+0200][22746.198s] GC(74)   Other: 0.1ms
[2020-05-10T00:58:19.972+0200][22746.198s] GC(74) Eden regions: 174->0(179)
[2020-05-10T00:58:19.972+0200][22746.198s] GC(74) Survivor regions: 22->7(25)
[2020-05-10T00:58:19.972+0200][22746.198s] GC(74) Old regions: 137->156
[2020-05-10T00:58:19.972+0200][22746.198s] GC(74) Humongous regions: 51->51
[2020-05-10T00:58:19.972+0200][22746.198s] GC(74) Metaspace: 58048K->58048K(1101824K)
[2020-05-10T00:58:19.972+0200][22746.198s] GC(74) Pause Young (Normal) (G1 Evacuation Pause) 382M->212M(512M) 2.847ms
[2020-05-10T00:58:19.972+0200][22746.198s] GC(74) User=0.00s Sys=0.00s Real=0.00s
[2020-05-10T00:58:20.042+0200][22746.268s] GC(75) Pause Young (Concurrent Start) (G1 Humongous Allocation)
[2020-05-10T00:58:20.042+0200][22746.268s] GC(75) Using 10 workers of 10 for evacuation
[2020-05-10T00:58:20.042+0200][22746.269s] GC(75)   Pre Evacuate Collection Set: 0.1ms
[2020-05-10T00:58:20.043+0200][22746.269s] GC(75)   Evacuate Collection Set: 0.9ms
[2020-05-10T00:58:20.043+0200][22746.269s] GC(75)   Post Evacuate Collection Set: 0.3ms
[2020-05-10T00:58:20.043+0200][22746.269s] GC(75)   Other: 0.1ms
[2020-05-10T00:58:20.043+0200][22746.269s] GC(75) Eden regions: 20->0(163)
[2020-05-10T00:58:20.043+0200][22746.269s] GC(75) Survivor regions: 7->7(24)
[2020-05-10T00:58:20.043+0200][22746.269s] GC(75) Old regions: 156->156
[2020-05-10T00:58:20.043+0200][22746.269s] GC(75) Humongous regions: 51->51
[2020-05-10T00:58:20.043+0200][22746.269s] GC(75) Metaspace: 58049K->58049K(1101824K)
[2020-05-10T00:58:20.043+0200][22746.269s] GC(75) Pause Young (Concurrent Start) (G1 Humongous Allocation) 232M->213M(512M) 1.516ms
[2020-05-10T00:58:20.043+0200][22746.269s] GC(75) User=0.00s Sys=0.02s Real=0.00s
[2020-05-10T00:58:20.043+0200][22746.269s] GC(76) Concurrent Cycle
[2020-05-10T00:58:20.043+0200][22746.269s] GC(76) Concurrent Clear Claimed Marks
[2020-05-10T00:58:20.043+0200][22746.269s] GC(76) Concurrent Clear Claimed Marks 0.024ms
[2020-05-10T00:58:20.043+0200][22746.269s] GC(76) Concurrent Scan Root Regions
[2020-05-10T00:58:20.044+0200][22746.270s] GC(76) Concurrent Scan Root Regions 0.487ms
[2020-05-10T00:58:20.044+0200][22746.270s] GC(76) Concurrent Mark (22746.270s)
[2020-05-10T00:58:20.044+0200][22746.270s] GC(76) Concurrent Mark From Roots
[2020-05-10T00:58:20.044+0200][22746.270s] GC(76) Using 3 workers of 3 for marking
[2020-05-10T00:58:20.061+0200][22746.287s] GC(76) Concurrent Mark From Roots 17.246ms
[2020-05-10T00:58:20.061+0200][22746.287s] GC(76) Concurrent Preclean
[2020-05-10T00:58:20.062+0200][22746.288s] GC(76) Concurrent Preclean 0.281ms
[2020-05-10T00:58:20.062+0200][22746.288s] GC(76) Concurrent Mark (22746.270s, 22746.288s) 17.590ms
[2020-05-10T00:58:20.062+0200][22746.288s] GC(76) Pause Remark
[2020-05-10T00:58:20.064+0200][22746.290s] GC(76) Cleaned string and symbol table, strings: 27216 processed, 0 removed, symbols: 164803 processed, 0 removed
[2020-05-10T00:58:20.064+0200][22746.291s] GC(76) Pause Remark 216M->142M(512M) 2.956ms
[2020-05-10T00:58:20.064+0200][22746.291s] GC(76) User=0.00s Sys=0.00s Real=0.00s
[2020-05-10T00:58:20.064+0200][22746.291s] GC(76) Concurrent Rebuild Remembered Sets
[2020-05-10T00:58:20.074+0200][22746.300s] GC(76) Concurrent Rebuild Remembered Sets 9.636ms
[2020-05-10T00:58:20.075+0200][22746.301s] GC(76) Pause Cleanup
[2020-05-10T00:58:20.075+0200][22746.301s] GC(76) Pause Cleanup 144M->144M(512M) 0.130ms
[2020-05-10T00:58:20.075+0200][22746.301s] GC(76) User=0.00s Sys=0.00s Real=0.00s
[2020-05-10T00:58:20.075+0200][22746.301s] GC(76) Concurrent Cleanup for Next Mark
[2020-05-10T00:58:20.075+0200][22746.301s] GC(76) Concurrent Cleanup for Next Mark 0.226ms
[2020-05-10T00:58:20.075+0200][22746.301s] GC(76) Concurrent Cycle 31.727ms
[2020-05-10T00:58:21.155+0200][22747.381s] GC(77) Pause Young (Prepare Mixed) (G1 Evacuation Pause)
[2020-05-10T00:58:21.155+0200][22747.381s] GC(77) Using 10 workers of 10 for evacuation
[2020-05-10T00:58:21.157+0200][22747.383s] GC(77)   Pre Evacuate Collection Set: 0.0ms
[2020-05-10T00:58:21.157+0200][22747.383s] GC(77)   Evacuate Collection Set: 1.7ms
[2020-05-10T00:58:21.157+0200][22747.383s] GC(77)   Post Evacuate Collection Set: 0.5ms
[2020-05-10T00:58:21.157+0200][22747.383s] GC(77)   Other: 0.1ms
[2020-05-10T00:58:21.157+0200][22747.383s] GC(77) Eden regions: 163->0(5)
[2020-05-10T00:58:21.157+0200][22747.383s] GC(77) Survivor regions: 7->20(22)
[2020-05-10T00:58:21.157+0200][22747.383s] GC(77) Old regions: 122->122
[2020-05-10T00:58:21.157+0200][22747.383s] GC(77) Humongous regions: 21->18
[2020-05-10T00:58:21.157+0200][22747.383s] GC(77) Metaspace: 58068K->58068K(1101824K)
[2020-05-10T00:58:21.157+0200][22747.383s] GC(77) Pause Young (Prepare Mixed) (G1 Evacuation Pause) 312M->158M(512M) 2.433ms
[2020-05-10T00:58:21.157+0200][22747.383s] GC(77) User=0.00s Sys=0.00s Real=0.00s
[2020-05-10T00:58:21.226+0200][22747.453s] GC(78) Pause Young (Mixed) (G1 Evacuation Pause)
[2020-05-10T00:58:21.226+0200][22747.453s] GC(78) Using 10 workers of 10 for evacuation
[2020-05-10T00:58:21.229+0200][22747.455s] GC(78)   Pre Evacuate Collection Set: 0.0ms
[2020-05-10T00:58:21.229+0200][22747.455s] GC(78)   Evacuate Collection Set: 2.0ms
[2020-05-10T00:58:21.229+0200][22747.455s] GC(78)   Post Evacuate Collection Set: 0.5ms
[2020-05-10T00:58:21.229+0200][22747.455s] GC(78)   Other: 0.2ms
[2020-05-10T00:58:21.229+0200][22747.455s] GC(78) Eden regions: 5->0(207)
[2020-05-10T00:58:21.229+0200][22747.455s] GC(78) Survivor regions: 20->4(4)
[2020-05-10T00:58:21.229+0200][22747.455s] GC(78) Old regions: 122->99
[2020-05-10T00:58:21.229+0200][22747.455s] GC(78) Humongous regions: 20->18
[2020-05-10T00:58:21.229+0200][22747.455s] GC(78) Metaspace: 58068K->58068K(1101824K)
[2020-05-10T00:58:21.230+0200][22747.455s] GC(78) Pause Young (Mixed) (G1 Evacuation Pause) 165M->120M(512M) 2.891ms
[2020-05-10T00:58:21.230+0200][22747.455s] GC(78) User=0.00s Sys=0.00s Real=0.00s
[2020-05-10T00:58:23.230+0200][22749.456s] GC(79) Pause Young (Normal) (G1 Evacuation Pause)
[2020-05-10T00:58:23.230+0200][22749.456s] GC(79) Using 10 workers of 10 for evacuation
[2020-05-10T00:58:23.233+0200][22749.459s] GC(79)   Pre Evacuate Collection Set: 0.0ms
[2020-05-10T00:58:23.233+0200][22749.459s] GC(79)   Evacuate Collection Set: 1.9ms
[2020-05-10T00:58:23.233+0200][22749.459s] GC(79)   Post Evacuate Collection Set: 0.4ms
[2020-05-10T00:58:23.233+0200][22749.459s] GC(79)   Other: 0.2ms
[2020-05-10T00:58:23.233+0200][22749.459s] GC(79) Eden regions: 207->0(200)
[2020-05-10T00:58:23.233+0200][22749.459s] GC(79) Survivor regions: 4->19(27)
[2020-05-10T00:58:23.233+0200][22749.459s] GC(79) Old regions: 99->99
[2020-05-10T00:58:23.233+0200][22749.459s] GC(79) Humongous regions: 75->37
[2020-05-10T00:58:23.233+0200][22749.459s] GC(79) Metaspace: 58073K->58073K(1101824K)
[2020-05-10T00:58:23.233+0200][22749.459s] GC(79) Pause Young (Normal) (G1 Evacuation Pause) 384M->153M(512M) 2.605ms
[2020-05-10T00:58:23.233+0200][22749.459s] GC(79) User=0.09s Sys=0.02s Real=0.00s
[2020-05-10T00:58:23.838+0200][22750.064s] GC(80) Pause Young (Normal) (G1 Evacuation Pause)
[2020-05-10T00:58:23.838+0200][22750.064s] GC(80) Using 10 workers of 10 for evacuation
[2020-05-10T00:58:23.840+0200][22750.066s] GC(80)   Pre Evacuate Collection Set: 0.0ms
[2020-05-10T00:58:23.840+0200][22750.066s] GC(80)   Evacuate Collection Set: 1.4ms
[2020-05-10T00:58:23.840+0200][22750.066s] GC(80)   Post Evacuate Collection Set: 0.4ms
[2020-05-10T00:58:23.840+0200][22750.066s] GC(80)   Other: 0.1ms
[2020-05-10T00:58:23.840+0200][22750.066s] GC(80) Eden regions: 200->0(211)
[2020-05-10T00:58:23.840+0200][22750.066s] GC(80) Survivor regions: 19->1(28)
[2020-05-10T00:58:23.840+0200][22750.066s] GC(80) Old regions: 99->117
[2020-05-10T00:58:23.840+0200][22750.066s] GC(80) Humongous regions: 37->37
[2020-05-10T00:58:23.840+0200][22750.066s] GC(80) Metaspace: 58073K->58073K(1101824K)
[2020-05-10T00:58:23.840+0200][22750.066s] GC(80) Pause Young (Normal) (G1 Evacuation Pause) 353M->153M(512M) 2.127ms
[2020-05-10T00:58:23.840+0200][22750.066s] GC(80) User=0.00s Sys=0.02s Real=0.00s
[2020-05-10T02:54:35.363+0200][29721.589s] GC(81) Pause Young (Normal) (G1 Evacuation Pause)
[2020-05-10T02:54:35.363+0200][29721.589s] GC(81) Using 10 workers of 10 for evacuation
[2020-05-10T02:54:35.365+0200][29721.591s] GC(81)   Pre Evacuate Collection Set: 0.0ms
[2020-05-10T02:54:35.365+0200][29721.591s] GC(81)   Evacuate Collection Set: 0.7ms
[2020-05-10T02:54:35.365+0200][29721.591s] GC(81)   Post Evacuate Collection Set: 0.6ms
[2020-05-10T02:54:35.365+0200][29721.591s] GC(81)   Other: 0.2ms
[2020-05-10T02:54:35.365+0200][29721.591s] GC(81) Eden regions: 211->0(220)
[2020-05-10T02:54:35.365+0200][29721.591s] GC(81) Survivor regions: 1->2(27)
[2020-05-10T02:54:35.365+0200][29721.591s] GC(81) Old regions: 117->117
[2020-05-10T02:54:35.365+0200][29721.591s] GC(81) Humongous regions: 37->37
[2020-05-10T02:54:35.365+0200][29721.591s] GC(81) Metaspace: 58358K->58358K(1101824K)
[2020-05-10T02:54:35.365+0200][29721.591s] GC(81) Pause Young (Normal) (G1 Evacuation Pause) 364M->154M(512M) 1.579ms
[2020-05-10T02:54:35.365+0200][29721.591s] GC(81) User=0.00s Sys=0.00s Real=0.00s
[2020-05-10T04:06:24.770+0200][34030.996s] GC(82) Pause Young (Concurrent Start) (G1 Humongous Allocation)
[2020-05-10T04:06:24.770+0200][34030.996s] GC(82) Using 10 workers of 10 for evacuation
[2020-05-10T04:06:24.772+0200][34030.998s] GC(82)   Pre Evacuate Collection Set: 0.1ms
[2020-05-10T04:06:24.772+0200][34030.998s] GC(82)   Evacuate Collection Set: 1.1ms
[2020-05-10T04:06:24.772+0200][34030.998s] GC(82)   Post Evacuate Collection Set: 0.6ms
[2020-05-10T04:06:24.772+0200][34030.998s] GC(82)   Other: 0.2ms
[2020-05-10T04:06:24.772+0200][34030.998s] GC(82) Eden regions: 122->0(204)
[2020-05-10T04:06:24.772+0200][34030.998s] GC(82) Survivor regions: 2->9(28)
[2020-05-10T04:06:24.772+0200][34030.998s] GC(82) Old regions: 117->117
[2020-05-10T04:06:24.772+0200][34030.998s] GC(82) Humongous regions: 48->43
[2020-05-10T04:06:24.772+0200][34030.998s] GC(82) Metaspace: 58391K->58391K(1101824K)
[2020-05-10T04:06:24.772+0200][34030.998s] GC(82) Pause Young (Concurrent Start) (G1 Humongous Allocation) 287M->167M(512M) 2.047ms
[2020-05-10T04:06:24.772+0200][34030.998s] GC(82) User=0.00s Sys=0.00s Real=0.00s
[2020-05-10T04:06:24.773+0200][34030.999s] GC(83) Concurrent Cycle
[2020-05-10T04:06:24.773+0200][34030.999s] GC(83) Concurrent Clear Claimed Marks
[2020-05-10T04:06:24.773+0200][34030.999s] GC(83) Concurrent Clear Claimed Marks 0.030ms
[2020-05-10T04:06:24.773+0200][34030.999s] GC(83) Concurrent Scan Root Regions
[2020-05-10T04:06:24.773+0200][34030.999s] GC(83) Concurrent Scan Root Regions 0.593ms
[2020-05-10T04:06:24.773+0200][34030.999s] GC(83) Concurrent Mark (34030.999s)
[2020-05-10T04:06:24.773+0200][34030.999s] GC(83) Concurrent Mark From Roots
[2020-05-10T04:06:24.773+0200][34030.999s] GC(83) Using 3 workers of 3 for marking
[2020-05-10T04:06:24.788+0200][34031.015s] GC(83) Concurrent Mark From Roots 15.769ms
[2020-05-10T04:06:24.788+0200][34031.015s] GC(83) Concurrent Preclean
[2020-05-10T04:06:24.788+0200][34031.015s] GC(83) Concurrent Preclean 0.220ms
[2020-05-10T04:06:24.788+0200][34031.015s] GC(83) Concurrent Mark (34030.999s, 34031.015s) 16.053ms
[2020-05-10T04:06:24.789+0200][34031.015s] GC(83) Pause Remark
[2020-05-10T04:06:24.791+0200][34031.018s] GC(83) Cleaned string and symbol table, strings: 27381 processed, 0 removed, symbols: 165091 processed, 4 removed
[2020-05-10T04:06:24.793+0200][34031.019s] GC(83) Pause Remark 172M->145M(512M) 3.059ms
[2020-05-10T04:06:24.793+0200][34031.019s] GC(83) User=0.00s Sys=0.00s Real=0.00s
[2020-05-10T04:06:24.793+0200][34031.019s] GC(83) Concurrent Rebuild Remembered Sets
[2020-05-10T04:06:24.800+0200][34031.027s] GC(83) Concurrent Rebuild Remembered Sets 8.087ms
[2020-05-10T04:06:24.800+0200][34031.027s] GC(83) Pause Cleanup
[2020-05-10T04:06:24.800+0200][34031.027s] GC(83) Pause Cleanup 146M->146M(512M) 0.224ms
[2020-05-10T04:06:24.800+0200][34031.027s] GC(83) User=0.00s Sys=0.00s Real=0.00s
[2020-05-10T04:06:24.800+0200][34031.027s] GC(83) Concurrent Cleanup for Next Mark
[2020-05-10T04:06:24.801+0200][34031.028s] GC(83) Concurrent Cleanup for Next Mark 0.265ms
[2020-05-10T04:06:24.801+0200][34031.028s] GC(83) Concurrent Cycle 29.055ms
[2020-05-10T04:06:27.223+0200][34033.449s] GC(84) Pause Young (Prepare Mixed) (G1 Evacuation Pause)
[2020-05-10T04:06:27.223+0200][34033.449s] GC(84) Using 10 workers of 10 for evacuation
[2020-05-10T04:06:27.227+0200][34033.453s] GC(84)   Pre Evacuate Collection Set: 0.0ms
[2020-05-10T04:06:27.227+0200][34033.453s] GC(84)   Evacuate Collection Set: 2.9ms
[2020-05-10T04:06:27.227+0200][34033.453s] GC(84)   Post Evacuate Collection Set: 0.7ms
[2020-05-10T04:06:27.227+0200][34033.453s] GC(84)   Other: 0.1ms
[2020-05-10T04:06:27.227+0200][34033.453s] GC(84) Eden regions: 204->0(1)
[2020-05-10T04:06:27.227+0200][34033.453s] GC(84) Survivor regions: 9->27(27)
[2020-05-10T04:06:27.227+0200][34033.453s] GC(84) Old regions: 100->105
[2020-05-10T04:06:27.227+0200][34033.453s] GC(84) Humongous regions: 159->63
[2020-05-10T04:06:27.227+0200][34033.453s] GC(84) Metaspace: 58391K->58391K(1101824K)
[2020-05-10T04:06:27.227+0200][34033.453s] GC(84) Pause Young (Prepare Mixed) (G1 Evacuation Pause) 470M->194M(512M) 3.895ms
[2020-05-10T04:06:27.227+0200][34033.453s] GC(84) User=0.00s Sys=0.00s Real=0.00s
[2020-05-10T04:06:27.247+0200][34033.473s] GC(85) Pause Young (Mixed) (G1 Evacuation Pause)
[2020-05-10T04:06:27.247+0200][34033.473s] GC(85) Using 10 workers of 10 for evacuation
[2020-05-10T04:06:27.250+0200][34033.477s] GC(85)   Pre Evacuate Collection Set: 0.0ms
[2020-05-10T04:06:27.250+0200][34033.477s] GC(85)   Evacuate Collection Set: 2.5ms
[2020-05-10T04:06:27.250+0200][34033.477s] GC(85)   Post Evacuate Collection Set: 0.5ms
[2020-05-10T04:06:27.250+0200][34033.477s] GC(85)   Other: 0.2ms
[2020-05-10T04:06:27.250+0200][34033.477s] GC(85) Eden regions: 1->0(196)
[2020-05-10T04:06:27.250+0200][34033.477s] GC(85) Survivor regions: 27->1(4)
[2020-05-10T04:06:27.250+0200][34033.477s] GC(85) Old regions: 105->119
[2020-05-10T04:06:27.250+0200][34033.477s] GC(85) Humongous regions: 63->63
[2020-05-10T04:06:27.250+0200][34033.477s] GC(85) Metaspace: 58391K->58391K(1101824K)
[2020-05-10T04:06:27.250+0200][34033.477s] GC(85) Pause Young (Mixed) (G1 Evacuation Pause) 195M->182M(512M) 3.300ms
[2020-05-10T04:06:27.250+0200][34033.477s] GC(85) User=0.00s Sys=0.00s Real=0.00s
[2020-05-10T04:06:30.885+0200][34037.112s] GC(86) Pause Young (Normal) (G1 Humongous Allocation)
[2020-05-10T04:06:30.885+0200][34037.112s] GC(86) Using 10 workers of 10 for evacuation
[2020-05-10T04:06:30.890+0200][34037.116s] GC(86) To-space exhausted
[2020-05-10T04:06:30.890+0200][34037.116s] GC(86)   Pre Evacuate Collection Set: 0.0ms
[2020-05-10T04:06:30.890+0200][34037.116s] GC(86)   Evacuate Collection Set: 1.1ms
[2020-05-10T04:06:30.890+0200][34037.116s] GC(86)   Post Evacuate Collection Set: 2.6ms
[2020-05-10T04:06:30.890+0200][34037.116s] GC(86)   Other: 0.2ms
[2020-05-10T04:06:30.890+0200][34037.116s] GC(86) Eden regions: 194->0(31)
[2020-05-10T04:06:30.890+0200][34037.116s] GC(86) Survivor regions: 1->8(25)
[2020-05-10T04:06:30.890+0200][34037.116s] GC(86) Old regions: 119->314
[2020-05-10T04:06:30.890+0200][34037.116s] GC(86) Humongous regions: 190->96
[2020-05-10T04:06:30.890+0200][34037.116s] GC(86) Metaspace: 58394K->58394K(1101824K)
[2020-05-10T04:06:30.890+0200][34037.116s] GC(86) Pause Young (Normal) (G1 Humongous Allocation) 503M->417M(512M) 3.960ms
[2020-05-10T04:06:30.890+0200][34037.116s] GC(86) User=0.11s Sys=0.02s Real=0.01s
[2020-05-10T04:06:30.890+0200][34037.116s] GC(87) Pause Young (Concurrent Start) (G1 Humongous Allocation)
[2020-05-10T04:06:30.890+0200][34037.116s] GC(87) Using 10 workers of 10 for evacuation
[2020-05-10T04:06:30.891+0200][34037.118s] GC(87)   Pre Evacuate Collection Set: 0.1ms
[2020-05-10T04:06:30.891+0200][34037.118s] GC(87)   Evacuate Collection Set: 1.2ms
[2020-05-10T04:06:30.891+0200][34037.118s] GC(87)   Post Evacuate Collection Set: 0.4ms
[2020-05-10T04:06:30.891+0200][34037.118s] GC(87)   Other: 0.1ms
[2020-05-10T04:06:30.891+0200][34037.118s] GC(87) Eden regions: 0->0(29)
[2020-05-10T04:06:30.891+0200][34037.118s] GC(87) Survivor regions: 8->0(5)
[2020-05-10T04:06:30.891+0200][34037.118s] GC(87) Old regions: 314->323
[2020-05-10T04:06:30.891+0200][34037.118s] GC(87) Humongous regions: 98->98
[2020-05-10T04:06:30.891+0200][34037.118s] GC(87) Metaspace: 58394K->58394K(1101824K)
[2020-05-10T04:06:30.891+0200][34037.118s] GC(87) Pause Young (Concurrent Start) (G1 Humongous Allocation) 419M->419M(512M) 1.924ms
[2020-05-10T04:06:30.891+0200][34037.118s] GC(87) User=0.00s Sys=0.00s Real=0.00s
[2020-05-10T04:06:30.891+0200][34037.118s] GC(88) Concurrent Cycle
[2020-05-10T04:06:30.892+0200][34037.118s] GC(88) Concurrent Clear Claimed Marks
[2020-05-10T04:06:30.892+0200][34037.118s] GC(88) Concurrent Clear Claimed Marks 0.043ms
[2020-05-10T04:06:30.892+0200][34037.118s] GC(88) Concurrent Scan Root Regions
[2020-05-10T04:06:30.892+0200][34037.118s] GC(88) Concurrent Scan Root Regions 0.010ms
[2020-05-10T04:06:30.892+0200][34037.118s] GC(88) Concurrent Mark (34037.118s)
[2020-05-10T04:06:30.892+0200][34037.118s] GC(88) Concurrent Mark From Roots
[2020-05-10T04:06:30.892+0200][34037.118s] GC(88) Using 3 workers of 3 for marking
[2020-05-10T04:06:30.909+0200][34037.136s] GC(88) Concurrent Mark From Roots 17.326ms
[2020-05-10T04:06:30.909+0200][34037.136s] GC(88) Concurrent Preclean
[2020-05-10T04:06:30.909+0200][34037.136s] GC(88) Concurrent Preclean 0.208ms
[2020-05-10T04:06:30.909+0200][34037.136s] GC(88) Concurrent Mark (34037.118s, 34037.136s) 17.590ms
[2020-05-10T04:06:30.909+0200][34037.136s] GC(88) Pause Remark
[2020-05-10T04:06:30.914+0200][34037.141s] GC(88) Cleaned string and symbol table, strings: 27391 processed, 8 removed, symbols: 165087 processed, 0 removed
[2020-05-10T04:06:30.915+0200][34037.141s] GC(88) Pause Remark 432M->360M(512M) 5.251ms
[2020-05-10T04:06:30.915+0200][34037.141s] GC(88) User=0.00s Sys=0.00s Real=0.01s
[2020-05-10T04:06:30.915+0200][34037.141s] GC(88) Concurrent Rebuild Remembered Sets
[2020-05-10T04:06:30.924+0200][34037.151s] GC(88) Concurrent Rebuild Remembered Sets 9.228ms
[2020-05-10T04:06:30.924+0200][34037.151s] GC(88) Pause Cleanup
[2020-05-10T04:06:30.925+0200][34037.151s] GC(88) Pause Cleanup 361M->361M(512M) 0.232ms
[2020-05-10T04:06:30.925+0200][34037.151s] GC(88) User=0.00s Sys=0.00s Real=0.00s
[2020-05-10T04:06:30.925+0200][34037.151s] GC(88) Concurrent Cleanup for Next Mark
[2020-05-10T04:06:30.925+0200][34037.152s] GC(88) Concurrent Cleanup for Next Mark 0.252ms
[2020-05-10T04:06:30.925+0200][34037.152s] GC(88) Concurrent Cycle 33.375ms
[2020-05-10T04:06:31.361+0200][34037.588s] GC(89) Pause Young (Prepare Mixed) (G1 Evacuation Pause)
[2020-05-10T04:06:31.361+0200][34037.588s] GC(89) Using 10 workers of 10 for evacuation
[2020-05-10T04:06:31.363+0200][34037.589s] GC(89)   Pre Evacuate Collection Set: 0.0ms
[2020-05-10T04:06:31.363+0200][34037.589s] GC(89)   Evacuate Collection Set: 0.7ms
[2020-05-10T04:06:31.363+0200][34037.589s] GC(89)   Post Evacuate Collection Set: 0.5ms
[2020-05-10T04:06:31.363+0200][34037.589s] GC(89)   Other: 0.1ms
[2020-05-10T04:06:31.363+0200][34037.589s] GC(89) Eden regions: 29->0(21)
[2020-05-10T04:06:31.363+0200][34037.589s] GC(89) Survivor regions: 0->4(4)
[2020-05-10T04:06:31.363+0200][34037.589s] GC(89) Old regions: 300->300
[2020-05-10T04:06:31.363+0200][34037.589s] GC(89) Humongous regions: 75->75
[2020-05-10T04:06:31.363+0200][34037.589s] GC(89) Metaspace: 58386K->58386K(1101824K)
[2020-05-10T04:06:31.363+0200][34037.590s] GC(89) Pause Young (Prepare Mixed) (G1 Evacuation Pause) 402M->378M(512M) 1.464ms
[2020-05-10T04:06:31.363+0200][34037.590s] GC(89) User=0.00s Sys=0.00s Real=0.00s
[2020-05-10T04:06:32.153+0200][34038.379s] GC(90) Pause Young (Mixed) (G1 Evacuation Pause)
[2020-05-10T04:06:32.153+0200][34038.379s] GC(90) Using 10 workers of 10 for evacuation
[2020-05-10T04:06:32.154+0200][34038.380s] GC(90)   Pre Evacuate Collection Set: 0.0ms
[2020-05-10T04:06:32.154+0200][34038.380s] GC(90)   Evacuate Collection Set: 0.8ms
[2020-05-10T04:06:32.154+0200][34038.380s] GC(90)   Post Evacuate Collection Set: 0.4ms
[2020-05-10T04:06:32.154+0200][34038.380s] GC(90)   Other: 0.1ms
[2020-05-10T04:06:32.154+0200][34038.380s] GC(90) Eden regions: 21->0(21)
[2020-05-10T04:06:32.154+0200][34038.380s] GC(90) Survivor regions: 4->4(4)
[2020-05-10T04:06:32.154+0200][34038.380s] GC(90) Old regions: 300->253
[2020-05-10T04:06:32.154+0200][34038.380s] GC(90) Humongous regions: 75->75
[2020-05-10T04:06:32.154+0200][34038.380s] GC(90) Metaspace: 58391K->58391K(1101824K)
[2020-05-10T04:06:32.154+0200][34038.380s] GC(90) Pause Young (Mixed) (G1 Evacuation Pause) 399M->331M(512M) 1.520ms
[2020-05-10T04:06:32.154+0200][34038.380s] GC(90) User=0.00s Sys=0.00s Real=0.00s
[2020-05-10T04:06:32.743+0200][34038.970s] GC(91) Pause Young (Mixed) (G1 Evacuation Pause)
[2020-05-10T04:06:32.743+0200][34038.970s] GC(91) Using 10 workers of 10 for evacuation
[2020-05-10T04:06:32.745+0200][34038.971s] GC(91)   Pre Evacuate Collection Set: 0.0ms
[2020-05-10T04:06:32.745+0200][34038.971s] GC(91)   Evacuate Collection Set: 0.9ms
[2020-05-10T04:06:32.745+0200][34038.971s] GC(91)   Post Evacuate Collection Set: 0.4ms
[2020-05-10T04:06:32.745+0200][34038.971s] GC(91)   Other: 0.1ms
[2020-05-10T04:06:32.745+0200][34038.971s] GC(91) Eden regions: 21->0(24)
[2020-05-10T04:06:32.745+0200][34038.971s] GC(91) Survivor regions: 4->1(4)
[2020-05-10T04:06:32.745+0200][34038.971s] GC(91) Old regions: 253->209
[2020-05-10T04:06:32.745+0200][34038.971s] GC(91) Humongous regions: 75->75
[2020-05-10T04:06:32.745+0200][34038.972s] GC(91) Metaspace: 58391K->58391K(1101824K)
[2020-05-10T04:06:32.745+0200][34038.972s] GC(91) Pause Young (Mixed) (G1 Evacuation Pause) 352M->284M(512M) 1.538ms
[2020-05-10T04:06:32.745+0200][34038.972s] GC(91) User=0.00s Sys=0.00s Real=0.00s
[2020-05-10T04:06:32.879+0200][34039.105s] GC(92) Pause Young (Mixed) (G1 Evacuation Pause)
[2020-05-10T04:06:32.879+0200][34039.105s] GC(92) Using 10 workers of 10 for evacuation
[2020-05-10T04:06:32.881+0200][34039.107s] GC(92)   Pre Evacuate Collection Set: 0.0ms
[2020-05-10T04:06:32.881+0200][34039.107s] GC(92)   Evacuate Collection Set: 0.8ms
[2020-05-10T04:06:32.881+0200][34039.107s] GC(92)   Post Evacuate Collection Set: 0.4ms
[2020-05-10T04:06:32.881+0200][34039.107s] GC(92)   Other: 0.2ms
[2020-05-10T04:06:32.881+0200][34039.107s] GC(92) Eden regions: 24->0(24)
[2020-05-10T04:06:32.881+0200][34039.107s] GC(92) Survivor regions: 1->1(4)
[2020-05-10T04:06:32.881+0200][34039.107s] GC(92) Old regions: 209->165
[2020-05-10T04:06:32.881+0200][34039.107s] GC(92) Humongous regions: 75->75
[2020-05-10T04:06:32.881+0200][34039.107s] GC(92) Metaspace: 58391K->58391K(1101824K)
[2020-05-10T04:06:32.881+0200][34039.107s] GC(92) Pause Young (Mixed) (G1 Evacuation Pause) 308M->240M(512M) 1.516ms
[2020-05-10T04:06:32.881+0200][34039.107s] GC(92) User=0.00s Sys=0.00s Real=0.00s
[2020-05-10T04:06:32.969+0200][34039.195s] GC(93) Pause Young (Mixed) (G1 Evacuation Pause)
[2020-05-10T04:06:32.969+0200][34039.195s] GC(93) Using 10 workers of 10 for evacuation
[2020-05-10T04:06:32.970+0200][34039.197s] GC(93)   Pre Evacuate Collection Set: 0.0ms
[2020-05-10T04:06:32.970+0200][34039.197s] GC(93)   Evacuate Collection Set: 0.8ms
[2020-05-10T04:06:32.970+0200][34039.197s] GC(93)   Post Evacuate Collection Set: 0.4ms
[2020-05-10T04:06:32.970+0200][34039.197s] GC(93)   Other: 0.2ms
[2020-05-10T04:06:32.970+0200][34039.197s] GC(93) Eden regions: 24->0(197)
[2020-05-10T04:06:32.970+0200][34039.197s] GC(93) Survivor regions: 1->1(4)
[2020-05-10T04:06:32.970+0200][34039.197s] GC(93) Old regions: 165->134
[2020-05-10T04:06:32.970+0200][34039.197s] GC(93) Humongous regions: 75->75
[2020-05-10T04:06:32.970+0200][34039.197s] GC(93) Metaspace: 58391K->58391K(1101824K)
[2020-05-10T04:06:32.970+0200][34039.197s] GC(93) Pause Young (Mixed) (G1 Evacuation Pause) 264M->208M(512M) 1.440ms
[2020-05-10T04:06:32.970+0200][34039.197s] GC(93) User=0.00s Sys=0.00s Real=0.00s
[2020-05-10T04:06:34.159+0200][34040.385s] GC(94) Pause Young (Normal) (G1 Evacuation Pause)
[2020-05-10T04:06:34.159+0200][34040.385s] GC(94) Using 10 workers of 10 for evacuation
[2020-05-10T04:06:34.160+0200][34040.386s] GC(94)   Pre Evacuate Collection Set: 0.0ms
[2020-05-10T04:06:34.160+0200][34040.386s] GC(94)   Evacuate Collection Set: 0.3ms
[2020-05-10T04:06:34.160+0200][34040.386s] GC(94)   Post Evacuate Collection Set: 0.4ms
[2020-05-10T04:06:34.160+0200][34040.386s] GC(94)   Other: 0.1ms
[2020-05-10T04:06:34.160+0200][34040.386s] GC(94) Eden regions: 197->0(202)
[2020-05-10T04:06:34.160+0200][34040.386s] GC(94) Survivor regions: 1->1(25)
[2020-05-10T04:06:34.160+0200][34040.386s] GC(94) Old regions: 134->134
[2020-05-10T04:06:34.160+0200][34040.386s] GC(94) Humongous regions: 75->75
[2020-05-10T04:06:34.160+0200][34040.386s] GC(94) Metaspace: 58391K->58391K(1101824K)
[2020-05-10T04:06:34.160+0200][34040.386s] GC(94) Pause Young (Normal) (G1 Evacuation Pause) 405M->208M(512M) 0.909ms
[2020-05-10T04:06:34.160+0200][34040.386s] GC(94) User=0.00s Sys=0.00s Real=0.00s
[2020-05-10T04:06:35.376+0200][34041.602s] GC(95) Pause Young (Normal) (G1 Evacuation Pause)
[2020-05-10T04:06:35.376+0200][34041.602s] GC(95) Using 10 workers of 10 for evacuation
[2020-05-10T04:06:35.377+0200][34041.603s] GC(95)   Pre Evacuate Collection Set: 0.0ms
[2020-05-10T04:06:35.377+0200][34041.603s] GC(95)   Evacuate Collection Set: 0.3ms
[2020-05-10T04:06:35.377+0200][34041.603s] GC(95)   Post Evacuate Collection Set: 0.4ms
[2020-05-10T04:06:35.377+0200][34041.603s] GC(95)   Other: 0.1ms
[2020-05-10T04:06:35.377+0200][34041.603s] GC(95) Eden regions: 202->0(205)
[2020-05-10T04:06:35.377+0200][34041.603s] GC(95) Survivor regions: 1->2(26)
[2020-05-10T04:06:35.377+0200][34041.603s] GC(95) Old regions: 134->134
[2020-05-10T04:06:35.377+0200][34041.603s] GC(95) Humongous regions: 75->75
[2020-05-10T04:06:35.377+0200][34041.603s] GC(95) Metaspace: 58391K->58391K(1101824K)
[2020-05-10T04:06:35.377+0200][34041.603s] GC(95) Pause Young (Normal) (G1 Evacuation Pause) 410M->209M(512M) 0.939ms
[2020-05-10T04:06:35.377+0200][34041.603s] GC(95) User=0.00s Sys=0.00s Real=0.00s
[2020-05-10T04:06:36.166+0200][34042.392s] GC(96) Pause Young (Concurrent Start) (G1 Evacuation Pause)
[2020-05-10T04:06:36.166+0200][34042.392s] GC(96) Using 10 workers of 10 for evacuation
[2020-05-10T04:06:36.168+0200][34042.394s] GC(96)   Pre Evacuate Collection Set: 0.1ms
[2020-05-10T04:06:36.168+0200][34042.394s] GC(96)   Evacuate Collection Set: 0.6ms
[2020-05-10T04:06:36.168+0200][34042.394s] GC(96)   Post Evacuate Collection Set: 0.5ms
[2020-05-10T04:06:36.168+0200][34042.394s] GC(96)   Other: 0.2ms
[2020-05-10T04:06:36.168+0200][34042.394s] GC(96) Eden regions: 205->0(209)
[2020-05-10T04:06:36.168+0200][34042.394s] GC(96) Survivor regions: 2->2(26)
[2020-05-10T04:06:36.168+0200][34042.394s] GC(96) Old regions: 134->134
[2020-05-10T04:06:36.168+0200][34042.394s] GC(96) Humongous regions: 75->75
[2020-05-10T04:06:36.168+0200][34042.394s] GC(96) Metaspace: 58391K->58391K(1101824K)
[2020-05-10T04:06:36.168+0200][34042.394s] GC(96) Pause Young (Concurrent Start) (G1 Evacuation Pause) 414M->209M(512M) 1.435ms
[2020-05-10T04:06:36.168+0200][34042.394s] GC(96) User=0.00s Sys=0.00s Real=0.00s
[2020-05-10T04:06:36.168+0200][34042.394s] GC(97) Concurrent Cycle
[2020-05-10T04:06:36.168+0200][34042.394s] GC(97) Concurrent Clear Claimed Marks
[2020-05-10T04:06:36.168+0200][34042.394s] GC(97) Concurrent Clear Claimed Marks 0.020ms
[2020-05-10T04:06:36.168+0200][34042.394s] GC(97) Concurrent Scan Root Regions
[2020-05-10T04:06:36.168+0200][34042.394s] GC(97) Concurrent Scan Root Regions 0.326ms
[2020-05-10T04:06:36.168+0200][34042.394s] GC(97) Concurrent Mark (34042.394s)
[2020-05-10T04:06:36.168+0200][34042.394s] GC(97) Concurrent Mark From Roots
[2020-05-10T04:06:36.168+0200][34042.394s] GC(97) Using 3 workers of 3 for marking
[2020-05-10T04:06:36.185+0200][34042.411s] GC(97) Concurrent Mark From Roots 16.821ms
[2020-05-10T04:06:36.185+0200][34042.411s] GC(97) Concurrent Preclean
[2020-05-10T04:06:36.185+0200][34042.411s] GC(97) Concurrent Preclean 0.211ms
[2020-05-10T04:06:36.185+0200][34042.411s] GC(97) Concurrent Mark (34042.394s, 34042.411s) 17.101ms
[2020-05-10T04:06:36.186+0200][34042.412s] GC(97) Pause Remark
[2020-05-10T04:06:36.188+0200][34042.414s] GC(97) Cleaned string and symbol table, strings: 27389 processed, 0 removed, symbols: 165087 processed, 4 removed
[2020-05-10T04:06:36.188+0200][34042.414s] GC(97) Pause Remark 217M->187M(512M) 2.907ms
[2020-05-10T04:06:36.188+0200][34042.414s] GC(97) User=0.00s Sys=0.00s Real=0.00s
[2020-05-10T04:06:36.189+0200][34042.415s] GC(97) Concurrent Rebuild Remembered Sets
[2020-05-10T04:06:36.198+0200][34042.424s] GC(97) Concurrent Rebuild Remembered Sets 8.916ms
[2020-05-10T04:06:36.198+0200][34042.424s] GC(97) Pause Cleanup
[2020-05-10T04:06:36.198+0200][34042.424s] GC(97) Pause Cleanup 191M->191M(512M) 0.138ms
[2020-05-10T04:06:36.198+0200][34042.424s] GC(97) User=0.00s Sys=0.00s Real=0.00s
[2020-05-10T04:06:36.198+0200][34042.424s] GC(97) Concurrent Cleanup for Next Mark
[2020-05-10T04:06:36.198+0200][34042.424s] GC(97) Concurrent Cleanup for Next Mark 0.306ms
[2020-05-10T04:06:36.198+0200][34042.424s] GC(97) Concurrent Cycle 30.580ms
[2020-05-10T04:06:36.543+0200][34042.769s] GC(98) Pause Young (Prepare Mixed) (G1 Evacuation Pause)
[2020-05-10T04:06:36.543+0200][34042.769s] GC(98) Using 10 workers of 10 for evacuation
[2020-05-10T04:06:36.544+0200][34042.770s] GC(98)   Pre Evacuate Collection Set: 0.0ms
[2020-05-10T04:06:36.544+0200][34042.770s] GC(98)   Evacuate Collection Set: 0.5ms
[2020-05-10T04:06:36.544+0200][34042.770s] GC(98)   Post Evacuate Collection Set: 0.4ms
[2020-05-10T04:06:36.544+0200][34042.770s] GC(98)   Other: 0.2ms
[2020-05-10T04:06:36.544+0200][34042.770s] GC(98) Eden regions: 209->0(23)
[2020-05-10T04:06:36.544+0200][34042.770s] GC(98) Survivor regions: 2->2(27)
[2020-05-10T04:06:36.544+0200][34042.770s] GC(98) Old regions: 134->134
[2020-05-10T04:06:36.544+0200][34042.770s] GC(98) Humongous regions: 45->45
[2020-05-10T04:06:36.544+0200][34042.770s] GC(98) Metaspace: 58397K->58397K(1101824K)
[2020-05-10T04:06:36.544+0200][34042.770s] GC(98) Pause Young (Prepare Mixed) (G1 Evacuation Pause) 388M->179M(512M) 1.148ms
[2020-05-10T04:06:36.544+0200][34042.770s] GC(98) User=0.00s Sys=0.00s Real=0.00s
[2020-05-10T04:06:36.581+0200][34042.807s] GC(99) Pause Young (Mixed) (G1 Evacuation Pause)
[2020-05-10T04:06:36.581+0200][34042.807s] GC(99) Using 10 workers of 10 for evacuation
[2020-05-10T04:06:36.582+0200][34042.808s] GC(99)   Pre Evacuate Collection Set: 0.0ms
[2020-05-10T04:06:36.582+0200][34042.808s] GC(99)   Evacuate Collection Set: 0.3ms
[2020-05-10T04:06:36.582+0200][34042.808s] GC(99)   Post Evacuate Collection Set: 0.4ms
[2020-05-10T04:06:36.582+0200][34042.808s] GC(99)   Other: 0.1ms
[2020-05-10T04:06:36.582+0200][34042.808s] GC(99) Eden regions: 23->0(230)
[2020-05-10T04:06:36.582+0200][34042.808s] GC(99) Survivor regions: 2->2(4)
[2020-05-10T04:06:36.582+0200][34042.808s] GC(99) Old regions: 134->133
[2020-05-10T04:06:36.582+0200][34042.808s] GC(99) Humongous regions: 45->45
[2020-05-10T04:06:36.582+0200][34042.808s] GC(99) Metaspace: 58397K->58397K(1101824K)
[2020-05-10T04:06:36.582+0200][34042.808s] GC(99) Pause Young (Mixed) (G1 Evacuation Pause) 202M->178M(512M) 0.949ms
[2020-05-10T04:06:36.582+0200][34042.808s] GC(99) User=0.00s Sys=0.00s Real=0.00s
[2020-05-10T04:06:37.403+0200][34043.630s] GC(100) Pause Young (Normal) (G1 Evacuation Pause)
[2020-05-10T04:06:37.403+0200][34043.630s] GC(100) Using 10 workers of 10 for evacuation
[2020-05-10T04:06:37.406+0200][34043.632s] GC(100)   Pre Evacuate Collection Set: 0.0ms
[2020-05-10T04:06:37.406+0200][34043.632s] GC(100)   Evacuate Collection Set: 1.5ms
[2020-05-10T04:06:37.406+0200][34043.632s] GC(100)   Post Evacuate Collection Set: 0.6ms
[2020-05-10T04:06:37.406+0200][34043.632s] GC(100)   Other: 0.1ms
[2020-05-10T04:06:37.406+0200][34043.632s] GC(100) Eden regions: 230->0(215)
[2020-05-10T04:06:37.406+0200][34043.632s] GC(100) Survivor regions: 2->19(29)
[2020-05-10T04:06:37.406+0200][34043.632s] GC(100) Old regions: 133->133
[2020-05-10T04:06:37.406+0200][34043.632s] GC(100) Humongous regions: 51->49
[2020-05-10T04:06:37.406+0200][34043.632s] GC(100) Metaspace: 58399K->58399K(1101824K)
[2020-05-10T04:06:37.406+0200][34043.632s] GC(100) Pause Young (Normal) (G1 Evacuation Pause) 414M->199M(512M) 2.368ms
[2020-05-10T04:06:37.406+0200][34043.632s] GC(100) User=0.00s Sys=0.00s Real=0.00s
[2020-05-10T04:06:37.695+0200][34043.921s] GC(101) Pause Young (Concurrent Start) (G1 Humongous Allocation)
[2020-05-10T04:06:37.695+0200][34043.922s] GC(101) Using 10 workers of 10 for evacuation
[2020-05-10T04:06:37.698+0200][34043.924s] GC(101)   Pre Evacuate Collection Set: 0.1ms
[2020-05-10T04:06:37.698+0200][34043.924s] GC(101)   Evacuate Collection Set: 2.0ms
[2020-05-10T04:06:37.698+0200][34043.924s] GC(101)   Post Evacuate Collection Set: 0.4ms
[2020-05-10T04:06:37.698+0200][34043.924s] GC(101)   Other: 0.1ms
[2020-05-10T04:06:37.698+0200][34043.924s] GC(101) Eden regions: 36->0(198)
[2020-05-10T04:06:37.698+0200][34043.924s] GC(101) Survivor regions: 19->11(30)
[2020-05-10T04:06:37.698+0200][34043.924s] GC(101) Old regions: 133->145
[2020-05-10T04:06:37.698+0200][34043.924s] GC(101) Humongous regions: 49->49
[2020-05-10T04:06:37.698+0200][34043.924s] GC(101) Metaspace: 58399K->58399K(1101824K)
[2020-05-10T04:06:37.698+0200][34043.924s] GC(101) Pause Young (Concurrent Start) (G1 Humongous Allocation) 235M->204M(512M) 2.689ms
[2020-05-10T04:06:37.698+0200][34043.924s] GC(101) User=0.00s Sys=0.00s Real=0.00s
[2020-05-10T04:06:37.698+0200][34043.924s] GC(102) Concurrent Cycle
[2020-05-10T04:06:37.698+0200][34043.924s] GC(102) Concurrent Clear Claimed Marks
[2020-05-10T04:06:37.698+0200][34043.924s] GC(102) Concurrent Clear Claimed Marks 0.058ms
[2020-05-10T04:06:37.698+0200][34043.924s] GC(102) Concurrent Scan Root Regions
[2020-05-10T04:06:37.698+0200][34043.925s] GC(102) Concurrent Scan Root Regions 0.307ms
[2020-05-10T04:06:37.698+0200][34043.925s] GC(102) Concurrent Mark (34043.925s)
[2020-05-10T04:06:37.698+0200][34043.925s] GC(102) Concurrent Mark From Roots
[2020-05-10T04:06:37.698+0200][34043.925s] GC(102) Using 3 workers of 3 for marking
[2020-05-10T04:06:37.715+0200][34043.941s] GC(102) Concurrent Mark From Roots 16.724ms
[2020-05-10T04:06:37.715+0200][34043.941s] GC(102) Concurrent Preclean
[2020-05-10T04:06:37.715+0200][34043.942s] GC(102) Concurrent Preclean 0.223ms
[2020-05-10T04:06:37.715+0200][34043.942s] GC(102) Concurrent Mark (34043.925s, 34043.942s) 17.002ms
[2020-05-10T04:06:37.716+0200][34043.942s] GC(102) Pause Remark
[2020-05-10T04:06:37.718+0200][34043.945s] GC(102) Cleaned string and symbol table, strings: 27389 processed, 0 removed, symbols: 165083 processed, 0 removed
[2020-05-10T04:06:37.719+0200][34043.945s] GC(102) Pause Remark 220M->152M(512M) 2.993ms
[2020-05-10T04:06:37.719+0200][34043.945s] GC(102) User=0.00s Sys=0.00s Real=0.00s
[2020-05-10T04:06:37.719+0200][34043.945s] GC(102) Concurrent Rebuild Remembered Sets
[2020-05-10T04:06:37.728+0200][34043.954s] GC(102) Concurrent Rebuild Remembered Sets 8.836ms
[2020-05-10T04:06:37.728+0200][34043.954s] GC(102) Pause Cleanup
[2020-05-10T04:06:37.728+0200][34043.954s] GC(102) Pause Cleanup 153M->153M(512M) 0.189ms
[2020-05-10T04:06:37.728+0200][34043.954s] GC(102) User=0.00s Sys=0.00s Real=0.00s
[2020-05-10T04:06:37.728+0200][34043.954s] GC(102) Concurrent Cleanup for Next Mark
[2020-05-10T04:06:37.728+0200][34043.955s] GC(102) Concurrent Cleanup for Next Mark 0.233ms
[2020-05-10T04:06:37.728+0200][34043.955s] GC(102) Concurrent Cycle 30.401ms
[2020-05-10T04:06:39.856+0200][34046.082s] GC(103) Pause Young (Prepare Mixed) (G1 Evacuation Pause)
[2020-05-10T04:06:39.856+0200][34046.082s] GC(103) Using 10 workers of 10 for evacuation
[2020-05-10T04:06:39.859+0200][34046.085s] GC(103)   Pre Evacuate Collection Set: 0.0ms
[2020-05-10T04:06:39.859+0200][34046.086s] GC(103)   Evacuate Collection Set: 2.4ms
[2020-05-10T04:06:39.859+0200][34046.086s] GC(103)   Post Evacuate Collection Set: 0.5ms
[2020-05-10T04:06:39.859+0200][34046.086s] GC(103)   Other: 0.2ms
[2020-05-10T04:06:39.859+0200][34046.086s] GC(103) Eden regions: 198->0(1)
[2020-05-10T04:06:39.859+0200][34046.086s] GC(103) Survivor regions: 11->27(27)
[2020-05-10T04:06:39.859+0200][34046.086s] GC(103) Old regions: 115->117
[2020-05-10T04:06:39.859+0200][34046.086s] GC(103) Humongous regions: 77->31
[2020-05-10T04:06:39.859+0200][34046.086s] GC(103) Metaspace: 58401K->58401K(1101824K)
[2020-05-10T04:06:39.859+0200][34046.086s] GC(103) Pause Young (Prepare Mixed) (G1 Evacuation Pause) 400M->174M(512M) 3.204ms
[2020-05-10T04:06:39.859+0200][34046.086s] GC(103) User=0.00s Sys=0.00s Real=0.00s
[2020-05-10T04:06:39.861+0200][34046.088s] GC(104) Pause Young (Mixed) (G1 Evacuation Pause)
[2020-05-10T04:06:39.861+0200][34046.088s] GC(104) Using 10 workers of 10 for evacuation
[2020-05-10T04:06:39.864+0200][34046.090s] GC(104)   Pre Evacuate Collection Set: 0.0ms
[2020-05-10T04:06:39.864+0200][34046.090s] GC(104)   Evacuate Collection Set: 2.2ms
[2020-05-10T04:06:39.864+0200][34046.090s] GC(104)   Post Evacuate Collection Set: 0.4ms
[2020-05-10T04:06:39.864+0200][34046.090s] GC(104)   Other: 0.2ms
[2020-05-10T04:06:39.864+0200][34046.090s] GC(104) Eden regions: 1->0(241)
[2020-05-10T04:06:39.864+0200][34046.090s] GC(104) Survivor regions: 27->1(4)
[2020-05-10T04:06:39.864+0200][34046.090s] GC(104) Old regions: 117->107
[2020-05-10T04:06:39.864+0200][34046.090s] GC(104) Humongous regions: 31->30
[2020-05-10T04:06:39.864+0200][34046.090s] GC(104) Metaspace: 58401K->58401K(1101824K)
[2020-05-10T04:06:39.868+0200][34046.095s] GC(104) Pause Young (Mixed) (G1 Evacuation Pause) 175M->136M(512M) 7.173ms
[2020-05-10T04:06:39.868+0200][34046.095s] GC(104) User=0.00s Sys=0.00s Real=0.01s
[2020-05-10T04:06:40.318+0200][34046.545s] GC(105) Pause Young (Normal) (G1 Evacuation Pause)
[2020-05-10T04:06:40.318+0200][34046.545s] GC(105) Using 10 workers of 10 for evacuation
[2020-05-10T04:06:40.320+0200][34046.546s] GC(105)   Pre Evacuate Collection Set: 0.0ms
[2020-05-10T04:06:40.320+0200][34046.546s] GC(105)   Evacuate Collection Set: 1.0ms
[2020-05-10T04:06:40.320+0200][34046.547s] GC(105)   Post Evacuate Collection Set: 0.4ms
[2020-05-10T04:06:40.320+0200][34046.547s] GC(105)   Other: 0.1ms
[2020-05-10T04:06:40.320+0200][34046.547s] GC(105) Eden regions: 241->0(239)
[2020-05-10T04:06:40.320+0200][34046.547s] GC(105) Survivor regions: 1->12(31)
[2020-05-10T04:06:40.320+0200][34046.547s] GC(105) Old regions: 107->107
[2020-05-10T04:06:40.320+0200][34046.547s] GC(105) Humongous regions: 35->32
[2020-05-10T04:06:40.320+0200][34046.547s] GC(105) Metaspace: 58401K->58401K(1101824K)
[2020-05-10T04:06:40.320+0200][34046.547s] GC(105) Pause Young (Normal) (G1 Evacuation Pause) 382M->149M(512M) 1.696ms
[2020-05-10T04:06:40.320+0200][34046.547s] GC(105) User=0.00s Sys=0.00s Real=0.00s
[2020-05-10T04:06:40.798+0200][34047.025s] GC(106) Pause Young (Normal) (G1 Evacuation Pause)
[2020-05-10T04:06:40.798+0200][34047.025s] GC(106) Using 10 workers of 10 for evacuation
[2020-05-10T04:06:40.800+0200][34047.027s] GC(106)   Pre Evacuate Collection Set: 0.0ms
[2020-05-10T04:06:40.800+0200][34047.027s] GC(106)   Evacuate Collection Set: 1.7ms
[2020-05-10T04:06:40.800+0200][34047.027s] GC(106)   Post Evacuate Collection Set: 0.5ms
[2020-05-10T04:06:40.800+0200][34047.027s] GC(106)   Other: 0.1ms
[2020-05-10T04:06:40.800+0200][34047.027s] GC(106) Eden regions: 239->0(233)
[2020-05-10T04:06:40.800+0200][34047.027s] GC(106) Survivor regions: 12->23(32)
[2020-05-10T04:06:40.800+0200][34047.027s] GC(106) Old regions: 107->107
[2020-05-10T04:06:40.800+0200][34047.027s] GC(106) Humongous regions: 32->32
[2020-05-10T04:06:40.800+0200][34047.027s] GC(106) Metaspace: 58406K->58406K(1101824K)
[2020-05-10T04:06:40.800+0200][34047.027s] GC(106) Pause Young (Normal) (G1 Evacuation Pause) 388M->160M(512M) 2.460ms
[2020-05-10T04:06:40.800+0200][34047.027s] GC(106) User=0.00s Sys=0.00s Real=0.00s
[2020-05-10T04:06:40.871+0200][34047.098s] GC(107) Pause Young (Concurrent Start) (G1 Humongous Allocation)
[2020-05-10T04:06:40.871+0200][34047.098s] GC(107) Using 10 workers of 10 for evacuation
[2020-05-10T04:06:40.874+0200][34047.100s] GC(107)   Pre Evacuate Collection Set: 0.1ms
[2020-05-10T04:06:40.874+0200][34047.100s] GC(107)   Evacuate Collection Set: 1.9ms
[2020-05-10T04:06:40.874+0200][34047.100s] GC(107)   Post Evacuate Collection Set: 0.4ms
[2020-05-10T04:06:40.874+0200][34047.100s] GC(107)   Other: 0.1ms
[2020-05-10T04:06:40.874+0200][34047.100s] GC(107) Eden regions: 56->0(241)
[2020-05-10T04:06:40.874+0200][34047.100s] GC(107) Survivor regions: 23->18(32)
[2020-05-10T04:06:40.874+0200][34047.100s] GC(107) Old regions: 107->112
[2020-05-10T04:06:40.874+0200][34047.100s] GC(107) Humongous regions: 32->32
[2020-05-10T04:06:40.874+0200][34047.100s] GC(107) Metaspace: 58406K->58406K(1101824K)
[2020-05-10T04:06:40.874+0200][34047.100s] GC(107) Pause Young (Concurrent Start) (G1 Humongous Allocation) 216M->160M(512M) 2.610ms
[2020-05-10T04:06:40.874+0200][34047.100s] GC(107) User=0.00s Sys=0.00s Real=0.00s
[2020-05-10T04:06:40.874+0200][34047.101s] GC(108) Concurrent Cycle
[2020-05-10T04:06:40.874+0200][34047.101s] GC(108) Concurrent Clear Claimed Marks
[2020-05-10T04:06:40.874+0200][34047.101s] GC(108) Concurrent Clear Claimed Marks 0.049ms
[2020-05-10T04:06:40.874+0200][34047.101s] GC(108) Concurrent Scan Root Regions
[2020-05-10T04:06:40.874+0200][34047.101s] GC(108) Concurrent Scan Root Regions 0.355ms
[2020-05-10T04:06:40.874+0200][34047.101s] GC(108) Concurrent Mark (34047.101s)
[2020-05-10T04:06:40.874+0200][34047.101s] GC(108) Concurrent Mark From Roots
[2020-05-10T04:06:40.874+0200][34047.101s] GC(108) Using 3 workers of 3 for marking
[2020-05-10T04:06:40.891+0200][34047.117s] GC(108) Concurrent Mark From Roots 16.229ms
[2020-05-10T04:06:40.891+0200][34047.117s] GC(108) Concurrent Preclean
[2020-05-10T04:06:40.891+0200][34047.117s] GC(108) Concurrent Preclean 0.215ms
[2020-05-10T04:06:40.891+0200][34047.117s] GC(108) Concurrent Mark (34047.101s, 34047.117s) 16.503ms
[2020-05-10T04:06:40.891+0200][34047.118s] GC(108) Pause Remark
[2020-05-10T04:06:40.894+0200][34047.120s] GC(108) Cleaned string and symbol table, strings: 27389 processed, 0 removed, symbols: 165083 processed, 0 removed
[2020-05-10T04:06:40.894+0200][34047.120s] GC(108) Pause Remark 173M->173M(512M) 2.791ms
[2020-05-10T04:06:40.894+0200][34047.121s] GC(108) User=0.00s Sys=0.00s Real=0.00s
[2020-05-10T04:06:40.894+0200][34047.121s] GC(108) Concurrent Rebuild Remembered Sets
[2020-05-10T04:06:40.903+0200][34047.129s] GC(108) Concurrent Rebuild Remembered Sets 8.587ms
[2020-05-10T04:06:40.903+0200][34047.129s] GC(108) Pause Cleanup
[2020-05-10T04:06:40.903+0200][34047.130s] GC(108) Pause Cleanup 178M->178M(512M) 0.206ms
[2020-05-10T04:06:40.903+0200][34047.130s] GC(108) User=0.00s Sys=0.00s Real=0.00s
[2020-05-10T04:06:40.903+0200][34047.130s] GC(108) Concurrent Cleanup for Next Mark
[2020-05-10T04:06:40.903+0200][34047.130s] GC(108) Concurrent Cleanup for Next Mark 0.270ms
[2020-05-10T04:06:40.903+0200][34047.130s] GC(108) Concurrent Cycle 29.447ms
[2020-05-10T04:06:42.861+0200][34049.087s] GC(109) Pause Young (Prepare Mixed) (G1 Evacuation Pause)
[2020-05-10T04:06:42.861+0200][34049.087s] GC(109) Using 10 workers of 10 for evacuation
[2020-05-10T04:06:42.865+0200][34049.091s] GC(109)   Pre Evacuate Collection Set: 0.0ms
[2020-05-10T04:06:42.865+0200][34049.091s] GC(109)   Evacuate Collection Set: 3.0ms
[2020-05-10T04:06:42.865+0200][34049.091s] GC(109)   Post Evacuate Collection Set: 0.6ms
[2020-05-10T04:06:42.865+0200][34049.091s] GC(109)   Other: 0.1ms
[2020-05-10T04:06:42.865+0200][34049.091s] GC(109) Eden regions: 241->0(1)
[2020-05-10T04:06:42.865+0200][34049.091s] GC(109) Survivor regions: 18->33(33)
[2020-05-10T04:06:42.865+0200][34049.091s] GC(109) Old regions: 112->116
[2020-05-10T04:06:42.865+0200][34049.091s] GC(109) Humongous regions: 87->52
[2020-05-10T04:06:42.865+0200][34049.091s] GC(109) Metaspace: 58413K->58413K(1101824K)
[2020-05-10T04:06:42.865+0200][34049.091s] GC(109) Pause Young (Prepare Mixed) (G1 Evacuation Pause) 456M->200M(512M) 3.887ms
[2020-05-10T04:06:42.865+0200][34049.091s] GC(109) User=0.00s Sys=0.00s Real=0.00s
[2020-05-10T04:06:42.882+0200][34049.108s] GC(110) Pause Young (Mixed) (G1 Evacuation Pause)
[2020-05-10T04:06:42.882+0200][34049.108s] GC(110) Using 10 workers of 10 for evacuation
[2020-05-10T04:06:42.886+0200][34049.112s] GC(110)   Pre Evacuate Collection Set: 0.0ms
[2020-05-10T04:06:42.886+0200][34049.112s] GC(110)   Evacuate Collection Set: 3.1ms
[2020-05-10T04:06:42.886+0200][34049.112s] GC(110)   Post Evacuate Collection Set: 0.5ms
[2020-05-10T04:06:42.886+0200][34049.112s] GC(110)   Other: 0.1ms
[2020-05-10T04:06:42.886+0200][34049.112s] GC(110) Eden regions: 1->0(214)
[2020-05-10T04:06:42.886+0200][34049.112s] GC(110) Survivor regions: 33->1(5)
[2020-05-10T04:06:42.886+0200][34049.112s] GC(110) Old regions: 116->139
[2020-05-10T04:06:42.886+0200][34049.112s] GC(110) Humongous regions: 52->52
[2020-05-10T04:06:42.886+0200][34049.112s] GC(110) Metaspace: 58413K->58413K(1101824K)
[2020-05-10T04:06:42.886+0200][34049.112s] GC(110) Pause Young (Mixed) (G1 Evacuation Pause) 201M->190M(512M) 3.885ms
[2020-05-10T04:06:42.886+0200][34049.112s] GC(110) User=0.00s Sys=0.00s Real=0.00s
[2020-05-10T04:06:46.872+0200][34053.098s] GC(111) Pause Young (Normal) (G1 Humongous Allocation)
[2020-05-10T04:06:46.872+0200][34053.098s] GC(111) Using 10 workers of 10 for evacuation
[2020-05-10T04:06:46.875+0200][34053.101s] GC(111) To-space exhausted
[2020-05-10T04:06:46.875+0200][34053.101s] GC(111)   Pre Evacuate Collection Set: 0.0ms
[2020-05-10T04:06:46.875+0200][34053.101s] GC(111)   Evacuate Collection Set: 0.7ms
[2020-05-10T04:06:46.875+0200][34053.101s] GC(111)   Post Evacuate Collection Set: 2.2ms
[2020-05-10T04:06:46.875+0200][34053.101s] GC(111)   Other: 0.2ms
[2020-05-10T04:06:46.875+0200][34053.101s] GC(111) Eden regions: 201->0(23)
[2020-05-10T04:06:46.875+0200][34053.101s] GC(111) Survivor regions: 1->2(27)
[2020-05-10T04:06:46.875+0200][34053.101s] GC(111) Old regions: 139->340
[2020-05-10T04:06:46.875+0200][34053.101s] GC(111) Humongous regions: 169->89
[2020-05-10T04:06:46.875+0200][34053.101s] GC(111) Metaspace: 58413K->58413K(1101824K)
[2020-05-10T04:06:46.875+0200][34053.101s] GC(111) Pause Young (Normal) (G1 Humongous Allocation) 507M->430M(512M) 3.239ms
[2020-05-10T04:06:46.875+0200][34053.101s] GC(111) User=0.00s Sys=0.00s Real=0.00s
[2020-05-10T04:06:46.875+0200][34053.101s] GC(112) Pause Young (Concurrent Start) (G1 Humongous Allocation)
[2020-05-10T04:06:46.875+0200][34053.101s] GC(112) Using 10 workers of 10 for evacuation
[2020-05-10T04:06:46.877+0200][34053.103s] GC(112)   Pre Evacuate Collection Set: 0.1ms
[2020-05-10T04:06:46.877+0200][34053.103s] GC(112)   Evacuate Collection Set: 0.7ms
[2020-05-10T04:06:46.877+0200][34053.103s] GC(112)   Post Evacuate Collection Set: 0.5ms
[2020-05-10T04:06:46.877+0200][34053.103s] GC(112)   Other: 0.1ms
[2020-05-10T04:06:46.877+0200][34053.103s] GC(112) Eden regions: 0->0(22)
[2020-05-10T04:06:46.877+0200][34053.103s] GC(112) Survivor regions: 2->3(4)
[2020-05-10T04:06:46.877+0200][34053.103s] GC(112) Old regions: 340->340
[2020-05-10T04:06:46.877+0200][34053.103s] GC(112) Humongous regions: 91->91
[2020-05-10T04:06:46.877+0200][34053.103s] GC(112) Metaspace: 58413K->58413K(1101824K)
[2020-05-10T04:06:46.877+0200][34053.103s] GC(112) Pause Young (Concurrent Start) (G1 Humongous Allocation) 432M->432M(512M) 1.532ms
[2020-05-10T04:06:46.877+0200][34053.103s] GC(112) User=0.00s Sys=0.00s Real=0.00s
[2020-05-10T04:06:46.877+0200][34053.103s] GC(113) Concurrent Cycle
[2020-05-10T04:06:46.877+0200][34053.103s] GC(113) Concurrent Clear Claimed Marks
[2020-05-10T04:06:46.877+0200][34053.103s] GC(113) Concurrent Clear Claimed Marks 0.021ms
[2020-05-10T04:06:46.877+0200][34053.103s] GC(113) Concurrent Scan Root Regions
[2020-05-10T04:06:46.877+0200][34053.103s] GC(113) Concurrent Scan Root Regions 0.408ms
[2020-05-10T04:06:46.877+0200][34053.103s] GC(113) Concurrent Mark (34053.103s)
[2020-05-10T04:06:46.877+0200][34053.103s] GC(113) Concurrent Mark From Roots
[2020-05-10T04:06:46.877+0200][34053.103s] GC(113) Using 3 workers of 3 for marking
[2020-05-10T04:06:46.894+0200][34053.120s] GC(113) Concurrent Mark From Roots 16.939ms
[2020-05-10T04:06:46.894+0200][34053.120s] GC(113) Concurrent Preclean
[2020-05-10T04:06:46.894+0200][34053.121s] GC(113) Concurrent Preclean 0.219ms
[2020-05-10T04:06:46.894+0200][34053.121s] GC(113) Concurrent Mark (34053.103s, 34053.121s) 17.219ms
[2020-05-10T04:06:46.895+0200][34053.121s] GC(113) Pause Remark
[2020-05-10T04:06:46.897+0200][34053.123s] GC(113) Cleaned string and symbol table, strings: 27402 processed, 0 removed, symbols: 165083 processed, 0 removed
[2020-05-10T04:06:46.898+0200][34053.124s] GC(113) Pause Remark 454M->387M(512M) 2.997ms
[2020-05-10T04:06:46.898+0200][34053.124s] GC(113) User=0.00s Sys=0.00s Real=0.00s
[2020-05-10T04:06:46.898+0200][34053.124s] GC(113) Concurrent Rebuild Remembered Sets
[2020-05-10T04:06:46.907+0200][34053.133s] GC(113) Concurrent Rebuild Remembered Sets 9.173ms
[2020-05-10T04:06:46.907+0200][34053.133s] GC(113) Pause Cleanup
[2020-05-10T04:06:46.907+0200][34053.133s] GC(113) Pause Cleanup 388M->388M(512M) 0.206ms
[2020-05-10T04:06:46.908+0200][34053.133s] GC(113) User=0.00s Sys=0.00s Real=0.00s
[2020-05-10T04:06:46.908+0200][34053.134s] GC(113) Concurrent Cleanup for Next Mark
[2020-05-10T04:06:46.908+0200][34053.134s] GC(113) Concurrent Cleanup for Next Mark 0.295ms
[2020-05-10T04:06:46.908+0200][34053.134s] GC(113) Concurrent Cycle 31.102ms
[2020-05-10T04:06:47.602+0200][34053.829s] GC(114) Pause Young (Prepare Mixed) (G1 Evacuation Pause)
[2020-05-10T04:06:47.602+0200][34053.829s] GC(114) Using 10 workers of 10 for evacuation
[2020-05-10T04:06:47.604+0200][34053.830s] GC(114)   Pre Evacuate Collection Set: 0.0ms
[2020-05-10T04:06:47.604+0200][34053.830s] GC(114)   Evacuate Collection Set: 0.8ms
[2020-05-10T04:06:47.604+0200][34053.830s] GC(114)   Post Evacuate Collection Set: 0.4ms
[2020-05-10T04:06:47.604+0200][34053.830s] GC(114)   Other: 0.1ms
[2020-05-10T04:06:47.604+0200][34053.830s] GC(114) Eden regions: 22->0(21)
[2020-05-10T04:06:47.604+0200][34053.830s] GC(114) Survivor regions: 3->4(4)
[2020-05-10T04:06:47.604+0200][34053.830s] GC(114) Old regions: 312->314
[2020-05-10T04:06:47.604+0200][34053.830s] GC(114) Humongous regions: 74->59
[2020-05-10T04:06:47.604+0200][34053.830s] GC(114) Metaspace: 58415K->58415K(1101824K)
[2020-05-10T04:06:47.604+0200][34053.830s] GC(114) Pause Young (Prepare Mixed) (G1 Evacuation Pause) 409M->375M(512M) 1.437ms
[2020-05-10T04:06:47.604+0200][34053.830s] GC(114) User=0.00s Sys=0.00s Real=0.00s
[2020-05-10T04:06:47.804+0200][34054.031s] GC(115) Pause Young (Mixed) (G1 Evacuation Pause)
[2020-05-10T04:06:47.805+0200][34054.031s] GC(115) Using 10 workers of 10 for evacuation
[2020-05-10T04:06:47.806+0200][34054.032s] GC(115)   Pre Evacuate Collection Set: 0.0ms
[2020-05-10T04:06:47.806+0200][34054.032s] GC(115)   Evacuate Collection Set: 1.0ms
[2020-05-10T04:06:47.806+0200][34054.032s] GC(115)   Post Evacuate Collection Set: 0.4ms
[2020-05-10T04:06:47.806+0200][34054.032s] GC(115)   Other: 0.1ms
[2020-05-10T04:06:47.806+0200][34054.032s] GC(115) Eden regions: 21->0(21)
[2020-05-10T04:06:47.806+0200][34054.032s] GC(115) Survivor regions: 4->4(4)
[2020-05-10T04:06:47.806+0200][34054.032s] GC(115) Old regions: 314->268
[2020-05-10T04:06:47.806+0200][34054.032s] GC(115) Humongous regions: 59->59
[2020-05-10T04:06:47.806+0200][34054.032s] GC(115) Metaspace: 58415K->58415K(1101824K)
[2020-05-10T04:06:47.806+0200][34054.032s] GC(115) Pause Young (Mixed) (G1 Evacuation Pause) 396M->329M(512M) 1.758ms
[2020-05-10T04:06:47.806+0200][34054.032s] GC(115) User=0.00s Sys=0.00s Real=0.00s
[2020-05-10T04:06:48.100+0200][34054.326s] GC(116) Pause Young (Mixed) (G1 Evacuation Pause)
[2020-05-10T04:06:48.100+0200][34054.326s] GC(116) Using 10 workers of 10 for evacuation
[2020-05-10T04:06:48.101+0200][34054.327s] GC(116)   Pre Evacuate Collection Set: 0.0ms
[2020-05-10T04:06:48.101+0200][34054.327s] GC(116)   Evacuate Collection Set: 1.2ms
[2020-05-10T04:06:48.101+0200][34054.327s] GC(116)   Post Evacuate Collection Set: 0.5ms
[2020-05-10T04:06:48.102+0200][34054.328s] GC(116)   Other: 0.2ms
[2020-05-10T04:06:48.102+0200][34054.328s] GC(116) Eden regions: 21->0(21)
[2020-05-10T04:06:48.102+0200][34054.328s] GC(116) Survivor regions: 4->4(4)
[2020-05-10T04:06:48.102+0200][34054.328s] GC(116) Old regions: 268->225
[2020-05-10T04:06:48.102+0200][34054.328s] GC(116) Humongous regions: 87->87
[2020-05-10T04:06:48.102+0200][34054.328s] GC(116) Metaspace: 58415K->58415K(1101824K)
[2020-05-10T04:06:48.102+0200][34054.328s] GC(116) Pause Young (Mixed) (G1 Evacuation Pause) 378M->315M(512M) 1.970ms
[2020-05-10T04:06:48.102+0200][34054.328s] GC(116) User=0.00s Sys=0.00s Real=0.00s
[2020-05-10T04:06:48.439+0200][34054.666s] GC(117) Pause Young (Mixed) (G1 Evacuation Pause)
[2020-05-10T04:06:48.439+0200][34054.666s] GC(117) Using 10 workers of 10 for evacuation
[2020-05-10T04:06:48.441+0200][34054.668s] GC(117)   Pre Evacuate Collection Set: 0.0ms
[2020-05-10T04:06:48.441+0200][34054.668s] GC(117)   Evacuate Collection Set: 1.5ms
[2020-05-10T04:06:48.441+0200][34054.668s] GC(117)   Post Evacuate Collection Set: 0.5ms
[2020-05-10T04:06:48.441+0200][34054.668s] GC(117)   Other: 0.1ms
[2020-05-10T04:06:48.441+0200][34054.668s] GC(117) Eden regions: 21->0(21)
[2020-05-10T04:06:48.441+0200][34054.668s] GC(117) Survivor regions: 4->4(4)
[2020-05-10T04:06:48.441+0200][34054.668s] GC(117) Old regions: 225->184
[2020-05-10T04:06:48.441+0200][34054.668s] GC(117) Humongous regions: 115->87
[2020-05-10T04:06:48.441+0200][34054.668s] GC(117) Metaspace: 58415K->58415K(1101824K)
[2020-05-10T04:06:48.442+0200][34054.668s] GC(117) Pause Young (Mixed) (G1 Evacuation Pause) 364M->274M(512M) 2.260ms
[2020-05-10T04:06:48.442+0200][34054.668s] GC(117) User=0.00s Sys=0.00s Real=0.00s
[2020-05-10T04:06:49.006+0200][34055.232s] GC(118) Pause Young (Mixed) (G1 Evacuation Pause)
[2020-05-10T04:06:49.006+0200][34055.233s] GC(118) Using 10 workers of 10 for evacuation
[2020-05-10T04:06:49.008+0200][34055.234s] GC(118)   Pre Evacuate Collection Set: 0.0ms
[2020-05-10T04:06:49.008+0200][34055.234s] GC(118)   Evacuate Collection Set: 1.4ms
[2020-05-10T04:06:49.009+0200][34055.234s] GC(118)   Post Evacuate Collection Set: 0.4ms
[2020-05-10T04:06:49.009+0200][34055.234s] GC(118)   Other: 0.1ms
[2020-05-10T04:06:49.009+0200][34055.235s] GC(118) Eden regions: 21->0(22)
[2020-05-10T04:06:49.009+0200][34055.235s] GC(118) Survivor regions: 4->3(4)
[2020-05-10T04:06:49.009+0200][34055.235s] GC(118) Old regions: 184->145
[2020-05-10T04:06:49.009+0200][34055.235s] GC(118) Humongous regions: 87->73
[2020-05-10T04:06:49.009+0200][34055.235s] GC(118) Metaspace: 58422K->58422K(1101824K)
[2020-05-10T04:06:49.009+0200][34055.235s] GC(118) Pause Young (Mixed) (G1 Evacuation Pause) 295M->220M(512M) 2.162ms
[2020-05-10T04:06:49.009+0200][34055.235s] GC(118) User=0.00s Sys=0.00s Real=0.00s
[2020-05-10T04:06:49.070+0200][34055.297s] GC(119) Pause Young (Mixed) (G1 Evacuation Pause)
[2020-05-10T04:06:49.070+0200][34055.297s] GC(119) Using 10 workers of 10 for evacuation
[2020-05-10T04:06:49.072+0200][34055.299s] GC(119)   Pre Evacuate Collection Set: 0.0ms
[2020-05-10T04:06:49.072+0200][34055.299s] GC(119)   Evacuate Collection Set: 0.7ms
[2020-05-10T04:06:49.072+0200][34055.299s] GC(119)   Post Evacuate Collection Set: 0.3ms
[2020-05-10T04:06:49.072+0200][34055.299s] GC(119)   Other: 0.2ms
[2020-05-10T04:06:49.072+0200][34055.299s] GC(119) Eden regions: 22->0(211)
[2020-05-10T04:06:49.072+0200][34055.299s] GC(119) Survivor regions: 3->1(4)
[2020-05-10T04:06:49.072+0200][34055.299s] GC(119) Old regions: 145->138
[2020-05-10T04:06:49.072+0200][34055.299s] GC(119) Humongous regions: 73->73
[2020-05-10T04:06:49.072+0200][34055.299s] GC(119) Metaspace: 58422K->58422K(1101824K)
[2020-05-10T04:06:49.072+0200][34055.299s] GC(119) Pause Young (Mixed) (G1 Evacuation Pause) 242M->211M(512M) 1.384ms
[2020-05-10T04:06:49.072+0200][34055.299s] GC(119) User=0.00s Sys=0.00s Real=0.00s
[2020-05-10T04:06:49.962+0200][34056.189s] GC(120) Pause Young (Normal) (G1 Evacuation Pause)
[2020-05-10T04:06:49.962+0200][34056.189s] GC(120) Using 10 workers of 10 for evacuation
[2020-05-10T04:06:49.964+0200][34056.190s] GC(120)   Pre Evacuate Collection Set: 0.0ms
[2020-05-10T04:06:49.964+0200][34056.190s] GC(120)   Evacuate Collection Set: 0.2ms
[2020-05-10T04:06:49.964+0200][34056.190s] GC(120)   Post Evacuate Collection Set: 0.4ms
[2020-05-10T04:06:49.964+0200][34056.190s] GC(120)   Other: 0.1ms
[2020-05-10T04:06:49.964+0200][34056.190s] GC(120) Eden regions: 211->0(218)
[2020-05-10T04:06:49.964+0200][34056.190s] GC(120) Survivor regions: 1->1(27)
[2020-05-10T04:06:49.964+0200][34056.190s] GC(120) Old regions: 138->138
[2020-05-10T04:06:49.964+0200][34056.190s] GC(120) Humongous regions: 73->73
[2020-05-10T04:06:49.964+0200][34056.190s] GC(120) Metaspace: 58422K->58422K(1101824K)
[2020-05-10T04:06:49.964+0200][34056.190s] GC(120) Pause Young (Normal) (G1 Evacuation Pause) 422M->211M(512M) 0.889ms
[2020-05-10T04:06:49.964+0200][34056.190s] GC(120) User=0.00s Sys=0.00s Real=0.00s
[2020-05-10T04:06:50.948+0200][34057.175s] GC(121) Pause Young (Normal) (G1 Evacuation Pause)
[2020-05-10T04:06:50.948+0200][34057.175s] GC(121) Using 10 workers of 10 for evacuation
[2020-05-10T04:06:50.949+0200][34057.176s] GC(121)   Pre Evacuate Collection Set: 0.0ms
[2020-05-10T04:06:50.949+0200][34057.176s] GC(121)   Evacuate Collection Set: 0.3ms
[2020-05-10T04:06:50.949+0200][34057.176s] GC(121)   Post Evacuate Collection Set: 0.4ms
[2020-05-10T04:06:50.949+0200][34057.176s] GC(121)   Other: 0.2ms
[2020-05-10T04:06:50.949+0200][34057.176s] GC(121) Eden regions: 218->0(224)
[2020-05-10T04:06:50.949+0200][34057.176s] GC(121) Survivor regions: 1->1(28)
[2020-05-10T04:06:50.949+0200][34057.176s] GC(121) Old regions: 138->138
[2020-05-10T04:06:50.949+0200][34057.176s] GC(121) Humongous regions: 73->73
[2020-05-10T04:06:50.949+0200][34057.176s] GC(121) Metaspace: 58422K->58422K(1101824K)
[2020-05-10T04:06:50.949+0200][34057.176s] GC(121) Pause Young (Normal) (G1 Evacuation Pause) 429M->211M(512M) 0.998ms
[2020-05-10T04:06:50.949+0200][34057.176s] GC(121) User=0.16s Sys=0.00s Real=0.00s
[2020-05-10T04:06:51.481+0200][34057.707s] GC(122) Pause Young (Concurrent Start) (G1 Evacuation Pause)
[2020-05-10T04:06:51.481+0200][34057.707s] GC(122) Using 10 workers of 10 for evacuation
[2020-05-10T04:06:51.482+0200][34057.708s] GC(122)   Pre Evacuate Collection Set: 0.1ms
[2020-05-10T04:06:51.482+0200][34057.708s] GC(122)   Evacuate Collection Set: 0.5ms
[2020-05-10T04:06:51.482+0200][34057.708s] GC(122)   Post Evacuate Collection Set: 0.5ms
[2020-05-10T04:06:51.482+0200][34057.708s] GC(122)   Other: 0.1ms
[2020-05-10T04:06:51.482+0200][34057.708s] GC(122) Eden regions: 224->0(228)
[2020-05-10T04:06:51.482+0200][34057.709s] GC(122) Survivor regions: 1->1(29)
[2020-05-10T04:06:51.482+0200][34057.709s] GC(122) Old regions: 138->138
[2020-05-10T04:06:51.482+0200][34057.709s] GC(122) Humongous regions: 73->73
[2020-05-10T04:06:51.482+0200][34057.709s] GC(122) Metaspace: 58422K->58422K(1101824K)
[2020-05-10T04:06:51.482+0200][34057.709s] GC(122) Pause Young (Concurrent Start) (G1 Evacuation Pause) 435M->211M(512M) 1.247ms
[2020-05-10T04:06:51.482+0200][34057.709s] GC(122) User=0.00s Sys=0.00s Real=0.00s
[2020-05-10T04:06:51.482+0200][34057.709s] GC(123) Concurrent Cycle
[2020-05-10T04:06:51.482+0200][34057.709s] GC(123) Concurrent Clear Claimed Marks
[2020-05-10T04:06:51.482+0200][34057.709s] GC(123) Concurrent Clear Claimed Marks 0.019ms
[2020-05-10T04:06:51.482+0200][34057.709s] GC(123) Concurrent Scan Root Regions
[2020-05-10T04:06:51.482+0200][34057.709s] GC(123) Concurrent Scan Root Regions 0.297ms
[2020-05-10T04:06:51.482+0200][34057.709s] GC(123) Concurrent Mark (34057.709s)
[2020-05-10T04:06:51.482+0200][34057.709s] GC(123) Concurrent Mark From Roots
[2020-05-10T04:06:51.482+0200][34057.709s] GC(123) Using 3 workers of 3 for marking
[2020-05-10T04:06:51.499+0200][34057.726s] GC(123) Concurrent Mark From Roots 16.658ms
[2020-05-10T04:06:51.499+0200][34057.726s] GC(123) Concurrent Preclean
[2020-05-10T04:06:51.499+0200][34057.726s] GC(123) Concurrent Preclean 0.216ms
[2020-05-10T04:06:51.499+0200][34057.726s] GC(123) Concurrent Mark (34057.709s, 34057.726s) 16.961ms
[2020-05-10T04:06:51.499+0200][34057.726s] GC(123) Pause Remark
[2020-05-10T04:06:51.503+0200][34057.729s] GC(123) Cleaned string and symbol table, strings: 27408 processed, 0 removed, symbols: 165083 processed, 0 removed
[2020-05-10T04:06:51.503+0200][34057.729s] GC(123) Pause Remark 220M->192M(512M) 2.926ms
[2020-05-10T04:06:51.503+0200][34057.729s] GC(123) User=0.00s Sys=0.00s Real=0.00s
[2020-05-10T04:06:51.503+0200][34057.729s] GC(123) Concurrent Rebuild Remembered Sets
[2020-05-10T04:06:51.511+0200][34057.738s] GC(123) Concurrent Rebuild Remembered Sets 9.109ms
[2020-05-10T04:06:51.512+0200][34057.739s] GC(123) Pause Cleanup
[2020-05-10T04:06:51.513+0200][34057.739s] GC(123) Pause Cleanup 197M->197M(512M) 0.155ms
[2020-05-10T04:06:51.513+0200][34057.739s] GC(123) User=0.00s Sys=0.00s Real=0.00s
[2020-05-10T04:06:51.513+0200][34057.739s] GC(123) Concurrent Cleanup for Next Mark
[2020-05-10T04:06:51.513+0200][34057.739s] GC(123) Concurrent Cleanup for Next Mark 0.235ms
[2020-05-10T04:06:51.513+0200][34057.739s] GC(123) Concurrent Cycle 30.460ms
[2020-05-10T04:06:52.025+0200][34058.251s] GC(124) Pause Young (Prepare Mixed) (G1 Evacuation Pause)
[2020-05-10T04:06:52.025+0200][34058.251s] GC(124) Using 10 workers of 10 for evacuation
[2020-05-10T04:06:52.026+0200][34058.253s] GC(124)   Pre Evacuate Collection Set: 0.0ms
[2020-05-10T04:06:52.026+0200][34058.253s] GC(124)   Evacuate Collection Set: 0.8ms
[2020-05-10T04:06:52.026+0200][34058.253s] GC(124)   Post Evacuate Collection Set: 0.5ms
[2020-05-10T04:06:52.026+0200][34058.253s] GC(124)   Other: 0.2ms
[2020-05-10T04:06:52.026+0200][34058.253s] GC(124) Eden regions: 228->0(17)
[2020-05-10T04:06:52.026+0200][34058.253s] GC(124) Survivor regions: 1->8(29)
[2020-05-10T04:06:52.026+0200][34058.253s] GC(124) Old regions: 138->138
[2020-05-10T04:06:52.026+0200][34058.253s] GC(124) Humongous regions: 47->47
[2020-05-10T04:06:52.026+0200][34058.253s] GC(124) Metaspace: 58430K->58430K(1101824K)
[2020-05-10T04:06:52.026+0200][34058.253s] GC(124) Pause Young (Prepare Mixed) (G1 Evacuation Pause) 413M->192M(512M) 1.594ms
[2020-05-10T04:06:52.026+0200][34058.253s] GC(124) User=0.00s Sys=0.00s Real=0.00s
[2020-05-10T04:06:52.498+0200][34058.725s] GC(125) Pause Young (Mixed) (G1 Evacuation Pause)
[2020-05-10T04:06:52.498+0200][34058.725s] GC(125) Using 10 workers of 10 for evacuation
[2020-05-10T04:06:52.501+0200][34058.727s] GC(125)   Pre Evacuate Collection Set: 0.0ms
[2020-05-10T04:06:52.501+0200][34058.727s] GC(125)   Evacuate Collection Set: 1.0ms
[2020-05-10T04:06:52.501+0200][34058.727s] GC(125)   Post Evacuate Collection Set: 0.5ms
[2020-05-10T04:06:52.501+0200][34058.727s] GC(125)   Other: 0.2ms
[2020-05-10T04:06:52.501+0200][34058.727s] GC(125) Eden regions: 17->0(240)
[2020-05-10T04:06:52.501+0200][34058.727s] GC(125) Survivor regions: 8->4(4)
[2020-05-10T04:06:52.501+0200][34058.727s] GC(125) Old regions: 138->144
[2020-05-10T04:06:52.501+0200][34058.727s] GC(125) Humongous regions: 47->47
[2020-05-10T04:06:52.501+0200][34058.727s] GC(125) Metaspace: 58431K->58431K(1101824K)
[2020-05-10T04:06:52.501+0200][34058.727s] GC(125) Pause Young (Mixed) (G1 Evacuation Pause) 209M->194M(512M) 1.745ms
[2020-05-10T04:06:52.501+0200][34058.727s] GC(125) User=0.00s Sys=0.00s Real=0.00s
[2020-05-10T04:06:54.618+0200][34060.844s] GC(126) Pause Young (Normal) (G1 Evacuation Pause)
[2020-05-10T04:06:54.618+0200][34060.844s] GC(126) Using 10 workers of 10 for evacuation
[2020-05-10T04:06:54.622+0200][34060.848s] GC(126) To-space exhausted
[2020-05-10T04:06:54.622+0200][34060.849s] GC(126)   Pre Evacuate Collection Set: 0.0ms
[2020-05-10T04:06:54.622+0200][34060.849s] GC(126)   Evacuate Collection Set: 0.7ms
[2020-05-10T04:06:54.622+0200][34060.849s] GC(126)   Post Evacuate Collection Set: 3.7ms
[2020-05-10T04:06:54.622+0200][34060.849s] GC(126)   Other: 0.2ms
[2020-05-10T04:06:54.622+0200][34060.849s] GC(126) Eden regions: 204->0(46)
[2020-05-10T04:06:54.622+0200][34060.849s] GC(126) Survivor regions: 4->0(31)
[2020-05-10T04:06:54.622+0200][34060.849s] GC(126) Old regions: 144->331
[2020-05-10T04:06:54.622+0200][34060.849s] GC(126) Humongous regions: 160->72
[2020-05-10T04:06:54.622+0200][34060.849s] GC(126) Metaspace: 58437K->58437K(1101824K)
[2020-05-10T04:06:54.622+0200][34060.849s] GC(126) Pause Young (Normal) (G1 Evacuation Pause) 511M->403M(512M) 4.679ms
[2020-05-10T04:06:54.623+0200][34060.849s] GC(126) User=0.16s Sys=0.00s Real=0.00s
[2020-05-10T04:06:54.690+0200][34060.916s] GC(127) Pause Young (Concurrent Start) (G1 Humongous Allocation)
[2020-05-10T04:06:54.690+0200][34060.916s] GC(127) Using 10 workers of 10 for evacuation
[2020-05-10T04:06:54.691+0200][34060.917s] GC(127)   Pre Evacuate Collection Set: 0.1ms
[2020-05-10T04:06:54.692+0200][34060.917s] GC(127)   Evacuate Collection Set: 0.9ms
[2020-05-10T04:06:54.692+0200][34060.917s] GC(127)   Post Evacuate Collection Set: 0.3ms
[2020-05-10T04:06:54.692+0200][34060.918s] GC(127)   Other: 0.1ms
[2020-05-10T04:06:54.692+0200][34060.918s] GC(127) Eden regions: 15->0(43)
[2020-05-10T04:06:54.692+0200][34060.918s] GC(127) Survivor regions: 0->4(6)
[2020-05-10T04:06:54.692+0200][34060.918s] GC(127) Old regions: 331->331
[2020-05-10T04:06:54.692+0200][34060.918s] GC(127) Humongous regions: 72->72
[2020-05-10T04:06:54.692+0200][34060.918s] GC(127) Metaspace: 58437K->58437K(1101824K)
[2020-05-10T04:06:54.692+0200][34060.918s] GC(127) Pause Young (Concurrent Start) (G1 Humongous Allocation) 417M->406M(512M) 1.541ms
[2020-05-10T04:06:54.692+0200][34060.918s] GC(127) User=0.00s Sys=0.00s Real=0.00s
[2020-05-10T04:06:54.692+0200][34060.918s] GC(128) Concurrent Cycle
[2020-05-10T04:06:54.692+0200][34060.918s] GC(128) Concurrent Clear Claimed Marks
[2020-05-10T04:06:54.692+0200][34060.918s] GC(128) Concurrent Clear Claimed Marks 0.023ms
[2020-05-10T04:06:54.692+0200][34060.918s] GC(128) Concurrent Scan Root Regions
[2020-05-10T04:06:54.692+0200][34060.918s] GC(128) Concurrent Scan Root Regions 0.280ms
[2020-05-10T04:06:54.692+0200][34060.918s] GC(128) Concurrent Mark (34060.918s)
[2020-05-10T04:06:54.692+0200][34060.918s] GC(128) Concurrent Mark From Roots
[2020-05-10T04:06:54.692+0200][34060.918s] GC(128) Using 3 workers of 3 for marking
[2020-05-10T04:06:54.708+0200][34060.935s] GC(128) Concurrent Mark From Roots 17.062ms
[2020-05-10T04:06:54.708+0200][34060.935s] GC(128) Concurrent Preclean
[2020-05-10T04:06:54.708+0200][34060.935s] GC(128) Concurrent Preclean 0.226ms
[2020-05-10T04:06:54.708+0200][34060.935s] GC(128) Concurrent Mark (34060.918s, 34060.935s) 17.344ms
[2020-05-10T04:06:54.710+0200][34060.936s] GC(128) Pause Remark
[2020-05-10T04:06:54.712+0200][34060.938s] GC(128) Cleaned string and symbol table, strings: 27408 processed, 0 removed, symbols: 165083 processed, 0 removed
[2020-05-10T04:06:54.712+0200][34060.938s] GC(128) Pause Remark 411M->351M(512M) 2.790ms
[2020-05-10T04:06:54.712+0200][34060.938s] GC(128) User=0.00s Sys=0.00s Real=0.00s
[2020-05-10T04:06:54.713+0200][34060.939s] GC(128) Concurrent Rebuild Remembered Sets
[2020-05-10T04:06:54.722+0200][34060.948s] GC(128) Concurrent Rebuild Remembered Sets 9.662ms
[2020-05-10T04:06:54.722+0200][34060.948s] GC(128) Pause Cleanup
[2020-05-10T04:06:54.723+0200][34060.949s] GC(128) Pause Cleanup 353M->353M(512M) 0.174ms
[2020-05-10T04:06:54.723+0200][34060.949s] GC(128) User=0.00s Sys=0.00s Real=0.00s
[2020-05-10T04:06:54.723+0200][34060.949s] GC(128) Concurrent Cleanup for Next Mark
[2020-05-10T04:06:54.723+0200][34060.949s] GC(128) Concurrent Cleanup for Next Mark 0.225ms
[2020-05-10T04:06:54.723+0200][34060.949s] GC(128) Concurrent Cycle 31.284ms
[2020-05-10T04:06:54.822+0200][34061.048s] GC(129) Pause Young (Prepare Mixed) (G1 Evacuation Pause)
[2020-05-10T04:06:54.822+0200][34061.048s] GC(129) Using 10 workers of 10 for evacuation
[2020-05-10T04:06:54.822+0200][34061.049s] GC(129)   Pre Evacuate Collection Set: 0.0ms
[2020-05-10T04:06:54.822+0200][34061.049s] GC(129)   Evacuate Collection Set: 0.6ms
[2020-05-10T04:06:54.822+0200][34061.049s] GC(129)   Post Evacuate Collection Set: 0.4ms
[2020-05-10T04:06:54.822+0200][34061.049s] GC(129)   Other: 0.1ms
[2020-05-10T04:06:54.822+0200][34061.049s] GC(129) Eden regions: 43->0(21)
[2020-05-10T04:06:54.822+0200][34061.049s] GC(129) Survivor regions: 4->4(6)
[2020-05-10T04:06:54.822+0200][34061.049s] GC(129) Old regions: 311->313
[2020-05-10T04:06:54.822+0200][34061.049s] GC(129) Humongous regions: 34->34
[2020-05-10T04:06:54.822+0200][34061.049s] GC(129) Metaspace: 58437K->58437K(1101824K)
[2020-05-10T04:06:54.822+0200][34061.049s] GC(129) Pause Young (Prepare Mixed) (G1 Evacuation Pause) 391M->350M(512M) 1.275ms
[2020-05-10T04:06:54.822+0200][34061.049s] GC(129) User=0.00s Sys=0.00s Real=0.00s
[2020-05-10T04:06:54.894+0200][34061.121s] GC(130) Pause Young (Mixed) (G1 Evacuation Pause)
[2020-05-10T04:06:54.894+0200][34061.121s] GC(130) Using 10 workers of 10 for evacuation
[2020-05-10T04:06:54.895+0200][34061.122s] GC(130)   Pre Evacuate Collection Set: 0.0ms
[2020-05-10T04:06:54.895+0200][34061.122s] GC(130)   Evacuate Collection Set: 0.6ms
[2020-05-10T04:06:54.895+0200][34061.122s] GC(130)   Post Evacuate Collection Set: 0.4ms
[2020-05-10T04:06:54.895+0200][34061.122s] GC(130)   Other: 0.1ms
[2020-05-10T04:06:54.895+0200][34061.122s] GC(130) Eden regions: 21->0(24)
[2020-05-10T04:06:54.895+0200][34061.122s] GC(130) Survivor regions: 4->1(4)
[2020-05-10T04:06:54.895+0200][34061.122s] GC(130) Old regions: 313->266
[2020-05-10T04:06:54.895+0200][34061.122s] GC(130) Humongous regions: 34->34
[2020-05-10T04:06:54.895+0200][34061.122s] GC(130) Metaspace: 58437K->58437K(1101824K)
[2020-05-10T04:06:54.895+0200][34061.122s] GC(130) Pause Young (Mixed) (G1 Evacuation Pause) 371M->299M(512M) 1.250ms
[2020-05-10T04:06:54.895+0200][34061.122s] GC(130) User=0.00s Sys=0.00s Real=0.00s
[2020-05-10T04:06:54.976+0200][34061.202s] GC(131) Pause Young (Mixed) (G1 Evacuation Pause)
[2020-05-10T04:06:54.976+0200][34061.202s] GC(131) Using 10 workers of 10 for evacuation
[2020-05-10T04:06:54.977+0200][34061.204s] GC(131)   Pre Evacuate Collection Set: 0.0ms
[2020-05-10T04:06:54.977+0200][34061.204s] GC(131)   Evacuate Collection Set: 0.6ms
[2020-05-10T04:06:54.977+0200][34061.204s] GC(131)   Post Evacuate Collection Set: 0.4ms
[2020-05-10T04:06:54.977+0200][34061.204s] GC(131)   Other: 0.1ms
[2020-05-10T04:06:54.977+0200][34061.204s] GC(131) Eden regions: 24->0(24)
[2020-05-10T04:06:54.977+0200][34061.204s] GC(131) Survivor regions: 1->1(4)
[2020-05-10T04:06:54.977+0200][34061.204s] GC(131) Old regions: 266->217
[2020-05-10T04:06:54.977+0200][34061.204s] GC(131) Humongous regions: 34->34
[2020-05-10T04:06:54.977+0200][34061.204s] GC(131) Metaspace: 58437K->58437K(1101824K)
[2020-05-10T04:06:54.977+0200][34061.204s] GC(131) Pause Young (Mixed) (G1 Evacuation Pause) 323M->250M(512M) 1.271ms
[2020-05-10T04:06:54.977+0200][34061.204s] GC(131) User=0.00s Sys=0.00s Real=0.00s
[2020-05-10T04:06:55.048+0200][34061.275s] GC(132) Pause Young (Mixed) (G1 Evacuation Pause)
[2020-05-10T04:06:55.048+0200][34061.275s] GC(132) Using 10 workers of 10 for evacuation
[2020-05-10T04:06:55.050+0200][34061.277s] GC(132)   Pre Evacuate Collection Set: 0.0ms
[2020-05-10T04:06:55.050+0200][34061.277s] GC(132)   Evacuate Collection Set: 0.9ms
[2020-05-10T04:06:55.050+0200][34061.277s] GC(132)   Post Evacuate Collection Set: 0.4ms
[2020-05-10T04:06:55.050+0200][34061.277s] GC(132)   Other: 0.1ms
[2020-05-10T04:06:55.050+0200][34061.277s] GC(132) Eden regions: 24->0(24)
[2020-05-10T04:06:55.050+0200][34061.277s] GC(132) Survivor regions: 1->1(4)
[2020-05-10T04:06:55.050+0200][34061.277s] GC(132) Old regions: 217->171
[2020-05-10T04:06:55.050+0200][34061.277s] GC(132) Humongous regions: 34->34
[2020-05-10T04:06:55.050+0200][34061.277s] GC(132) Metaspace: 58439K->58439K(1101824K)
[2020-05-10T04:06:55.050+0200][34061.277s] GC(132) Pause Young (Mixed) (G1 Evacuation Pause) 274M->205M(512M) 1.532ms
[2020-05-10T04:06:55.050+0200][34061.277s] GC(132) User=0.00s Sys=0.00s Real=0.00s
[2020-05-10T04:06:55.098+0200][34061.325s] GC(133) Pause Young (Mixed) (G1 Evacuation Pause)
[2020-05-10T04:06:55.098+0200][34061.325s] GC(133) Using 10 workers of 10 for evacuation
[2020-05-10T04:06:55.100+0200][34061.326s] GC(133)   Pre Evacuate Collection Set: 0.0ms
[2020-05-10T04:06:55.100+0200][34061.326s] GC(133)   Evacuate Collection Set: 1.1ms
[2020-05-10T04:06:55.100+0200][34061.326s] GC(133)   Post Evacuate Collection Set: 0.4ms
[2020-05-10T04:06:55.100+0200][34061.326s] GC(133)   Other: 0.1ms
[2020-05-10T04:06:55.100+0200][34061.326s] GC(133) Eden regions: 24->0(22)
[2020-05-10T04:06:55.100+0200][34061.326s] GC(133) Survivor regions: 1->3(4)
[2020-05-10T04:06:55.100+0200][34061.326s] GC(133) Old regions: 171->127
[2020-05-10T04:06:55.100+0200][34061.326s] GC(133) Humongous regions: 34->34
[2020-05-10T04:06:55.100+0200][34061.326s] GC(133) Metaspace: 58439K->58439K(1101824K)
[2020-05-10T04:06:55.100+0200][34061.326s] GC(133) Pause Young (Mixed) (G1 Evacuation Pause) 229M->162M(512M) 1.757ms
[2020-05-10T04:06:55.100+0200][34061.326s] GC(133) User=0.00s Sys=0.00s Real=0.00s
[2020-05-10T04:06:55.141+0200][34061.367s] GC(134) Pause Young (Mixed) (G1 Evacuation Pause)
[2020-05-10T04:06:55.141+0200][34061.367s] GC(134) Using 10 workers of 10 for evacuation
[2020-05-10T04:06:55.143+0200][34061.369s] GC(134)   Pre Evacuate Collection Set: 0.0ms
[2020-05-10T04:06:55.143+0200][34061.369s] GC(134)   Evacuate Collection Set: 1.1ms
[2020-05-10T04:06:55.143+0200][34061.369s] GC(134)   Post Evacuate Collection Set: 0.4ms
[2020-05-10T04:06:55.143+0200][34061.369s] GC(134)   Other: 0.2ms
[2020-05-10T04:06:55.143+0200][34061.369s] GC(134) Eden regions: 22->0(293)
[2020-05-10T04:06:55.143+0200][34061.369s] GC(134) Survivor regions: 3->4(4)
[2020-05-10T04:06:55.143+0200][34061.369s] GC(134) Old regions: 127->105
[2020-05-10T04:06:55.143+0200][34061.369s] GC(134) Humongous regions: 34->34
[2020-05-10T04:06:55.143+0200][34061.369s] GC(134) Metaspace: 58439K->58439K(1101824K)
[2020-05-10T04:06:55.143+0200][34061.369s] GC(134) Pause Young (Mixed) (G1 Evacuation Pause) 184M->142M(512M) 1.826ms
[2020-05-10T04:06:55.143+0200][34061.369s] GC(134) User=0.00s Sys=0.00s Real=0.00s
[2020-05-10T04:06:55.697+0200][34061.924s] GC(135) Pause Young (Normal) (G1 Evacuation Pause)
[2020-05-10T04:06:55.697+0200][34061.924s] GC(135) Using 10 workers of 10 for evacuation
[2020-05-10T04:06:55.700+0200][34061.926s] GC(135)   Pre Evacuate Collection Set: 0.0ms
[2020-05-10T04:06:55.700+0200][34061.926s] GC(135)   Evacuate Collection Set: 1.3ms
[2020-05-10T04:06:55.700+0200][34061.926s] GC(135)   Post Evacuate Collection Set: 0.4ms
[2020-05-10T04:06:55.700+0200][34061.926s] GC(135)   Other: 0.1ms
[2020-05-10T04:06:55.700+0200][34061.926s] GC(135) Eden regions: 293->0(273)
[2020-05-10T04:06:55.700+0200][34061.926s] GC(135) Survivor regions: 4->17(38)
[2020-05-10T04:06:55.700+0200][34061.926s] GC(135) Old regions: 105->105
[2020-05-10T04:06:55.700+0200][34061.926s] GC(135) Humongous regions: 41->37
[2020-05-10T04:06:55.700+0200][34061.926s] GC(135) Metaspace: 58439K->58439K(1101824K)
[2020-05-10T04:06:55.700+0200][34061.926s] GC(135) Pause Young (Normal) (G1 Evacuation Pause) 442M->157M(512M) 2.028ms
[2020-05-10T04:06:55.700+0200][34061.926s] GC(135) User=0.02s Sys=0.00s Real=0.00s
[2020-05-10T04:06:56.169+0200][34062.395s] GC(136) Pause Young (Concurrent Start) (G1 Humongous Allocation)
[2020-05-10T04:06:56.169+0200][34062.395s] GC(136) Using 10 workers of 10 for evacuation
[2020-05-10T04:06:56.171+0200][34062.397s] GC(136)   Pre Evacuate Collection Set: 0.1ms
[2020-05-10T04:06:56.172+0200][34062.397s] GC(136)   Evacuate Collection Set: 1.5ms
[2020-05-10T04:06:56.172+0200][34062.397s] GC(136)   Post Evacuate Collection Set: 0.4ms
[2020-05-10T04:06:56.172+0200][34062.397s] GC(136)   Other: 0.1ms
[2020-05-10T04:06:56.172+0200][34062.398s] GC(136) Eden regions: 196->0(276)
[2020-05-10T04:06:56.172+0200][34062.398s] GC(136) Survivor regions: 17->18(37)
[2020-05-10T04:06:56.172+0200][34062.398s] GC(136) Old regions: 105->105
[2020-05-10T04:06:56.172+0200][34062.398s] GC(136) Humongous regions: 37->37
[2020-05-10T04:06:56.172+0200][34062.398s] GC(136) Metaspace: 58449K->58449K(1101824K)
[2020-05-10T04:06:56.172+0200][34062.398s] GC(136) Pause Young (Concurrent Start) (G1 Humongous Allocation) 353M->159M(512M) 2.273ms
[2020-05-10T04:06:56.172+0200][34062.398s] GC(136) User=0.00s Sys=0.00s Real=0.00s
[2020-05-10T04:06:56.172+0200][34062.398s] GC(137) Concurrent Cycle
[2020-05-10T04:06:56.172+0200][34062.398s] GC(137) Concurrent Clear Claimed Marks
[2020-05-10T04:06:56.172+0200][34062.398s] GC(137) Concurrent Clear Claimed Marks 0.053ms
[2020-05-10T04:06:56.172+0200][34062.398s] GC(137) Concurrent Scan Root Regions
[2020-05-10T04:06:56.172+0200][34062.398s] GC(137) Concurrent Scan Root Regions 0.380ms
[2020-05-10T04:06:56.172+0200][34062.398s] GC(137) Concurrent Mark (34062.398s)
[2020-05-10T04:06:56.172+0200][34062.398s] GC(137) Concurrent Mark From Roots
[2020-05-10T04:06:56.172+0200][34062.398s] GC(137) Using 3 workers of 3 for marking
[2020-05-10T04:06:56.187+0200][34062.414s] GC(137) Concurrent Mark From Roots 16.179ms
[2020-05-10T04:06:56.187+0200][34062.414s] GC(137) Concurrent Preclean
[2020-05-10T04:06:56.188+0200][34062.415s] GC(137) Concurrent Preclean 0.216ms
[2020-05-10T04:06:56.188+0200][34062.415s] GC(137) Concurrent Mark (34062.398s, 34062.415s) 16.464ms
[2020-05-10T04:06:56.188+0200][34062.415s] GC(137) Pause Remark
[2020-05-10T04:06:56.191+0200][34062.417s] GC(137) Cleaned string and symbol table, strings: 27410 processed, 0 removed, symbols: 165083 processed, 0 removed
[2020-05-10T04:06:56.191+0200][34062.418s] GC(137) Pause Remark 166M->160M(512M) 2.791ms
[2020-05-10T04:06:56.191+0200][34062.418s] GC(137) User=0.00s Sys=0.00s Real=0.00s
[2020-05-10T04:06:56.191+0200][34062.418s] GC(137) Concurrent Rebuild Remembered Sets
[2020-05-10T04:06:56.200+0200][34062.426s] GC(137) Concurrent Rebuild Remembered Sets 8.531ms
[2020-05-10T04:06:56.200+0200][34062.427s] GC(137) Pause Cleanup
[2020-05-10T04:06:56.200+0200][34062.427s] GC(137) Pause Cleanup 161M->161M(512M) 0.160ms
[2020-05-10T04:06:56.200+0200][34062.427s] GC(137) User=0.00s Sys=0.00s Real=0.00s
[2020-05-10T04:06:56.200+0200][34062.427s] GC(137) Concurrent Cleanup for Next Mark
[2020-05-10T04:06:56.200+0200][34062.427s] GC(137) Concurrent Cleanup for Next Mark 0.208ms
[2020-05-10T04:06:56.200+0200][34062.427s] GC(137) Concurrent Cycle 29.467ms
[2020-05-10T04:06:56.972+0200][34063.198s] GC(138) Pause Young (Prepare Mixed) (G1 Evacuation Pause)
[2020-05-10T04:06:56.972+0200][34063.198s] GC(138) Using 10 workers of 10 for evacuation
[2020-05-10T04:06:56.975+0200][34063.201s] GC(138)   Pre Evacuate Collection Set: 0.0ms
[2020-05-10T04:06:56.975+0200][34063.201s] GC(138)   Evacuate Collection Set: 2.4ms
[2020-05-10T04:06:56.975+0200][34063.201s] GC(138)   Post Evacuate Collection Set: 0.6ms
[2020-05-10T04:06:56.975+0200][34063.201s] GC(138)   Other: 0.1ms
[2020-05-10T04:06:56.975+0200][34063.201s] GC(138) Eden regions: 276->0(1)
[2020-05-10T04:06:56.975+0200][34063.201s] GC(138) Survivor regions: 18->30(37)
[2020-05-10T04:06:56.975+0200][34063.201s] GC(138) Old regions: 105->105
[2020-05-10T04:06:56.975+0200][34063.201s] GC(138) Humongous regions: 62->42
[2020-05-10T04:06:56.975+0200][34063.201s] GC(138) Metaspace: 58456K->58456K(1101824K)
[2020-05-10T04:06:56.975+0200][34063.201s] GC(138) Pause Young (Prepare Mixed) (G1 Evacuation Pause) 460M->176M(512M) 3.226ms
[2020-05-10T04:06:56.975+0200][34063.201s] GC(138) User=0.00s Sys=0.00s Real=0.00s
[2020-05-10T04:06:56.983+0200][34063.209s] GC(139) Pause Young (Mixed) (G1 Evacuation Pause)
[2020-05-10T04:06:56.983+0200][34063.209s] GC(139) Using 10 workers of 10 for evacuation
[2020-05-10T04:06:56.986+0200][34063.212s] GC(139)   Pre Evacuate Collection Set: 0.0ms
[2020-05-10T04:06:56.986+0200][34063.212s] GC(139)   Evacuate Collection Set: 2.6ms
[2020-05-10T04:06:56.986+0200][34063.213s] GC(139)   Post Evacuate Collection Set: 0.4ms
[2020-05-10T04:06:56.986+0200][34063.213s] GC(139)   Other: 0.2ms
[2020-05-10T04:06:56.986+0200][34063.213s] GC(139) Eden regions: 1->0(260)
[2020-05-10T04:06:56.986+0200][34063.213s] GC(139) Survivor regions: 30->1(4)
[2020-05-10T04:06:56.986+0200][34063.213s] GC(139) Old regions: 105->129
[2020-05-10T04:06:56.986+0200][34063.213s] GC(139) Humongous regions: 42->42
[2020-05-10T04:06:56.986+0200][34063.213s] GC(139) Metaspace: 58456K->58456K(1101824K)
[2020-05-10T04:06:56.986+0200][34063.213s] GC(139) Pause Young (Mixed) (G1 Evacuation Pause) 176M->170M(512M) 3.310ms
[2020-05-10T04:06:56.986+0200][34063.213s] GC(139) User=0.00s Sys=0.00s Real=0.00s
[2020-05-10T04:06:59.443+0200][34065.669s] GC(140) Pause Young (Normal) (G1 Evacuation Pause)
[2020-05-10T04:06:59.443+0200][34065.669s] GC(140) Using 10 workers of 10 for evacuation
[2020-05-10T04:06:59.446+0200][34065.673s] GC(140) To-space exhausted
[2020-05-10T04:06:59.446+0200][34065.673s] GC(140)   Pre Evacuate Collection Set: 0.0ms
[2020-05-10T04:06:59.446+0200][34065.673s] GC(140)   Evacuate Collection Set: 0.6ms
[2020-05-10T04:06:59.446+0200][34065.673s] GC(140)   Post Evacuate Collection Set: 2.9ms
[2020-05-10T04:06:59.446+0200][34065.673s] GC(140)   Other: 0.1ms
[2020-05-10T04:06:59.446+0200][34065.673s] GC(140) Eden regions: 243->0(112)
[2020-05-10T04:06:59.446+0200][34065.673s] GC(140) Survivor regions: 1->0(33)
[2020-05-10T04:06:59.447+0200][34065.673s] GC(140) Old regions: 129->273
[2020-05-10T04:06:59.447+0200][34065.673s] GC(140) Humongous regions: 139->61
[2020-05-10T04:06:59.447+0200][34065.673s] GC(140) Metaspace: 58468K->58468K(1101824K)
[2020-05-10T04:06:59.447+0200][34065.673s] GC(140) Pause Young (Normal) (G1 Evacuation Pause) 510M->333M(512M) 3.789ms
[2020-05-10T04:06:59.447+0200][34065.673s] GC(140) User=0.00s Sys=0.00s Real=0.00s
[2020-05-10T04:06:59.766+0200][34065.993s] GC(141) Pause Young (Normal) (G1 Evacuation Pause)
[2020-05-10T04:06:59.766+0200][34065.993s] GC(141) Using 10 workers of 10 for evacuation
[2020-05-10T04:06:59.767+0200][34065.994s] GC(141)   Pre Evacuate Collection Set: 0.0ms
[2020-05-10T04:06:59.767+0200][34065.994s] GC(141)   Evacuate Collection Set: 0.4ms
[2020-05-10T04:06:59.767+0200][34065.994s] GC(141)   Post Evacuate Collection Set: 0.4ms
[2020-05-10T04:06:59.767+0200][34065.994s] GC(141)   Other: 0.1ms
[2020-05-10T04:06:59.767+0200][34065.994s] GC(141) Eden regions: 112->0(113)
[2020-05-10T04:06:59.767+0200][34065.994s] GC(141) Survivor regions: 0->1(14)
[2020-05-10T04:06:59.767+0200][34065.994s] GC(141) Old regions: 273->273
[2020-05-10T04:06:59.767+0200][34065.994s] GC(141) Humongous regions: 61->61
[2020-05-10T04:06:59.767+0200][34065.994s] GC(141) Metaspace: 58470K->58470K(1101824K)
[2020-05-10T04:06:59.767+0200][34065.994s] GC(141) Pause Young (Normal) (G1 Evacuation Pause) 445M->333M(512M) 1.034ms
[2020-05-10T04:06:59.767+0200][34065.994s] GC(141) User=0.00s Sys=0.00s Real=0.00s
[2020-05-10T04:07:03.509+0200][34069.735s] GC(142) Pause Young (Concurrent Start) (G1 Evacuation Pause)
[2020-05-10T04:07:03.509+0200][34069.735s] GC(142) Using 10 workers of 10 for evacuation
[2020-05-10T04:07:03.510+0200][34069.736s] GC(142)   Pre Evacuate Collection Set: 0.1ms
[2020-05-10T04:07:03.510+0200][34069.736s] GC(142)   Evacuate Collection Set: 0.7ms
[2020-05-10T04:07:03.510+0200][34069.736s] GC(142)   Post Evacuate Collection Set: 0.3ms
[2020-05-10T04:07:03.510+0200][34069.736s] GC(142)   Other: 0.1ms
[2020-05-10T04:07:03.510+0200][34069.736s] GC(142) Eden regions: 113->0(114)
[2020-05-10T04:07:03.510+0200][34069.736s] GC(142) Survivor regions: 1->2(15)
[2020-05-10T04:07:03.510+0200][34069.736s] GC(142) Old regions: 273->273
[2020-05-10T04:07:03.510+0200][34069.736s] GC(142) Humongous regions: 61->61
[2020-05-10T04:07:03.510+0200][34069.736s] GC(142) Metaspace: 58490K->58490K(1101824K)
[2020-05-10T04:07:03.510+0200][34069.736s] GC(142) Pause Young (Concurrent Start) (G1 Evacuation Pause) 446M->334M(512M) 1.328ms
[2020-05-10T04:07:03.510+0200][34069.736s] GC(142) User=0.00s Sys=0.00s Real=0.00s
[2020-05-10T04:07:03.510+0200][34069.736s] GC(143) Concurrent Cycle
[2020-05-10T04:07:03.510+0200][34069.736s] GC(143) Concurrent Clear Claimed Marks
[2020-05-10T04:07:03.510+0200][34069.736s] GC(143) Concurrent Clear Claimed Marks 0.026ms
[2020-05-10T04:07:03.510+0200][34069.736s] GC(143) Concurrent Scan Root Regions
[2020-05-10T04:07:03.511+0200][34069.737s] GC(143) Concurrent Scan Root Regions 0.616ms
[2020-05-10T04:07:03.511+0200][34069.737s] GC(143) Concurrent Mark (34069.737s)
[2020-05-10T04:07:03.511+0200][34069.737s] GC(143) Concurrent Mark From Roots
[2020-05-10T04:07:03.511+0200][34069.737s] GC(143) Using 3 workers of 3 for marking
[2020-05-10T04:07:03.530+0200][34069.756s] GC(143) Concurrent Mark From Roots 18.883ms
[2020-05-10T04:07:03.530+0200][34069.756s] GC(143) Concurrent Preclean
[2020-05-10T04:07:03.530+0200][34069.756s] GC(143) Concurrent Preclean 0.287ms
[2020-05-10T04:07:03.530+0200][34069.756s] GC(143) Concurrent Mark (34069.737s, 34069.756s) 19.247ms
[2020-05-10T04:07:03.530+0200][34069.756s] GC(143) Pause Remark
[2020-05-10T04:07:03.533+0200][34069.759s] GC(143) Cleaned string and symbol table, strings: 27429 processed, 0 removed, symbols: 165083 processed, 0 removed
[2020-05-10T04:07:03.533+0200][34069.759s] GC(143) Pause Remark 335M->250M(512M) 3.147ms
[2020-05-10T04:07:03.533+0200][34069.759s] GC(143) User=0.00s Sys=0.00s Real=0.00s
[2020-05-10T04:07:03.533+0200][34069.759s] GC(143) Concurrent Rebuild Remembered Sets
[2020-05-10T04:07:03.547+0200][34069.773s] GC(143) Concurrent Rebuild Remembered Sets 14.047ms
[2020-05-10T04:07:03.547+0200][34069.773s] GC(143) Pause Cleanup
[2020-05-10T04:07:03.548+0200][34069.774s] GC(143) Pause Cleanup 252M->252M(512M) 0.159ms
[2020-05-10T04:07:03.548+0200][34069.774s] GC(143) User=0.00s Sys=0.00s Real=0.00s
[2020-05-10T04:07:03.548+0200][34069.774s] GC(143) Concurrent Cleanup for Next Mark
[2020-05-10T04:07:03.548+0200][34069.774s] GC(143) Concurrent Cleanup for Next Mark 0.354ms
[2020-05-10T04:07:03.548+0200][34069.774s] GC(143) Concurrent Cycle 38.109ms
[2020-05-10T05:25:37.180+0200][38783.406s] GC(144) Pause Young (Prepare Mixed) (G1 Evacuation Pause)
[2020-05-10T05:25:37.180+0200][38783.406s] GC(144) Using 10 workers of 10 for evacuation
[2020-05-10T05:25:37.181+0200][38783.407s] GC(144)   Pre Evacuate Collection Set: 0.0ms
[2020-05-10T05:25:37.181+0200][38783.407s] GC(144)   Evacuate Collection Set: 0.7ms
[2020-05-10T05:25:37.181+0200][38783.407s] GC(144)   Post Evacuate Collection Set: 0.7ms
[2020-05-10T05:25:37.181+0200][38783.407s] GC(144)   Other: 0.2ms
[2020-05-10T05:25:37.181+0200][38783.407s] GC(144) Eden regions: 114->0(24)
[2020-05-10T05:25:37.181+0200][38783.407s] GC(144) Survivor regions: 2->1(15)
[2020-05-10T05:25:37.181+0200][38783.407s] GC(144) Old regions: 222->222
[2020-05-10T05:25:37.181+0200][38783.407s] GC(144) Humongous regions: 27->27
[2020-05-10T05:25:37.181+0200][38783.407s] GC(144) Metaspace: 58542K->58542K(1101824K)
[2020-05-10T05:25:37.181+0200][38783.407s] GC(144) Pause Young (Prepare Mixed) (G1 Evacuation Pause) 364M->249M(512M) 1.711ms
[2020-05-10T05:25:37.181+0200][38783.407s] GC(144) User=0.00s Sys=0.00s Real=0.00s
[2020-05-10T05:44:20.521+0200][39906.747s] GC(145) Pause Young (Mixed) (G1 Evacuation Pause)
[2020-05-10T05:44:20.521+0200][39906.747s] GC(145) Using 10 workers of 10 for evacuation
[2020-05-10T05:44:20.523+0200][39906.748s] GC(145)   Pre Evacuate Collection Set: 0.0ms
[2020-05-10T05:44:20.523+0200][39906.748s] GC(145)   Evacuate Collection Set: 0.6ms
[2020-05-10T05:44:20.523+0200][39906.749s] GC(145)   Post Evacuate Collection Set: 0.6ms
[2020-05-10T05:44:20.523+0200][39906.749s] GC(145)   Other: 0.2ms
[2020-05-10T05:44:20.523+0200][39906.749s] GC(145) Eden regions: 24->0(24)
[2020-05-10T05:44:20.523+0200][39906.749s] GC(145) Survivor regions: 1->1(4)
[2020-05-10T05:44:20.523+0200][39906.749s] GC(145) Old regions: 222->172
[2020-05-10T05:44:20.523+0200][39906.749s] GC(145) Humongous regions: 27->27
[2020-05-10T05:44:20.523+0200][39906.749s] GC(145) Metaspace: 58542K->58542K(1101824K)
[2020-05-10T05:44:20.523+0200][39906.749s] GC(145) Pause Young (Mixed) (G1 Evacuation Pause) 273M->199M(512M) 1.530ms
[2020-05-10T05:44:20.523+0200][39906.749s] GC(145) User=0.00s Sys=0.00s Real=0.00s
[2020-05-10T06:02:37.632+0200][41003.858s] GC(146) Pause Young (Mixed) (G1 Evacuation Pause)
[2020-05-10T06:02:37.632+0200][41003.858s] GC(146) Using 10 workers of 10 for evacuation
[2020-05-10T06:02:37.632+0200][41003.859s] GC(146)   Pre Evacuate Collection Set: 0.0ms
[2020-05-10T06:02:37.633+0200][41003.859s] GC(146)   Evacuate Collection Set: 0.9ms
[2020-05-10T06:02:37.633+0200][41003.859s] GC(146)   Post Evacuate Collection Set: 0.5ms
[2020-05-10T06:02:37.633+0200][41003.859s] GC(146)   Other: 0.1ms
[2020-05-10T06:02:37.633+0200][41003.859s] GC(146) Eden regions: 24->0(24)
[2020-05-10T06:02:37.633+0200][41003.859s] GC(146) Survivor regions: 1->1(4)
[2020-05-10T06:02:37.633+0200][41003.860s] GC(146) Old regions: 172->126
[2020-05-10T06:02:37.633+0200][41003.860s] GC(146) Humongous regions: 27->27
[2020-05-10T06:02:37.633+0200][41003.860s] GC(146) Metaspace: 58542K->58542K(1101824K)
[2020-05-10T06:02:37.633+0200][41003.860s] GC(146) Pause Young (Mixed) (G1 Evacuation Pause) 223M->153M(512M) 1.573ms
[2020-05-10T06:02:37.633+0200][41003.860s] GC(146) User=0.00s Sys=0.00s Real=0.00s
[2020-05-10T06:21:37.868+0200][42144.094s] GC(147) Pause Young (Mixed) (G1 Evacuation Pause)
[2020-05-10T06:21:37.868+0200][42144.094s] GC(147) Using 10 workers of 10 for evacuation
[2020-05-10T06:21:37.870+0200][42144.096s] GC(147)   Pre Evacuate Collection Set: 0.0ms
[2020-05-10T06:21:37.870+0200][42144.096s] GC(147)   Evacuate Collection Set: 1.6ms
[2020-05-10T06:21:37.870+0200][42144.096s] GC(147)   Post Evacuate Collection Set: 0.4ms
[2020-05-10T06:21:37.870+0200][42144.096s] GC(147)   Other: 0.2ms
[2020-05-10T06:21:37.870+0200][42144.096s] GC(147) Eden regions: 24->0(294)
[2020-05-10T06:21:37.870+0200][42144.096s] GC(147) Survivor regions: 1->1(4)
[2020-05-10T06:21:37.870+0200][42144.096s] GC(147) Old regions: 126->92
[2020-05-10T06:21:37.870+0200][42144.096s] GC(147) Humongous regions: 27->27
[2020-05-10T06:21:37.870+0200][42144.096s] GC(147) Metaspace: 58542K->58542K(1101824K)
[2020-05-10T06:21:37.870+0200][42144.096s] GC(147) Pause Young (Mixed) (G1 Evacuation Pause) 177M->118M(512M) 2.310ms
[2020-05-10T06:21:37.870+0200][42144.096s] GC(147) User=0.00s Sys=0.00s Real=0.00s
[2020-05-10T07:14:22.653+0200][45308.879s] GC(148) Pause Young (Concurrent Start) (G1 Humongous Allocation)
[2020-05-10T07:14:22.653+0200][45308.879s] GC(148) Using 10 workers of 10 for evacuation
[2020-05-10T07:14:22.655+0200][45308.881s] GC(148)   Pre Evacuate Collection Set: 0.1ms
[2020-05-10T07:14:22.655+0200][45308.881s] GC(148)   Evacuate Collection Set: 1.2ms
[2020-05-10T07:14:22.655+0200][45308.881s] GC(148)   Post Evacuate Collection Set: 0.4ms
[2020-05-10T07:14:22.655+0200][45308.881s] GC(148)   Other: 0.2ms
[2020-05-10T07:14:22.655+0200][45308.881s] GC(148) Eden regions: 119->0(232)
[2020-05-10T07:14:22.655+0200][45308.881s] GC(148) Survivor regions: 1->9(37)
[2020-05-10T07:14:22.655+0200][45308.881s] GC(148) Old regions: 92->92
[2020-05-10T07:14:22.655+0200][45308.881s] GC(148) Humongous regions: 27->27
[2020-05-10T07:14:22.655+0200][45308.881s] GC(148) Metaspace: 58543K->58543K(1101824K)
[2020-05-10T07:14:22.655+0200][45308.881s] GC(148) Pause Young (Concurrent Start) (G1 Humongous Allocation) 237M->126M(512M) 1.965ms
[2020-05-10T07:14:22.655+0200][45308.881s] GC(148) User=0.00s Sys=0.00s Real=0.00s
[2020-05-10T07:14:22.655+0200][45308.882s] GC(149) Concurrent Cycle
[2020-05-10T07:14:22.655+0200][45308.882s] GC(149) Concurrent Clear Claimed Marks
[2020-05-10T07:14:22.655+0200][45308.882s] GC(149) Concurrent Clear Claimed Marks 0.031ms
[2020-05-10T07:14:22.655+0200][45308.882s] GC(149) Concurrent Scan Root Regions
[2020-05-10T07:14:22.656+0200][45308.882s] GC(149) Concurrent Scan Root Regions 0.438ms
[2020-05-10T07:14:22.656+0200][45308.882s] GC(149) Concurrent Mark (45308.882s)
[2020-05-10T07:14:22.656+0200][45308.882s] GC(149) Concurrent Mark From Roots
[2020-05-10T07:14:22.656+0200][45308.882s] GC(149) Using 3 workers of 3 for marking
[2020-05-10T07:14:22.672+0200][45308.898s] GC(149) Concurrent Mark From Roots 15.823ms
[2020-05-10T07:14:22.672+0200][45308.898s] GC(149) Concurrent Preclean
[2020-05-10T07:14:22.672+0200][45308.898s] GC(149) Concurrent Preclean 0.203ms
[2020-05-10T07:14:22.672+0200][45308.898s] GC(149) Concurrent Mark (45308.882s, 45308.898s) 16.109ms
[2020-05-10T07:14:22.672+0200][45308.898s] GC(149) Pause Remark
[2020-05-10T07:14:22.676+0200][45308.902s] GC(149) Cleaned string and symbol table, strings: 27475 processed, 1 removed, symbols: 165087 processed, 0 removed
[2020-05-10T07:14:22.676+0200][45308.903s] GC(149) Pause Remark 131M->86M(512M) 4.174ms
[2020-05-10T07:14:22.676+0200][45308.903s] GC(149) User=0.00s Sys=0.00s Real=0.00s
[2020-05-10T07:14:22.676+0200][45308.903s] GC(149) Concurrent Rebuild Remembered Sets
[2020-05-10T07:14:22.684+0200][45308.911s] GC(149) Concurrent Rebuild Remembered Sets 8.034ms
[2020-05-10T07:14:22.685+0200][45308.911s] GC(149) Pause Cleanup
[2020-05-10T07:14:22.685+0200][45308.911s] GC(149) Pause Cleanup 89M->89M(512M) 0.140ms
[2020-05-10T07:14:22.685+0200][45308.911s] GC(149) User=0.00s Sys=0.00s Real=0.00s
[2020-05-10T07:14:22.685+0200][45308.911s] GC(149) Concurrent Cleanup for Next Mark
[2020-05-10T07:14:22.685+0200][45308.912s] GC(149) Concurrent Cleanup for Next Mark 0.391ms
[2020-05-10T07:14:22.685+0200][45308.912s] GC(149) Concurrent Cycle 30.041ms
[2020-05-10T07:14:25.761+0200][45311.987s] GC(150) Pause Young (Prepare Mixed) (G1 Evacuation Pause)
[2020-05-10T07:14:25.761+0200][45311.987s] GC(150) Using 10 workers of 10 for evacuation
[2020-05-10T07:14:25.767+0200][45311.993s] GC(150) To-space exhausted
[2020-05-10T07:14:25.767+0200][45311.993s] GC(150)   Pre Evacuate Collection Set: 0.1ms
[2020-05-10T07:14:25.767+0200][45311.993s] GC(150)   Evacuate Collection Set: 2.6ms
[2020-05-10T07:14:25.767+0200][45311.993s] GC(150)   Post Evacuate Collection Set: 2.5ms
[2020-05-10T07:14:25.767+0200][45311.993s] GC(150)   Other: 0.2ms
[2020-05-10T07:14:25.767+0200][45311.993s] GC(150) Eden regions: 232->0(1)
[2020-05-10T07:14:25.767+0200][45311.993s] GC(150) Survivor regions: 9->26(31)
[2020-05-10T07:14:25.767+0200][45311.993s] GC(150) Old regions: 67->206
[2020-05-10T07:14:25.767+0200][45311.993s] GC(150) Humongous regions: 178->47
[2020-05-10T07:14:25.767+0200][45311.993s] GC(150) Metaspace: 58548K->58548K(1103872K)
[2020-05-10T07:14:25.767+0200][45311.993s] GC(150) Pause Young (Prepare Mixed) (G1 Evacuation Pause) 484M->278M(512M) 5.472ms
[2020-05-10T07:14:25.767+0200][45311.993s] GC(150) User=0.14s Sys=0.00s Real=0.01s
[2020-05-10T07:14:25.783+0200][45312.009s] GC(151) Pause Young (Mixed) (G1 Evacuation Pause)
[2020-05-10T07:14:25.783+0200][45312.009s] GC(151) Using 10 workers of 10 for evacuation
[2020-05-10T07:14:25.786+0200][45312.012s] GC(151)   Pre Evacuate Collection Set: 0.0ms
[2020-05-10T07:14:25.786+0200][45312.012s] GC(151)   Evacuate Collection Set: 2.2ms
[2020-05-10T07:14:25.786+0200][45312.012s] GC(151)   Post Evacuate Collection Set: 0.5ms
[2020-05-10T07:14:25.786+0200][45312.012s] GC(151)   Other: 0.2ms
[2020-05-10T07:14:25.786+0200][45312.012s] GC(151) Eden regions: 1->0(144)
[2020-05-10T07:14:25.786+0200][45312.012s] GC(151) Survivor regions: 26->1(4)
[2020-05-10T07:14:25.786+0200][45312.012s] GC(151) Old regions: 206->230
[2020-05-10T07:14:25.786+0200][45312.012s] GC(151) Humongous regions: 47->47
[2020-05-10T07:14:25.786+0200][45312.012s] GC(151) Metaspace: 58548K->58548K(1103872K)
[2020-05-10T07:14:25.786+0200][45312.012s] GC(151) Pause Young (Mixed) (G1 Evacuation Pause) 279M->277M(512M) 2.970ms
[2020-05-10T07:14:25.786+0200][45312.012s] GC(151) User=0.00s Sys=0.00s Real=0.00s
[2020-05-10T07:14:26.669+0200][45312.895s] GC(152) Pause Young (Concurrent Start) (G1 Humongous Allocation)
[2020-05-10T07:14:26.669+0200][45312.895s] GC(152) Using 10 workers of 10 for evacuation
[2020-05-10T07:14:26.670+0200][45312.896s] GC(152)   Pre Evacuate Collection Set: 0.0ms
[2020-05-10T07:14:26.670+0200][45312.896s] GC(152)   Evacuate Collection Set: 0.8ms
[2020-05-10T07:14:26.670+0200][45312.896s] GC(152)   Post Evacuate Collection Set: 0.4ms
[2020-05-10T07:14:26.670+0200][45312.896s] GC(152)   Other: 0.1ms
[2020-05-10T07:14:26.670+0200][45312.896s] GC(152) Eden regions: 27->0(129)
[2020-05-10T07:14:26.670+0200][45312.896s] GC(152) Survivor regions: 1->5(19)
[2020-05-10T07:14:26.670+0200][45312.896s] GC(152) Old regions: 230->230
[2020-05-10T07:14:26.670+0200][45312.896s] GC(152) Humongous regions: 47->47
[2020-05-10T07:14:26.670+0200][45312.896s] GC(152) Metaspace: 58550K->58550K(1103872K)
[2020-05-10T07:14:26.670+0200][45312.896s] GC(152) Pause Young (Concurrent Start) (G1 Humongous Allocation) 303M->281M(512M) 1.518ms
[2020-05-10T07:14:26.670+0200][45312.897s] GC(152) User=0.00s Sys=0.00s Real=0.00s
[2020-05-10T07:14:26.670+0200][45312.897s] GC(153) Concurrent Cycle
[2020-05-10T07:14:26.670+0200][45312.897s] GC(153) Concurrent Clear Claimed Marks
[2020-05-10T07:14:26.670+0200][45312.897s] GC(153) Concurrent Clear Claimed Marks 0.022ms
[2020-05-10T07:14:26.670+0200][45312.897s] GC(153) Concurrent Scan Root Regions
[2020-05-10T07:14:26.671+0200][45312.897s] GC(153) Concurrent Scan Root Regions 0.364ms
[2020-05-10T07:14:26.671+0200][45312.897s] GC(153) Concurrent Mark (45312.897s)
[2020-05-10T07:14:26.671+0200][45312.897s] GC(153) Concurrent Mark From Roots
[2020-05-10T07:14:26.671+0200][45312.897s] GC(153) Using 3 workers of 3 for marking
[2020-05-10T07:14:26.687+0200][45312.914s] GC(153) Concurrent Mark From Roots 16.641ms
[2020-05-10T07:14:26.687+0200][45312.914s] GC(153) Concurrent Preclean
[2020-05-10T07:14:26.688+0200][45312.914s] GC(153) Concurrent Preclean 0.209ms
[2020-05-10T07:14:26.688+0200][45312.914s] GC(153) Concurrent Mark (45312.897s, 45312.914s) 16.921ms
[2020-05-10T07:14:26.688+0200][45312.914s] GC(153) Pause Remark
[2020-05-10T07:14:26.693+0200][45312.919s] GC(153) Cleaned string and symbol table, strings: 27476 processed, 8 removed, symbols: 165087 processed, 0 removed
[2020-05-10T07:14:26.693+0200][45312.919s] GC(153) Pause Remark 296M->294M(512M) 5.170ms
[2020-05-10T07:14:26.693+0200][45312.919s] GC(153) User=0.00s Sys=0.00s Real=0.01s
[2020-05-10T07:14:26.693+0200][45312.919s] GC(153) Concurrent Rebuild Remembered Sets
[2020-05-10T07:14:26.702+0200][45312.928s] GC(153) Concurrent Rebuild Remembered Sets 8.817ms
[2020-05-10T07:14:26.702+0200][45312.928s] GC(153) Pause Cleanup
[2020-05-10T07:14:26.702+0200][45312.929s] GC(153) Pause Cleanup 295M->295M(512M) 0.176ms
[2020-05-10T07:14:26.702+0200][45312.929s] GC(153) User=0.00s Sys=0.00s Real=0.00s
[2020-05-10T07:14:26.703+0200][45312.929s] GC(153) Concurrent Cleanup for Next Mark
[2020-05-10T07:14:26.703+0200][45312.929s] GC(153) Concurrent Cleanup for Next Mark 0.363ms
[2020-05-10T07:14:26.703+0200][45312.929s] GC(153) Concurrent Cycle 32.587ms
[2020-05-10T07:14:28.618+0200][45314.844s] GC(154) Pause Young (Prepare Mixed) (G1 Evacuation Pause)
[2020-05-10T07:14:28.618+0200][45314.844s] GC(154) Using 10 workers of 10 for evacuation
[2020-05-10T07:14:28.622+0200][45314.848s] GC(154) To-space exhausted
[2020-05-10T07:14:28.622+0200][45314.848s] GC(154)   Pre Evacuate Collection Set: 0.0ms
[2020-05-10T07:14:28.622+0200][45314.848s] GC(154)   Evacuate Collection Set: 1.8ms
[2020-05-10T07:14:28.622+0200][45314.848s] GC(154)   Post Evacuate Collection Set: 1.6ms
[2020-05-10T07:14:28.622+0200][45314.848s] GC(154)   Other: 0.2ms
[2020-05-10T07:14:28.622+0200][45314.848s] GC(154) Eden regions: 129->0(8)
[2020-05-10T07:14:28.622+0200][45314.848s] GC(154) Survivor regions: 5->17(17)
[2020-05-10T07:14:28.622+0200][45314.848s] GC(154) Old regions: 230->319
[2020-05-10T07:14:28.622+0200][45314.848s] GC(154) Humongous regions: 130->74
[2020-05-10T07:14:28.622+0200][45314.848s] GC(154) Metaspace: 58542K->58542K(1103872K)
[2020-05-10T07:14:28.622+0200][45314.848s] GC(154) Pause Young (Prepare Mixed) (G1 Evacuation Pause) 493M->409M(512M) 3.661ms
[2020-05-10T07:14:28.622+0200][45314.848s] GC(154) User=0.02s Sys=0.00s Real=0.00s
[2020-05-10T07:14:28.741+0200][45314.967s] GC(155) Pause Young (Mixed) (G1 Evacuation Pause)
[2020-05-10T07:14:28.741+0200][45314.967s] GC(155) Using 10 workers of 10 for evacuation
[2020-05-10T07:14:28.743+0200][45314.969s] GC(155)   Pre Evacuate Collection Set: 0.0ms
[2020-05-10T07:14:28.743+0200][45314.969s] GC(155)   Evacuate Collection Set: 1.5ms
[2020-05-10T07:14:28.743+0200][45314.969s] GC(155)   Post Evacuate Collection Set: 0.5ms
[2020-05-10T07:14:28.743+0200][45314.969s] GC(155)   Other: 0.2ms
[2020-05-10T07:14:28.743+0200][45314.969s] GC(155) Eden regions: 8->0(23)
[2020-05-10T07:14:28.743+0200][45314.969s] GC(155) Survivor regions: 17->2(4)
[2020-05-10T07:14:28.743+0200][45314.969s] GC(155) Old regions: 319->284
[2020-05-10T07:14:28.743+0200][45314.969s] GC(155) Humongous regions: 74->74
[2020-05-10T07:14:28.743+0200][45314.969s] GC(155) Metaspace: 58542K->58542K(1103872K)
[2020-05-10T07:14:28.743+0200][45314.969s] GC(155) Pause Young (Mixed) (G1 Evacuation Pause) 417M->358M(512M) 2.294ms
[2020-05-10T07:14:28.743+0200][45314.969s] GC(155) User=0.00s Sys=0.00s Real=0.00s
[2020-05-10T07:14:29.720+0200][45315.947s] GC(156) Pause Young (Mixed) (G1 Evacuation Pause)
[2020-05-10T07:14:29.720+0200][45315.947s] GC(156) Using 10 workers of 10 for evacuation
[2020-05-10T07:14:29.722+0200][45315.948s] GC(156)   Pre Evacuate Collection Set: 0.0ms
[2020-05-10T07:14:29.722+0200][45315.948s] GC(156)   Evacuate Collection Set: 0.8ms
[2020-05-10T07:14:29.722+0200][45315.948s] GC(156)   Post Evacuate Collection Set: 0.4ms
[2020-05-10T07:14:29.722+0200][45315.948s] GC(156)   Other: 0.1ms
[2020-05-10T07:14:29.722+0200][45315.948s] GC(156) Eden regions: 23->0(21)
[2020-05-10T07:14:29.722+0200][45315.948s] GC(156) Survivor regions: 2->4(4)
[2020-05-10T07:14:29.722+0200][45315.948s] GC(156) Old regions: 284->238
[2020-05-10T07:14:29.722+0200][45315.948s] GC(156) Humongous regions: 102->102
[2020-05-10T07:14:29.722+0200][45315.948s] GC(156) Metaspace: 58545K->58545K(1103872K)
[2020-05-10T07:14:29.722+0200][45315.948s] GC(156) Pause Young (Mixed) (G1 Evacuation Pause) 409M->343M(512M) 1.478ms
[2020-05-10T07:14:29.722+0200][45315.948s] GC(156) User=0.00s Sys=0.00s Real=0.00s
[2020-05-10T07:14:30.041+0200][45316.268s] GC(157) Pause Young (Mixed) (G1 Evacuation Pause)
[2020-05-10T07:14:30.041+0200][45316.268s] GC(157) Using 10 workers of 10 for evacuation
[2020-05-10T07:14:30.043+0200][45316.269s] GC(157)   Pre Evacuate Collection Set: 0.0ms
[2020-05-10T07:14:30.043+0200][45316.269s] GC(157)   Evacuate Collection Set: 1.1ms
[2020-05-10T07:14:30.043+0200][45316.269s] GC(157)   Post Evacuate Collection Set: 0.4ms
[2020-05-10T07:14:30.043+0200][45316.269s] GC(157)   Other: 0.2ms
[2020-05-10T07:14:30.043+0200][45316.269s] GC(157) Eden regions: 21->0(104)
[2020-05-10T07:14:30.043+0200][45316.269s] GC(157) Survivor regions: 4->4(4)
[2020-05-10T07:14:30.043+0200][45316.269s] GC(157) Old regions: 238->211
[2020-05-10T07:14:30.043+0200][45316.269s] GC(157) Humongous regions: 102->102
[2020-05-10T07:14:30.043+0200][45316.269s] GC(157) Metaspace: 58545K->58545K(1103872K)
[2020-05-10T07:14:30.043+0200][45316.269s] GC(157) Pause Young (Mixed) (G1 Evacuation Pause) 364M->315M(512M) 1.854ms
[2020-05-10T07:14:30.043+0200][45316.269s] GC(157) User=0.16s Sys=0.00s Real=0.00s
[2020-05-10T07:14:31.255+0200][45317.482s] GC(158) Pause Young (Concurrent Start) (G1 Evacuation Pause)
[2020-05-10T07:14:31.255+0200][45317.482s] GC(158) Using 10 workers of 10 for evacuation
[2020-05-10T07:14:31.257+0200][45317.483s] GC(158)   Pre Evacuate Collection Set: 0.1ms
[2020-05-10T07:14:31.257+0200][45317.483s] GC(158)   Evacuate Collection Set: 1.0ms
[2020-05-10T07:14:31.257+0200][45317.483s] GC(158)   Post Evacuate Collection Set: 0.4ms
[2020-05-10T07:14:31.257+0200][45317.483s] GC(158)   Other: 0.1ms
[2020-05-10T07:14:31.257+0200][45317.483s] GC(158) Eden regions: 104->0(105)
[2020-05-10T07:14:31.257+0200][45317.483s] GC(158) Survivor regions: 4->8(14)
[2020-05-10T07:14:31.257+0200][45317.483s] GC(158) Old regions: 211->211
[2020-05-10T07:14:31.257+0200][45317.483s] GC(158) Humongous regions: 102->102
[2020-05-10T07:14:31.257+0200][45317.483s] GC(158) Metaspace: 58547K->58547K(1103872K)
[2020-05-10T07:14:31.257+0200][45317.483s] GC(158) Pause Young (Concurrent Start) (G1 Evacuation Pause) 419M->319M(512M) 1.681ms
[2020-05-10T07:14:31.257+0200][45317.483s] GC(158) User=0.00s Sys=0.00s Real=0.00s
[2020-05-10T07:14:31.257+0200][45317.483s] GC(159) Concurrent Cycle
[2020-05-10T07:14:31.257+0200][45317.483s] GC(159) Concurrent Clear Claimed Marks
[2020-05-10T07:14:31.257+0200][45317.483s] GC(159) Concurrent Clear Claimed Marks 0.022ms
[2020-05-10T07:14:31.257+0200][45317.483s] GC(159) Concurrent Scan Root Regions
[2020-05-10T07:14:31.258+0200][45317.484s] GC(159) Concurrent Scan Root Regions 0.347ms
[2020-05-10T07:14:31.258+0200][45317.484s] GC(159) Concurrent Mark (45317.484s)
[2020-05-10T07:14:31.258+0200][45317.484s] GC(159) Concurrent Mark From Roots
[2020-05-10T07:14:31.258+0200][45317.484s] GC(159) Using 3 workers of 3 for marking
[2020-05-10T07:14:31.273+0200][45317.500s] GC(159) Concurrent Mark From Roots 16.330ms
[2020-05-10T07:14:31.273+0200][45317.500s] GC(159) Concurrent Preclean
[2020-05-10T07:14:31.274+0200][45317.500s] GC(159) Concurrent Preclean 0.214ms
[2020-05-10T07:14:31.274+0200][45317.500s] GC(159) Concurrent Mark (45317.484s, 45317.500s) 16.613ms
[2020-05-10T07:14:31.274+0200][45317.500s] GC(159) Pause Remark
[2020-05-10T07:14:31.276+0200][45317.503s] GC(159) Cleaned string and symbol table, strings: 27468 processed, 0 removed, symbols: 165087 processed, 4 removed
[2020-05-10T07:14:31.277+0200][45317.503s] GC(159) Pause Remark 322M->263M(512M) 3.004ms
[2020-05-10T07:14:31.277+0200][45317.504s] GC(159) User=0.00s Sys=0.02s Real=0.00s
[2020-05-10T07:14:31.277+0200][45317.504s] GC(159) Concurrent Rebuild Remembered Sets
[2020-05-10T07:14:31.286+0200][45317.513s] GC(159) Concurrent Rebuild Remembered Sets 9.157ms
[2020-05-10T07:14:31.286+0200][45317.513s] GC(159) Pause Cleanup
[2020-05-10T07:14:31.287+0200][45317.513s] GC(159) Pause Cleanup 265M->265M(512M) 0.195ms
[2020-05-10T07:14:31.287+0200][45317.513s] GC(159) User=0.00s Sys=0.00s Real=0.00s
[2020-05-10T07:14:31.287+0200][45317.513s] GC(159) Concurrent Cleanup for Next Mark
[2020-05-10T07:14:31.287+0200][45317.513s] GC(159) Concurrent Cleanup for Next Mark 0.251ms
[2020-05-10T07:14:31.287+0200][45317.513s] GC(159) Concurrent Cycle 30.273ms
[2020-05-10T07:14:31.908+0200][45318.134s] GC(160) Pause Young (Prepare Mixed) (G1 Evacuation Pause)
[2020-05-10T07:14:31.908+0200][45318.134s] GC(160) Using 10 workers of 10 for evacuation
[2020-05-10T07:14:31.909+0200][45318.135s] GC(160)   Pre Evacuate Collection Set: 0.0ms
[2020-05-10T07:14:31.909+0200][45318.135s] GC(160)   Evacuate Collection Set: 0.7ms
[2020-05-10T07:14:31.909+0200][45318.135s] GC(160)   Post Evacuate Collection Set: 0.4ms
[2020-05-10T07:14:31.909+0200][45318.135s] GC(160)   Other: 0.1ms
[2020-05-10T07:14:31.909+0200][45318.135s] GC(160) Eden regions: 105->0(18)
[2020-05-10T07:14:31.909+0200][45318.135s] GC(160) Survivor regions: 8->7(15)
[2020-05-10T07:14:31.909+0200][45318.135s] GC(160) Old regions: 209->209
[2020-05-10T07:14:31.909+0200][45318.135s] GC(160) Humongous regions: 45->45
[2020-05-10T07:14:31.909+0200][45318.135s] GC(160) Metaspace: 58547K->58547K(1103872K)
[2020-05-10T07:14:31.909+0200][45318.135s] GC(160) Pause Young (Prepare Mixed) (G1 Evacuation Pause) 365M->260M(512M) 1.353ms
[2020-05-10T07:14:31.909+0200][45318.135s] GC(160) User=0.00s Sys=0.00s Real=0.00s
[2020-05-10T07:14:32.020+0200][45318.246s] GC(161) Pause Young (Mixed) (G1 Evacuation Pause)
[2020-05-10T07:14:32.020+0200][45318.246s] GC(161) Using 10 workers of 10 for evacuation
[2020-05-10T07:14:32.021+0200][45318.247s] GC(161)   Pre Evacuate Collection Set: 0.0ms
[2020-05-10T07:14:32.021+0200][45318.247s] GC(161)   Evacuate Collection Set: 0.7ms
[2020-05-10T07:14:32.021+0200][45318.247s] GC(161)   Post Evacuate Collection Set: 0.4ms
[2020-05-10T07:14:32.021+0200][45318.247s] GC(161)   Other: 0.1ms
[2020-05-10T07:14:32.021+0200][45318.247s] GC(161) Eden regions: 18->0(24)
[2020-05-10T07:14:32.021+0200][45318.247s] GC(161) Survivor regions: 7->1(4)
[2020-05-10T07:14:32.021+0200][45318.247s] GC(161) Old regions: 209->165
[2020-05-10T07:14:32.021+0200][45318.247s] GC(161) Humongous regions: 45->45
[2020-05-10T07:14:32.021+0200][45318.247s] GC(161) Metaspace: 58547K->58547K(1103872K)
[2020-05-10T07:14:32.021+0200][45318.247s] GC(161) Pause Young (Mixed) (G1 Evacuation Pause) 278M->209M(512M) 1.392ms
[2020-05-10T07:14:32.021+0200][45318.247s] GC(161) User=0.00s Sys=0.00s Real=0.00s
[2020-05-10T07:14:32.169+0200][45318.395s] GC(162) Pause Young (Mixed) (G1 Evacuation Pause)
[2020-05-10T07:14:32.169+0200][45318.395s] GC(162) Using 10 workers of 10 for evacuation
[2020-05-10T07:14:32.170+0200][45318.396s] GC(162)   Pre Evacuate Collection Set: 0.0ms
[2020-05-10T07:14:32.170+0200][45318.396s] GC(162)   Evacuate Collection Set: 0.5ms
[2020-05-10T07:14:32.170+0200][45318.396s] GC(162)   Post Evacuate Collection Set: 0.4ms
[2020-05-10T07:14:32.170+0200][45318.396s] GC(162)   Other: 0.1ms
[2020-05-10T07:14:32.170+0200][45318.396s] GC(162) Eden regions: 24->0(179)
[2020-05-10T07:14:32.170+0200][45318.396s] GC(162) Survivor regions: 1->1(4)
[2020-05-10T07:14:32.170+0200][45318.396s] GC(162) Old regions: 165->134
[2020-05-10T07:14:32.170+0200][45318.396s] GC(162) Humongous regions: 45->45
[2020-05-10T07:14:32.170+0200][45318.396s] GC(162) Metaspace: 58547K->58547K(1103872K)
[2020-05-10T07:14:32.170+0200][45318.396s] GC(162) Pause Young (Mixed) (G1 Evacuation Pause) 233M->178M(512M) 1.250ms
[2020-05-10T07:14:32.170+0200][45318.396s] GC(162) User=0.00s Sys=0.00s Real=0.00s
[2020-05-10T07:14:33.259+0200][45319.486s] GC(163) Pause Young (Concurrent Start) (G1 Evacuation Pause)
[2020-05-10T07:14:33.259+0200][45319.486s] GC(163) Using 10 workers of 10 for evacuation
[2020-05-10T07:14:33.261+0200][45319.487s] GC(163)   Pre Evacuate Collection Set: 0.1ms
[2020-05-10T07:14:33.261+0200][45319.487s] GC(163)   Evacuate Collection Set: 0.5ms
[2020-05-10T07:14:33.261+0200][45319.487s] GC(163)   Post Evacuate Collection Set: 0.5ms
[2020-05-10T07:14:33.261+0200][45319.487s] GC(163)   Other: 0.1ms
[2020-05-10T07:14:33.261+0200][45319.487s] GC(163) Eden regions: 179->0(190)
[2020-05-10T07:14:33.261+0200][45319.487s] GC(163) Survivor regions: 1->1(23)
[2020-05-10T07:14:33.261+0200][45319.487s] GC(163) Old regions: 134->134
[2020-05-10T07:14:33.261+0200][45319.487s] GC(163) Humongous regions: 45->45
[2020-05-10T07:14:33.261+0200][45319.487s] GC(163) Metaspace: 58547K->58547K(1103872K)
[2020-05-10T07:14:33.261+0200][45319.487s] GC(163) Pause Young (Concurrent Start) (G1 Evacuation Pause) 357M->178M(512M) 1.279ms
[2020-05-10T07:14:33.261+0200][45319.487s] GC(163) User=0.00s Sys=0.00s Real=0.00s
[2020-05-10T07:14:33.261+0200][45319.487s] GC(164) Concurrent Cycle
[2020-05-10T07:14:33.261+0200][45319.487s] GC(164) Concurrent Clear Claimed Marks
[2020-05-10T07:14:33.261+0200][45319.487s] GC(164) Concurrent Clear Claimed Marks 0.019ms
[2020-05-10T07:14:33.261+0200][45319.487s] GC(164) Concurrent Scan Root Regions
[2020-05-10T07:14:33.261+0200][45319.487s] GC(164) Concurrent Scan Root Regions 0.258ms
[2020-05-10T07:14:33.261+0200][45319.487s] GC(164) Concurrent Mark (45319.487s)
[2020-05-10T07:14:33.261+0200][45319.487s] GC(164) Concurrent Mark From Roots
[2020-05-10T07:14:33.261+0200][45319.487s] GC(164) Using 3 workers of 3 for marking
[2020-05-10T07:14:33.278+0200][45319.504s] GC(164) Concurrent Mark From Roots 16.613ms
[2020-05-10T07:14:33.278+0200][45319.504s] GC(164) Concurrent Preclean
[2020-05-10T07:14:33.278+0200][45319.504s] GC(164) Concurrent Preclean 0.218ms
[2020-05-10T07:14:33.278+0200][45319.504s] GC(164) Concurrent Mark (45319.487s, 45319.504s) 16.900ms
[2020-05-10T07:14:33.278+0200][45319.504s] GC(164) Pause Remark
[2020-05-10T07:14:33.281+0200][45319.507s] GC(164) Cleaned string and symbol table, strings: 27468 processed, 0 removed, symbols: 165083 processed, 0 removed
[2020-05-10T07:14:33.281+0200][45319.507s] GC(164) Pause Remark 181M->181M(512M) 2.855ms
[2020-05-10T07:14:33.281+0200][45319.507s] GC(164) User=0.00s Sys=0.00s Real=0.00s
[2020-05-10T07:14:33.281+0200][45319.507s] GC(164) Concurrent Rebuild Remembered Sets
[2020-05-10T07:14:33.290+0200][45319.516s] GC(164) Concurrent Rebuild Remembered Sets 9.032ms
[2020-05-10T07:14:33.290+0200][45319.517s] GC(164) Pause Cleanup
[2020-05-10T07:14:33.290+0200][45319.517s] GC(164) Pause Cleanup 182M->182M(512M) 0.216ms
[2020-05-10T07:14:33.290+0200][45319.517s] GC(164) User=0.00s Sys=0.00s Real=0.00s
[2020-05-10T07:14:33.291+0200][45319.517s] GC(164) Concurrent Cleanup for Next Mark
[2020-05-10T07:14:33.291+0200][45319.517s] GC(164) Concurrent Cleanup for Next Mark 0.172ms
[2020-05-10T07:14:33.291+0200][45319.517s] GC(164) Concurrent Cycle 30.085ms
[2020-05-10T07:14:34.273+0200][45320.499s] GC(165) Pause Young (Normal) (G1 Evacuation Pause)
[2020-05-10T07:14:34.273+0200][45320.499s] GC(165) Using 10 workers of 10 for evacuation
[2020-05-10T07:14:34.274+0200][45320.500s] GC(165)   Pre Evacuate Collection Set: 0.0ms
[2020-05-10T07:14:34.274+0200][45320.500s] GC(165)   Evacuate Collection Set: 0.4ms
[2020-05-10T07:14:34.274+0200][45320.500s] GC(165)   Post Evacuate Collection Set: 0.4ms
[2020-05-10T07:14:34.274+0200][45320.500s] GC(165)   Other: 0.1ms
[2020-05-10T07:14:34.274+0200][45320.500s] GC(165) Eden regions: 190->0(202)
[2020-05-10T07:14:34.274+0200][45320.500s] GC(165) Survivor regions: 1->1(24)
[2020-05-10T07:14:34.274+0200][45320.500s] GC(165) Old regions: 134->134
[2020-05-10T07:14:34.274+0200][45320.500s] GC(165) Humongous regions: 45->45
[2020-05-10T07:14:34.274+0200][45320.500s] GC(165) Metaspace: 58547K->58547K(1103872K)
[2020-05-10T07:14:34.274+0200][45320.500s] GC(165) Pause Young (Normal) (G1 Evacuation Pause) 368M->178M(512M) 1.090ms
[2020-05-10T07:14:34.274+0200][45320.500s] GC(165) User=0.00s Sys=0.00s Real=0.00s
[2020-05-10T07:14:34.630+0200][45320.856s] GC(166) Pause Young (Concurrent Start) (G1 Evacuation Pause)
[2020-05-10T07:14:34.630+0200][45320.856s] GC(166) Using 10 workers of 10 for evacuation
[2020-05-10T07:14:34.631+0200][45320.857s] GC(166)   Pre Evacuate Collection Set: 0.1ms
[2020-05-10T07:14:34.631+0200][45320.857s] GC(166)   Evacuate Collection Set: 0.5ms
[2020-05-10T07:14:34.631+0200][45320.857s] GC(166)   Post Evacuate Collection Set: 0.5ms
[2020-05-10T07:14:34.631+0200][45320.857s] GC(166)   Other: 0.1ms
[2020-05-10T07:14:34.631+0200][45320.857s] GC(166) Eden regions: 202->0(212)
[2020-05-10T07:14:34.631+0200][45320.857s] GC(166) Survivor regions: 1->1(26)
[2020-05-10T07:14:34.631+0200][45320.857s] GC(166) Old regions: 134->134
[2020-05-10T07:14:34.631+0200][45320.857s] GC(166) Humongous regions: 45->45
[2020-05-10T07:14:34.631+0200][45320.857s] GC(166) Metaspace: 58547K->58547K(1103872K)
[2020-05-10T07:14:34.631+0200][45320.857s] GC(166) Pause Young (Concurrent Start) (G1 Evacuation Pause) 380M->178M(512M) 1.239ms
[2020-05-10T07:14:34.631+0200][45320.857s] GC(166) User=0.00s Sys=0.00s Real=0.00s
[2020-05-10T07:14:34.631+0200][45320.857s] GC(167) Concurrent Cycle
[2020-05-10T07:14:34.631+0200][45320.857s] GC(167) Concurrent Clear Claimed Marks
[2020-05-10T07:14:34.631+0200][45320.857s] GC(167) Concurrent Clear Claimed Marks 0.019ms
[2020-05-10T07:14:34.631+0200][45320.857s] GC(167) Concurrent Scan Root Regions
[2020-05-10T07:14:34.632+0200][45320.858s] GC(167) Concurrent Scan Root Regions 0.262ms
[2020-05-10T07:14:34.632+0200][45320.858s] GC(167) Concurrent Mark (45320.858s)
[2020-05-10T07:14:34.632+0200][45320.858s] GC(167) Concurrent Mark From Roots
[2020-05-10T07:14:34.632+0200][45320.858s] GC(167) Using 3 workers of 3 for marking
[2020-05-10T07:14:34.648+0200][45320.875s] GC(167) Concurrent Mark From Roots 16.838ms
[2020-05-10T07:14:34.648+0200][45320.875s] GC(167) Concurrent Preclean
[2020-05-10T07:14:34.649+0200][45320.875s] GC(167) Concurrent Preclean 0.262ms
[2020-05-10T07:14:34.649+0200][45320.875s] GC(167) Concurrent Mark (45320.858s, 45320.875s) 17.170ms
[2020-05-10T07:14:34.649+0200][45320.875s] GC(167) Pause Remark
[2020-05-10T07:14:34.651+0200][45320.878s] GC(167) Cleaned string and symbol table, strings: 27468 processed, 0 removed, symbols: 165083 processed, 0 removed
[2020-05-10T07:14:34.651+0200][45320.878s] GC(167) Pause Remark 187M->187M(512M) 2.894ms
[2020-05-10T07:14:34.651+0200][45320.878s] GC(167) User=0.00s Sys=0.00s Real=0.00s
[2020-05-10T07:14:34.651+0200][45320.878s] GC(167) Concurrent Rebuild Remembered Sets
[2020-05-10T07:14:34.660+0200][45320.887s] GC(167) Concurrent Rebuild Remembered Sets 9.112ms
[2020-05-10T07:14:34.661+0200][45320.887s] GC(167) Pause Cleanup
[2020-05-10T07:14:34.661+0200][45320.888s] GC(167) Pause Cleanup 192M->192M(512M) 0.236ms
[2020-05-10T07:14:34.661+0200][45320.888s] GC(167) User=0.00s Sys=0.00s Real=0.00s
[2020-05-10T07:14:34.661+0200][45320.888s] GC(167) Concurrent Cleanup for Next Mark
[2020-05-10T07:14:34.661+0200][45320.888s] GC(167) Concurrent Cleanup for Next Mark 0.221ms
[2020-05-10T07:14:34.661+0200][45320.888s] GC(167) Concurrent Cycle 30.596ms
[2020-05-10T07:14:35.020+0200][45321.246s] GC(168) Pause Young (Normal) (G1 Evacuation Pause)
[2020-05-10T07:14:35.020+0200][45321.246s] GC(168) Using 10 workers of 10 for evacuation
[2020-05-10T07:14:35.021+0200][45321.247s] GC(168)   Pre Evacuate Collection Set: 0.0ms
[2020-05-10T07:14:35.021+0200][45321.247s] GC(168)   Evacuate Collection Set: 0.4ms
[2020-05-10T07:14:35.021+0200][45321.247s] GC(168)   Post Evacuate Collection Set: 0.5ms
[2020-05-10T07:14:35.021+0200][45321.247s] GC(168)   Other: 0.2ms
[2020-05-10T07:14:35.021+0200][45321.247s] GC(168) Eden regions: 212->0(221)
[2020-05-10T07:14:35.021+0200][45321.247s] GC(168) Survivor regions: 1->1(27)
[2020-05-10T07:14:35.021+0200][45321.247s] GC(168) Old regions: 134->134
[2020-05-10T07:14:35.021+0200][45321.247s] GC(168) Humongous regions: 45->45
[2020-05-10T07:14:35.021+0200][45321.247s] GC(168) Metaspace: 58550K->58550K(1103872K)
[2020-05-10T07:14:35.021+0200][45321.248s] GC(168) Pause Young (Normal) (G1 Evacuation Pause) 390M->179M(512M) 1.153ms
[2020-05-10T07:14:35.021+0200][45321.248s] GC(168) User=0.00s Sys=0.00s Real=0.00s
[2020-05-10T07:14:35.090+0200][45321.316s] GC(169) Pause Young (Concurrent Start) (G1 Humongous Allocation)
[2020-05-10T07:14:35.090+0200][45321.316s] GC(169) Using 10 workers of 10 for evacuation
[2020-05-10T07:14:35.091+0200][45321.317s] GC(169)   Pre Evacuate Collection Set: 0.1ms
[2020-05-10T07:14:35.091+0200][45321.317s] GC(169)   Evacuate Collection Set: 0.6ms
[2020-05-10T07:14:35.091+0200][45321.317s] GC(169)   Post Evacuate Collection Set: 0.4ms
[2020-05-10T07:14:35.091+0200][45321.317s] GC(169)   Other: 0.1ms
[2020-05-10T07:14:35.091+0200][45321.317s] GC(169) Eden regions: 12->0(174)
[2020-05-10T07:14:35.091+0200][45321.317s] GC(169) Survivor regions: 1->3(28)
[2020-05-10T07:14:35.091+0200][45321.317s] GC(169) Old regions: 134->134
[2020-05-10T07:14:35.091+0200][45321.317s] GC(169) Humongous regions: 45->45
[2020-05-10T07:14:35.091+0200][45321.317s] GC(169) Metaspace: 58550K->58550K(1103872K)
[2020-05-10T07:14:35.091+0200][45321.317s] GC(169) Pause Young (Concurrent Start) (G1 Humongous Allocation) 191M->180M(512M) 1.219ms
[2020-05-10T07:14:35.091+0200][45321.317s] GC(169) User=0.00s Sys=0.00s Real=0.00s
[2020-05-10T07:14:35.091+0200][45321.317s] GC(170) Concurrent Cycle
[2020-05-10T07:14:35.091+0200][45321.317s] GC(170) Concurrent Clear Claimed Marks
[2020-05-10T07:14:35.091+0200][45321.317s] GC(170) Concurrent Clear Claimed Marks 0.019ms
[2020-05-10T07:14:35.091+0200][45321.317s] GC(170) Concurrent Scan Root Regions
[2020-05-10T07:14:35.091+0200][45321.318s] GC(170) Concurrent Scan Root Regions 0.300ms
[2020-05-10T07:14:35.091+0200][45321.318s] GC(170) Concurrent Mark (45321.318s)
[2020-05-10T07:14:35.091+0200][45321.318s] GC(170) Concurrent Mark From Roots
[2020-05-10T07:14:35.091+0200][45321.318s] GC(170) Using 3 workers of 3 for marking
[2020-05-10T07:14:35.108+0200][45321.334s] GC(170) Concurrent Mark From Roots 16.377ms
[2020-05-10T07:14:35.108+0200][45321.334s] GC(170) Concurrent Preclean
[2020-05-10T07:14:35.108+0200][45321.334s] GC(170) Concurrent Preclean 0.212ms
[2020-05-10T07:14:35.108+0200][45321.334s] GC(170) Concurrent Mark (45321.318s, 45321.334s) 16.649ms
[2020-05-10T07:14:35.108+0200][45321.334s] GC(170) Pause Remark
[2020-05-10T07:14:35.111+0200][45321.337s] GC(170) Cleaned string and symbol table, strings: 27470 processed, 0 removed, symbols: 165083 processed, 0 removed
[2020-05-10T07:14:35.111+0200][45321.337s] GC(170) Pause Remark 187M->187M(512M) 2.914ms
[2020-05-10T07:14:35.111+0200][45321.337s] GC(170) User=0.00s Sys=0.00s Real=0.00s
[2020-05-10T07:14:35.111+0200][45321.337s] GC(170) Concurrent Rebuild Remembered Sets
[2020-05-10T07:14:35.120+0200][45321.346s] GC(170) Concurrent Rebuild Remembered Sets 8.679ms
[2020-05-10T07:14:35.120+0200][45321.346s] GC(170) Pause Cleanup
[2020-05-10T07:14:35.120+0200][45321.347s] GC(170) Pause Cleanup 188M->188M(512M) 0.150ms
[2020-05-10T07:14:35.120+0200][45321.347s] GC(170) User=0.00s Sys=0.00s Real=0.00s
[2020-05-10T07:14:35.120+0200][45321.347s] GC(170) Concurrent Cleanup for Next Mark
[2020-05-10T07:14:35.121+0200][45321.347s] GC(170) Concurrent Cleanup for Next Mark 0.228ms
[2020-05-10T07:14:35.121+0200][45321.347s] GC(170) Concurrent Cycle 29.609ms
[2020-05-10T07:14:36.802+0200][45323.028s] GC(171) Pause Young (Prepare Mixed) (G1 Evacuation Pause)
[2020-05-10T07:14:36.802+0200][45323.028s] GC(171) Using 10 workers of 10 for evacuation
[2020-05-10T07:14:36.805+0200][45323.031s] GC(171)   Pre Evacuate Collection Set: 0.0ms
[2020-05-10T07:14:36.805+0200][45323.031s] GC(171)   Evacuate Collection Set: 1.9ms
[2020-05-10T07:14:36.805+0200][45323.031s] GC(171)   Post Evacuate Collection Set: 0.5ms
[2020-05-10T07:14:36.805+0200][45323.031s] GC(171)   Other: 0.1ms
[2020-05-10T07:14:36.805+0200][45323.031s] GC(171) Eden regions: 174->0(2)
[2020-05-10T07:14:36.805+0200][45323.031s] GC(171) Survivor regions: 3->23(23)
[2020-05-10T07:14:36.805+0200][45323.031s] GC(171) Old regions: 134->134
[2020-05-10T07:14:36.805+0200][45323.031s] GC(171) Humongous regions: 92->69
[2020-05-10T07:14:36.805+0200][45323.031s] GC(171) Metaspace: 58550K->58550K(1103872K)
[2020-05-10T07:14:36.805+0200][45323.031s] GC(171) Pause Young (Prepare Mixed) (G1 Evacuation Pause) 401M->224M(512M) 2.694ms
[2020-05-10T07:14:36.805+0200][45323.031s] GC(171) User=0.00s Sys=0.00s Real=0.00s
[2020-05-10T07:14:36.849+0200][45323.075s] GC(172) Pause Young (Mixed) (G1 Evacuation Pause)
[2020-05-10T07:14:36.849+0200][45323.075s] GC(172) Using 10 workers of 10 for evacuation
[2020-05-10T07:14:36.851+0200][45323.077s] GC(172)   Pre Evacuate Collection Set: 0.0ms
[2020-05-10T07:14:36.851+0200][45323.077s] GC(172)   Evacuate Collection Set: 1.9ms
[2020-05-10T07:14:36.851+0200][45323.077s] GC(172)   Post Evacuate Collection Set: 0.4ms
[2020-05-10T07:14:36.851+0200][45323.077s] GC(172)   Other: 0.2ms
[2020-05-10T07:14:36.851+0200][45323.077s] GC(172) Eden regions: 2->0(155)
[2020-05-10T07:14:36.851+0200][45323.077s] GC(172) Survivor regions: 23->1(4)
[2020-05-10T07:14:36.851+0200][45323.078s] GC(172) Old regions: 134->155
[2020-05-10T07:14:36.851+0200][45323.078s] GC(172) Humongous regions: 69->69
[2020-05-10T07:14:36.851+0200][45323.078s] GC(172) Metaspace: 58550K->58550K(1103872K)
[2020-05-10T07:14:36.851+0200][45323.078s] GC(172) Pause Young (Mixed) (G1 Evacuation Pause) 226M->224M(512M) 2.635ms
[2020-05-10T07:14:36.852+0200][45323.078s] GC(172) User=0.00s Sys=0.00s Real=0.00s
[2020-05-10T07:14:37.787+0200][45324.014s] GC(173) Pause Young (Concurrent Start) (G1 Evacuation Pause)
[2020-05-10T07:14:37.787+0200][45324.014s] GC(173) Using 10 workers of 10 for evacuation
[2020-05-10T07:14:37.789+0200][45324.015s] GC(173)   Pre Evacuate Collection Set: 0.1ms
[2020-05-10T07:14:37.789+0200][45324.015s] GC(173)   Evacuate Collection Set: 0.8ms
[2020-05-10T07:14:37.789+0200][45324.015s] GC(173)   Post Evacuate Collection Set: 0.4ms
[2020-05-10T07:14:37.789+0200][45324.015s] GC(173)   Other: 0.1ms
[2020-05-10T07:14:37.789+0200][45324.015s] GC(173) Eden regions: 155->0(158)
[2020-05-10T07:14:37.789+0200][45324.015s] GC(173) Survivor regions: 1->8(20)
[2020-05-10T07:14:37.789+0200][45324.015s] GC(173) Old regions: 155->155
[2020-05-10T07:14:37.789+0200][45324.015s] GC(173) Humongous regions: 69->69
[2020-05-10T07:14:37.789+0200][45324.015s] GC(173) Metaspace: 58556K->58556K(1103872K)
[2020-05-10T07:14:37.789+0200][45324.015s] GC(173) Pause Young (Concurrent Start) (G1 Evacuation Pause) 379M->230M(512M) 1.582ms
[2020-05-10T07:14:37.789+0200][45324.015s] GC(173) User=0.00s Sys=0.00s Real=0.00s
[2020-05-10T07:14:37.789+0200][45324.015s] GC(174) Concurrent Cycle
[2020-05-10T07:14:37.789+0200][45324.015s] GC(174) Concurrent Clear Claimed Marks
[2020-05-10T07:14:37.789+0200][45324.015s] GC(174) Concurrent Clear Claimed Marks 0.024ms
[2020-05-10T07:14:37.789+0200][45324.015s] GC(174) Concurrent Scan Root Regions
[2020-05-10T07:14:37.789+0200][45324.016s] GC(174) Concurrent Scan Root Regions 0.326ms
[2020-05-10T07:14:37.789+0200][45324.016s] GC(174) Concurrent Mark (45324.016s)
[2020-05-10T07:14:37.789+0200][45324.016s] GC(174) Concurrent Mark From Roots
[2020-05-10T07:14:37.789+0200][45324.016s] GC(174) Using 3 workers of 3 for marking
[2020-05-10T07:14:37.806+0200][45324.032s] GC(174) Concurrent Mark From Roots 16.283ms
[2020-05-10T07:14:37.806+0200][45324.032s] GC(174) Concurrent Preclean
[2020-05-10T07:14:37.806+0200][45324.032s] GC(174) Concurrent Preclean 0.212ms
[2020-05-10T07:14:37.806+0200][45324.032s] GC(174) Concurrent Mark (45324.016s, 45324.032s) 16.552ms
[2020-05-10T07:14:37.811+0200][45324.037s] GC(174) Pause Remark
[2020-05-10T07:14:37.814+0200][45324.040s] GC(174) Cleaned string and symbol table, strings: 27470 processed, 0 removed, symbols: 165083 processed, 0 removed
[2020-05-10T07:14:37.814+0200][45324.041s] GC(174) Pause Remark 237M->170M(512M) 3.193ms
[2020-05-10T07:14:37.814+0200][45324.041s] GC(174) User=0.00s Sys=0.00s Real=0.00s
[2020-05-10T07:14:37.814+0200][45324.041s] GC(174) Concurrent Rebuild Remembered Sets
[2020-05-10T07:14:37.823+0200][45324.050s] GC(174) Concurrent Rebuild Remembered Sets 8.852ms
[2020-05-10T07:14:37.823+0200][45324.050s] GC(174) Pause Cleanup
[2020-05-10T07:14:37.824+0200][45324.050s] GC(174) Pause Cleanup 175M->175M(512M) 0.151ms
[2020-05-10T07:14:37.824+0200][45324.050s] GC(174) User=0.00s Sys=0.00s Real=0.00s
[2020-05-10T07:14:37.824+0200][45324.050s] GC(174) Concurrent Cleanup for Next Mark
[2020-05-10T07:14:37.824+0200][45324.050s] GC(174) Concurrent Cleanup for Next Mark 0.239ms
[2020-05-10T07:14:37.824+0200][45324.050s] GC(174) Concurrent Cycle 34.891ms
[2020-05-10T07:14:38.060+0200][45324.286s] GC(175) Pause Young (Prepare Mixed) (G1 Evacuation Pause)
[2020-05-10T07:14:38.060+0200][45324.286s] GC(175) Using 10 workers of 10 for evacuation
[2020-05-10T07:14:38.062+0200][45324.288s] GC(175)   Pre Evacuate Collection Set: 0.0ms
[2020-05-10T07:14:38.062+0200][45324.288s] GC(175)   Evacuate Collection Set: 1.0ms
[2020-05-10T07:14:38.062+0200][45324.288s] GC(175)   Post Evacuate Collection Set: 0.5ms
[2020-05-10T07:14:38.062+0200][45324.288s] GC(175)   Other: 0.1ms
[2020-05-10T07:14:38.062+0200][45324.288s] GC(175) Eden regions: 158->0(13)
[2020-05-10T07:14:38.062+0200][45324.288s] GC(175) Survivor regions: 8->12(21)
[2020-05-10T07:14:38.062+0200][45324.288s] GC(175) Old regions: 130->130
[2020-05-10T07:14:38.062+0200][45324.288s] GC(175) Humongous regions: 29->29
[2020-05-10T07:14:38.062+0200][45324.288s] GC(175) Metaspace: 58556K->58556K(1103872K)
[2020-05-10T07:14:38.062+0200][45324.288s] GC(175) Pause Young (Prepare Mixed) (G1 Evacuation Pause) 323M->170M(512M) 1.747ms
[2020-05-10T07:14:38.062+0200][45324.288s] GC(175) User=0.00s Sys=0.00s Real=0.00s
[2020-05-10T07:14:38.081+0200][45324.307s] GC(176) Pause Young (Mixed) (G1 Evacuation Pause)
[2020-05-10T07:14:38.081+0200][45324.307s] GC(176) Using 10 workers of 10 for evacuation
[2020-05-10T07:14:38.082+0200][45324.309s] GC(176)   Pre Evacuate Collection Set: 0.0ms
[2020-05-10T07:14:38.082+0200][45324.309s] GC(176)   Evacuate Collection Set: 1.1ms
[2020-05-10T07:14:38.083+0200][45324.309s] GC(176)   Post Evacuate Collection Set: 0.4ms
[2020-05-10T07:14:38.083+0200][45324.309s] GC(176)   Other: 0.2ms
[2020-05-10T07:14:38.083+0200][45324.309s] GC(176) Eden regions: 13->0(221)
[2020-05-10T07:14:38.083+0200][45324.309s] GC(176) Survivor regions: 12->3(4)
[2020-05-10T07:14:38.083+0200][45324.309s] GC(176) Old regions: 130->98
[2020-05-10T07:14:38.083+0200][45324.309s] GC(176) Humongous regions: 29->29
[2020-05-10T07:14:38.083+0200][45324.309s] GC(176) Metaspace: 58556K->58556K(1103872K)
[2020-05-10T07:14:38.083+0200][45324.309s] GC(176) Pause Young (Mixed) (G1 Evacuation Pause) 183M->128M(512M) 1.843ms
[2020-05-10T07:14:38.083+0200][45324.309s] GC(176) User=0.00s Sys=0.00s Real=0.00s
[2020-05-10T07:14:38.154+0200][45324.380s] GC(177) Pause Young (Concurrent Start) (G1 Humongous Allocation)
[2020-05-10T07:14:38.154+0200][45324.381s] GC(177) Using 10 workers of 10 for evacuation
[2020-05-10T07:14:38.156+0200][45324.382s] GC(177)   Pre Evacuate Collection Set: 0.1ms
[2020-05-10T07:14:38.156+0200][45324.382s] GC(177)   Evacuate Collection Set: 0.8ms
[2020-05-10T07:14:38.156+0200][45324.382s] GC(177)   Post Evacuate Collection Set: 0.4ms
[2020-05-10T07:14:38.156+0200][45324.382s] GC(177)   Other: 0.1ms
[2020-05-10T07:14:38.156+0200][45324.382s] GC(177) Eden regions: 43->0(216)
[2020-05-10T07:14:38.156+0200][45324.382s] GC(177) Survivor regions: 3->8(28)
[2020-05-10T07:14:38.156+0200][45324.382s] GC(177) Old regions: 98->98
[2020-05-10T07:14:38.156+0200][45324.382s] GC(177) Humongous regions: 29->29
[2020-05-10T07:14:38.156+0200][45324.382s] GC(177) Metaspace: 58556K->58556K(1103872K)
[2020-05-10T07:14:38.156+0200][45324.382s] GC(177) Pause Young (Concurrent Start) (G1 Humongous Allocation) 171M->133M(512M) 1.502ms
[2020-05-10T07:14:38.156+0200][45324.382s] GC(177) User=0.00s Sys=0.00s Real=0.00s
[2020-05-10T07:14:38.156+0200][45324.382s] GC(178) Concurrent Cycle
[2020-05-10T07:14:38.156+0200][45324.382s] GC(178) Concurrent Clear Claimed Marks
[2020-05-10T07:14:38.156+0200][45324.382s] GC(178) Concurrent Clear Claimed Marks 0.024ms
[2020-05-10T07:14:38.156+0200][45324.382s] GC(178) Concurrent Scan Root Regions
[2020-05-10T07:14:38.156+0200][45324.382s] GC(178) Concurrent Scan Root Regions 0.318ms
[2020-05-10T07:14:38.156+0200][45324.382s] GC(178) Concurrent Mark (45324.382s)
[2020-05-10T07:14:38.156+0200][45324.382s] GC(178) Concurrent Mark From Roots
[2020-05-10T07:14:38.156+0200][45324.382s] GC(178) Using 3 workers of 3 for marking
[2020-05-10T07:14:38.173+0200][45324.399s] GC(178) Concurrent Mark From Roots 16.676ms
[2020-05-10T07:14:38.173+0200][45324.399s] GC(178) Concurrent Preclean
[2020-05-10T07:14:38.173+0200][45324.399s] GC(178) Concurrent Preclean 0.230ms
[2020-05-10T07:14:38.173+0200][45324.399s] GC(178) Concurrent Mark (45324.382s, 45324.399s) 16.964ms
[2020-05-10T07:14:38.174+0200][45324.400s] GC(178) Pause Remark
[2020-05-10T07:14:38.176+0200][45324.402s] GC(178) Cleaned string and symbol table, strings: 27470 processed, 0 removed, symbols: 165083 processed, 0 removed
[2020-05-10T07:14:38.176+0200][45324.402s] GC(178) Pause Remark 145M->145M(512M) 2.709ms
[2020-05-10T07:14:38.176+0200][45324.402s] GC(178) User=0.00s Sys=0.00s Real=0.00s
[2020-05-10T07:14:38.176+0200][45324.402s] GC(178) Concurrent Rebuild Remembered Sets
[2020-05-10T07:14:38.185+0200][45324.411s] GC(178) Concurrent Rebuild Remembered Sets 8.787ms
[2020-05-10T07:14:38.185+0200][45324.411s] GC(178) Pause Cleanup
[2020-05-10T07:14:38.185+0200][45324.412s] GC(178) Pause Cleanup 145M->145M(512M) 0.168ms
[2020-05-10T07:14:38.185+0200][45324.412s] GC(178) User=0.00s Sys=0.00s Real=0.00s
[2020-05-10T07:14:38.185+0200][45324.412s] GC(178) Concurrent Cleanup for Next Mark
[2020-05-10T07:14:38.185+0200][45324.412s] GC(178) Concurrent Cleanup for Next Mark 0.223ms
[2020-05-10T07:14:38.185+0200][45324.412s] GC(178) Concurrent Cycle 29.876ms
[2020-05-10T07:14:38.643+0200][45324.869s] GC(179) Pause Young (Prepare Mixed) (G1 Evacuation Pause)
[2020-05-10T07:14:38.643+0200][45324.869s] GC(179) Using 10 workers of 10 for evacuation
[2020-05-10T07:14:38.645+0200][45324.871s] GC(179)   Pre Evacuate Collection Set: 0.0ms
[2020-05-10T07:14:38.645+0200][45324.872s] GC(179)   Evacuate Collection Set: 1.6ms
[2020-05-10T07:14:38.645+0200][45324.872s] GC(179)   Post Evacuate Collection Set: 0.6ms
[2020-05-10T07:14:38.645+0200][45324.872s] GC(179)   Other: 0.1ms
[2020-05-10T07:14:38.645+0200][45324.872s] GC(179) Eden regions: 216->0(7)
[2020-05-10T07:14:38.645+0200][45324.872s] GC(179) Survivor regions: 8->18(28)
[2020-05-10T07:14:38.645+0200][45324.872s] GC(179) Old regions: 98->98
[2020-05-10T07:14:38.645+0200][45324.872s] GC(179) Humongous regions: 36->34
[2020-05-10T07:14:38.645+0200][45324.872s] GC(179) Metaspace: 58569K->58569K(1103872K)
[2020-05-10T07:14:38.645+0200][45324.872s] GC(179) Pause Young (Prepare Mixed) (G1 Evacuation Pause) 356M->149M(512M) 2.410ms
[2020-05-10T07:14:38.645+0200][45324.872s] GC(179) User=0.00s Sys=0.00s Real=0.00s
[2020-05-10T07:14:38.717+0200][45324.944s] GC(180) Pause Young (Mixed) (G1 Evacuation Pause)
[2020-05-10T07:14:38.718+0200][45324.944s] GC(180) Using 10 workers of 10 for evacuation
[2020-05-10T07:14:38.719+0200][45324.946s] GC(180)   Pre Evacuate Collection Set: 0.0ms
[2020-05-10T07:14:38.719+0200][45324.946s] GC(180)   Evacuate Collection Set: 1.4ms
[2020-05-10T07:14:38.719+0200][45324.946s] GC(180)   Post Evacuate Collection Set: 0.4ms
[2020-05-10T07:14:38.720+0200][45324.946s] GC(180)   Other: 0.1ms
[2020-05-10T07:14:38.720+0200][45324.946s] GC(180) Eden regions: 7->0(217)
[2020-05-10T07:14:38.720+0200][45324.946s] GC(180) Survivor regions: 18->2(4)
[2020-05-10T07:14:38.720+0200][45324.946s] GC(180) Old regions: 98->111
[2020-05-10T07:14:38.720+0200][45324.946s] GC(180) Humongous regions: 34->34
[2020-05-10T07:14:38.720+0200][45324.946s] GC(180) Metaspace: 58569K->58569K(1103872K)
[2020-05-10T07:14:38.720+0200][45324.946s] GC(180) Pause Young (Mixed) (G1 Evacuation Pause) 156M->146M(512M) 2.111ms
[2020-05-10T07:14:38.720+0200][45324.946s] GC(180) User=0.00s Sys=0.00s Real=0.00s
[2020-05-10T07:14:38.895+0200][45325.121s] GC(181) Pause Young (Concurrent Start) (G1 Humongous Allocation)
[2020-05-10T07:14:38.895+0200][45325.121s] GC(181) Using 10 workers of 10 for evacuation
[2020-05-10T07:14:38.897+0200][45325.123s] GC(181)   Pre Evacuate Collection Set: 0.1ms
[2020-05-10T07:14:38.897+0200][45325.123s] GC(181)   Evacuate Collection Set: 1.0ms
[2020-05-10T07:14:38.897+0200][45325.123s] GC(181)   Post Evacuate Collection Set: 0.4ms
[2020-05-10T07:14:38.897+0200][45325.123s] GC(181)   Other: 0.1ms
[2020-05-10T07:14:38.897+0200][45325.123s] GC(181) Eden regions: 20->0(222)
[2020-05-10T07:14:38.897+0200][45325.123s] GC(181) Survivor regions: 2->10(28)
[2020-05-10T07:14:38.897+0200][45325.123s] GC(181) Old regions: 111->111
[2020-05-10T07:14:38.897+0200][45325.123s] GC(181) Humongous regions: 34->34
[2020-05-10T07:14:38.897+0200][45325.123s] GC(181) Metaspace: 58569K->58569K(1103872K)
[2020-05-10T07:14:38.897+0200][45325.123s] GC(181) Pause Young (Concurrent Start) (G1 Humongous Allocation) 166M->154M(512M) 1.730ms
[2020-05-10T07:14:38.897+0200][45325.123s] GC(181) User=0.00s Sys=0.00s Real=0.00s
[2020-05-10T07:14:38.897+0200][45325.123s] GC(182) Concurrent Cycle
[2020-05-10T07:14:38.897+0200][45325.123s] GC(182) Concurrent Clear Claimed Marks
[2020-05-10T07:14:38.897+0200][45325.123s] GC(182) Concurrent Clear Claimed Marks 0.024ms
[2020-05-10T07:14:38.897+0200][45325.123s] GC(182) Concurrent Scan Root Regions
[2020-05-10T07:14:38.897+0200][45325.123s] GC(182) Concurrent Scan Root Regions 0.287ms
[2020-05-10T07:14:38.897+0200][45325.123s] GC(182) Concurrent Mark (45325.123s)
[2020-05-10T07:14:38.897+0200][45325.123s] GC(182) Concurrent Mark From Roots
[2020-05-10T07:14:38.897+0200][45325.123s] GC(182) Using 3 workers of 3 for marking
[2020-05-10T07:14:38.913+0200][45325.139s] GC(182) Concurrent Mark From Roots 16.098ms
[2020-05-10T07:14:38.913+0200][45325.139s] GC(182) Concurrent Preclean
[2020-05-10T07:14:38.913+0200][45325.140s] GC(182) Concurrent Preclean 0.217ms
[2020-05-10T07:14:38.913+0200][45325.140s] GC(182) Concurrent Mark (45325.123s, 45325.140s) 16.370ms
[2020-05-10T07:14:38.913+0200][45325.140s] GC(182) Pause Remark
[2020-05-10T07:14:38.916+0200][45325.142s] GC(182) Cleaned string and symbol table, strings: 27471 processed, 0 removed, symbols: 165083 processed, 0 removed
[2020-05-10T07:14:38.916+0200][45325.143s] GC(182) Pause Remark 158M->108M(512M) 3.076ms
[2020-05-10T07:14:38.916+0200][45325.143s] GC(182) User=0.00s Sys=0.00s Real=0.00s
[2020-05-10T07:14:38.916+0200][45325.143s] GC(182) Concurrent Rebuild Remembered Sets
[2020-05-10T07:14:38.925+0200][45325.152s] GC(182) Concurrent Rebuild Remembered Sets 8.614ms
[2020-05-10T07:14:38.925+0200][45325.152s] GC(182) Pause Cleanup
[2020-05-10T07:14:38.925+0200][45325.152s] GC(182) Pause Cleanup 111M->111M(512M) 0.186ms
[2020-05-10T07:14:38.926+0200][45325.152s] GC(182) User=0.00s Sys=0.00s Real=0.00s
[2020-05-10T07:14:38.926+0200][45325.152s] GC(182) Concurrent Cleanup for Next Mark
[2020-05-10T07:14:38.926+0200][45325.153s] GC(182) Concurrent Cleanup for Next Mark 0.284ms
[2020-05-10T07:14:38.926+0200][45325.153s] GC(182) Concurrent Cycle 29.615ms
[2020-05-10T07:14:42.573+0200][45328.799s] GC(183) Pause Young (Prepare Mixed) (G1 Evacuation Pause)
[2020-05-10T07:14:42.573+0200][45328.799s] GC(183) Using 10 workers of 10 for evacuation
[2020-05-10T07:14:42.576+0200][45328.802s] GC(183)   Pre Evacuate Collection Set: 0.0ms
[2020-05-10T07:14:42.576+0200][45328.802s] GC(183)   Evacuate Collection Set: 2.8ms
[2020-05-10T07:14:42.576+0200][45328.802s] GC(183)   Post Evacuate Collection Set: 0.5ms
[2020-05-10T07:14:42.576+0200][45328.802s] GC(183)   Other: 0.2ms
[2020-05-10T07:14:42.576+0200][45328.803s] GC(183) Eden regions: 222->0(1)
[2020-05-10T07:14:42.576+0200][45328.803s] GC(183) Survivor regions: 10->29(29)
[2020-05-10T07:14:42.576+0200][45328.803s] GC(183) Old regions: 85->91
[2020-05-10T07:14:42.576+0200][45328.803s] GC(183) Humongous regions: 96->30
[2020-05-10T07:14:42.576+0200][45328.803s] GC(183) Metaspace: 58571K->58571K(1103872K)
[2020-05-10T07:14:42.576+0200][45328.803s] GC(183) Pause Young (Prepare Mixed) (G1 Evacuation Pause) 412M->149M(512M) 3.635ms
[2020-05-10T07:14:42.576+0200][45328.803s] GC(183) User=0.16s Sys=0.00s Real=0.00s
[2020-05-10T07:14:42.587+0200][45328.813s] GC(184) Pause Young (Mixed) (G1 Evacuation Pause)
[2020-05-10T07:14:42.587+0200][45328.813s] GC(184) Using 10 workers of 10 for evacuation
[2020-05-10T07:14:42.590+0200][45328.816s] GC(184)   Pre Evacuate Collection Set: 0.0ms
[2020-05-10T07:14:42.590+0200][45328.816s] GC(184)   Evacuate Collection Set: 2.6ms
[2020-05-10T07:14:42.590+0200][45328.816s] GC(184)   Post Evacuate Collection Set: 0.5ms
[2020-05-10T07:14:42.590+0200][45328.816s] GC(184)   Other: 0.2ms
[2020-05-10T07:14:42.590+0200][45328.816s] GC(184) Eden regions: 1->0(235)
[2020-05-10T07:14:42.590+0200][45328.816s] GC(184) Survivor regions: 29->1(4)
[2020-05-10T07:14:42.590+0200][45328.816s] GC(184) Old regions: 91->105
[2020-05-10T07:14:42.590+0200][45328.816s] GC(184) Humongous regions: 30->30
[2020-05-10T07:14:42.590+0200][45328.816s] GC(184) Metaspace: 58571K->58571K(1103872K)
[2020-05-10T07:14:42.590+0200][45328.816s] GC(184) Pause Young (Mixed) (G1 Evacuation Pause) 150M->134M(512M) 3.391ms
[2020-05-10T07:14:42.590+0200][45328.816s] GC(184) User=0.02s Sys=0.00s Real=0.00s
[2020-05-10T07:14:42.630+0200][45328.856s] GC(185) Pause Young (Concurrent Start) (G1 Humongous Allocation)
[2020-05-10T07:14:42.630+0200][45328.856s] GC(185) Using 10 workers of 10 for evacuation
[2020-05-10T07:14:42.632+0200][45328.858s] GC(185)   Pre Evacuate Collection Set: 0.0ms
[2020-05-10T07:14:42.632+0200][45328.858s] GC(185)   Evacuate Collection Set: 0.6ms
[2020-05-10T07:14:42.632+0200][45328.858s] GC(185)   Post Evacuate Collection Set: 0.4ms
[2020-05-10T07:14:42.632+0200][45328.858s] GC(185)   Other: 0.1ms
[2020-05-10T07:14:42.632+0200][45328.858s] GC(185) Eden regions: 4->0(243)
[2020-05-10T07:14:42.632+0200][45328.858s] GC(185) Survivor regions: 1->1(30)
[2020-05-10T07:14:42.632+0200][45328.858s] GC(185) Old regions: 105->105
[2020-05-10T07:14:42.632+0200][45328.858s] GC(185) Humongous regions: 30->30
[2020-05-10T07:14:42.632+0200][45328.858s] GC(185) Metaspace: 58571K->58571K(1103872K)
[2020-05-10T07:14:42.632+0200][45328.858s] GC(185) Pause Young (Concurrent Start) (G1 Humongous Allocation) 137M->135M(512M) 1.340ms
[2020-05-10T07:14:42.632+0200][45328.858s] GC(185) User=0.00s Sys=0.00s Real=0.00s
[2020-05-10T07:14:42.632+0200][45328.858s] GC(186) Concurrent Cycle
[2020-05-10T07:14:42.632+0200][45328.858s] GC(186) Concurrent Clear Claimed Marks
[2020-05-10T07:14:42.632+0200][45328.858s] GC(186) Concurrent Clear Claimed Marks 0.020ms
[2020-05-10T07:14:42.632+0200][45328.858s] GC(186) Concurrent Scan Root Regions
[2020-05-10T07:14:42.632+0200][45328.858s] GC(186) Concurrent Scan Root Regions 0.368ms
[2020-05-10T07:14:42.632+0200][45328.858s] GC(186) Concurrent Mark (45328.858s)
[2020-05-10T07:14:42.632+0200][45328.858s] GC(186) Concurrent Mark From Roots
[2020-05-10T07:14:42.632+0200][45328.858s] GC(186) Using 3 workers of 3 for marking
[2020-05-10T07:14:42.650+0200][45328.876s] GC(186) Concurrent Mark From Roots 17.750ms
[2020-05-10T07:14:42.650+0200][45328.876s] GC(186) Concurrent Preclean
[2020-05-10T07:14:42.650+0200][45328.876s] GC(186) Concurrent Preclean 0.226ms
[2020-05-10T07:14:42.650+0200][45328.876s] GC(186) Concurrent Mark (45328.858s, 45328.876s) 18.031ms
[2020-05-10T07:14:42.650+0200][45328.877s] GC(186) Pause Remark
[2020-05-10T07:14:42.653+0200][45328.879s] GC(186) Cleaned string and symbol table, strings: 27471 processed, 0 removed, symbols: 165083 processed, 0 removed
[2020-05-10T07:14:42.653+0200][45328.879s] GC(186) Pause Remark 149M->148M(512M) 2.909ms
[2020-05-10T07:14:42.653+0200][45328.880s] GC(186) User=0.16s Sys=0.00s Real=0.00s
[2020-05-10T07:14:42.653+0200][45328.880s] GC(186) Concurrent Rebuild Remembered Sets
[2020-05-10T07:14:42.662+0200][45328.888s] GC(186) Concurrent Rebuild Remembered Sets 8.585ms
[2020-05-10T07:14:42.662+0200][45328.888s] GC(186) Pause Cleanup
[2020-05-10T07:14:42.662+0200][45328.889s] GC(186) Pause Cleanup 149M->149M(512M) 0.143ms
[2020-05-10T07:14:42.662+0200][45328.889s] GC(186) User=0.00s Sys=0.00s Real=0.00s
[2020-05-10T07:14:42.662+0200][45328.889s] GC(186) Concurrent Cleanup for Next Mark
[2020-05-10T07:14:42.663+0200][45328.889s] GC(186) Concurrent Cleanup for Next Mark 0.287ms
[2020-05-10T07:14:42.663+0200][45328.889s] GC(186) Concurrent Cycle 31.169ms
[2020-05-10T07:14:46.113+0200][45332.339s] GC(187) Pause Young (Prepare Mixed) (G1 Evacuation Pause)
[2020-05-10T07:14:46.113+0200][45332.339s] GC(187) Using 10 workers of 10 for evacuation
[2020-05-10T07:14:46.117+0200][45332.343s] GC(187) To-space exhausted
[2020-05-10T07:14:46.117+0200][45332.343s] GC(187)   Pre Evacuate Collection Set: 0.0ms
[2020-05-10T07:14:46.117+0200][45332.343s] GC(187)   Evacuate Collection Set: 0.7ms
[2020-05-10T07:14:46.117+0200][45332.343s] GC(187)   Post Evacuate Collection Set: 3.5ms
[2020-05-10T07:14:46.117+0200][45332.343s] GC(187)   Other: 0.2ms
[2020-05-10T07:14:46.117+0200][45332.343s] GC(187) Eden regions: 200->0(25)
[2020-05-10T07:14:46.117+0200][45332.343s] GC(187) Survivor regions: 1->0(31)
[2020-05-10T07:14:46.117+0200][45332.343s] GC(187) Old regions: 105->306
[2020-05-10T07:14:46.117+0200][45332.343s] GC(187) Humongous regions: 206->65
[2020-05-10T07:14:46.117+0200][45332.343s] GC(187) Metaspace: 58572K->58572K(1103872K)
[2020-05-10T07:14:46.117+0200][45332.343s] GC(187) Pause Young (Prepare Mixed) (G1 Evacuation Pause) 511M->370M(512M) 4.525ms
[2020-05-10T07:14:46.117+0200][45332.343s] GC(187) User=0.00s Sys=0.00s Real=0.00s
[2020-05-10T07:14:46.629+0200][45332.855s] GC(188) Pause Young (Mixed) (G1 Evacuation Pause)
[2020-05-10T07:14:46.629+0200][45332.855s] GC(188) Using 10 workers of 10 for evacuation
[2020-05-10T07:14:46.630+0200][45332.856s] GC(188)   Pre Evacuate Collection Set: 0.0ms
[2020-05-10T07:14:46.630+0200][45332.856s] GC(188)   Evacuate Collection Set: 0.5ms
[2020-05-10T07:14:46.630+0200][45332.856s] GC(188)   Post Evacuate Collection Set: 0.4ms
[2020-05-10T07:14:46.630+0200][45332.857s] GC(188)   Other: 0.1ms
[2020-05-10T07:14:46.630+0200][45332.857s] GC(188) Eden regions: 25->0(69)
[2020-05-10T07:14:46.630+0200][45332.857s] GC(188) Survivor regions: 0->2(4)
[2020-05-10T07:14:46.630+0200][45332.857s] GC(188) Old regions: 306->306
[2020-05-10T07:14:46.630+0200][45332.857s] GC(188) Humongous regions: 65->65
[2020-05-10T07:14:46.630+0200][45332.857s] GC(188) Metaspace: 58574K->58574K(1103872K)
[2020-05-10T07:14:46.630+0200][45332.857s] GC(188) Pause Young (Mixed) (G1 Evacuation Pause) 395M->371M(512M) 1.159ms
[2020-05-10T07:14:46.630+0200][45332.857s] GC(188) User=0.00s Sys=0.00s Real=0.00s
[2020-05-10T07:14:46.884+0200][45333.110s] GC(189) Pause Young (Concurrent Start) (G1 Evacuation Pause)
[2020-05-10T07:14:46.884+0200][45333.110s] GC(189) Using 10 workers of 10 for evacuation
[2020-05-10T07:14:46.885+0200][45333.111s] GC(189)   Pre Evacuate Collection Set: 0.1ms
[2020-05-10T07:14:46.885+0200][45333.111s] GC(189)   Evacuate Collection Set: 0.6ms
[2020-05-10T07:14:46.885+0200][45333.111s] GC(189)   Post Evacuate Collection Set: 0.4ms
[2020-05-10T07:14:46.885+0200][45333.112s] GC(189)   Other: 0.1ms
[2020-05-10T07:14:46.885+0200][45333.112s] GC(189) Eden regions: 69->0(71)
[2020-05-10T07:14:46.885+0200][45333.112s] GC(189) Survivor regions: 2->2(9)
[2020-05-10T07:14:46.885+0200][45333.112s] GC(189) Old regions: 306->306
[2020-05-10T07:14:46.885+0200][45333.112s] GC(189) Humongous regions: 65->65
[2020-05-10T07:14:46.885+0200][45333.112s] GC(189) Metaspace: 58574K->58574K(1103872K)
[2020-05-10T07:14:46.885+0200][45333.112s] GC(189) Pause Young (Concurrent Start) (G1 Evacuation Pause) 440M->371M(512M) 1.251ms
[2020-05-10T07:14:46.885+0200][45333.112s] GC(189) User=0.00s Sys=0.00s Real=0.00s
[2020-05-10T07:14:46.885+0200][45333.112s] GC(190) Concurrent Cycle
[2020-05-10T07:14:46.885+0200][45333.112s] GC(190) Concurrent Clear Claimed Marks
[2020-05-10T07:14:46.885+0200][45333.112s] GC(190) Concurrent Clear Claimed Marks 0.019ms
[2020-05-10T07:14:46.885+0200][45333.112s] GC(190) Concurrent Scan Root Regions
[2020-05-10T07:14:46.885+0200][45333.112s] GC(190) Concurrent Scan Root Regions 0.298ms
[2020-05-10T07:14:46.885+0200][45333.112s] GC(190) Concurrent Mark (45333.112s)
[2020-05-10T07:14:46.885+0200][45333.112s] GC(190) Concurrent Mark From Roots
[2020-05-10T07:14:46.885+0200][45333.112s] GC(190) Using 3 workers of 3 for marking
[2020-05-10T07:14:46.902+0200][45333.129s] GC(190) Concurrent Mark From Roots 16.660ms
[2020-05-10T07:14:46.903+0200][45333.129s] GC(190) Concurrent Preclean
[2020-05-10T07:14:46.903+0200][45333.129s] GC(190) Concurrent Preclean 0.218ms
[2020-05-10T07:14:46.903+0200][45333.129s] GC(190) Concurrent Mark (45333.112s, 45333.129s) 16.951ms
[2020-05-10T07:14:46.903+0200][45333.129s] GC(190) Pause Remark
[2020-05-10T07:14:46.905+0200][45333.132s] GC(190) Cleaned string and symbol table, strings: 27471 processed, 0 removed, symbols: 165083 processed, 0 removed
[2020-05-10T07:14:46.905+0200][45333.132s] GC(190) Pause Remark 374M->357M(512M) 3.096ms
[2020-05-10T07:14:46.905+0200][45333.132s] GC(190) User=0.00s Sys=0.00s Real=0.00s
[2020-05-10T07:14:46.906+0200][45333.132s] GC(190) Concurrent Rebuild Remembered Sets
[2020-05-10T07:14:46.916+0200][45333.142s] GC(190) Concurrent Rebuild Remembered Sets 9.573ms
[2020-05-10T07:14:46.916+0200][45333.142s] GC(190) Pause Cleanup
[2020-05-10T07:14:46.916+0200][45333.142s] GC(190) Pause Cleanup 359M->359M(512M) 0.186ms
[2020-05-10T07:14:46.916+0200][45333.142s] GC(190) User=0.00s Sys=0.00s Real=0.00s
[2020-05-10T07:14:46.916+0200][45333.143s] GC(190) Concurrent Cleanup for Next Mark
[2020-05-10T07:14:46.916+0200][45333.143s] GC(190) Concurrent Cleanup for Next Mark 0.248ms
[2020-05-10T07:14:46.916+0200][45333.143s] GC(190) Concurrent Cycle 31.132ms
[2020-05-10T07:14:47.210+0200][45333.436s] GC(191) Pause Young (Prepare Mixed) (G1 Evacuation Pause)
[2020-05-10T07:14:47.210+0200][45333.436s] GC(191) Using 10 workers of 10 for evacuation
[2020-05-10T07:14:47.210+0200][45333.437s] GC(191)   Pre Evacuate Collection Set: 0.0ms
[2020-05-10T07:14:47.210+0200][45333.437s] GC(191)   Evacuate Collection Set: 0.6ms
[2020-05-10T07:14:47.211+0200][45333.437s] GC(191)   Post Evacuate Collection Set: 0.4ms
[2020-05-10T07:14:47.211+0200][45333.437s] GC(191)   Other: 0.2ms
[2020-05-10T07:14:47.211+0200][45333.437s] GC(191) Eden regions: 71->0(23)
[2020-05-10T07:14:47.211+0200][45333.437s] GC(191) Survivor regions: 2->2(10)
[2020-05-10T07:14:47.211+0200][45333.437s] GC(191) Old regions: 306->306
[2020-05-10T07:14:47.211+0200][45333.437s] GC(191) Humongous regions: 48->48
[2020-05-10T07:14:47.211+0200][45333.437s] GC(191) Metaspace: 58574K->58574K(1103872K)
[2020-05-10T07:14:47.211+0200][45333.437s] GC(191) Pause Young (Prepare Mixed) (G1 Evacuation Pause) 425M->354M(512M) 1.378ms
[2020-05-10T07:14:47.211+0200][45333.437s] GC(191) User=0.00s Sys=0.00s Real=0.00s
[2020-05-10T07:14:47.315+0200][45333.541s] GC(192) Pause Young (Mixed) (G1 Evacuation Pause)
[2020-05-10T07:14:47.315+0200][45333.541s] GC(192) Using 10 workers of 10 for evacuation
[2020-05-10T07:14:47.316+0200][45333.543s] GC(192)   Pre Evacuate Collection Set: 0.0ms
[2020-05-10T07:14:47.316+0200][45333.543s] GC(192)   Evacuate Collection Set: 0.7ms
[2020-05-10T07:14:47.316+0200][45333.543s] GC(192)   Post Evacuate Collection Set: 0.4ms
[2020-05-10T07:14:47.316+0200][45333.543s] GC(192)   Other: 0.1ms
[2020-05-10T07:14:47.316+0200][45333.543s] GC(192) Eden regions: 23->0(23)
[2020-05-10T07:14:47.316+0200][45333.543s] GC(192) Survivor regions: 2->2(4)
[2020-05-10T07:14:47.316+0200][45333.543s] GC(192) Old regions: 306->258
[2020-05-10T07:14:47.316+0200][45333.543s] GC(192) Humongous regions: 48->48
[2020-05-10T07:14:47.316+0200][45333.543s] GC(192) Metaspace: 58574K->58574K(1103872K)
[2020-05-10T07:14:47.316+0200][45333.543s] GC(192) Pause Young (Mixed) (G1 Evacuation Pause) 377M->307M(512M) 1.348ms
[2020-05-10T07:14:47.316+0200][45333.543s] GC(192) User=0.00s Sys=0.00s Real=0.00s
[2020-05-10T07:14:47.421+0200][45333.647s] GC(193) Pause Young (Mixed) (G1 Evacuation Pause)
[2020-05-10T07:14:47.421+0200][45333.647s] GC(193) Using 10 workers of 10 for evacuation
[2020-05-10T07:14:47.423+0200][45333.649s] GC(193)   Pre Evacuate Collection Set: 0.0ms
[2020-05-10T07:14:47.423+0200][45333.649s] GC(193)   Evacuate Collection Set: 0.8ms
[2020-05-10T07:14:47.423+0200][45333.649s] GC(193)   Post Evacuate Collection Set: 0.5ms
[2020-05-10T07:14:47.423+0200][45333.649s] GC(193)   Other: 0.1ms
[2020-05-10T07:14:47.423+0200][45333.649s] GC(193) Eden regions: 23->0(23)
[2020-05-10T07:14:47.423+0200][45333.649s] GC(193) Survivor regions: 2->2(4)
[2020-05-10T07:14:47.423+0200][45333.649s] GC(193) Old regions: 258->213
[2020-05-10T07:14:47.423+0200][45333.649s] GC(193) Humongous regions: 48->48
[2020-05-10T07:14:47.423+0200][45333.649s] GC(193) Metaspace: 58574K->58574K(1103872K)
[2020-05-10T07:14:47.423+0200][45333.649s] GC(193) Pause Young (Mixed) (G1 Evacuation Pause) 330M->261M(512M) 1.590ms
[2020-05-10T07:14:47.423+0200][45333.649s] GC(193) User=0.00s Sys=0.00s Real=0.00s
[2020-05-10T07:14:47.516+0200][45333.743s] GC(194) Pause Young (Mixed) (G1 Evacuation Pause)
[2020-05-10T07:14:47.516+0200][45333.743s] GC(194) Using 10 workers of 10 for evacuation
[2020-05-10T07:14:47.518+0200][45333.744s] GC(194)   Pre Evacuate Collection Set: 0.0ms
[2020-05-10T07:14:47.518+0200][45333.744s] GC(194)   Evacuate Collection Set: 0.9ms
[2020-05-10T07:14:47.518+0200][45333.744s] GC(194)   Post Evacuate Collection Set: 0.5ms
[2020-05-10T07:14:47.518+0200][45333.744s] GC(194)   Other: 0.1ms
[2020-05-10T07:14:47.518+0200][45333.744s] GC(194) Eden regions: 23->0(23)
[2020-05-10T07:14:47.518+0200][45333.744s] GC(194) Survivor regions: 2->2(4)
[2020-05-10T07:14:47.518+0200][45333.744s] GC(194) Old regions: 213->170
[2020-05-10T07:14:47.518+0200][45333.744s] GC(194) Humongous regions: 48->48
[2020-05-10T07:14:47.518+0200][45333.744s] GC(194) Metaspace: 58574K->58574K(1103872K)
[2020-05-10T07:14:47.518+0200][45333.744s] GC(194) Pause Young (Mixed) (G1 Evacuation Pause) 284M->218M(512M) 1.640ms
[2020-05-10T07:14:47.518+0200][45333.744s] GC(194) User=0.00s Sys=0.00s Real=0.00s
[2020-05-10T07:14:47.622+0200][45333.848s] GC(195) Pause Young (Mixed) (G1 Evacuation Pause)
[2020-05-10T07:14:47.622+0200][45333.848s] GC(195) Using 10 workers of 10 for evacuation
[2020-05-10T07:14:47.623+0200][45333.849s] GC(195)   Pre Evacuate Collection Set: 0.1ms
[2020-05-10T07:14:47.623+0200][45333.849s] GC(195)   Evacuate Collection Set: 1.1ms
[2020-05-10T07:14:47.623+0200][45333.849s] GC(195)   Post Evacuate Collection Set: 0.4ms
[2020-05-10T07:14:47.623+0200][45333.849s] GC(195)   Other: 0.2ms
[2020-05-10T07:14:47.623+0200][45333.849s] GC(195) Eden regions: 23->0(194)
[2020-05-10T07:14:47.623+0200][45333.849s] GC(195) Survivor regions: 2->2(4)
[2020-05-10T07:14:47.623+0200][45333.849s] GC(195) Old regions: 170->135
[2020-05-10T07:14:47.623+0200][45333.849s] GC(195) Humongous regions: 48->48
[2020-05-10T07:14:47.623+0200][45333.849s] GC(195) Metaspace: 58574K->58574K(1103872K)
[2020-05-10T07:14:47.623+0200][45333.850s] GC(195) Pause Young (Mixed) (G1 Evacuation Pause) 241M->183M(512M) 1.876ms
[2020-05-10T07:14:47.623+0200][45333.850s] GC(195) User=0.00s Sys=0.00s Real=0.00s
[2020-05-10T07:14:48.507+0200][45334.733s] GC(196) Pause Young (Concurrent Start) (G1 Evacuation Pause)
[2020-05-10T07:14:48.507+0200][45334.733s] GC(196) Using 10 workers of 10 for evacuation
[2020-05-10T07:14:48.509+0200][45334.734s] GC(196)   Pre Evacuate Collection Set: 0.1ms
[2020-05-10T07:14:48.509+0200][45334.734s] GC(196)   Evacuate Collection Set: 0.6ms
[2020-05-10T07:14:48.509+0200][45334.735s] GC(196)   Post Evacuate Collection Set: 0.4ms
[2020-05-10T07:14:48.509+0200][45334.735s] GC(196)   Other: 0.2ms
[2020-05-10T07:14:48.509+0200][45334.735s] GC(196) Eden regions: 194->0(204)
[2020-05-10T07:14:48.509+0200][45334.735s] GC(196) Survivor regions: 2->2(25)
[2020-05-10T07:14:48.509+0200][45334.735s] GC(196) Old regions: 135->135
[2020-05-10T07:14:48.509+0200][45334.735s] GC(196) Humongous regions: 48->48
[2020-05-10T07:14:48.509+0200][45334.735s] GC(196) Metaspace: 58574K->58574K(1103872K)
[2020-05-10T07:14:48.509+0200][45334.735s] GC(196) Pause Young (Concurrent Start) (G1 Evacuation Pause) 377M->183M(512M) 1.369ms
[2020-05-10T07:14:48.509+0200][45334.735s] GC(196) User=0.00s Sys=0.00s Real=0.00s
[2020-05-10T07:14:48.509+0200][45334.735s] GC(197) Concurrent Cycle
[2020-05-10T07:14:48.509+0200][45334.735s] GC(197) Concurrent Clear Claimed Marks
[2020-05-10T07:14:48.509+0200][45334.735s] GC(197) Concurrent Clear Claimed Marks 0.023ms
[2020-05-10T07:14:48.509+0200][45334.735s] GC(197) Concurrent Scan Root Regions
[2020-05-10T07:14:48.509+0200][45334.735s] GC(197) Concurrent Scan Root Regions 0.298ms
[2020-05-10T07:14:48.509+0200][45334.735s] GC(197) Concurrent Mark (45334.735s)
[2020-05-10T07:14:48.509+0200][45334.735s] GC(197) Concurrent Mark From Roots
[2020-05-10T07:14:48.509+0200][45334.735s] GC(197) Using 3 workers of 3 for marking
[2020-05-10T07:14:48.525+0200][45334.751s] GC(197) Concurrent Mark From Roots 16.260ms
[2020-05-10T07:14:48.525+0200][45334.751s] GC(197) Concurrent Preclean
[2020-05-10T07:14:48.525+0200][45334.752s] GC(197) Concurrent Preclean 0.213ms
[2020-05-10T07:14:48.525+0200][45334.752s] GC(197) Concurrent Mark (45334.735s, 45334.752s) 16.528ms
[2020-05-10T07:14:48.525+0200][45334.752s] GC(197) Pause Remark
[2020-05-10T07:14:48.528+0200][45334.755s] GC(197) Cleaned string and symbol table, strings: 27471 processed, 0 removed, symbols: 165083 processed, 0 removed
[2020-05-10T07:14:48.529+0200][45334.755s] GC(197) Pause Remark 187M->187M(512M) 3.064ms
[2020-05-10T07:14:48.529+0200][45334.755s] GC(197) User=0.16s Sys=0.00s Real=0.00s
[2020-05-10T07:14:48.529+0200][45334.755s] GC(197) Concurrent Rebuild Remembered Sets
[2020-05-10T07:14:48.537+0200][45334.764s] GC(197) Concurrent Rebuild Remembered Sets 9.259ms
[2020-05-10T07:14:48.538+0200][45334.764s] GC(197) Pause Cleanup
[2020-05-10T07:14:48.538+0200][45334.765s] GC(197) Pause Cleanup 189M->189M(512M) 0.212ms
[2020-05-10T07:14:48.538+0200][45334.765s] GC(197) User=0.00s Sys=0.00s Real=0.00s
[2020-05-10T07:14:48.538+0200][45334.765s] GC(197) Concurrent Cleanup for Next Mark
[2020-05-10T07:14:48.538+0200][45334.765s] GC(197) Concurrent Cleanup for Next Mark 0.254ms
[2020-05-10T07:14:48.538+0200][45334.765s] GC(197) Concurrent Cycle 30.391ms
[2020-05-10T07:14:49.065+0200][45335.291s] GC(198) Pause Young (Normal) (G1 Evacuation Pause)
[2020-05-10T07:14:49.065+0200][45335.291s] GC(198) Using 10 workers of 10 for evacuation
[2020-05-10T07:14:49.066+0200][45335.292s] GC(198)   Pre Evacuate Collection Set: 0.0ms
[2020-05-10T07:14:49.066+0200][45335.292s] GC(198)   Evacuate Collection Set: 0.4ms
[2020-05-10T07:14:49.066+0200][45335.292s] GC(198)   Post Evacuate Collection Set: 0.4ms
[2020-05-10T07:14:49.066+0200][45335.292s] GC(198)   Other: 0.1ms
[2020-05-10T07:14:49.066+0200][45335.292s] GC(198) Eden regions: 204->0(212)
[2020-05-10T07:14:49.066+0200][45335.292s] GC(198) Survivor regions: 2->2(26)
[2020-05-10T07:14:49.066+0200][45335.292s] GC(198) Old regions: 135->135
[2020-05-10T07:14:49.066+0200][45335.292s] GC(198) Humongous regions: 48->48
[2020-05-10T07:14:49.066+0200][45335.292s] GC(198) Metaspace: 58574K->58574K(1103872K)
[2020-05-10T07:14:49.066+0200][45335.292s] GC(198) Pause Young (Normal) (G1 Evacuation Pause) 387M->183M(512M) 1.137ms
[2020-05-10T07:14:49.066+0200][45335.292s] GC(198) User=0.00s Sys=0.00s Real=0.00s
[2020-05-10T07:14:49.483+0200][45335.709s] GC(199) Pause Young (Concurrent Start) (G1 Evacuation Pause)
[2020-05-10T07:14:49.483+0200][45335.710s] GC(199) Using 10 workers of 10 for evacuation
[2020-05-10T07:14:49.484+0200][45335.711s] GC(199)   Pre Evacuate Collection Set: 0.1ms
[2020-05-10T07:14:49.484+0200][45335.711s] GC(199)   Evacuate Collection Set: 0.6ms
[2020-05-10T07:14:49.484+0200][45335.711s] GC(199)   Post Evacuate Collection Set: 0.5ms
[2020-05-10T07:14:49.484+0200][45335.711s] GC(199)   Other: 0.2ms
[2020-05-10T07:14:49.484+0200][45335.711s] GC(199) Eden regions: 212->0(220)
[2020-05-10T07:14:49.484+0200][45335.711s] GC(199) Survivor regions: 2->2(27)
[2020-05-10T07:14:49.484+0200][45335.711s] GC(199) Old regions: 135->135
[2020-05-10T07:14:49.484+0200][45335.711s] GC(199) Humongous regions: 48->48
[2020-05-10T07:14:49.484+0200][45335.711s] GC(199) Metaspace: 58574K->58574K(1103872K)
[2020-05-10T07:14:49.484+0200][45335.711s] GC(199) Pause Young (Concurrent Start) (G1 Evacuation Pause) 395M->183M(512M) 1.427ms
[2020-05-10T07:14:49.484+0200][45335.711s] GC(199) User=0.00s Sys=0.00s Real=0.00s
[2020-05-10T07:14:49.484+0200][45335.711s] GC(200) Concurrent Cycle
[2020-05-10T07:14:49.484+0200][45335.711s] GC(200) Concurrent Clear Claimed Marks
[2020-05-10T07:14:49.484+0200][45335.711s] GC(200) Concurrent Clear Claimed Marks 0.020ms
[2020-05-10T07:14:49.484+0200][45335.711s] GC(200) Concurrent Scan Root Regions
[2020-05-10T07:14:49.484+0200][45335.711s] GC(200) Concurrent Scan Root Regions 0.274ms
[2020-05-10T07:14:49.484+0200][45335.711s] GC(200) Concurrent Mark (45335.711s)
[2020-05-10T07:14:49.484+0200][45335.711s] GC(200) Concurrent Mark From Roots
[2020-05-10T07:14:49.484+0200][45335.711s] GC(200) Using 3 workers of 3 for marking
[2020-05-10T07:14:49.503+0200][45335.729s] GC(200) Concurrent Mark From Roots 18.179ms
[2020-05-10T07:14:49.503+0200][45335.730s] GC(200) Concurrent Preclean
[2020-05-10T07:14:49.503+0200][45335.730s] GC(200) Concurrent Preclean 0.226ms
[2020-05-10T07:14:49.503+0200][45335.730s] GC(200) Concurrent Mark (45335.711s, 45335.730s) 18.458ms
[2020-05-10T07:14:49.503+0200][45335.730s] GC(200) Pause Remark
[2020-05-10T07:14:49.506+0200][45335.733s] GC(200) Cleaned string and symbol table, strings: 27471 processed, 0 removed, symbols: 165083 processed, 0 removed
[2020-05-10T07:14:49.506+0200][45335.733s] GC(200) Pause Remark 190M->190M(512M) 2.858ms
[2020-05-10T07:14:49.506+0200][45335.733s] GC(200) User=0.00s Sys=0.00s Real=0.00s
[2020-05-10T07:14:49.506+0200][45335.733s] GC(200) Concurrent Rebuild Remembered Sets
[2020-05-10T07:14:49.516+0200][45335.743s] GC(200) Concurrent Rebuild Remembered Sets 9.647ms
[2020-05-10T07:14:49.517+0200][45335.743s] GC(200) Pause Cleanup
[2020-05-10T07:14:49.517+0200][45335.743s] GC(200) Pause Cleanup 191M->191M(512M) 0.189ms
[2020-05-10T07:14:49.517+0200][45335.743s] GC(200) User=0.00s Sys=0.00s Real=0.00s
[2020-05-10T07:14:49.517+0200][45335.743s] GC(200) Concurrent Cleanup for Next Mark
[2020-05-10T07:14:49.517+0200][45335.743s] GC(200) Concurrent Cleanup for Next Mark 0.235ms
[2020-05-10T07:14:49.517+0200][45335.743s] GC(200) Concurrent Cycle 32.422ms
[2020-05-10T07:14:49.725+0200][45335.952s] GC(201) Pause Young (Concurrent Start) (G1 Humongous Allocation)
[2020-05-10T07:14:49.725+0200][45335.952s] GC(201) Using 10 workers of 10 for evacuation
[2020-05-10T07:14:49.727+0200][45335.953s] GC(201)   Pre Evacuate Collection Set: 0.1ms
[2020-05-10T07:14:49.727+0200][45335.953s] GC(201)   Evacuate Collection Set: 1.1ms
[2020-05-10T07:14:49.727+0200][45335.953s] GC(201)   Post Evacuate Collection Set: 0.4ms
[2020-05-10T07:14:49.727+0200][45335.954s] GC(201)   Other: 0.1ms
[2020-05-10T07:14:49.727+0200][45335.954s] GC(201) Eden regions: 46->0(214)
[2020-05-10T07:14:49.727+0200][45335.954s] GC(201) Survivor regions: 2->8(28)
[2020-05-10T07:14:49.727+0200][45335.954s] GC(201) Old regions: 135->135
[2020-05-10T07:14:49.727+0200][45335.954s] GC(201) Humongous regions: 48->48
[2020-05-10T07:14:49.727+0200][45335.954s] GC(201) Metaspace: 58578K->58578K(1103872K)
[2020-05-10T07:14:49.727+0200][45335.954s] GC(201) Pause Young (Concurrent Start) (G1 Humongous Allocation) 229M->189M(512M) 1.748ms
[2020-05-10T07:14:49.727+0200][45335.954s] GC(201) User=0.00s Sys=0.00s Real=0.00s
[2020-05-10T07:14:49.727+0200][45335.954s] GC(202) Concurrent Cycle
[2020-05-10T07:14:49.727+0200][45335.954s] GC(202) Concurrent Clear Claimed Marks
[2020-05-10T07:14:49.727+0200][45335.954s] GC(202) Concurrent Clear Claimed Marks 0.026ms
[2020-05-10T07:14:49.727+0200][45335.954s] GC(202) Concurrent Scan Root Regions
[2020-05-10T07:14:49.728+0200][45335.954s] GC(202) Concurrent Scan Root Regions 0.345ms
[2020-05-10T07:14:49.728+0200][45335.954s] GC(202) Concurrent Mark (45335.954s)
[2020-05-10T07:14:49.728+0200][45335.954s] GC(202) Concurrent Mark From Roots
[2020-05-10T07:14:49.728+0200][45335.954s] GC(202) Using 3 workers of 3 for marking
[2020-05-10T07:14:49.744+0200][45335.971s] GC(202) Concurrent Mark From Roots 16.395ms
[2020-05-10T07:14:49.744+0200][45335.971s] GC(202) Concurrent Preclean
[2020-05-10T07:14:49.745+0200][45335.971s] GC(202) Concurrent Preclean 0.223ms
[2020-05-10T07:14:49.745+0200][45335.971s] GC(202) Concurrent Mark (45335.954s, 45335.971s) 16.674ms
[2020-05-10T07:14:49.745+0200][45335.971s] GC(202) Pause Remark
[2020-05-10T07:14:49.748+0200][45335.974s] GC(202) Cleaned string and symbol table, strings: 27473 processed, 0 removed, symbols: 165083 processed, 0 removed
[2020-05-10T07:14:49.748+0200][45335.974s] GC(202) Pause Remark 193M->118M(512M) 3.176ms
[2020-05-10T07:14:49.748+0200][45335.974s] GC(202) User=0.16s Sys=0.00s Real=0.00s
[2020-05-10T07:14:49.748+0200][45335.974s] GC(202) Concurrent Rebuild Remembered Sets
[2020-05-10T07:14:49.757+0200][45335.983s] GC(202) Concurrent Rebuild Remembered Sets 9.135ms
[2020-05-10T07:14:49.758+0200][45335.984s] GC(202) Pause Cleanup
[2020-05-10T07:14:49.758+0200][45335.984s] GC(202) Pause Cleanup 119M->119M(512M) 0.127ms
[2020-05-10T07:14:49.758+0200][45335.984s] GC(202) User=0.00s Sys=0.00s Real=0.00s
[2020-05-10T07:14:49.758+0200][45335.984s] GC(202) Concurrent Cleanup for Next Mark
[2020-05-10T07:14:49.758+0200][45335.984s] GC(202) Concurrent Cleanup for Next Mark 0.266ms
[2020-05-10T07:14:49.758+0200][45335.984s] GC(202) Concurrent Cycle 30.526ms
[2020-05-10T07:14:52.267+0200][45338.493s] GC(203) Pause Young (Prepare Mixed) (G1 Evacuation Pause)
[2020-05-10T07:14:52.267+0200][45338.493s] GC(203) Using 10 workers of 10 for evacuation
[2020-05-10T07:14:52.271+0200][45338.497s] GC(203)   Pre Evacuate Collection Set: 0.0ms
[2020-05-10T07:14:52.271+0200][45338.497s] GC(203)   Evacuate Collection Set: 2.8ms
[2020-05-10T07:14:52.271+0200][45338.497s] GC(203)   Post Evacuate Collection Set: 0.6ms
[2020-05-10T07:14:52.271+0200][45338.497s] GC(203)   Other: 0.2ms
[2020-05-10T07:14:52.271+0200][45338.497s] GC(203) Eden regions: 214->0(1)
[2020-05-10T07:14:52.271+0200][45338.497s] GC(203) Survivor regions: 8->28(28)
[2020-05-10T07:14:52.271+0200][45338.497s] GC(203) Old regions: 97->99
[2020-05-10T07:14:52.271+0200][45338.497s] GC(203) Humongous regions: 112->31
[2020-05-10T07:14:52.271+0200][45338.497s] GC(203) Metaspace: 58579K->58579K(1103872K)
[2020-05-10T07:14:52.271+0200][45338.497s] GC(203) Pause Young (Prepare Mixed) (G1 Evacuation Pause) 430M->157M(512M) 3.718ms
[2020-05-10T07:14:52.271+0200][45338.497s] GC(203) User=0.00s Sys=0.00s Real=0.00s
[2020-05-10T07:14:52.281+0200][45338.507s] GC(204) Pause Young (Mixed) (G1 Evacuation Pause)
[2020-05-10T07:14:52.281+0200][45338.507s] GC(204) Using 10 workers of 10 for evacuation
[2020-05-10T07:14:52.285+0200][45338.511s] GC(204)   Pre Evacuate Collection Set: 0.0ms
[2020-05-10T07:14:52.285+0200][45338.511s] GC(204)   Evacuate Collection Set: 2.5ms
[2020-05-10T07:14:52.285+0200][45338.511s] GC(204)   Post Evacuate Collection Set: 0.5ms
[2020-05-10T07:14:52.285+0200][45338.511s] GC(204)   Other: 0.2ms
[2020-05-10T07:14:52.285+0200][45338.511s] GC(204) Eden regions: 1->0(249)
[2020-05-10T07:14:52.285+0200][45338.511s] GC(204) Survivor regions: 28->1(4)
[2020-05-10T07:14:52.285+0200][45338.511s] GC(204) Old regions: 99->95
[2020-05-10T07:14:52.285+0200][45338.511s] GC(204) Humongous regions: 31->31
[2020-05-10T07:14:52.285+0200][45338.511s] GC(204) Metaspace: 58579K->58579K(1103872K)
[2020-05-10T07:14:52.285+0200][45338.511s] GC(204) Pause Young (Mixed) (G1 Evacuation Pause) 158M->125M(512M) 3.339ms
[2020-05-10T07:14:52.285+0200][45338.511s] GC(204) User=0.00s Sys=0.00s Real=0.00s
[2020-05-10T07:14:52.392+0200][45338.619s] GC(205) Pause Young (Concurrent Start) (G1 Humongous Allocation)
[2020-05-10T07:14:52.392+0200][45338.619s] GC(205) Using 10 workers of 10 for evacuation
[2020-05-10T07:14:52.394+0200][45338.620s] GC(205)   Pre Evacuate Collection Set: 0.0ms
[2020-05-10T07:14:52.394+0200][45338.620s] GC(205)   Evacuate Collection Set: 0.7ms
[2020-05-10T07:14:52.394+0200][45338.620s] GC(205)   Post Evacuate Collection Set: 0.4ms
[2020-05-10T07:14:52.395+0200][45338.621s] GC(205)   Other: 0.1ms
[2020-05-10T07:14:52.395+0200][45338.621s] GC(205) Eden regions: 11->0(242)
[2020-05-10T07:14:52.395+0200][45338.621s] GC(205) Survivor regions: 1->2(32)
[2020-05-10T07:14:52.395+0200][45338.621s] GC(205) Old regions: 95->95
[2020-05-10T07:14:52.395+0200][45338.621s] GC(205) Humongous regions: 31->31
[2020-05-10T07:14:52.395+0200][45338.621s] GC(205) Metaspace: 58579K->58579K(1103872K)
[2020-05-10T07:14:52.395+0200][45338.621s] GC(205) Pause Young (Concurrent Start) (G1 Humongous Allocation) 135M->127M(512M) 1.558ms
[2020-05-10T07:14:52.395+0200][45338.621s] GC(205) User=0.00s Sys=0.00s Real=0.00s
[2020-05-10T07:14:52.395+0200][45338.621s] GC(206) Concurrent Cycle
[2020-05-10T07:14:52.395+0200][45338.621s] GC(206) Concurrent Clear Claimed Marks
[2020-05-10T07:14:52.395+0200][45338.621s] GC(206) Concurrent Clear Claimed Marks 0.021ms
[2020-05-10T07:14:52.395+0200][45338.621s] GC(206) Concurrent Scan Root Regions
[2020-05-10T07:14:52.395+0200][45338.621s] GC(206) Concurrent Scan Root Regions 0.282ms
[2020-05-10T07:14:52.395+0200][45338.621s] GC(206) Concurrent Mark (45338.621s)
[2020-05-10T07:14:52.395+0200][45338.621s] GC(206) Concurrent Mark From Roots
[2020-05-10T07:14:52.395+0200][45338.621s] GC(206) Using 3 workers of 3 for marking
[2020-05-10T07:14:52.411+0200][45338.638s] GC(206) Concurrent Mark From Roots 16.550ms
[2020-05-10T07:14:52.411+0200][45338.638s] GC(206) Concurrent Preclean
[2020-05-10T07:14:52.411+0200][45338.638s] GC(206) Concurrent Preclean 0.217ms
[2020-05-10T07:14:52.411+0200][45338.638s] GC(206) Concurrent Mark (45338.621s, 45338.638s) 16.841ms
[2020-05-10T07:14:52.412+0200][45338.638s] GC(206) Pause Remark
[2020-05-10T07:14:52.414+0200][45338.640s] GC(206) Cleaned string and symbol table, strings: 27473 processed, 0 removed, symbols: 165083 processed, 0 removed
[2020-05-10T07:14:52.414+0200][45338.641s] GC(206) Pause Remark 139M->136M(512M) 2.718ms
[2020-05-10T07:14:52.414+0200][45338.641s] GC(206) User=0.00s Sys=0.00s Real=0.00s
[2020-05-10T07:14:52.414+0200][45338.641s] GC(206) Concurrent Rebuild Remembered Sets
[2020-05-10T07:14:52.423+0200][45338.650s] GC(206) Concurrent Rebuild Remembered Sets 8.920ms
[2020-05-10T07:14:52.423+0200][45338.650s] GC(206) Pause Cleanup
[2020-05-10T07:14:52.424+0200][45338.650s] GC(206) Pause Cleanup 136M->136M(512M) 0.131ms
[2020-05-10T07:14:52.424+0200][45338.650s] GC(206) User=0.00s Sys=0.00s Real=0.00s
[2020-05-10T07:14:52.424+0200][45338.650s] GC(206) Concurrent Cleanup for Next Mark
[2020-05-10T07:14:52.424+0200][45338.651s] GC(206) Concurrent Cleanup for Next Mark 0.225ms
[2020-05-10T07:14:52.424+0200][45338.651s] GC(206) Concurrent Cycle 29.911ms
[2020-05-10T07:14:53.400+0200][45339.626s] GC(207) Pause Young (Prepare Mixed) (G1 Evacuation Pause)
[2020-05-10T07:14:53.400+0200][45339.626s] GC(207) Using 10 workers of 10 for evacuation
[2020-05-10T07:14:53.402+0200][45339.628s] GC(207)   Pre Evacuate Collection Set: 0.0ms
[2020-05-10T07:14:53.402+0200][45339.628s] GC(207)   Evacuate Collection Set: 1.6ms
[2020-05-10T07:14:53.402+0200][45339.628s] GC(207)   Post Evacuate Collection Set: 0.5ms
[2020-05-10T07:14:53.402+0200][45339.628s] GC(207)   Other: 0.1ms
[2020-05-10T07:14:53.402+0200][45339.628s] GC(207) Eden regions: 242->0(7)
[2020-05-10T07:14:53.402+0200][45339.628s] GC(207) Survivor regions: 2->18(31)
[2020-05-10T07:14:53.402+0200][45339.628s] GC(207) Old regions: 95->95
[2020-05-10T07:14:53.402+0200][45339.628s] GC(207) Humongous regions: 73->64
[2020-05-10T07:14:53.402+0200][45339.628s] GC(207) Metaspace: 58594K->58594K(1103872K)
[2020-05-10T07:14:53.402+0200][45339.628s] GC(207) Pause Young (Prepare Mixed) (G1 Evacuation Pause) 411M->175M(512M) 2.417ms
[2020-05-10T07:14:53.402+0200][45339.628s] GC(207) User=0.00s Sys=0.00s Real=0.00s
[2020-05-10T07:14:53.425+0200][45339.652s] GC(208) Pause Young (Mixed) (G1 Evacuation Pause)
[2020-05-10T07:14:53.425+0200][45339.652s] GC(208) Using 10 workers of 10 for evacuation
[2020-05-10T07:14:53.427+0200][45339.654s] GC(208)   Pre Evacuate Collection Set: 0.0ms
[2020-05-10T07:14:53.427+0200][45339.654s] GC(208)   Evacuate Collection Set: 1.5ms
[2020-05-10T07:14:53.427+0200][45339.654s] GC(208)   Post Evacuate Collection Set: 0.4ms
[2020-05-10T07:14:53.427+0200][45339.654s] GC(208)   Other: 0.1ms
[2020-05-10T07:14:53.427+0200][45339.654s] GC(208) Eden regions: 7->0(211)
[2020-05-10T07:14:53.427+0200][45339.654s] GC(208) Survivor regions: 18->1(4)
[2020-05-10T07:14:53.427+0200][45339.654s] GC(208) Old regions: 95->111
[2020-05-10T07:14:53.427+0200][45339.654s] GC(208) Humongous regions: 74->74
[2020-05-10T07:14:53.427+0200][45339.654s] GC(208) Metaspace: 58594K->58594K(1103872K)
[2020-05-10T07:14:53.427+0200][45339.654s] GC(208) Pause Young (Mixed) (G1 Evacuation Pause) 192M->184M(512M) 2.259ms
[2020-05-10T07:14:53.427+0200][45339.654s] GC(208) User=0.00s Sys=0.00s Real=0.00s
[2020-05-10T07:14:53.529+0200][45339.756s] GC(209) Pause Young (Concurrent Start) (G1 Humongous Allocation)
[2020-05-10T07:14:53.529+0200][45339.756s] GC(209) Using 10 workers of 10 for evacuation
[2020-05-10T07:14:53.531+0200][45339.757s] GC(209)   Pre Evacuate Collection Set: 0.1ms
[2020-05-10T07:14:53.531+0200][45339.757s] GC(209)   Evacuate Collection Set: 0.7ms
[2020-05-10T07:14:53.531+0200][45339.757s] GC(209)   Post Evacuate Collection Set: 0.4ms
[2020-05-10T07:14:53.531+0200][45339.757s] GC(209)   Other: 0.1ms
[2020-05-10T07:14:53.531+0200][45339.757s] GC(209) Eden regions: 33->0(194)
[2020-05-10T07:14:53.531+0200][45339.757s] GC(209) Survivor regions: 1->6(27)
[2020-05-10T07:14:53.531+0200][45339.757s] GC(209) Old regions: 111->111
[2020-05-10T07:14:53.531+0200][45339.757s] GC(209) Humongous regions: 74->74
[2020-05-10T07:14:53.531+0200][45339.757s] GC(209) Metaspace: 58594K->58594K(1103872K)
[2020-05-10T07:14:53.531+0200][45339.757s] GC(209) Pause Young (Concurrent Start) (G1 Humongous Allocation) 217M->190M(512M) 1.407ms
[2020-05-10T07:14:53.531+0200][45339.757s] GC(209) User=0.00s Sys=0.00s Real=0.00s
[2020-05-10T07:14:53.531+0200][45339.757s] GC(210) Concurrent Cycle
[2020-05-10T07:14:53.531+0200][45339.757s] GC(210) Concurrent Clear Claimed Marks
[2020-05-10T07:14:53.531+0200][45339.757s] GC(210) Concurrent Clear Claimed Marks 0.022ms
[2020-05-10T07:14:53.531+0200][45339.757s] GC(210) Concurrent Scan Root Regions
[2020-05-10T07:14:53.531+0200][45339.757s] GC(210) Concurrent Scan Root Regions 0.289ms
[2020-05-10T07:14:53.531+0200][45339.757s] GC(210) Concurrent Mark (45339.757s)
[2020-05-10T07:14:53.531+0200][45339.757s] GC(210) Concurrent Mark From Roots
[2020-05-10T07:14:53.531+0200][45339.757s] GC(210) Using 3 workers of 3 for marking
[2020-05-10T07:14:53.548+0200][45339.774s] GC(210) Concurrent Mark From Roots 16.878ms
[2020-05-10T07:14:53.548+0200][45339.774s] GC(210) Concurrent Preclean
[2020-05-10T07:14:53.548+0200][45339.775s] GC(210) Concurrent Preclean 0.255ms
[2020-05-10T07:14:53.548+0200][45339.775s] GC(210) Concurrent Mark (45339.757s, 45339.775s) 17.195ms
[2020-05-10T07:14:53.548+0200][45339.775s] GC(210) Pause Remark
[2020-05-10T07:14:53.550+0200][45339.777s] GC(210) Cleaned string and symbol table, strings: 27477 processed, 0 removed, symbols: 165083 processed, 0 removed
[2020-05-10T07:14:53.551+0200][45339.777s] GC(210) Pause Remark 200M->179M(512M) 2.559ms
[2020-05-10T07:14:53.551+0200][45339.777s] GC(210) User=0.00s Sys=0.00s Real=0.00s
[2020-05-10T07:14:53.551+0200][45339.777s] GC(210) Concurrent Rebuild Remembered Sets
[2020-05-10T07:14:53.560+0200][45339.787s] GC(210) Concurrent Rebuild Remembered Sets 9.404ms
[2020-05-10T07:14:53.560+0200][45339.787s] GC(210) Pause Cleanup
[2020-05-10T07:14:53.561+0200][45339.787s] GC(210) Pause Cleanup 195M->195M(512M) 0.148ms
[2020-05-10T07:14:53.561+0200][45339.787s] GC(210) User=0.00s Sys=0.00s Real=0.00s
[2020-05-10T07:14:53.561+0200][45339.787s] GC(210) Concurrent Cleanup for Next Mark
[2020-05-10T07:14:53.561+0200][45339.788s] GC(210) Concurrent Cleanup for Next Mark 0.288ms
[2020-05-10T07:14:53.561+0200][45339.788s] GC(210) Concurrent Cycle 30.655ms
[2020-05-10T07:14:54.043+0200][45340.269s] GC(211) Pause Young (Prepare Mixed) (G1 Evacuation Pause)
[2020-05-10T07:14:54.043+0200][45340.269s] GC(211) Using 10 workers of 10 for evacuation
[2020-05-10T07:14:54.045+0200][45340.271s] GC(211)   Pre Evacuate Collection Set: 0.0ms
[2020-05-10T07:14:54.045+0200][45340.271s] GC(211)   Evacuate Collection Set: 1.0ms
[2020-05-10T07:14:54.045+0200][45340.271s] GC(211)   Post Evacuate Collection Set: 0.5ms
[2020-05-10T07:14:54.045+0200][45340.271s] GC(211)   Other: 0.1ms
[2020-05-10T07:14:54.045+0200][45340.271s] GC(211) Eden regions: 194->0(12)
[2020-05-10T07:14:54.045+0200][45340.271s] GC(211) Survivor regions: 6->13(25)
[2020-05-10T07:14:54.045+0200][45340.271s] GC(211) Old regions: 111->111
[2020-05-10T07:14:54.045+0200][45340.271s] GC(211) Humongous regions: 84->60
[2020-05-10T07:14:54.045+0200][45340.271s] GC(211) Metaspace: 58594K->58594K(1103872K)
[2020-05-10T07:14:54.045+0200][45340.271s] GC(211) Pause Young (Prepare Mixed) (G1 Evacuation Pause) 394M->182M(512M) 1.775ms
[2020-05-10T07:14:54.045+0200][45340.271s] GC(211) User=0.00s Sys=0.00s Real=0.00s
[2020-05-10T07:14:54.063+0200][45340.289s] GC(212) Pause Young (Mixed) (G1 Evacuation Pause)
[2020-05-10T07:14:54.063+0200][45340.289s] GC(212) Using 10 workers of 10 for evacuation
[2020-05-10T07:14:54.064+0200][45340.290s] GC(212)   Pre Evacuate Collection Set: 0.0ms
[2020-05-10T07:14:54.064+0200][45340.290s] GC(212)   Evacuate Collection Set: 1.0ms
[2020-05-10T07:14:54.064+0200][45340.290s] GC(212)   Post Evacuate Collection Set: 0.5ms
[2020-05-10T07:14:54.064+0200][45340.290s] GC(212)   Other: 0.1ms
[2020-05-10T07:14:54.064+0200][45340.290s] GC(212) Eden regions: 12->0(210)
[2020-05-10T07:14:54.064+0200][45340.290s] GC(212) Survivor regions: 13->1(4)
[2020-05-10T07:14:54.064+0200][45340.290s] GC(212) Old regions: 111->119
[2020-05-10T07:14:54.064+0200][45340.290s] GC(212) Humongous regions: 60->60
[2020-05-10T07:14:54.064+0200][45340.290s] GC(212) Metaspace: 58594K->58594K(1103872K)
[2020-05-10T07:14:54.064+0200][45340.290s] GC(212) Pause Young (Mixed) (G1 Evacuation Pause) 194M->178M(512M) 1.851ms
[2020-05-10T07:14:54.064+0200][45340.291s] GC(212) User=0.00s Sys=0.00s Real=0.00s
[2020-05-10T07:14:54.618+0200][45340.844s] GC(213) Pause Young (Concurrent Start) (G1 Evacuation Pause)
[2020-05-10T07:14:54.618+0200][45340.844s] GC(213) Using 10 workers of 10 for evacuation
[2020-05-10T07:14:54.620+0200][45340.846s] GC(213)   Pre Evacuate Collection Set: 0.1ms
[2020-05-10T07:14:54.620+0200][45340.846s] GC(213)   Evacuate Collection Set: 1.1ms
[2020-05-10T07:14:54.620+0200][45340.846s] GC(213)   Post Evacuate Collection Set: 0.5ms
[2020-05-10T07:14:54.620+0200][45340.846s] GC(213)   Other: 0.1ms
[2020-05-10T07:14:54.620+0200][45340.846s] GC(213) Eden regions: 210->0(219)
[2020-05-10T07:14:54.620+0200][45340.846s] GC(213) Survivor regions: 1->3(27)
[2020-05-10T07:14:54.620+0200][45340.846s] GC(213) Old regions: 119->119
[2020-05-10T07:14:54.620+0200][45340.846s] GC(213) Humongous regions: 60->60
[2020-05-10T07:14:54.620+0200][45340.846s] GC(213) Metaspace: 58717K->58717K(1103872K)
[2020-05-10T07:14:54.620+0200][45340.846s] GC(213) Pause Young (Concurrent Start) (G1 Evacuation Pause) 388M->180M(512M) 1.825ms
[2020-05-10T07:14:54.620+0200][45340.846s] GC(213) User=0.00s Sys=0.00s Real=0.00s
[2020-05-10T07:14:54.620+0200][45340.846s] GC(214) Concurrent Cycle
[2020-05-10T07:14:54.620+0200][45340.846s] GC(214) Concurrent Clear Claimed Marks
[2020-05-10T07:14:54.620+0200][45340.846s] GC(214) Concurrent Clear Claimed Marks 0.022ms
[2020-05-10T07:14:54.620+0200][45340.846s] GC(214) Concurrent Scan Root Regions
[2020-05-10T07:14:54.620+0200][45340.847s] GC(214) Concurrent Scan Root Regions 0.422ms
[2020-05-10T07:14:54.620+0200][45340.847s] GC(214) Concurrent Mark (45340.847s)
[2020-05-10T07:14:54.620+0200][45340.847s] GC(214) Concurrent Mark From Roots
[2020-05-10T07:14:54.620+0200][45340.847s] GC(214) Using 3 workers of 3 for marking
[2020-05-10T07:14:54.637+0200][45340.864s] GC(214) Concurrent Mark From Roots 16.652ms
[2020-05-10T07:14:54.637+0200][45340.864s] GC(214) Concurrent Preclean
[2020-05-10T07:14:54.637+0200][45340.864s] GC(214) Concurrent Preclean 0.217ms
[2020-05-10T07:14:54.637+0200][45340.864s] GC(214) Concurrent Mark (45340.847s, 45340.864s) 16.924ms
[2020-05-10T07:14:54.637+0200][45340.864s] GC(214) Pause Remark
[2020-05-10T07:14:54.640+0200][45340.866s] GC(214) Cleaned string and symbol table, strings: 27526 processed, 0 removed, symbols: 165202 processed, 0 removed
[2020-05-10T07:14:54.640+0200][45340.867s] GC(214) Pause Remark 186M->171M(512M) 2.634ms
[2020-05-10T07:14:54.640+0200][45340.867s] GC(214) User=0.00s Sys=0.00s Real=0.00s
[2020-05-10T07:14:54.640+0200][45340.867s] GC(214) Concurrent Rebuild Remembered Sets
[2020-05-10T07:14:54.651+0200][45340.877s] GC(214) Concurrent Rebuild Remembered Sets 10.132ms
[2020-05-10T07:14:54.651+0200][45340.877s] GC(214) Pause Cleanup
[2020-05-10T07:14:54.651+0200][45340.877s] GC(214) Pause Cleanup 175M->175M(512M) 0.147ms
[2020-05-10T07:14:54.651+0200][45340.877s] GC(214) User=0.00s Sys=0.00s Real=0.00s
[2020-05-10T07:14:54.651+0200][45340.877s] GC(214) Concurrent Cleanup for Next Mark
[2020-05-10T07:14:54.652+0200][45340.878s] GC(214) Concurrent Cleanup for Next Mark 0.265ms
[2020-05-10T07:14:54.652+0200][45340.878s] GC(214) Concurrent Cycle 31.350ms
[2020-05-10T07:15:00.545+0200][45346.771s] GC(215) Pause Young (Prepare Mixed) (G1 Evacuation Pause)
[2020-05-10T07:15:00.545+0200][45346.771s] GC(215) Using 10 workers of 10 for evacuation
[2020-05-10T07:15:00.547+0200][45346.773s] GC(215)   Pre Evacuate Collection Set: 0.0ms
[2020-05-10T07:15:00.547+0200][45346.773s] GC(215)   Evacuate Collection Set: 1.1ms
[2020-05-10T07:15:00.547+0200][45346.773s] GC(215)   Post Evacuate Collection Set: 0.4ms
[2020-05-10T07:15:00.547+0200][45346.773s] GC(215)   Other: 0.2ms
[2020-05-10T07:15:00.547+0200][45346.773s] GC(215) Eden regions: 219->0(21)
[2020-05-10T07:15:00.547+0200][45346.773s] GC(215) Survivor regions: 3->4(28)
[2020-05-10T07:15:00.547+0200][45346.773s] GC(215) Old regions: 119->119
[2020-05-10T07:15:00.547+0200][45346.773s] GC(215) Humongous regions: 123->53
[2020-05-10T07:15:00.547+0200][45346.773s] GC(215) Metaspace: 58973K->58973K(1103872K)
[2020-05-10T07:15:00.547+0200][45346.773s] GC(215) Pause Young (Prepare Mixed) (G1 Evacuation Pause) 462M->175M(512M) 1.841ms
[2020-05-10T07:15:00.547+0200][45346.773s] GC(215) User=0.00s Sys=0.00s Real=0.00s
[2020-05-10T07:15:00.683+0200][45346.909s] GC(216) Pause Young (Mixed) (G1 Evacuation Pause)
[2020-05-10T07:15:00.683+0200][45346.909s] GC(216) Using 10 workers of 10 for evacuation
[2020-05-10T07:15:00.684+0200][45346.910s] GC(216)   Pre Evacuate Collection Set: 0.0ms
[2020-05-10T07:15:00.684+0200][45346.910s] GC(216)   Evacuate Collection Set: 0.8ms
[2020-05-10T07:15:00.684+0200][45346.910s] GC(216)   Post Evacuate Collection Set: 0.2ms
[2020-05-10T07:15:00.684+0200][45346.911s] GC(216)   Other: 0.2ms
[2020-05-10T07:15:00.684+0200][45346.911s] GC(216) Eden regions: 21->0(232)
[2020-05-10T07:15:00.684+0200][45346.911s] GC(216) Survivor regions: 4->1(4)
[2020-05-10T07:15:00.684+0200][45346.911s] GC(216) Old regions: 119->121
[2020-05-10T07:15:00.684+0200][45346.911s] GC(216) Humongous regions: 53->53
[2020-05-10T07:15:00.684+0200][45346.911s] GC(216) Metaspace: 58976K->58976K(1103872K)
[2020-05-10T07:15:00.684+0200][45346.911s] GC(216) Pause Young (Mixed) (G1 Evacuation Pause) 196M->173M(512M) 1.354ms
[2020-05-10T07:15:00.685+0200][45346.911s] GC(216) User=0.19s Sys=0.00s Real=0.00s
[2020-05-10T07:15:01.944+0200][45348.170s] GC(217) Pause Young (Concurrent Start) (G1 Evacuation Pause)
[2020-05-10T07:15:01.944+0200][45348.170s] GC(217) Using 10 workers of 10 for evacuation
[2020-05-10T07:15:01.945+0200][45348.171s] GC(217)   Pre Evacuate Collection Set: 0.1ms
[2020-05-10T07:15:01.945+0200][45348.171s] GC(217)   Evacuate Collection Set: 0.6ms
[2020-05-10T07:15:01.945+0200][45348.171s] GC(217)   Post Evacuate Collection Set: 0.3ms
[2020-05-10T07:15:01.945+0200][45348.171s] GC(217)   Other: 0.2ms
[2020-05-10T07:15:01.945+0200][45348.171s] GC(217) Eden regions: 232->0(241)
[2020-05-10T07:15:01.945+0200][45348.171s] GC(217) Survivor regions: 1->1(30)
[2020-05-10T07:15:01.945+0200][45348.171s] GC(217) Old regions: 121->121
[2020-05-10T07:15:01.945+0200][45348.171s] GC(217) Humongous regions: 53->53
[2020-05-10T07:15:01.945+0200][45348.171s] GC(217) Metaspace: 58977K->58977K(1103872K)
[2020-05-10T07:15:01.945+0200][45348.171s] GC(217) Pause Young (Concurrent Start) (G1 Evacuation Pause) 405M->173M(512M) 1.309ms
[2020-05-10T07:15:01.945+0200][45348.172s] GC(217) User=0.00s Sys=0.00s Real=0.00s
[2020-05-10T07:15:01.945+0200][45348.172s] GC(218) Concurrent Cycle
[2020-05-10T07:15:01.945+0200][45348.172s] GC(218) Concurrent Clear Claimed Marks
[2020-05-10T07:15:01.945+0200][45348.172s] GC(218) Concurrent Clear Claimed Marks 0.025ms
[2020-05-10T07:15:01.945+0200][45348.172s] GC(218) Concurrent Scan Root Regions
[2020-05-10T07:15:01.946+0200][45348.172s] GC(218) Concurrent Scan Root Regions 0.422ms
[2020-05-10T07:15:01.946+0200][45348.172s] GC(218) Concurrent Mark (45348.172s)
[2020-05-10T07:15:01.946+0200][45348.172s] GC(218) Concurrent Mark From Roots
[2020-05-10T07:15:01.946+0200][45348.172s] GC(218) Using 3 workers of 3 for marking
[2020-05-10T07:15:01.973+0200][45348.199s] GC(218) Concurrent Mark From Roots 27.236ms
[2020-05-10T07:15:01.973+0200][45348.199s] GC(218) Concurrent Preclean
[2020-05-10T07:15:01.974+0200][45348.200s] GC(218) Concurrent Preclean 0.459ms
[2020-05-10T07:15:01.974+0200][45348.200s] GC(218) Concurrent Mark (45348.172s, 45348.200s) 27.793ms
[2020-05-10T07:15:01.974+0200][45348.200s] GC(218) Pause Remark
[2020-05-10T07:15:01.976+0200][45348.203s] GC(218) Cleaned string and symbol table, strings: 27603 processed, 3 removed, symbols: 165323 processed, 0 removed
[2020-05-10T07:15:01.977+0200][45348.203s] GC(218) Pause Remark 179M->95M(512M) 3.061ms
[2020-05-10T07:15:01.977+0200][45348.203s] GC(218) User=0.00s Sys=0.00s Real=0.00s
[2020-05-10T07:15:01.977+0200][45348.203s] GC(218) Concurrent Rebuild Remembered Sets
[2020-05-10T07:15:01.994+0200][45348.220s] GC(218) Concurrent Rebuild Remembered Sets 16.609ms
[2020-05-10T07:15:01.994+0200][45348.220s] GC(218) Pause Cleanup
[2020-05-10T07:15:01.994+0200][45348.220s] GC(218) Pause Cleanup 99M->99M(512M) 0.142ms
[2020-05-10T07:15:01.994+0200][45348.220s] GC(218) User=0.00s Sys=0.00s Real=0.00s
[2020-05-10T07:15:01.994+0200][45348.220s] GC(218) Concurrent Cleanup for Next Mark
[2020-05-10T07:15:01.994+0200][45348.220s] GC(218) Concurrent Cleanup for Next Mark 0.235ms
[2020-05-10T07:15:01.994+0200][45348.220s] GC(218) Concurrent Cycle 48.847ms
[2020-05-10T07:15:02.934+0200][45349.161s] GC(219) Pause Young (Prepare Mixed) (G1 Evacuation Pause)
[2020-05-10T07:15:02.934+0200][45349.161s] GC(219) Using 10 workers of 10 for evacuation
[2020-05-10T07:15:02.936+0200][45349.162s] GC(219)   Pre Evacuate Collection Set: 0.0ms
[2020-05-10T07:15:02.936+0200][45349.162s] GC(219)   Evacuate Collection Set: 0.5ms
[2020-05-10T07:15:02.936+0200][45349.162s] GC(219)   Post Evacuate Collection Set: 0.5ms
[2020-05-10T07:15:02.936+0200][45349.162s] GC(219)   Other: 0.1ms
[2020-05-10T07:15:02.936+0200][45349.162s] GC(219) Eden regions: 241->0(24)
[2020-05-10T07:15:02.936+0200][45349.162s] GC(219) Survivor regions: 1->1(31)
[2020-05-10T07:15:02.936+0200][45349.162s] GC(219) Old regions: 75->75
[2020-05-10T07:15:02.936+0200][45349.162s] GC(219) Humongous regions: 15->15
[2020-05-10T07:15:02.936+0200][45349.162s] GC(219) Metaspace: 58978K->58978K(1103872K)
[2020-05-10T07:15:02.936+0200][45349.162s] GC(219) Pause Young (Prepare Mixed) (G1 Evacuation Pause) 330M->89M(512M) 1.195ms
[2020-05-10T07:15:02.936+0200][45349.162s] GC(219) User=0.00s Sys=0.00s Real=0.00s
[2020-05-10T07:15:03.059+0200][45349.285s] GC(220) Pause Young (Mixed) (G1 Evacuation Pause)
[2020-05-10T07:15:03.059+0200][45349.285s] GC(220) Using 10 workers of 10 for evacuation
[2020-05-10T07:15:03.060+0200][45349.286s] GC(220)   Pre Evacuate Collection Set: 0.0ms
[2020-05-10T07:15:03.060+0200][45349.286s] GC(220)   Evacuate Collection Set: 0.3ms
[2020-05-10T07:15:03.060+0200][45349.286s] GC(220)   Post Evacuate Collection Set: 0.2ms
[2020-05-10T07:15:03.060+0200][45349.286s] GC(220)   Other: 0.2ms
[2020-05-10T07:15:03.060+0200][45349.286s] GC(220) Eden regions: 24->0(306)
[2020-05-10T07:15:03.060+0200][45349.286s] GC(220) Survivor regions: 1->1(4)
[2020-05-10T07:15:03.060+0200][45349.286s] GC(220) Old regions: 75->67
[2020-05-10T07:15:03.060+0200][45349.286s] GC(220) Humongous regions: 15->15
[2020-05-10T07:15:03.060+0200][45349.286s] GC(220) Metaspace: 58978K->58978K(1103872K)
[2020-05-10T07:15:03.060+0200][45349.286s] GC(220) Pause Young (Mixed) (G1 Evacuation Pause) 113M->81M(512M) 0.865ms
[2020-05-10T07:15:03.060+0200][45349.286s] GC(220) User=0.00s Sys=0.00s Real=0.00s
[2020-05-10T07:15:04.071+0200][45350.297s] GC(221) Pause Young (Concurrent Start) (G1 Evacuation Pause)
[2020-05-10T07:15:04.071+0200][45350.297s] GC(221) Using 10 workers of 10 for evacuation
[2020-05-10T07:15:04.072+0200][45350.298s] GC(221)   Pre Evacuate Collection Set: 0.1ms
[2020-05-10T07:15:04.072+0200][45350.298s] GC(221)   Evacuate Collection Set: 0.5ms
[2020-05-10T07:15:04.072+0200][45350.298s] GC(221)   Post Evacuate Collection Set: 0.3ms
[2020-05-10T07:15:04.072+0200][45350.298s] GC(221)   Other: 0.1ms
[2020-05-10T07:15:04.072+0200][45350.298s] GC(221) Eden regions: 306->0(306)
[2020-05-10T07:15:04.072+0200][45350.298s] GC(221) Survivor regions: 1->1(39)
[2020-05-10T07:15:04.072+0200][45350.298s] GC(221) Old regions: 67->67
[2020-05-10T07:15:04.072+0200][45350.298s] GC(221) Humongous regions: 15->15
[2020-05-10T07:15:04.072+0200][45350.298s] GC(221) Metaspace: 58978K->58978K(1103872K)
[2020-05-10T07:15:04.072+0200][45350.298s] GC(221) Pause Young (Concurrent Start) (G1 Evacuation Pause) 387M->81M(512M) 1.156ms
[2020-05-10T07:15:04.072+0200][45350.298s] GC(221) User=0.00s Sys=0.00s Real=0.00s
[2020-05-10T07:15:04.072+0200][45350.298s] GC(222) Concurrent Cycle
[2020-05-10T07:15:04.072+0200][45350.298s] GC(222) Concurrent Clear Claimed Marks
[2020-05-10T07:15:04.072+0200][45350.298s] GC(222) Concurrent Clear Claimed Marks 0.022ms
[2020-05-10T07:15:04.072+0200][45350.298s] GC(222) Concurrent Scan Root Regions
[2020-05-10T07:15:04.073+0200][45350.299s] GC(222) Concurrent Scan Root Regions 0.346ms
[2020-05-10T07:15:04.073+0200][45350.299s] GC(222) Concurrent Mark (45350.299s)
[2020-05-10T07:15:04.073+0200][45350.299s] GC(222) Concurrent Mark From Roots
[2020-05-10T07:15:04.073+0200][45350.299s] GC(222) Using 3 workers of 3 for marking
[2020-05-10T07:15:04.095+0200][45350.321s] GC(222) Concurrent Mark From Roots 22.543ms
[2020-05-10T07:15:04.095+0200][45350.321s] GC(222) Concurrent Preclean
[2020-05-10T07:15:04.095+0200][45350.322s] GC(222) Concurrent Preclean 0.242ms
[2020-05-10T07:15:04.095+0200][45350.322s] GC(222) Concurrent Mark (45350.299s, 45350.322s) 22.845ms
[2020-05-10T07:15:04.096+0200][45350.322s] GC(222) Pause Remark
[2020-05-10T07:15:04.098+0200][45350.324s] GC(222) Cleaned string and symbol table, strings: 27600 processed, 0 removed, symbols: 165323 processed, 0 removed
[2020-05-10T07:15:04.098+0200][45350.325s] GC(222) Pause Remark 90M->90M(512M) 2.720ms
[2020-05-10T07:15:04.098+0200][45350.325s] GC(222) User=0.00s Sys=0.00s Real=0.00s
[2020-05-10T07:15:04.099+0200][45350.325s] GC(222) Concurrent Rebuild Remembered Sets
[2020-05-10T07:15:04.108+0200][45350.335s] GC(222) Concurrent Rebuild Remembered Sets 10.314ms
[2020-05-10T07:15:04.109+0200][45350.335s] GC(222) Pause Cleanup
[2020-05-10T07:15:04.109+0200][45350.335s] GC(222) Pause Cleanup 92M->92M(512M) 0.129ms
[2020-05-10T07:15:04.109+0200][45350.335s] GC(222) User=0.00s Sys=0.00s Real=0.00s
[2020-05-10T07:15:04.109+0200][45350.335s] GC(222) Concurrent Cleanup for Next Mark
[2020-05-10T07:15:04.109+0200][45350.336s] GC(222) Concurrent Cleanup for Next Mark 0.236ms
[2020-05-10T07:15:04.109+0200][45350.336s] GC(222) Concurrent Cycle 37.299ms
[2020-05-10T07:15:04.916+0200][45351.143s] GC(223) Pause Young (Normal) (G1 Evacuation Pause)
[2020-05-10T07:15:04.916+0200][45351.143s] GC(223) Using 10 workers of 10 for evacuation
[2020-05-10T07:15:04.918+0200][45351.144s] GC(223)   Pre Evacuate Collection Set: 0.0ms
[2020-05-10T07:15:04.918+0200][45351.144s] GC(223)   Evacuate Collection Set: 0.4ms
[2020-05-10T07:15:04.918+0200][45351.144s] GC(223)   Post Evacuate Collection Set: 0.4ms
[2020-05-10T07:15:04.918+0200][45351.144s] GC(223)   Other: 0.1ms
[2020-05-10T07:15:04.918+0200][45351.144s] GC(223) Eden regions: 306->0(306)
[2020-05-10T07:15:04.918+0200][45351.144s] GC(223) Survivor regions: 1->1(39)
[2020-05-10T07:15:04.918+0200][45351.144s] GC(223) Old regions: 67->67
[2020-05-10T07:15:04.918+0200][45351.144s] GC(223) Humongous regions: 15->15
[2020-05-10T07:15:04.918+0200][45351.144s] GC(223) Metaspace: 58981K->58981K(1103872K)
[2020-05-10T07:15:04.918+0200][45351.144s] GC(223) Pause Young (Normal) (G1 Evacuation Pause) 387M->81M(512M) 1.067ms
[2020-05-10T07:15:04.918+0200][45351.144s] GC(223) User=0.00s Sys=0.00s Real=0.00s
[2020-05-10T07:15:06.012+0200][45352.238s] GC(224) Pause Young (Concurrent Start) (G1 Evacuation Pause)
[2020-05-10T07:15:06.012+0200][45352.238s] GC(224) Using 10 workers of 10 for evacuation
[2020-05-10T07:15:06.013+0200][45352.239s] GC(224)   Pre Evacuate Collection Set: 0.0ms
[2020-05-10T07:15:06.013+0200][45352.239s] GC(224)   Evacuate Collection Set: 0.6ms
[2020-05-10T07:15:06.013+0200][45352.239s] GC(224)   Post Evacuate Collection Set: 0.4ms
[2020-05-10T07:15:06.013+0200][45352.239s] GC(224)   Other: 0.1ms
[2020-05-10T07:15:06.013+0200][45352.239s] GC(224) Eden regions: 306->0(306)
[2020-05-10T07:15:06.013+0200][45352.239s] GC(224) Survivor regions: 1->1(39)
[2020-05-10T07:15:06.013+0200][45352.239s] GC(224) Old regions: 67->67
[2020-05-10T07:15:06.013+0200][45352.239s] GC(224) Humongous regions: 15->15
[2020-05-10T07:15:06.013+0200][45352.239s] GC(224) Metaspace: 58984K->58984K(1103872K)
[2020-05-10T07:15:06.013+0200][45352.239s] GC(224) Pause Young (Concurrent Start) (G1 Evacuation Pause) 387M->82M(512M) 1.221ms
[2020-05-10T07:15:06.013+0200][45352.239s] GC(224) User=0.00s Sys=0.00s Real=0.00s
[2020-05-10T07:15:06.013+0200][45352.239s] GC(225) Concurrent Cycle
[2020-05-10T07:15:06.013+0200][45352.239s] GC(225) Concurrent Clear Claimed Marks
[2020-05-10T07:15:06.013+0200][45352.239s] GC(225) Concurrent Clear Claimed Marks 0.021ms
[2020-05-10T07:15:06.013+0200][45352.239s] GC(225) Concurrent Scan Root Regions
[2020-05-10T07:15:06.013+0200][45352.239s] GC(225) Concurrent Scan Root Regions 0.403ms
[2020-05-10T07:15:06.013+0200][45352.240s] GC(225) Concurrent Mark (45352.240s)
[2020-05-10T07:15:06.014+0200][45352.240s] GC(225) Concurrent Mark From Roots
[2020-05-10T07:15:06.014+0200][45352.240s] GC(225) Using 3 workers of 3 for marking
[2020-05-10T07:15:06.030+0200][45352.256s] GC(225) Concurrent Mark From Roots 16.565ms
[2020-05-10T07:15:06.030+0200][45352.256s] GC(225) Concurrent Preclean
[2020-05-10T07:15:06.030+0200][45352.256s] GC(225) Concurrent Preclean 0.254ms
[2020-05-10T07:15:06.030+0200][45352.256s] GC(225) Concurrent Mark (45352.240s, 45352.256s) 16.880ms
[2020-05-10T07:15:06.031+0200][45352.257s] GC(225) Pause Remark
[2020-05-10T07:15:06.033+0200][45352.259s] GC(225) Cleaned string and symbol table, strings: 27602 processed, 0 removed, symbols: 165323 processed, 0 removed
[2020-05-10T07:15:06.033+0200][45352.259s] GC(225) Pause Remark 83M->83M(512M) 2.654ms
[2020-05-10T07:15:06.033+0200][45352.259s] GC(225) User=0.00s Sys=0.00s Real=0.00s
[2020-05-10T07:15:06.033+0200][45352.259s] GC(225) Concurrent Rebuild Remembered Sets
[2020-05-10T07:15:06.041+0200][45352.268s] GC(225) Concurrent Rebuild Remembered Sets 8.879ms
[2020-05-10T07:15:06.043+0200][45352.269s] GC(225) Pause Cleanup
[2020-05-10T07:15:06.043+0200][45352.269s] GC(225) Pause Cleanup 85M->85M(512M) 0.179ms
[2020-05-10T07:15:06.043+0200][45352.269s] GC(225) User=0.00s Sys=0.00s Real=0.00s
[2020-05-10T07:15:06.043+0200][45352.269s] GC(225) Concurrent Cleanup for Next Mark
[2020-05-10T07:15:06.043+0200][45352.269s] GC(225) Concurrent Cleanup for Next Mark 0.242ms
[2020-05-10T07:15:06.043+0200][45352.269s] GC(225) Concurrent Cycle 30.085ms
[2020-05-10T07:15:07.517+0200][45353.743s] GC(226) Pause Young (Normal) (G1 Evacuation Pause)
[2020-05-10T07:15:07.517+0200][45353.743s] GC(226) Using 10 workers of 10 for evacuation
[2020-05-10T07:15:07.518+0200][45353.744s] GC(226)   Pre Evacuate Collection Set: 0.0ms
[2020-05-10T07:15:07.518+0200][45353.744s] GC(226)   Evacuate Collection Set: 0.4ms
[2020-05-10T07:15:07.518+0200][45353.744s] GC(226)   Post Evacuate Collection Set: 0.4ms
[2020-05-10T07:15:07.518+0200][45353.744s] GC(226)   Other: 0.1ms
[2020-05-10T07:15:07.518+0200][45353.744s] GC(226) Eden regions: 306->0(306)
[2020-05-10T07:15:07.518+0200][45353.744s] GC(226) Survivor regions: 1->1(39)
[2020-05-10T07:15:07.518+0200][45353.744s] GC(226) Old regions: 67->67
[2020-05-10T07:15:07.518+0200][45353.744s] GC(226) Humongous regions: 15->15
[2020-05-10T07:15:07.518+0200][45353.744s] GC(226) Metaspace: 58984K->58984K(1103872K)
[2020-05-10T07:15:07.518+0200][45353.744s] GC(226) Pause Young (Normal) (G1 Evacuation Pause) 388M->81M(512M) 1.037ms
[2020-05-10T07:15:07.518+0200][45353.744s] GC(226) User=0.00s Sys=0.00s Real=0.00s
[2020-05-10T07:15:08.751+0200][45354.977s] GC(227) Pause Young (Concurrent Start) (G1 Evacuation Pause)
[2020-05-10T07:15:08.751+0200][45354.977s] GC(227) Using 10 workers of 10 for evacuation
[2020-05-10T07:15:08.752+0200][45354.978s] GC(227)   Pre Evacuate Collection Set: 0.1ms
[2020-05-10T07:15:08.752+0200][45354.978s] GC(227)   Evacuate Collection Set: 0.5ms
[2020-05-10T07:15:08.752+0200][45354.978s] GC(227)   Post Evacuate Collection Set: 0.4ms
[2020-05-10T07:15:08.752+0200][45354.978s] GC(227)   Other: 0.1ms
[2020-05-10T07:15:08.752+0200][45354.978s] GC(227) Eden regions: 306->0(306)
[2020-05-10T07:15:08.752+0200][45354.978s] GC(227) Survivor regions: 1->1(39)
[2020-05-10T07:15:08.752+0200][45354.978s] GC(227) Old regions: 67->67
[2020-05-10T07:15:08.752+0200][45354.978s] GC(227) Humongous regions: 15->15
[2020-05-10T07:15:08.752+0200][45354.978s] GC(227) Metaspace: 58984K->58984K(1103872K)
[2020-05-10T07:15:08.752+0200][45354.978s] GC(227) Pause Young (Concurrent Start) (G1 Evacuation Pause) 387M->82M(512M) 1.214ms
[2020-05-10T07:15:08.752+0200][45354.978s] GC(227) User=0.00s Sys=0.00s Real=0.00s
[2020-05-10T07:15:08.752+0200][45354.978s] GC(228) Concurrent Cycle
[2020-05-10T07:15:08.752+0200][45354.978s] GC(228) Concurrent Clear Claimed Marks
[2020-05-10T07:15:08.752+0200][45354.978s] GC(228) Concurrent Clear Claimed Marks 0.024ms
[2020-05-10T07:15:08.752+0200][45354.978s] GC(228) Concurrent Scan Root Regions
[2020-05-10T07:15:08.752+0200][45354.979s] GC(228) Concurrent Scan Root Regions 0.383ms
[2020-05-10T07:15:08.752+0200][45354.979s] GC(228) Concurrent Mark (45354.979s)
[2020-05-10T07:15:08.752+0200][45354.979s] GC(228) Concurrent Mark From Roots
[2020-05-10T07:15:08.752+0200][45354.979s] GC(228) Using 3 workers of 3 for marking
[2020-05-10T07:15:08.768+0200][45354.995s] GC(228) Concurrent Mark From Roots 16.169ms
[2020-05-10T07:15:08.768+0200][45354.995s] GC(228) Concurrent Preclean
[2020-05-10T07:15:08.769+0200][45354.995s] GC(228) Concurrent Preclean 0.245ms
[2020-05-10T07:15:08.769+0200][45354.995s] GC(228) Concurrent Mark (45354.979s, 45354.995s) 16.477ms
[2020-05-10T07:15:08.769+0200][45354.995s] GC(228) Pause Remark
[2020-05-10T07:15:08.771+0200][45354.998s] GC(228) Cleaned string and symbol table, strings: 27602 processed, 0 removed, symbols: 165323 processed, 0 removed
[2020-05-10T07:15:08.771+0200][45354.998s] GC(228) Pause Remark 87M->87M(512M) 2.677ms
[2020-05-10T07:15:08.771+0200][45354.998s] GC(228) User=0.00s Sys=0.00s Real=0.00s
[2020-05-10T07:15:08.771+0200][45354.998s] GC(228) Concurrent Rebuild Remembered Sets
[2020-05-10T07:15:08.780+0200][45355.007s] GC(228) Concurrent Rebuild Remembered Sets 8.402ms
[2020-05-10T07:15:08.780+0200][45355.007s] GC(228) Pause Cleanup
[2020-05-10T07:15:08.781+0200][45355.007s] GC(228) Pause Cleanup 87M->87M(512M) 0.188ms
[2020-05-10T07:15:08.781+0200][45355.007s] GC(228) User=0.00s Sys=0.00s Real=0.00s
[2020-05-10T07:15:08.781+0200][45355.007s] GC(228) Concurrent Cleanup for Next Mark
[2020-05-10T07:15:08.781+0200][45355.007s] GC(228) Concurrent Cleanup for Next Mark 0.206ms
[2020-05-10T07:15:08.781+0200][45355.007s] GC(228) Concurrent Cycle 29.030ms
[2020-05-10T10:17:41.525+0200][56307.751s] GC(229) Pause Young (Normal) (G1 Evacuation Pause)
[2020-05-10T10:17:41.525+0200][56307.751s] GC(229) Using 10 workers of 10 for evacuation
[2020-05-10T10:17:41.525+0200][56307.752s] GC(229)   Pre Evacuate Collection Set: 0.0ms
[2020-05-10T10:17:41.525+0200][56307.752s] GC(229)   Evacuate Collection Set: 0.4ms
[2020-05-10T10:17:41.525+0200][56307.752s] GC(229)   Post Evacuate Collection Set: 0.5ms
[2020-05-10T10:17:41.525+0200][56307.752s] GC(229)   Other: 0.2ms
[2020-05-10T10:17:41.525+0200][56307.752s] GC(229) Eden regions: 306->0(306)
[2020-05-10T10:17:41.525+0200][56307.752s] GC(229) Survivor regions: 1->1(39)
[2020-05-10T10:17:41.525+0200][56307.752s] GC(229) Old regions: 67->67
[2020-05-10T10:17:41.525+0200][56307.752s] GC(229) Humongous regions: 15->15
[2020-05-10T10:17:41.525+0200][56307.752s] GC(229) Metaspace: 59013K->59013K(1103872K)
[2020-05-10T10:17:41.525+0200][56307.752s] GC(229) Pause Young (Normal) (G1 Evacuation Pause) 388M->81M(512M) 1.200ms
[2020-05-10T10:17:41.525+0200][56307.752s] GC(229) User=0.00s Sys=0.00s Real=0.00s
[2020-05-10T10:23:02.423+0200][56628.649s] GC(230) Pause Young (Concurrent Start) (G1 Humongous Allocation)
[2020-05-10T10:23:02.423+0200][56628.649s] GC(230) Using 10 workers of 10 for evacuation
[2020-05-10T10:23:02.424+0200][56628.650s] GC(230)   Pre Evacuate Collection Set: 0.0ms
[2020-05-10T10:23:02.424+0200][56628.650s] GC(230)   Evacuate Collection Set: 0.8ms
[2020-05-10T10:23:02.424+0200][56628.650s] GC(230)   Post Evacuate Collection Set: 0.5ms
[2020-05-10T10:23:02.424+0200][56628.650s] GC(230)   Other: 0.1ms
[2020-05-10T10:23:02.424+0200][56628.650s] GC(230) Eden regions: 40->0(301)
[2020-05-10T10:23:02.424+0200][56628.650s] GC(230) Survivor regions: 1->6(39)
[2020-05-10T10:23:02.424+0200][56628.650s] GC(230) Old regions: 67->67
[2020-05-10T10:23:02.424+0200][56628.650s] GC(230) Humongous regions: 15->15
[2020-05-10T10:23:02.424+0200][56628.650s] GC(230) Metaspace: 59013K->59013K(1103872K)
[2020-05-10T10:23:02.424+0200][56628.650s] GC(230) Pause Young (Concurrent Start) (G1 Humongous Allocation) 120M->86M(512M) 1.608ms
[2020-05-10T10:23:02.424+0200][56628.650s] GC(230) User=0.00s Sys=0.00s Real=0.00s
[2020-05-10T10:23:02.424+0200][56628.650s] GC(231) Concurrent Cycle
[2020-05-10T10:23:02.424+0200][56628.650s] GC(231) Concurrent Clear Claimed Marks
[2020-05-10T10:23:02.424+0200][56628.651s] GC(231) Concurrent Clear Claimed Marks 0.024ms
[2020-05-10T10:23:02.424+0200][56628.651s] GC(231) Concurrent Scan Root Regions
[2020-05-10T10:23:02.425+0200][56628.651s] GC(231) Concurrent Scan Root Regions 0.468ms
[2020-05-10T10:23:02.425+0200][56628.651s] GC(231) Concurrent Mark (56628.651s)
[2020-05-10T10:23:02.425+0200][56628.651s] GC(231) Concurrent Mark From Roots
[2020-05-10T10:23:02.425+0200][56628.651s] GC(231) Using 3 workers of 3 for marking
[2020-05-10T10:23:02.441+0200][56628.667s] GC(231) Concurrent Mark From Roots 15.899ms
[2020-05-10T10:23:02.441+0200][56628.667s] GC(231) Concurrent Preclean
[2020-05-10T10:23:02.441+0200][56628.667s] GC(231) Concurrent Preclean 0.223ms
[2020-05-10T10:23:02.441+0200][56628.667s] GC(231) Concurrent Mark (56628.651s, 56628.667s) 16.181ms
[2020-05-10T10:23:02.441+0200][56628.667s] GC(231) Pause Remark
[2020-05-10T10:23:02.444+0200][56628.670s] GC(231) Cleaned string and symbol table, strings: 27691 processed, 24 removed, symbols: 165336 processed, 0 removed
[2020-05-10T10:23:02.444+0200][56628.670s] GC(231) Pause Remark 91M->91M(512M) 2.838ms
[2020-05-10T10:23:02.444+0200][56628.670s] GC(231) User=0.00s Sys=0.00s Real=0.00s
[2020-05-10T10:23:02.444+0200][56628.670s] GC(231) Concurrent Rebuild Remembered Sets
[2020-05-10T10:23:02.452+0200][56628.678s] GC(231) Concurrent Rebuild Remembered Sets 8.053ms
[2020-05-10T10:23:02.453+0200][56628.679s] GC(231) Pause Cleanup
[2020-05-10T10:23:02.453+0200][56628.679s] GC(231) Pause Cleanup 92M->92M(512M) 0.189ms
[2020-05-10T10:23:02.453+0200][56628.679s] GC(231) User=0.00s Sys=0.00s Real=0.00s
[2020-05-10T10:23:02.453+0200][56628.679s] GC(231) Concurrent Cleanup for Next Mark
[2020-05-10T10:23:02.453+0200][56628.679s] GC(231) Concurrent Cleanup for Next Mark 0.234ms
[2020-05-10T10:23:02.453+0200][56628.679s] GC(231) Concurrent Cycle 28.710ms
[2020-05-10T10:23:02.563+0200][56628.790s] GC(232) Pause Young (Concurrent Start) (G1 Humongous Allocation)
[2020-05-10T10:23:02.564+0200][56628.790s] GC(232) Using 10 workers of 10 for evacuation
[2020-05-10T10:23:02.565+0200][56628.791s] GC(232)   Pre Evacuate Collection Set: 0.0ms
[2020-05-10T10:23:02.565+0200][56628.791s] GC(232)   Evacuate Collection Set: 0.9ms
[2020-05-10T10:23:02.565+0200][56628.791s] GC(232)   Post Evacuate Collection Set: 0.4ms
[2020-05-10T10:23:02.565+0200][56628.791s] GC(232)   Other: 0.1ms
[2020-05-10T10:23:02.565+0200][56628.791s] GC(232) Eden regions: 21->0(209)
[2020-05-10T10:23:02.565+0200][56628.791s] GC(232) Survivor regions: 6->8(39)
[2020-05-10T10:23:02.565+0200][56628.791s] GC(232) Old regions: 67->67
[2020-05-10T10:23:02.565+0200][56628.791s] GC(232) Humongous regions: 16->16
[2020-05-10T10:23:02.565+0200][56628.791s] GC(232) Metaspace: 59013K->59013K(1103872K)
[2020-05-10T10:23:02.565+0200][56628.792s] GC(232) Pause Young (Concurrent Start) (G1 Humongous Allocation) 108M->90M(512M) 1.672ms
[2020-05-10T10:23:02.565+0200][56628.792s] GC(232) User=0.00s Sys=0.00s Real=0.00s
[2020-05-10T10:23:02.566+0200][56628.792s] GC(233) Concurrent Cycle
[2020-05-10T10:23:02.566+0200][56628.792s] GC(233) Concurrent Clear Claimed Marks
[2020-05-10T10:23:02.566+0200][56628.792s] GC(233) Concurrent Clear Claimed Marks 0.026ms
[2020-05-10T10:23:02.566+0200][56628.792s] GC(233) Concurrent Scan Root Regions
[2020-05-10T10:23:02.566+0200][56628.792s] GC(233) Concurrent Scan Root Regions 0.361ms
[2020-05-10T10:23:02.566+0200][56628.792s] GC(233) Concurrent Mark (56628.792s)
[2020-05-10T10:23:02.566+0200][56628.792s] GC(233) Concurrent Mark From Roots
[2020-05-10T10:23:02.566+0200][56628.792s] GC(233) Using 3 workers of 3 for marking
[2020-05-10T10:23:02.582+0200][56628.808s] GC(233) Concurrent Mark From Roots 16.335ms
[2020-05-10T10:23:02.582+0200][56628.808s] GC(233) Concurrent Preclean
[2020-05-10T10:23:02.582+0200][56628.809s] GC(233) Concurrent Preclean 0.234ms
[2020-05-10T10:23:02.582+0200][56628.809s] GC(233) Concurrent Mark (56628.792s, 56628.809s) 16.628ms
[2020-05-10T10:23:02.583+0200][56628.809s] GC(233) Pause Remark
[2020-05-10T10:23:02.585+0200][56628.811s] GC(233) Cleaned string and symbol table, strings: 27667 processed, 0 removed, symbols: 165336 processed, 0 removed
[2020-05-10T10:23:02.585+0200][56628.811s] GC(233) Pause Remark 94M->86M(512M) 2.540ms
[2020-05-10T10:23:02.585+0200][56628.811s] GC(233) User=0.00s Sys=0.00s Real=0.00s
[2020-05-10T10:23:02.585+0200][56628.812s] GC(233) Concurrent Rebuild Remembered Sets
[2020-05-10T10:23:02.594+0200][56628.820s] GC(233) Concurrent Rebuild Remembered Sets 8.413ms
[2020-05-10T10:23:02.594+0200][56628.820s] GC(233) Pause Cleanup
[2020-05-10T10:23:02.594+0200][56628.820s] GC(233) Pause Cleanup 87M->87M(512M) 0.148ms
[2020-05-10T10:23:02.594+0200][56628.820s] GC(233) User=0.00s Sys=0.00s Real=0.00s
[2020-05-10T10:23:02.594+0200][56628.820s] GC(233) Concurrent Cleanup for Next Mark
[2020-05-10T10:23:02.594+0200][56628.821s] GC(233) Concurrent Cleanup for Next Mark 0.252ms
[2020-05-10T10:23:02.594+0200][56628.821s] GC(233) Concurrent Cycle 29.079ms
[2020-05-10T10:23:05.198+0200][56631.425s] GC(234) Pause Young (Prepare Mixed) (G1 Evacuation Pause)
[2020-05-10T10:23:05.198+0200][56631.425s] GC(234) Using 10 workers of 10 for evacuation
[2020-05-10T10:23:05.202+0200][56631.428s] GC(234)   Pre Evacuate Collection Set: 0.1ms
[2020-05-10T10:23:05.202+0200][56631.428s] GC(234)   Evacuate Collection Set: 2.9ms
[2020-05-10T10:23:05.202+0200][56631.428s] GC(234)   Post Evacuate Collection Set: 0.6ms
[2020-05-10T10:23:05.202+0200][56631.428s] GC(234)   Other: 0.2ms
[2020-05-10T10:23:05.202+0200][56631.428s] GC(234) Eden regions: 209->0(1)
[2020-05-10T10:23:05.202+0200][56631.428s] GC(234) Survivor regions: 8->28(28)
[2020-05-10T10:23:05.202+0200][56631.428s] GC(234) Old regions: 67->72
[2020-05-10T10:23:05.202+0200][56631.428s] GC(234) Humongous regions: 145->47
[2020-05-10T10:23:05.202+0200][56631.428s] GC(234) Metaspace: 59014K->59014K(1103872K)
[2020-05-10T10:23:05.202+0200][56631.428s] GC(234) Pause Young (Prepare Mixed) (G1 Evacuation Pause) 428M->146M(512M) 3.850ms
[2020-05-10T10:23:05.202+0200][56631.428s] GC(234) User=0.16s Sys=0.00s Real=0.00s
[2020-05-10T10:23:05.217+0200][56631.444s] GC(235) Pause Young (Mixed) (G1 Evacuation Pause)
[2020-05-10T10:23:05.217+0200][56631.444s] GC(235) Using 10 workers of 10 for evacuation
[2020-05-10T10:23:05.221+0200][56631.447s] GC(235)   Pre Evacuate Collection Set: 0.0ms
[2020-05-10T10:23:05.221+0200][56631.447s] GC(235)   Evacuate Collection Set: 2.3ms
[2020-05-10T10:23:05.221+0200][56631.447s] GC(235)   Post Evacuate Collection Set: 0.5ms
[2020-05-10T10:23:05.221+0200][56631.447s] GC(235)   Other: 0.2ms
[2020-05-10T10:23:05.221+0200][56631.447s] GC(235) Eden regions: 1->0(188)
[2020-05-10T10:23:05.221+0200][56631.447s] GC(235) Survivor regions: 28->1(4)
[2020-05-10T10:23:05.221+0200][56631.447s] GC(235) Old regions: 72->98
[2020-05-10T10:23:05.221+0200][56631.447s] GC(235) Humongous regions: 47->47
[2020-05-10T10:23:05.221+0200][56631.447s] GC(235) Metaspace: 59014K->59014K(1103872K)
[2020-05-10T10:23:05.221+0200][56631.447s] GC(235) Pause Young (Mixed) (G1 Evacuation Pause) 147M->144M(512M) 3.107ms
[2020-05-10T10:23:05.221+0200][56631.447s] GC(235) User=0.00s Sys=0.00s Real=0.00s
[2020-05-10T10:23:05.283+0200][56631.510s] GC(236) Pause Young (Concurrent Start) (G1 Humongous Allocation)
[2020-05-10T10:23:05.283+0200][56631.510s] GC(236) Using 10 workers of 10 for evacuation
[2020-05-10T10:23:05.285+0200][56631.511s] GC(236)   Pre Evacuate Collection Set: 0.0ms
[2020-05-10T10:23:05.285+0200][56631.511s] GC(236)   Evacuate Collection Set: 0.6ms
[2020-05-10T10:23:05.285+0200][56631.511s] GC(236)   Post Evacuate Collection Set: 0.5ms
[2020-05-10T10:23:05.285+0200][56631.511s] GC(236)   Other: 0.1ms
[2020-05-10T10:23:05.285+0200][56631.511s] GC(236) Eden regions: 5->0(192)
[2020-05-10T10:23:05.285+0200][56631.511s] GC(236) Survivor regions: 1->2(24)
[2020-05-10T10:23:05.285+0200][56631.511s] GC(236) Old regions: 98->98
[2020-05-10T10:23:05.285+0200][56631.511s] GC(236) Humongous regions: 47->47
[2020-05-10T10:23:05.285+0200][56631.511s] GC(236) Metaspace: 59014K->59014K(1103872K)
[2020-05-10T10:23:05.285+0200][56631.511s] GC(236) Pause Young (Concurrent Start) (G1 Humongous Allocation) 149M->145M(512M) 1.357ms
[2020-05-10T10:23:05.285+0200][56631.511s] GC(236) User=0.00s Sys=0.00s Real=0.00s
[2020-05-10T10:23:05.285+0200][56631.511s] GC(237) Concurrent Cycle
[2020-05-10T10:23:05.285+0200][56631.511s] GC(237) Concurrent Clear Claimed Marks
[2020-05-10T10:23:05.285+0200][56631.511s] GC(237) Concurrent Clear Claimed Marks 0.019ms
[2020-05-10T10:23:05.285+0200][56631.511s] GC(237) Concurrent Scan Root Regions
[2020-05-10T10:23:05.285+0200][56631.512s] GC(237) Concurrent Scan Root Regions 0.336ms
[2020-05-10T10:23:05.285+0200][56631.512s] GC(237) Concurrent Mark (56631.512s)
[2020-05-10T10:23:05.285+0200][56631.512s] GC(237) Concurrent Mark From Roots
[2020-05-10T10:23:05.285+0200][56631.512s] GC(237) Using 3 workers of 3 for marking
[2020-05-10T10:23:05.302+0200][56631.529s] GC(237) Concurrent Mark From Roots 17.077ms
[2020-05-10T10:23:05.302+0200][56631.529s] GC(237) Concurrent Preclean
[2020-05-10T10:23:05.303+0200][56631.529s] GC(237) Concurrent Preclean 0.226ms
[2020-05-10T10:23:05.303+0200][56631.529s] GC(237) Concurrent Mark (56631.512s, 56631.529s) 17.359ms
[2020-05-10T10:23:05.303+0200][56631.529s] GC(237) Pause Remark
[2020-05-10T10:23:05.305+0200][56631.531s] GC(237) Cleaned string and symbol table, strings: 27667 processed, 1 removed, symbols: 165336 processed, 0 removed
[2020-05-10T10:23:05.306+0200][56631.532s] GC(237) Pause Remark 160M->160M(512M) 2.704ms
[2020-05-10T10:23:05.306+0200][56631.532s] GC(237) User=0.00s Sys=0.00s Real=0.00s
[2020-05-10T10:23:05.306+0200][56631.532s] GC(237) Concurrent Rebuild Remembered Sets
[2020-05-10T10:23:05.315+0200][56631.541s] GC(237) Concurrent Rebuild Remembered Sets 8.818ms
[2020-05-10T10:23:05.315+0200][56631.541s] GC(237) Pause Cleanup
[2020-05-10T10:23:05.315+0200][56631.542s] GC(237) Pause Cleanup 174M->174M(512M) 0.228ms
[2020-05-10T10:23:05.315+0200][56631.542s] GC(237) User=0.00s Sys=0.00s Real=0.00s
[2020-05-10T10:23:05.315+0200][56631.542s] GC(237) Concurrent Cleanup for Next Mark
[2020-05-10T10:23:05.316+0200][56631.542s] GC(237) Concurrent Cleanup for Next Mark 0.385ms
[2020-05-10T10:23:05.316+0200][56631.542s] GC(237) Concurrent Cycle 30.993ms
[2020-05-10T10:23:06.288+0200][56632.514s] GC(238) Pause Young (Concurrent Start) (G1 Humongous Allocation)
[2020-05-10T10:23:06.288+0200][56632.514s] GC(238) Using 10 workers of 10 for evacuation
[2020-05-10T10:23:06.290+0200][56632.516s] GC(238)   Pre Evacuate Collection Set: 0.1ms
[2020-05-10T10:23:06.290+0200][56632.516s] GC(238)   Evacuate Collection Set: 1.0ms
[2020-05-10T10:23:06.290+0200][56632.516s] GC(238)   Post Evacuate Collection Set: 0.4ms
[2020-05-10T10:23:06.290+0200][56632.516s] GC(238)   Other: 0.1ms
[2020-05-10T10:23:06.290+0200][56632.516s] GC(238) Eden regions: 36->0(177)
[2020-05-10T10:23:06.290+0200][56632.516s] GC(238) Survivor regions: 2->8(25)
[2020-05-10T10:23:06.290+0200][56632.516s] GC(238) Old regions: 98->98
[2020-05-10T10:23:06.290+0200][56632.516s] GC(238) Humongous regions: 75->75
[2020-05-10T10:23:06.290+0200][56632.516s] GC(238) Metaspace: 59042K->59042K(1103872K)
[2020-05-10T10:23:06.290+0200][56632.516s] GC(238) Pause Young (Concurrent Start) (G1 Humongous Allocation) 208M->180M(512M) 1.731ms
[2020-05-10T10:23:06.290+0200][56632.516s] GC(238) User=0.00s Sys=0.00s Real=0.00s
[2020-05-10T10:23:06.290+0200][56632.516s] GC(239) Concurrent Cycle
[2020-05-10T10:23:06.290+0200][56632.516s] GC(239) Concurrent Clear Claimed Marks
[2020-05-10T10:23:06.290+0200][56632.516s] GC(239) Concurrent Clear Claimed Marks 0.024ms
[2020-05-10T10:23:06.290+0200][56632.516s] GC(239) Concurrent Scan Root Regions
[2020-05-10T10:23:06.291+0200][56632.517s] GC(239) Concurrent Scan Root Regions 0.482ms
[2020-05-10T10:23:06.291+0200][56632.517s] GC(239) Concurrent Mark (56632.517s)
[2020-05-10T10:23:06.291+0200][56632.517s] GC(239) Concurrent Mark From Roots
[2020-05-10T10:23:06.291+0200][56632.517s] GC(239) Using 3 workers of 3 for marking
[2020-05-10T10:23:06.307+0200][56632.533s] GC(239) Concurrent Mark From Roots 16.448ms
[2020-05-10T10:23:06.307+0200][56632.533s] GC(239) Concurrent Preclean
[2020-05-10T10:23:06.307+0200][56632.533s] GC(239) Concurrent Preclean 0.231ms
[2020-05-10T10:23:06.307+0200][56632.533s] GC(239) Concurrent Mark (56632.517s, 56632.533s) 16.738ms
[2020-05-10T10:23:06.308+0200][56632.534s] GC(239) Pause Remark
[2020-05-10T10:23:06.310+0200][56632.536s] GC(239) Cleaned string and symbol table, strings: 27670 processed, 0 removed, symbols: 165336 processed, 0 removed
[2020-05-10T10:23:06.310+0200][56632.536s] GC(239) Pause Remark 194M->164M(512M) 2.727ms
[2020-05-10T10:23:06.310+0200][56632.536s] GC(239) User=0.16s Sys=0.00s Real=0.00s
[2020-05-10T10:23:06.311+0200][56632.536s] GC(239) Concurrent Rebuild Remembered Sets
[2020-05-10T10:23:06.318+0200][56632.545s] GC(239) Concurrent Rebuild Remembered Sets 8.891ms
[2020-05-10T10:23:06.319+0200][56632.546s] GC(239) Pause Cleanup
[2020-05-10T10:23:06.320+0200][56632.546s] GC(239) Pause Cleanup 165M->165M(512M) 0.156ms
[2020-05-10T10:23:06.320+0200][56632.546s] GC(239) User=0.00s Sys=0.00s Real=0.00s
[2020-05-10T10:23:06.320+0200][56632.546s] GC(239) Concurrent Cleanup for Next Mark
[2020-05-10T10:23:06.320+0200][56632.546s] GC(239) Concurrent Cleanup for Next Mark 0.234ms
[2020-05-10T10:23:06.320+0200][56632.546s] GC(239) Concurrent Cycle 30.057ms
[2020-05-10T10:23:09.687+0200][56635.913s] GC(240) Pause Young (Prepare Mixed) (G1 Evacuation Pause)
[2020-05-10T10:23:09.687+0200][56635.913s] GC(240) Using 10 workers of 10 for evacuation
[2020-05-10T10:23:09.691+0200][56635.917s] GC(240)   Pre Evacuate Collection Set: 0.0ms
[2020-05-10T10:23:09.691+0200][56635.917s] GC(240)   Evacuate Collection Set: 3.0ms
[2020-05-10T10:23:09.691+0200][56635.917s] GC(240)   Post Evacuate Collection Set: 0.6ms
[2020-05-10T10:23:09.691+0200][56635.917s] GC(240)   Other: 0.2ms
[2020-05-10T10:23:09.691+0200][56635.917s] GC(240) Eden regions: 177->0(1)
[2020-05-10T10:23:09.691+0200][56635.917s] GC(240) Survivor regions: 8->24(24)
[2020-05-10T10:23:09.691+0200][56635.917s] GC(240) Old regions: 98->108
[2020-05-10T10:23:09.691+0200][56635.917s] GC(240) Humongous regions: 159->45
[2020-05-10T10:23:09.691+0200][56635.917s] GC(240) Metaspace: 59042K->59042K(1103872K)
[2020-05-10T10:23:09.691+0200][56635.917s] GC(240) Pause Young (Prepare Mixed) (G1 Evacuation Pause) 441M->176M(512M) 3.869ms
[2020-05-10T10:23:09.691+0200][56635.917s] GC(240) User=0.00s Sys=0.00s Real=0.00s
[2020-05-10T10:23:09.708+0200][56635.934s] GC(241) Pause Young (Mixed) (G1 Evacuation Pause)
[2020-05-10T10:23:09.708+0200][56635.934s] GC(241) Using 10 workers of 10 for evacuation
[2020-05-10T10:23:09.710+0200][56635.936s] GC(241)   Pre Evacuate Collection Set: 0.0ms
[2020-05-10T10:23:09.710+0200][56635.936s] GC(241)   Evacuate Collection Set: 2.1ms
[2020-05-10T10:23:09.710+0200][56635.936s] GC(241)   Post Evacuate Collection Set: 0.5ms
[2020-05-10T10:23:09.710+0200][56635.937s] GC(241)   Other: 0.1ms
[2020-05-10T10:23:09.710+0200][56635.937s] GC(241) Eden regions: 1->0(185)
[2020-05-10T10:23:09.710+0200][56635.937s] GC(241) Survivor regions: 24->1(4)
[2020-05-10T10:23:09.710+0200][56635.937s] GC(241) Old regions: 108->131
[2020-05-10T10:23:09.710+0200][56635.937s] GC(241) Humongous regions: 45->45
[2020-05-10T10:23:09.710+0200][56635.937s] GC(241) Metaspace: 59042K->59042K(1103872K)
[2020-05-10T10:23:09.710+0200][56635.937s] GC(241) Pause Young (Mixed) (G1 Evacuation Pause) 177M->175M(512M) 2.834ms
[2020-05-10T10:23:09.710+0200][56635.937s] GC(241) User=0.00s Sys=0.00s Real=0.00s
[2020-05-10T10:23:11.768+0200][56637.994s] GC(242) Pause Young (Concurrent Start) (G1 Evacuation Pause)
[2020-05-10T10:23:11.768+0200][56637.994s] GC(242) Using 10 workers of 10 for evacuation
[2020-05-10T10:23:11.770+0200][56637.996s] GC(242)   Pre Evacuate Collection Set: 0.0ms
[2020-05-10T10:23:11.770+0200][56637.996s] GC(242)   Evacuate Collection Set: 0.8ms
[2020-05-10T10:23:11.770+0200][56637.996s] GC(242)   Post Evacuate Collection Set: 0.5ms
[2020-05-10T10:23:11.770+0200][56637.996s] GC(242)   Other: 0.2ms
[2020-05-10T10:23:11.770+0200][56637.996s] GC(242) Eden regions: 185->0(196)
[2020-05-10T10:23:11.770+0200][56637.996s] GC(242) Survivor regions: 1->4(24)
[2020-05-10T10:23:11.770+0200][56637.996s] GC(242) Old regions: 131->131
[2020-05-10T10:23:11.770+0200][56637.996s] GC(242) Humongous regions: 45->45
[2020-05-10T10:23:11.770+0200][56637.996s] GC(242) Metaspace: 59045K->59045K(1103872K)
[2020-05-10T10:23:11.770+0200][56637.996s] GC(242) Pause Young (Concurrent Start) (G1 Evacuation Pause) 360M->179M(512M) 1.611ms
[2020-05-10T10:23:11.770+0200][56637.996s] GC(242) User=0.00s Sys=0.00s Real=0.00s
[2020-05-10T10:23:11.770+0200][56637.996s] GC(243) Concurrent Cycle
[2020-05-10T10:23:11.770+0200][56637.996s] GC(243) Concurrent Clear Claimed Marks
[2020-05-10T10:23:11.770+0200][56637.996s] GC(243) Concurrent Clear Claimed Marks 0.020ms
[2020-05-10T10:23:11.770+0200][56637.996s] GC(243) Concurrent Scan Root Regions
[2020-05-10T10:23:11.770+0200][56637.996s] GC(243) Concurrent Scan Root Regions 0.521ms
[2020-05-10T10:23:11.770+0200][56637.996s] GC(243) Concurrent Mark (56637.996s)
[2020-05-10T10:23:11.770+0200][56637.996s] GC(243) Concurrent Mark From Roots
[2020-05-10T10:23:11.770+0200][56637.996s] GC(243) Using 3 workers of 3 for marking
[2020-05-10T10:23:11.787+0200][56638.013s] GC(243) Concurrent Mark From Roots 16.295ms
[2020-05-10T10:23:11.787+0200][56638.013s] GC(243) Concurrent Preclean
[2020-05-10T10:23:11.787+0200][56638.013s] GC(243) Concurrent Preclean 0.217ms
[2020-05-10T10:23:11.787+0200][56638.013s] GC(243) Concurrent Mark (56637.996s, 56638.013s) 16.570ms
[2020-05-10T10:23:11.787+0200][56638.013s] GC(243) Pause Remark
[2020-05-10T10:23:11.789+0200][56638.016s] GC(243) Cleaned string and symbol table, strings: 27670 processed, 0 removed, symbols: 165336 processed, 0 removed
[2020-05-10T10:23:11.790+0200][56638.016s] GC(243) Pause Remark 181M->181M(512M) 2.824ms
[2020-05-10T10:23:11.790+0200][56638.016s] GC(243) User=0.00s Sys=0.00s Real=0.00s
[2020-05-10T10:23:11.790+0200][56638.016s] GC(243) Concurrent Rebuild Remembered Sets
[2020-05-10T10:23:11.799+0200][56638.025s] GC(243) Concurrent Rebuild Remembered Sets 8.957ms
[2020-05-10T10:23:11.799+0200][56638.025s] GC(243) Pause Cleanup
[2020-05-10T10:23:11.799+0200][56638.025s] GC(243) Pause Cleanup 182M->182M(512M) 0.209ms
[2020-05-10T10:23:11.799+0200][56638.026s] GC(243) User=0.00s Sys=0.00s Real=0.00s
[2020-05-10T10:23:11.799+0200][56638.026s] GC(243) Concurrent Cleanup for Next Mark
[2020-05-10T10:23:11.800+0200][56638.026s] GC(243) Concurrent Cleanup for Next Mark 0.256ms
[2020-05-10T10:23:11.800+0200][56638.026s] GC(243) Concurrent Cycle 30.096ms
[2020-05-10T10:23:13.290+0200][56639.516s] GC(244) Pause Young (Prepare Mixed) (G1 Evacuation Pause)
[2020-05-10T10:23:13.290+0200][56639.516s] GC(244) Using 10 workers of 10 for evacuation
[2020-05-10T10:23:13.291+0200][56639.517s] GC(244)   Pre Evacuate Collection Set: 0.0ms
[2020-05-10T10:23:13.291+0200][56639.518s] GC(244)   Evacuate Collection Set: 0.6ms
[2020-05-10T10:23:13.291+0200][56639.518s] GC(244)   Post Evacuate Collection Set: 0.5ms
[2020-05-10T10:23:13.291+0200][56639.518s] GC(244)   Other: 0.1ms
[2020-05-10T10:23:13.291+0200][56639.518s] GC(244) Eden regions: 196->0(21)
[2020-05-10T10:23:13.291+0200][56639.518s] GC(244) Survivor regions: 4->4(25)
[2020-05-10T10:23:13.291+0200][56639.518s] GC(244) Old regions: 131->131
[2020-05-10T10:23:13.291+0200][56639.518s] GC(244) Humongous regions: 45->45
[2020-05-10T10:23:13.291+0200][56639.518s] GC(244) Metaspace: 59045K->59045K(1103872K)
[2020-05-10T10:23:13.291+0200][56639.518s] GC(244) Pause Young (Prepare Mixed) (G1 Evacuation Pause) 375M->179M(512M) 1.338ms
[2020-05-10T10:23:13.291+0200][56639.518s] GC(244) User=0.00s Sys=0.00s Real=0.00s
[2020-05-10T10:23:13.448+0200][56639.674s] GC(245) Pause Young (Mixed) (G1 Evacuation Pause)
[2020-05-10T10:23:13.448+0200][56639.674s] GC(245) Using 10 workers of 10 for evacuation
[2020-05-10T10:23:13.449+0200][56639.675s] GC(245)   Pre Evacuate Collection Set: 0.0ms
[2020-05-10T10:23:13.449+0200][56639.675s] GC(245)   Evacuate Collection Set: 0.5ms
[2020-05-10T10:23:13.449+0200][56639.675s] GC(245)   Post Evacuate Collection Set: 0.4ms
[2020-05-10T10:23:13.449+0200][56639.675s] GC(245)   Other: 0.1ms
[2020-05-10T10:23:13.449+0200][56639.675s] GC(245) Eden regions: 21->0(205)
[2020-05-10T10:23:13.449+0200][56639.675s] GC(245) Survivor regions: 4->1(4)
[2020-05-10T10:23:13.449+0200][56639.675s] GC(245) Old regions: 131->134
[2020-05-10T10:23:13.449+0200][56639.675s] GC(245) Humongous regions: 45->45
[2020-05-10T10:23:13.449+0200][56639.675s] GC(245) Metaspace: 59045K->59045K(1103872K)
[2020-05-10T10:23:13.449+0200][56639.675s] GC(245) Pause Young (Mixed) (G1 Evacuation Pause) 200M->178M(512M) 1.150ms
[2020-05-10T10:23:13.449+0200][56639.675s] GC(245) User=0.00s Sys=0.00s Real=0.00s
[2020-05-10T10:23:14.846+0200][56641.072s] GC(246) Pause Young (Concurrent Start) (G1 Evacuation Pause)
[2020-05-10T10:23:14.846+0200][56641.072s] GC(246) Using 10 workers of 10 for evacuation
[2020-05-10T10:23:14.847+0200][56641.073s] GC(246)   Pre Evacuate Collection Set: 0.1ms
[2020-05-10T10:23:14.847+0200][56641.073s] GC(246)   Evacuate Collection Set: 0.6ms
[2020-05-10T10:23:14.847+0200][56641.074s] GC(246)   Post Evacuate Collection Set: 0.4ms
[2020-05-10T10:23:14.847+0200][56641.074s] GC(246)   Other: 0.1ms
[2020-05-10T10:23:14.847+0200][56641.074s] GC(246) Eden regions: 205->0(214)
[2020-05-10T10:23:14.847+0200][56641.074s] GC(246) Survivor regions: 1->1(26)
[2020-05-10T10:23:14.847+0200][56641.074s] GC(246) Old regions: 134->134
[2020-05-10T10:23:14.847+0200][56641.074s] GC(246) Humongous regions: 45->45
[2020-05-10T10:23:14.847+0200][56641.074s] GC(246) Metaspace: 59045K->59045K(1103872K)
[2020-05-10T10:23:14.847+0200][56641.074s] GC(246) Pause Young (Concurrent Start) (G1 Evacuation Pause) 383M->178M(512M) 1.289ms
[2020-05-10T10:23:14.847+0200][56641.074s] GC(246) User=0.00s Sys=0.00s Real=0.00s
[2020-05-10T10:23:14.847+0200][56641.074s] GC(247) Concurrent Cycle
[2020-05-10T10:23:14.847+0200][56641.074s] GC(247) Concurrent Clear Claimed Marks
[2020-05-10T10:23:14.847+0200][56641.074s] GC(247) Concurrent Clear Claimed Marks 0.019ms
[2020-05-10T10:23:14.847+0200][56641.074s] GC(247) Concurrent Scan Root Regions
[2020-05-10T10:23:14.848+0200][56641.074s] GC(247) Concurrent Scan Root Regions 0.310ms
[2020-05-10T10:23:14.848+0200][56641.074s] GC(247) Concurrent Mark (56641.074s)
[2020-05-10T10:23:14.848+0200][56641.074s] GC(247) Concurrent Mark From Roots
[2020-05-10T10:23:14.848+0200][56641.074s] GC(247) Using 3 workers of 3 for marking
[2020-05-10T10:23:14.864+0200][56641.091s] GC(247) Concurrent Mark From Roots 16.695ms
[2020-05-10T10:23:14.864+0200][56641.091s] GC(247) Concurrent Preclean
[2020-05-10T10:23:14.865+0200][56641.091s] GC(247) Concurrent Preclean 0.227ms
[2020-05-10T10:23:14.865+0200][56641.091s] GC(247) Concurrent Mark (56641.074s, 56641.091s) 16.979ms
[2020-05-10T10:23:14.865+0200][56641.091s] GC(247) Pause Remark
[2020-05-10T10:23:14.870+0200][56641.096s] GC(247) Cleaned string and symbol table, strings: 27670 processed, 0 removed, symbols: 165336 processed, 0 removed
[2020-05-10T10:23:14.870+0200][56641.096s] GC(247) Pause Remark 183M->183M(512M) 5.051ms
[2020-05-10T10:23:14.870+0200][56641.096s] GC(247) User=0.00s Sys=0.00s Real=0.00s
[2020-05-10T10:23:14.870+0200][56641.096s] GC(247) Concurrent Rebuild Remembered Sets
[2020-05-10T10:23:14.879+0200][56641.106s] GC(247) Concurrent Rebuild Remembered Sets 9.126ms
[2020-05-10T10:23:14.880+0200][56641.106s] GC(247) Pause Cleanup
[2020-05-10T10:23:14.880+0200][56641.106s] GC(247) Pause Cleanup 186M->186M(512M) 0.188ms
[2020-05-10T10:23:14.880+0200][56641.106s] GC(247) User=0.00s Sys=0.00s Real=0.00s
[2020-05-10T10:23:14.880+0200][56641.106s] GC(247) Concurrent Cleanup for Next Mark
[2020-05-10T10:23:14.880+0200][56641.106s] GC(247) Concurrent Cleanup for Next Mark 0.237ms
[2020-05-10T10:23:14.880+0200][56641.106s] GC(247) Concurrent Cycle 32.724ms
[2020-05-10T10:23:15.265+0200][56641.492s] GC(248) Pause Young (Normal) (G1 Evacuation Pause)
[2020-05-10T10:23:15.265+0200][56641.492s] GC(248) Using 10 workers of 10 for evacuation
[2020-05-10T10:23:15.266+0200][56641.493s] GC(248)   Pre Evacuate Collection Set: 0.0ms
[2020-05-10T10:23:15.266+0200][56641.493s] GC(248)   Evacuate Collection Set: 0.4ms
[2020-05-10T10:23:15.266+0200][56641.493s] GC(248)   Post Evacuate Collection Set: 0.4ms
[2020-05-10T10:23:15.266+0200][56641.493s] GC(248)   Other: 0.1ms
[2020-05-10T10:23:15.266+0200][56641.493s] GC(248) Eden regions: 214->0(223)
[2020-05-10T10:23:15.266+0200][56641.493s] GC(248) Survivor regions: 1->1(27)
[2020-05-10T10:23:15.266+0200][56641.493s] GC(248) Old regions: 134->134
[2020-05-10T10:23:15.266+0200][56641.493s] GC(248) Humongous regions: 45->45
[2020-05-10T10:23:15.266+0200][56641.493s] GC(248) Metaspace: 59038K->59038K(1103872K)
[2020-05-10T10:23:15.266+0200][56641.493s] GC(248) Pause Young (Normal) (G1 Evacuation Pause) 392M->178M(512M) 1.135ms
[2020-05-10T10:23:15.266+0200][56641.493s] GC(248) User=0.00s Sys=0.00s Real=0.00s
[2020-05-10T10:23:15.616+0200][56641.842s] GC(249) Pause Young (Concurrent Start) (G1 Evacuation Pause)
[2020-05-10T10:23:15.616+0200][56641.842s] GC(249) Using 10 workers of 10 for evacuation
[2020-05-10T10:23:15.617+0200][56641.843s] GC(249)   Pre Evacuate Collection Set: 0.1ms
[2020-05-10T10:23:15.617+0200][56641.843s] GC(249)   Evacuate Collection Set: 0.5ms
[2020-05-10T10:23:15.617+0200][56641.843s] GC(249)   Post Evacuate Collection Set: 0.5ms
[2020-05-10T10:23:15.617+0200][56641.843s] GC(249)   Other: 0.1ms
[2020-05-10T10:23:15.617+0200][56641.843s] GC(249) Eden regions: 223->0(231)
[2020-05-10T10:23:15.617+0200][56641.843s] GC(249) Survivor regions: 1->1(28)
[2020-05-10T10:23:15.617+0200][56641.843s] GC(249) Old regions: 134->134
[2020-05-10T10:23:15.617+0200][56641.843s] GC(249) Humongous regions: 45->45
[2020-05-10T10:23:15.617+0200][56641.843s] GC(249) Metaspace: 59038K->59038K(1103872K)
[2020-05-10T10:23:15.617+0200][56641.843s] GC(249) Pause Young (Concurrent Start) (G1 Evacuation Pause) 401M->178M(512M) 1.284ms
[2020-05-10T10:23:15.617+0200][56641.843s] GC(249) User=0.00s Sys=0.00s Real=0.00s
[2020-05-10T10:23:15.618+0200][56641.843s] GC(250) Concurrent Cycle
[2020-05-10T10:23:15.618+0200][56641.843s] GC(250) Concurrent Clear Claimed Marks
[2020-05-10T10:23:15.618+0200][56641.844s] GC(250) Concurrent Clear Claimed Marks 0.019ms
[2020-05-10T10:23:15.618+0200][56641.844s] GC(250) Concurrent Scan Root Regions
[2020-05-10T10:23:15.618+0200][56641.844s] GC(250) Concurrent Scan Root Regions 0.280ms
[2020-05-10T10:23:15.618+0200][56641.844s] GC(250) Concurrent Mark (56641.844s)
[2020-05-10T10:23:15.618+0200][56641.844s] GC(250) Concurrent Mark From Roots
[2020-05-10T10:23:15.618+0200][56641.844s] GC(250) Using 3 workers of 3 for marking
[2020-05-10T10:23:15.635+0200][56641.862s] GC(250) Concurrent Mark From Roots 17.961ms
[2020-05-10T10:23:15.635+0200][56641.862s] GC(250) Concurrent Preclean
[2020-05-10T10:23:15.636+0200][56641.862s] GC(250) Concurrent Preclean 0.235ms
[2020-05-10T10:23:15.636+0200][56641.862s] GC(250) Concurrent Mark (56641.844s, 56641.862s) 18.256ms
[2020-05-10T10:23:15.636+0200][56641.862s] GC(250) Pause Remark
[2020-05-10T10:23:15.638+0200][56641.865s] GC(250) Cleaned string and symbol table, strings: 27670 processed, 0 removed, symbols: 165336 processed, 4 removed
[2020-05-10T10:23:15.639+0200][56641.865s] GC(250) Pause Remark 182M->182M(512M) 2.674ms
[2020-05-10T10:23:15.639+0200][56641.865s] GC(250) User=0.16s Sys=0.00s Real=0.00s
[2020-05-10T10:23:15.639+0200][56641.865s] GC(250) Concurrent Rebuild Remembered Sets
[2020-05-10T10:23:15.648+0200][56641.874s] GC(250) Concurrent Rebuild Remembered Sets 8.984ms
[2020-05-10T10:23:15.648+0200][56641.874s] GC(250) Pause Cleanup
[2020-05-10T10:23:15.649+0200][56641.875s] GC(250) Pause Cleanup 183M->183M(512M) 0.175ms
[2020-05-10T10:23:15.649+0200][56641.875s] GC(250) User=0.00s Sys=0.00s Real=0.00s
[2020-05-10T10:23:15.649+0200][56641.875s] GC(250) Concurrent Cleanup for Next Mark
[2020-05-10T10:23:15.649+0200][56641.875s] GC(250) Concurrent Cleanup for Next Mark 0.253ms
[2020-05-10T10:23:15.649+0200][56641.875s] GC(250) Concurrent Cycle 31.490ms
[2020-05-10T10:23:15.798+0200][56642.025s] GC(251) Pause Young (Concurrent Start) (G1 Humongous Allocation)
[2020-05-10T10:23:15.798+0200][56642.025s] GC(251) Using 10 workers of 10 for evacuation
[2020-05-10T10:23:15.800+0200][56642.026s] GC(251)   Pre Evacuate Collection Set: 0.1ms
[2020-05-10T10:23:15.800+0200][56642.026s] GC(251)   Evacuate Collection Set: 0.9ms
[2020-05-10T10:23:15.800+0200][56642.026s] GC(251)   Post Evacuate Collection Set: 0.4ms
[2020-05-10T10:23:15.800+0200][56642.026s] GC(251)   Other: 0.2ms
[2020-05-10T10:23:15.800+0200][56642.026s] GC(251) Eden regions: 42->0(231)
[2020-05-10T10:23:15.800+0200][56642.026s] GC(251) Survivor regions: 1->7(29)
[2020-05-10T10:23:15.800+0200][56642.026s] GC(251) Old regions: 134->134
[2020-05-10T10:23:15.800+0200][56642.026s] GC(251) Humongous regions: 45->45
[2020-05-10T10:23:15.800+0200][56642.026s] GC(251) Metaspace: 59038K->59038K(1103872K)
[2020-05-10T10:23:15.800+0200][56642.026s] GC(251) Pause Young (Concurrent Start) (G1 Humongous Allocation) 220M->184M(512M) 1.664ms
[2020-05-10T10:23:15.800+0200][56642.026s] GC(251) User=0.00s Sys=0.00s Real=0.00s
[2020-05-10T10:23:15.800+0200][56642.026s] GC(252) Concurrent Cycle
[2020-05-10T10:23:15.800+0200][56642.026s] GC(252) Concurrent Clear Claimed Marks
[2020-05-10T10:23:15.800+0200][56642.026s] GC(252) Concurrent Clear Claimed Marks 0.024ms
[2020-05-10T10:23:15.800+0200][56642.026s] GC(252) Concurrent Scan Root Regions
[2020-05-10T10:23:15.800+0200][56642.027s] GC(252) Concurrent Scan Root Regions 0.267ms
[2020-05-10T10:23:15.800+0200][56642.027s] GC(252) Concurrent Mark (56642.027s)
[2020-05-10T10:23:15.800+0200][56642.027s] GC(252) Concurrent Mark From Roots
[2020-05-10T10:23:15.800+0200][56642.027s] GC(252) Using 3 workers of 3 for marking
[2020-05-10T10:23:15.817+0200][56642.044s] GC(252) Concurrent Mark From Roots 16.865ms
[2020-05-10T10:23:15.817+0200][56642.044s] GC(252) Concurrent Preclean
[2020-05-10T10:23:15.817+0200][56642.044s] GC(252) Concurrent Preclean 0.226ms
[2020-05-10T10:23:15.817+0200][56642.044s] GC(252) Concurrent Mark (56642.027s, 56642.044s) 17.152ms
[2020-05-10T10:23:15.818+0200][56642.044s] GC(252) Pause Remark
[2020-05-10T10:23:15.820+0200][56642.046s] GC(252) Cleaned string and symbol table, strings: 27670 processed, 0 removed, symbols: 165332 processed, 0 removed
[2020-05-10T10:23:15.820+0200][56642.047s] GC(252) Pause Remark 187M->187M(512M) 2.674ms
[2020-05-10T10:23:15.820+0200][56642.047s] GC(252) User=0.00s Sys=0.00s Real=0.00s
[2020-05-10T10:23:15.820+0200][56642.047s] GC(252) Concurrent Rebuild Remembered Sets
[2020-05-10T10:23:15.830+0200][56642.056s] GC(252) Concurrent Rebuild Remembered Sets 9.090ms
[2020-05-10T10:23:15.830+0200][56642.056s] GC(252) Pause Cleanup
[2020-05-10T10:23:15.830+0200][56642.056s] GC(252) Pause Cleanup 189M->189M(512M) 0.162ms
[2020-05-10T10:23:15.830+0200][56642.056s] GC(252) User=0.00s Sys=0.00s Real=0.00s
[2020-05-10T10:23:15.830+0200][56642.056s] GC(252) Concurrent Cleanup for Next Mark
[2020-05-10T10:23:15.831+0200][56642.057s] GC(252) Concurrent Cleanup for Next Mark 0.307ms
[2020-05-10T10:23:15.831+0200][56642.057s] GC(252) Concurrent Cycle 30.447ms
[2020-05-10T10:23:17.540+0200][56643.766s] GC(253) Pause Young (Prepare Mixed) (G1 Evacuation Pause)
[2020-05-10T10:23:17.540+0200][56643.766s] GC(253) Using 10 workers of 10 for evacuation
[2020-05-10T10:23:17.543+0200][56643.770s] GC(253) To-space exhausted
[2020-05-10T10:23:17.543+0200][56643.770s] GC(253)   Pre Evacuate Collection Set: 0.0ms
[2020-05-10T10:23:17.543+0200][56643.770s] GC(253)   Evacuate Collection Set: 2.5ms
[2020-05-10T10:23:17.543+0200][56643.770s] GC(253)   Post Evacuate Collection Set: 0.9ms
[2020-05-10T10:23:17.543+0200][56643.770s] GC(253)   Other: 0.2ms
[2020-05-10T10:23:17.543+0200][56643.770s] GC(253) Eden regions: 231->0(1)
[2020-05-10T10:23:17.543+0200][56643.770s] GC(253) Survivor regions: 7->27(30)
[2020-05-10T10:23:17.543+0200][56643.770s] GC(253) Old regions: 134->139
[2020-05-10T10:23:17.543+0200][56643.770s] GC(253) Humongous regions: 113->65
[2020-05-10T10:23:17.543+0200][56643.770s] GC(253) Metaspace: 59044K->59044K(1103872K)
[2020-05-10T10:23:17.543+0200][56643.770s] GC(253) Pause Young (Prepare Mixed) (G1 Evacuation Pause) 483M->231M(512M) 3.761ms
[2020-05-10T10:23:17.544+0200][56643.770s] GC(253) User=0.02s Sys=0.00s Real=0.00s
[2020-05-10T10:23:17.546+0200][56643.773s] GC(254) Pause Young (Mixed) (G1 Evacuation Pause)
[2020-05-10T10:23:17.546+0200][56643.773s] GC(254) Using 10 workers of 10 for evacuation
[2020-05-10T10:23:17.550+0200][56643.776s] GC(254)   Pre Evacuate Collection Set: 0.0ms
[2020-05-10T10:23:17.550+0200][56643.776s] GC(254)   Evacuate Collection Set: 2.5ms
[2020-05-10T10:23:17.550+0200][56643.776s] GC(254)   Post Evacuate Collection Set: 0.4ms
[2020-05-10T10:23:17.550+0200][56643.776s] GC(254)   Other: 0.1ms
[2020-05-10T10:23:17.550+0200][56643.776s] GC(254) Eden regions: 1->0(189)
[2020-05-10T10:23:17.550+0200][56643.776s] GC(254) Survivor regions: 27->1(4)
[2020-05-10T10:23:17.550+0200][56643.776s] GC(254) Old regions: 139->166
[2020-05-10T10:23:17.550+0200][56643.776s] GC(254) Humongous regions: 65->65
[2020-05-10T10:23:17.550+0200][56643.776s] GC(254) Metaspace: 59044K->59044K(1103872K)
[2020-05-10T10:23:17.550+0200][56643.776s] GC(254) Pause Young (Mixed) (G1 Evacuation Pause) 231M->230M(512M) 3.191ms
[2020-05-10T10:23:17.550+0200][56643.776s] GC(254) User=0.00s Sys=0.00s Real=0.00s
[2020-05-10T10:23:18.053+0200][56644.279s] GC(255) Pause Young (Concurrent Start) (G1 Evacuation Pause)
[2020-05-10T10:23:18.053+0200][56644.279s] GC(255) Using 10 workers of 10 for evacuation
[2020-05-10T10:23:18.054+0200][56644.281s] GC(255)   Pre Evacuate Collection Set: 0.1ms
[2020-05-10T10:23:18.054+0200][56644.281s] GC(255)   Evacuate Collection Set: 0.5ms
[2020-05-10T10:23:18.054+0200][56644.281s] GC(255)   Post Evacuate Collection Set: 0.4ms
[2020-05-10T10:23:18.054+0200][56644.281s] GC(255)   Other: 0.1ms
[2020-05-10T10:23:18.054+0200][56644.281s] GC(255) Eden regions: 189->0(197)
[2020-05-10T10:23:18.054+0200][56644.281s] GC(255) Survivor regions: 1->1(24)
[2020-05-10T10:23:18.054+0200][56644.281s] GC(255) Old regions: 166->166
[2020-05-10T10:23:18.054+0200][56644.281s] GC(255) Humongous regions: 65->65
[2020-05-10T10:23:18.054+0200][56644.281s] GC(255) Metaspace: 59044K->59044K(1103872K)
[2020-05-10T10:23:18.054+0200][56644.281s] GC(255) Pause Young (Concurrent Start) (G1 Evacuation Pause) 419M->230M(512M) 1.218ms
[2020-05-10T10:23:18.054+0200][56644.281s] GC(255) User=0.00s Sys=0.00s Real=0.00s
[2020-05-10T10:23:18.054+0200][56644.281s] GC(256) Concurrent Cycle
[2020-05-10T10:23:18.054+0200][56644.281s] GC(256) Concurrent Clear Claimed Marks
[2020-05-10T10:23:18.054+0200][56644.281s] GC(256) Concurrent Clear Claimed Marks 0.023ms
[2020-05-10T10:23:18.054+0200][56644.281s] GC(256) Concurrent Scan Root Regions
[2020-05-10T10:23:18.054+0200][56644.281s] GC(256) Concurrent Scan Root Regions 0.333ms
[2020-05-10T10:23:18.055+0200][56644.281s] GC(256) Concurrent Mark (56644.281s)
[2020-05-10T10:23:18.055+0200][56644.281s] GC(256) Concurrent Mark From Roots
[2020-05-10T10:23:18.055+0200][56644.281s] GC(256) Using 3 workers of 3 for marking
[2020-05-10T10:23:18.074+0200][56644.300s] GC(256) Concurrent Mark From Roots 18.556ms
[2020-05-10T10:23:18.074+0200][56644.300s] GC(256) Concurrent Preclean
[2020-05-10T10:23:18.074+0200][56644.300s] GC(256) Concurrent Preclean 0.253ms
[2020-05-10T10:23:18.074+0200][56644.300s] GC(256) Concurrent Mark (56644.281s, 56644.300s) 18.873ms
[2020-05-10T10:23:18.074+0200][56644.300s] GC(256) Pause Remark
[2020-05-10T10:23:18.077+0200][56644.303s] GC(256) Cleaned string and symbol table, strings: 27671 processed, 0 removed, symbols: 165332 processed, 0 removed
[2020-05-10T10:23:18.077+0200][56644.303s] GC(256) Pause Remark 243M->169M(512M) 2.924ms
[2020-05-10T10:23:18.077+0200][56644.303s] GC(256) User=0.16s Sys=0.00s Real=0.00s
[2020-05-10T10:23:18.077+0200][56644.303s] GC(256) Concurrent Rebuild Remembered Sets
[2020-05-10T10:23:18.087+0200][56644.313s] GC(256) Concurrent Rebuild Remembered Sets 9.561ms
[2020-05-10T10:23:18.087+0200][56644.313s] GC(256) Pause Cleanup
[2020-05-10T10:23:18.087+0200][56644.313s] GC(256) Pause Cleanup 175M->175M(512M) 0.143ms
[2020-05-10T10:23:18.087+0200][56644.313s] GC(256) User=0.00s Sys=0.00s Real=0.00s
[2020-05-10T10:23:18.087+0200][56644.313s] GC(256) Concurrent Cleanup for Next Mark
[2020-05-10T10:23:18.087+0200][56644.314s] GC(256) Concurrent Cleanup for Next Mark 0.204ms
[2020-05-10T10:23:18.087+0200][56644.314s] GC(256) Concurrent Cycle 32.833ms
[2020-05-10T10:23:18.403+0200][56644.630s] GC(257) Pause Young (Prepare Mixed) (G1 Evacuation Pause)
[2020-05-10T10:23:18.403+0200][56644.630s] GC(257) Using 10 workers of 10 for evacuation
[2020-05-10T10:23:18.405+0200][56644.631s] GC(257)   Pre Evacuate Collection Set: 0.0ms
[2020-05-10T10:23:18.405+0200][56644.631s] GC(257)   Evacuate Collection Set: 0.9ms
[2020-05-10T10:23:18.405+0200][56644.631s] GC(257)   Post Evacuate Collection Set: 0.4ms
[2020-05-10T10:23:18.405+0200][56644.631s] GC(257)   Other: 0.1ms
[2020-05-10T10:23:18.405+0200][56644.631s] GC(257) Eden regions: 197->0(14)
[2020-05-10T10:23:18.405+0200][56644.631s] GC(257) Survivor regions: 1->11(25)
[2020-05-10T10:23:18.405+0200][56644.631s] GC(257) Old regions: 130->130
[2020-05-10T10:23:18.405+0200][56644.632s] GC(257) Humongous regions: 29->29
[2020-05-10T10:23:18.405+0200][56644.632s] GC(257) Metaspace: 59046K->59046K(1103872K)
[2020-05-10T10:23:18.405+0200][56644.632s] GC(257) Pause Young (Prepare Mixed) (G1 Evacuation Pause) 355M->168M(512M) 1.589ms
[2020-05-10T10:23:18.405+0200][56644.632s] GC(257) User=0.00s Sys=0.00s Real=0.00s
[2020-05-10T10:23:18.488+0200][56644.714s] GC(258) Pause Young (Mixed) (G1 Evacuation Pause)
[2020-05-10T10:23:18.488+0200][56644.714s] GC(258) Using 10 workers of 10 for evacuation
[2020-05-10T10:23:18.490+0200][56644.716s] GC(258)   Pre Evacuate Collection Set: 0.0ms
[2020-05-10T10:23:18.490+0200][56644.716s] GC(258)   Evacuate Collection Set: 1.2ms
[2020-05-10T10:23:18.490+0200][56644.716s] GC(258)   Post Evacuate Collection Set: 0.4ms
[2020-05-10T10:23:18.490+0200][56644.716s] GC(258)   Other: 0.1ms
[2020-05-10T10:23:18.490+0200][56644.716s] GC(258) Eden regions: 14->0(275)
[2020-05-10T10:23:18.490+0200][56644.716s] GC(258) Survivor regions: 11->3(4)
[2020-05-10T10:23:18.490+0200][56644.716s] GC(258) Old regions: 130->102
[2020-05-10T10:23:18.490+0200][56644.716s] GC(258) Humongous regions: 29->29
[2020-05-10T10:23:18.490+0200][56644.716s] GC(258) Metaspace: 59046K->59046K(1103872K)
[2020-05-10T10:23:18.490+0200][56644.716s] GC(258) Pause Young (Mixed) (G1 Evacuation Pause) 182M->132M(512M) 1.922ms
[2020-05-10T10:23:18.490+0200][56644.716s] GC(258) User=0.00s Sys=0.00s Real=0.00s
[2020-05-10T10:23:18.645+0200][56644.871s] GC(259) Pause Young (Concurrent Start) (G1 Humongous Allocation)
[2020-05-10T10:23:18.645+0200][56644.871s] GC(259) Using 10 workers of 10 for evacuation
[2020-05-10T10:23:18.646+0200][56644.872s] GC(259)   Pre Evacuate Collection Set: 0.1ms
[2020-05-10T10:23:18.646+0200][56644.872s] GC(259)   Evacuate Collection Set: 1.0ms
[2020-05-10T10:23:18.646+0200][56644.872s] GC(259)   Post Evacuate Collection Set: 0.4ms
[2020-05-10T10:23:18.646+0200][56644.872s] GC(259)   Other: 0.1ms
[2020-05-10T10:23:18.646+0200][56644.872s] GC(259) Eden regions: 129->0(258)
[2020-05-10T10:23:18.646+0200][56644.872s] GC(259) Survivor regions: 3->9(35)
[2020-05-10T10:23:18.646+0200][56644.872s] GC(259) Old regions: 102->102
[2020-05-10T10:23:18.646+0200][56644.872s] GC(259) Humongous regions: 29->29
[2020-05-10T10:23:18.646+0200][56644.872s] GC(259) Metaspace: 59046K->59046K(1103872K)
[2020-05-10T10:23:18.646+0200][56644.872s] GC(259) Pause Young (Concurrent Start) (G1 Humongous Allocation) 261M->138M(512M) 1.668ms
[2020-05-10T10:23:18.646+0200][56644.872s] GC(259) User=0.00s Sys=0.00s Real=0.00s
[2020-05-10T10:23:18.646+0200][56644.873s] GC(260) Concurrent Cycle
[2020-05-10T10:23:18.646+0200][56644.873s] GC(260) Concurrent Clear Claimed Marks
[2020-05-10T10:23:18.646+0200][56644.873s] GC(260) Concurrent Clear Claimed Marks 0.028ms
[2020-05-10T10:23:18.646+0200][56644.873s] GC(260) Concurrent Scan Root Regions
[2020-05-10T10:23:18.647+0200][56644.873s] GC(260) Concurrent Scan Root Regions 0.274ms
[2020-05-10T10:23:18.647+0200][56644.873s] GC(260) Concurrent Mark (56644.873s)
[2020-05-10T10:23:18.647+0200][56644.873s] GC(260) Concurrent Mark From Roots
[2020-05-10T10:23:18.647+0200][56644.873s] GC(260) Using 3 workers of 3 for marking
[2020-05-10T10:23:18.666+0200][56644.892s] GC(260) Concurrent Mark From Roots 19.280ms
[2020-05-10T10:23:18.666+0200][56644.892s] GC(260) Concurrent Preclean
[2020-05-10T10:23:18.666+0200][56644.892s] GC(260) Concurrent Preclean 0.232ms
[2020-05-10T10:23:18.666+0200][56644.892s] GC(260) Concurrent Mark (56644.873s, 56644.892s) 19.567ms
[2020-05-10T10:23:18.667+0200][56644.893s] GC(260) Pause Remark
[2020-05-10T10:23:18.669+0200][56644.895s] GC(260) Cleaned string and symbol table, strings: 27676 processed, 0 removed, symbols: 165332 processed, 0 removed
[2020-05-10T10:23:18.669+0200][56644.895s] GC(260) Pause Remark 149M->111M(512M) 2.732ms
[2020-05-10T10:23:18.669+0200][56644.895s] GC(260) User=0.16s Sys=0.00s Real=0.00s
[2020-05-10T10:23:18.669+0200][56644.896s] GC(260) Concurrent Rebuild Remembered Sets
[2020-05-10T10:23:18.678+0200][56644.904s] GC(260) Concurrent Rebuild Remembered Sets 8.567ms
[2020-05-10T10:23:18.678+0200][56644.904s] GC(260) Pause Cleanup
[2020-05-10T10:23:18.678+0200][56644.904s] GC(260) Pause Cleanup 111M->111M(512M) 0.124ms
[2020-05-10T10:23:18.678+0200][56644.904s] GC(260) User=0.00s Sys=0.00s Real=0.00s
[2020-05-10T10:23:18.678+0200][56644.904s] GC(260) Concurrent Cleanup for Next Mark
[2020-05-10T10:23:18.679+0200][56644.905s] GC(260) Concurrent Cleanup for Next Mark 0.199ms
[2020-05-10T10:23:18.679+0200][56644.905s] GC(260) Concurrent Cycle 32.160ms
[2020-05-10T10:23:22.431+0200][56648.657s] GC(261) Pause Young (Prepare Mixed) (G1 Evacuation Pause)
[2020-05-10T10:23:22.431+0200][56648.657s] GC(261) Using 10 workers of 10 for evacuation
[2020-05-10T10:23:22.435+0200][56648.661s] GC(261)   Pre Evacuate Collection Set: 0.0ms
[2020-05-10T10:23:22.435+0200][56648.661s] GC(261)   Evacuate Collection Set: 3.2ms
[2020-05-10T10:23:22.435+0200][56648.661s] GC(261)   Post Evacuate Collection Set: 0.7ms
[2020-05-10T10:23:22.435+0200][56648.661s] GC(261)   Other: 0.1ms
[2020-05-10T10:23:22.435+0200][56648.661s] GC(261) Eden regions: 258->0(1)
[2020-05-10T10:23:22.435+0200][56648.662s] GC(261) Survivor regions: 9->34(34)
[2020-05-10T10:23:22.435+0200][56648.662s] GC(261) Old regions: 84->89
[2020-05-10T10:23:22.435+0200][56648.662s] GC(261) Humongous regions: 92->30
[2020-05-10T10:23:22.435+0200][56648.662s] GC(261) Metaspace: 59058K->59058K(1103872K)
[2020-05-10T10:23:22.435+0200][56648.662s] GC(261) Pause Young (Prepare Mixed) (G1 Evacuation Pause) 441M->152M(512M) 4.179ms
[2020-05-10T10:23:22.435+0200][56648.662s] GC(261) User=0.16s Sys=0.00s Real=0.00s
[2020-05-10T10:23:22.460+0200][56648.686s] GC(262) Pause Young (Mixed) (G1 Evacuation Pause)
[2020-05-10T10:23:22.460+0200][56648.686s] GC(262) Using 10 workers of 10 for evacuation
[2020-05-10T10:23:22.463+0200][56648.690s] GC(262)   Pre Evacuate Collection Set: 0.0ms
[2020-05-10T10:23:22.463+0200][56648.690s] GC(262)   Evacuate Collection Set: 2.9ms
[2020-05-10T10:23:22.463+0200][56648.690s] GC(262)   Post Evacuate Collection Set: 0.5ms
[2020-05-10T10:23:22.463+0200][56648.690s] GC(262)   Other: 0.2ms
[2020-05-10T10:23:22.464+0200][56648.690s] GC(262) Eden regions: 1->0(245)
[2020-05-10T10:23:22.464+0200][56648.690s] GC(262) Survivor regions: 34->1(5)
[2020-05-10T10:23:22.464+0200][56648.690s] GC(262) Old regions: 89->115
[2020-05-10T10:23:22.464+0200][56648.690s] GC(262) Humongous regions: 30->30
[2020-05-10T10:23:22.464+0200][56648.690s] GC(262) Metaspace: 59058K->59058K(1103872K)
[2020-05-10T10:23:22.464+0200][56648.690s] GC(262) Pause Young (Mixed) (G1 Evacuation Pause) 153M->145M(512M) 3.679ms
[2020-05-10T10:23:22.464+0200][56648.690s] GC(262) User=0.00s Sys=0.00s Real=0.00s
[2020-05-10T10:23:22.708+0200][56648.935s] GC(263) Pause Young (Concurrent Start) (G1 Humongous Allocation)
[2020-05-10T10:23:22.708+0200][56648.935s] GC(263) Using 10 workers of 10 for evacuation
[2020-05-10T10:23:22.710+0200][56648.936s] GC(263)   Pre Evacuate Collection Set: 0.0ms
[2020-05-10T10:23:22.710+0200][56648.936s] GC(263)   Evacuate Collection Set: 0.7ms
[2020-05-10T10:23:22.710+0200][56648.936s] GC(263)   Post Evacuate Collection Set: 0.4ms
[2020-05-10T10:23:22.710+0200][56648.936s] GC(263)   Other: 0.1ms
[2020-05-10T10:23:22.710+0200][56648.936s] GC(263) Eden regions: 15->0(232)
[2020-05-10T10:23:22.710+0200][56648.936s] GC(263) Survivor regions: 1->3(31)
[2020-05-10T10:23:22.710+0200][56648.936s] GC(263) Old regions: 115->115
[2020-05-10T10:23:22.710+0200][56648.936s] GC(263) Humongous regions: 30->30
[2020-05-10T10:23:22.710+0200][56648.936s] GC(263) Metaspace: 59058K->59058K(1103872K)
[2020-05-10T10:23:22.710+0200][56648.936s] GC(263) Pause Young (Concurrent Start) (G1 Humongous Allocation) 159M->147M(512M) 1.395ms
[2020-05-10T10:23:22.710+0200][56648.936s] GC(263) User=0.00s Sys=0.00s Real=0.00s
[2020-05-10T10:23:22.710+0200][56648.936s] GC(264) Concurrent Cycle
[2020-05-10T10:23:22.710+0200][56648.936s] GC(264) Concurrent Clear Claimed Marks
[2020-05-10T10:23:22.710+0200][56648.936s] GC(264) Concurrent Clear Claimed Marks 0.021ms
[2020-05-10T10:23:22.710+0200][56648.936s] GC(264) Concurrent Scan Root Regions
[2020-05-10T10:23:22.710+0200][56648.937s] GC(264) Concurrent Scan Root Regions 0.372ms
[2020-05-10T10:23:22.710+0200][56648.937s] GC(264) Concurrent Mark (56648.937s)
[2020-05-10T10:23:22.710+0200][56648.937s] GC(264) Concurrent Mark From Roots
[2020-05-10T10:23:22.710+0200][56648.937s] GC(264) Using 3 workers of 3 for marking
[2020-05-10T10:23:22.727+0200][56648.954s] GC(264) Concurrent Mark From Roots 16.721ms
[2020-05-10T10:23:22.727+0200][56648.954s] GC(264) Concurrent Preclean
[2020-05-10T10:23:22.727+0200][56648.954s] GC(264) Concurrent Preclean 0.226ms
[2020-05-10T10:23:22.727+0200][56648.954s] GC(264) Concurrent Mark (56648.937s, 56648.954s) 17.018ms
[2020-05-10T10:23:22.728+0200][56648.954s] GC(264) Pause Remark
[2020-05-10T10:23:22.731+0200][56648.957s] GC(264) Cleaned string and symbol table, strings: 27677 processed, 0 removed, symbols: 165332 processed, 0 removed
[2020-05-10T10:23:22.731+0200][56648.957s] GC(264) Pause Remark 162M->157M(512M) 2.762ms
[2020-05-10T10:23:22.731+0200][56648.957s] GC(264) User=0.02s Sys=0.00s Real=0.00s
[2020-05-10T10:23:22.731+0200][56648.957s] GC(264) Concurrent Rebuild Remembered Sets
[2020-05-10T10:23:22.740+0200][56648.966s] GC(264) Concurrent Rebuild Remembered Sets 8.980ms
[2020-05-10T10:23:22.740+0200][56648.966s] GC(264) Pause Cleanup
[2020-05-10T10:23:22.741+0200][56648.967s] GC(264) Pause Cleanup 157M->157M(512M) 0.161ms
[2020-05-10T10:23:22.741+0200][56648.967s] GC(264) User=0.00s Sys=0.00s Real=0.00s
[2020-05-10T10:23:22.741+0200][56648.967s] GC(264) Concurrent Cleanup for Next Mark
[2020-05-10T10:23:22.741+0200][56648.967s] GC(264) Concurrent Cleanup for Next Mark 0.233ms
[2020-05-10T10:23:22.741+0200][56648.967s] GC(264) Concurrent Cycle 30.545ms
[2020-05-10T10:23:26.723+0200][56652.949s] GC(265) Pause Young (Prepare Mixed) (G1 Evacuation Pause)
[2020-05-10T10:23:26.723+0200][56652.949s] GC(265) Using 10 workers of 10 for evacuation
[2020-05-10T10:23:26.727+0200][56652.953s] GC(265) To-space exhausted
[2020-05-10T10:23:26.727+0200][56652.953s] GC(265)   Pre Evacuate Collection Set: 0.0ms
[2020-05-10T10:23:26.727+0200][56652.953s] GC(265)   Evacuate Collection Set: 0.8ms
[2020-05-10T10:23:26.727+0200][56652.953s] GC(265)   Post Evacuate Collection Set: 2.9ms
[2020-05-10T10:23:26.727+0200][56652.953s] GC(265)   Other: 0.2ms
[2020-05-10T10:23:26.727+0200][56652.953s] GC(265) Eden regions: 230->0(25)
[2020-05-10T10:23:26.727+0200][56652.953s] GC(265) Survivor regions: 3->0(30)
[2020-05-10T10:23:26.727+0200][56652.953s] GC(265) Old regions: 113->346
[2020-05-10T10:23:26.727+0200][56652.953s] GC(265) Humongous regions: 166->61
[2020-05-10T10:23:26.727+0200][56652.953s] GC(265) Metaspace: 59058K->59058K(1103872K)
[2020-05-10T10:23:26.727+0200][56652.954s] GC(265) Pause Young (Prepare Mixed) (G1 Evacuation Pause) 511M->406M(512M) 4.062ms
[2020-05-10T10:23:26.727+0200][56652.954s] GC(265) User=0.00s Sys=0.00s Real=0.00s
[2020-05-10T10:23:27.352+0200][56653.579s] GC(266) Pause Young (Mixed) (G1 Evacuation Pause)
[2020-05-10T10:23:27.353+0200][56653.579s] GC(266) Using 10 workers of 10 for evacuation
[2020-05-10T10:23:27.354+0200][56653.580s] GC(266)   Pre Evacuate Collection Set: 0.0ms
[2020-05-10T10:23:27.354+0200][56653.580s] GC(266)   Evacuate Collection Set: 0.8ms
[2020-05-10T10:23:27.354+0200][56653.580s] GC(266)   Post Evacuate Collection Set: 0.5ms
[2020-05-10T10:23:27.354+0200][56653.580s] GC(266)   Other: 0.2ms
[2020-05-10T10:23:27.354+0200][56653.580s] GC(266) Eden regions: 25->0(43)
[2020-05-10T10:23:27.354+0200][56653.581s] GC(266) Survivor regions: 0->4(4)
[2020-05-10T10:23:27.354+0200][56653.581s] GC(266) Old regions: 346->336
[2020-05-10T10:23:27.354+0200][56653.581s] GC(266) Humongous regions: 64->62
[2020-05-10T10:23:27.354+0200][56653.581s] GC(266) Metaspace: 59058K->59058K(1103872K)
[2020-05-10T10:23:27.354+0200][56653.581s] GC(266) Pause Young (Mixed) (G1 Evacuation Pause) 434M->401M(512M) 1.518ms
[2020-05-10T10:23:27.354+0200][56653.581s] GC(266) User=0.00s Sys=0.00s Real=0.00s
[2020-05-10T10:23:27.560+0200][56653.786s] GC(267) Pause Young (Concurrent Start) (G1 Evacuation Pause)
[2020-05-10T10:23:27.560+0200][56653.786s] GC(267) Using 10 workers of 10 for evacuation
[2020-05-10T10:23:27.561+0200][56653.787s] GC(267)   Pre Evacuate Collection Set: 0.1ms
[2020-05-10T10:23:27.561+0200][56653.787s] GC(267)   Evacuate Collection Set: 0.8ms
[2020-05-10T10:23:27.561+0200][56653.787s] GC(267)   Post Evacuate Collection Set: 0.5ms
[2020-05-10T10:23:27.561+0200][56653.787s] GC(267)   Other: 0.2ms
[2020-05-10T10:23:27.561+0200][56653.787s] GC(267) Eden regions: 43->0(43)
[2020-05-10T10:23:27.561+0200][56653.787s] GC(267) Survivor regions: 4->1(6)
[2020-05-10T10:23:27.561+0200][56653.787s] GC(267) Old regions: 336->340
[2020-05-10T10:23:27.561+0200][56653.787s] GC(267) Humongous regions: 62->62
[2020-05-10T10:23:27.561+0200][56653.787s] GC(267) Metaspace: 59058K->59058K(1103872K)
[2020-05-10T10:23:27.561+0200][56653.787s] GC(267) Pause Young (Concurrent Start) (G1 Evacuation Pause) 444M->402M(512M) 1.617ms
[2020-05-10T10:23:27.561+0200][56653.787s] GC(267) User=0.00s Sys=0.00s Real=0.00s
[2020-05-10T10:23:27.561+0200][56653.787s] GC(268) Concurrent Cycle
[2020-05-10T10:23:27.561+0200][56653.787s] GC(268) Concurrent Clear Claimed Marks
[2020-05-10T10:23:27.561+0200][56653.787s] GC(268) Concurrent Clear Claimed Marks 0.022ms
[2020-05-10T10:23:27.561+0200][56653.787s] GC(268) Concurrent Scan Root Regions
[2020-05-10T10:23:27.562+0200][56653.788s] GC(268) Concurrent Scan Root Regions 0.282ms
[2020-05-10T10:23:27.562+0200][56653.788s] GC(268) Concurrent Mark (56653.788s)
[2020-05-10T10:23:27.562+0200][56653.788s] GC(268) Concurrent Mark From Roots
[2020-05-10T10:23:27.562+0200][56653.788s] GC(268) Using 3 workers of 3 for marking
[2020-05-10T10:23:27.579+0200][56653.805s] GC(268) Concurrent Mark From Roots 16.905ms
[2020-05-10T10:23:27.579+0200][56653.805s] GC(268) Concurrent Preclean
[2020-05-10T10:23:27.579+0200][56653.805s] GC(268) Concurrent Preclean 0.292ms
[2020-05-10T10:23:27.579+0200][56653.805s] GC(268) Concurrent Mark (56653.788s, 56653.805s) 17.274ms
[2020-05-10T10:23:27.579+0200][56653.805s] GC(268) Pause Remark
[2020-05-10T10:23:27.581+0200][56653.808s] GC(268) Cleaned string and symbol table, strings: 27677 processed, 0 removed, symbols: 165332 processed, 0 removed
[2020-05-10T10:23:27.582+0200][56653.808s] GC(268) Pause Remark 405M->390M(512M) 2.640ms
[2020-05-10T10:23:27.582+0200][56653.808s] GC(268) User=0.00s Sys=0.00s Real=0.00s
[2020-05-10T10:23:27.582+0200][56653.808s] GC(268) Concurrent Rebuild Remembered Sets
[2020-05-10T10:23:27.591+0200][56653.818s] GC(268) Concurrent Rebuild Remembered Sets 9.460ms
[2020-05-10T10:23:27.592+0200][56653.818s] GC(268) Pause Cleanup
[2020-05-10T10:23:27.592+0200][56653.818s] GC(268) Pause Cleanup 393M->393M(512M) 0.200ms
[2020-05-10T10:23:27.592+0200][56653.818s] GC(268) User=0.00s Sys=0.00s Real=0.00s
[2020-05-10T10:23:27.592+0200][56653.818s] GC(268) Concurrent Cleanup for Next Mark
[2020-05-10T10:23:27.592+0200][56653.818s] GC(268) Concurrent Cleanup for Next Mark 0.227ms
[2020-05-10T10:23:27.592+0200][56653.818s] GC(268) Concurrent Cycle 30.863ms
[2020-05-10T10:23:27.784+0200][56654.011s] GC(269) Pause Young (Prepare Mixed) (G1 Evacuation Pause)
[2020-05-10T10:23:27.784+0200][56654.011s] GC(269) Using 10 workers of 10 for evacuation
[2020-05-10T10:23:27.785+0200][56654.012s] GC(269)   Pre Evacuate Collection Set: 0.0ms
[2020-05-10T10:23:27.785+0200][56654.012s] GC(269)   Evacuate Collection Set: 0.5ms
[2020-05-10T10:23:27.785+0200][56654.012s] GC(269)   Post Evacuate Collection Set: 0.4ms
[2020-05-10T10:23:27.785+0200][56654.012s] GC(269)   Other: 0.1ms
[2020-05-10T10:23:27.785+0200][56654.012s] GC(269) Eden regions: 43->0(24)
[2020-05-10T10:23:27.785+0200][56654.012s] GC(269) Survivor regions: 1->1(6)
[2020-05-10T10:23:27.785+0200][56654.012s] GC(269) Old regions: 340->340
[2020-05-10T10:23:27.785+0200][56654.012s] GC(269) Humongous regions: 47->47
[2020-05-10T10:23:27.785+0200][56654.012s] GC(269) Metaspace: 59058K->59058K(1103872K)
[2020-05-10T10:23:27.785+0200][56654.012s] GC(269) Pause Young (Prepare Mixed) (G1 Evacuation Pause) 430M->387M(512M) 1.136ms
[2020-05-10T10:23:27.785+0200][56654.012s] GC(269) User=0.00s Sys=0.00s Real=0.00s
[2020-05-10T10:23:27.931+0200][56654.157s] GC(270) Pause Young (Mixed) (G1 Evacuation Pause)
[2020-05-10T10:23:27.931+0200][56654.157s] GC(270) Using 10 workers of 10 for evacuation
[2020-05-10T10:23:27.932+0200][56654.158s] GC(270)   Pre Evacuate Collection Set: 0.0ms
[2020-05-10T10:23:27.932+0200][56654.159s] GC(270)   Evacuate Collection Set: 0.5ms
[2020-05-10T10:23:27.932+0200][56654.159s] GC(270)   Post Evacuate Collection Set: 0.4ms
[2020-05-10T10:23:27.932+0200][56654.159s] GC(270)   Other: 0.1ms
[2020-05-10T10:23:27.932+0200][56654.159s] GC(270) Eden regions: 24->0(24)
[2020-05-10T10:23:27.932+0200][56654.159s] GC(270) Survivor regions: 1->1(4)
[2020-05-10T10:23:27.932+0200][56654.159s] GC(270) Old regions: 340->292
[2020-05-10T10:23:27.932+0200][56654.159s] GC(270) Humongous regions: 47->47
[2020-05-10T10:23:27.932+0200][56654.159s] GC(270) Metaspace: 59058K->59058K(1103872K)
[2020-05-10T10:23:27.932+0200][56654.159s] GC(270) Pause Young (Mixed) (G1 Evacuation Pause) 411M->339M(512M) 1.203ms
[2020-05-10T10:23:27.932+0200][56654.159s] GC(270) User=0.00s Sys=0.00s Real=0.00s
[2020-05-10T10:23:28.079+0200][56654.306s] GC(271) Pause Young (Mixed) (G1 Evacuation Pause)
[2020-05-10T10:23:28.079+0200][56654.306s] GC(271) Using 10 workers of 10 for evacuation
[2020-05-10T10:23:28.081+0200][56654.307s] GC(271)   Pre Evacuate Collection Set: 0.0ms
[2020-05-10T10:23:28.081+0200][56654.307s] GC(271)   Evacuate Collection Set: 0.6ms
[2020-05-10T10:23:28.081+0200][56654.307s] GC(271)   Post Evacuate Collection Set: 0.4ms
[2020-05-10T10:23:28.081+0200][56654.307s] GC(271)   Other: 0.1ms
[2020-05-10T10:23:28.081+0200][56654.307s] GC(271) Eden regions: 24->0(24)
[2020-05-10T10:23:28.081+0200][56654.307s] GC(271) Survivor regions: 1->1(4)
[2020-05-10T10:23:28.081+0200][56654.307s] GC(271) Old regions: 292->247
[2020-05-10T10:23:28.081+0200][56654.307s] GC(271) Humongous regions: 47->47
[2020-05-10T10:23:28.081+0200][56654.307s] GC(271) Metaspace: 59058K->59058K(1103872K)
[2020-05-10T10:23:28.081+0200][56654.307s] GC(271) Pause Young (Mixed) (G1 Evacuation Pause) 363M->293M(512M) 1.250ms
[2020-05-10T10:23:28.081+0200][56654.307s] GC(271) User=0.00s Sys=0.00s Real=0.00s
[2020-05-10T10:23:28.232+0200][56654.458s] GC(272) Pause Young (Mixed) (G1 Evacuation Pause)
[2020-05-10T10:23:28.232+0200][56654.458s] GC(272) Using 10 workers of 10 for evacuation
[2020-05-10T10:23:28.234+0200][56654.460s] GC(272)   Pre Evacuate Collection Set: 0.0ms
[2020-05-10T10:23:28.234+0200][56654.460s] GC(272)   Evacuate Collection Set: 0.7ms
[2020-05-10T10:23:28.234+0200][56654.460s] GC(272)   Post Evacuate Collection Set: 0.4ms
[2020-05-10T10:23:28.234+0200][56654.460s] GC(272)   Other: 0.1ms
[2020-05-10T10:23:28.234+0200][56654.460s] GC(272) Eden regions: 24->0(24)
[2020-05-10T10:23:28.234+0200][56654.460s] GC(272) Survivor regions: 1->1(4)
[2020-05-10T10:23:28.234+0200][56654.460s] GC(272) Old regions: 247->202
[2020-05-10T10:23:28.234+0200][56654.460s] GC(272) Humongous regions: 47->47
[2020-05-10T10:23:28.234+0200][56654.460s] GC(272) Metaspace: 59058K->59058K(1103872K)
[2020-05-10T10:23:28.234+0200][56654.460s] GC(272) Pause Young (Mixed) (G1 Evacuation Pause) 317M->248M(512M) 1.439ms
[2020-05-10T10:23:28.234+0200][56654.460s] GC(272) User=0.00s Sys=0.00s Real=0.00s
[2020-05-10T10:23:28.388+0200][56654.614s] GC(273) Pause Young (Mixed) (G1 Evacuation Pause)
[2020-05-10T10:23:28.388+0200][56654.614s] GC(273) Using 10 workers of 10 for evacuation
[2020-05-10T10:23:28.390+0200][56654.616s] GC(273)   Pre Evacuate Collection Set: 0.0ms
[2020-05-10T10:23:28.390+0200][56654.616s] GC(273)   Evacuate Collection Set: 0.8ms
[2020-05-10T10:23:28.390+0200][56654.616s] GC(273)   Post Evacuate Collection Set: 0.4ms
[2020-05-10T10:23:28.390+0200][56654.616s] GC(273)   Other: 0.1ms
[2020-05-10T10:23:28.390+0200][56654.616s] GC(273) Eden regions: 24->0(24)
[2020-05-10T10:23:28.390+0200][56654.616s] GC(273) Survivor regions: 1->1(4)
[2020-05-10T10:23:28.390+0200][56654.616s] GC(273) Old regions: 202->159
[2020-05-10T10:23:28.390+0200][56654.616s] GC(273) Humongous regions: 47->47
[2020-05-10T10:23:28.390+0200][56654.616s] GC(273) Metaspace: 59058K->59058K(1103872K)
[2020-05-10T10:23:28.390+0200][56654.616s] GC(273) Pause Young (Mixed) (G1 Evacuation Pause) 272M->205M(512M) 1.533ms
[2020-05-10T10:23:28.390+0200][56654.616s] GC(273) User=0.00s Sys=0.00s Real=0.00s
[2020-05-10T10:23:28.533+0200][56654.759s] GC(274) Pause Young (Mixed) (G1 Evacuation Pause)
[2020-05-10T10:23:28.533+0200][56654.759s] GC(274) Using 10 workers of 10 for evacuation
[2020-05-10T10:23:28.534+0200][56654.760s] GC(274)   Pre Evacuate Collection Set: 0.0ms
[2020-05-10T10:23:28.534+0200][56654.760s] GC(274)   Evacuate Collection Set: 0.6ms
[2020-05-10T10:23:28.534+0200][56654.761s] GC(274)   Post Evacuate Collection Set: 0.5ms
[2020-05-10T10:23:28.534+0200][56654.761s] GC(274)   Other: 0.1ms
[2020-05-10T10:23:28.534+0200][56654.761s] GC(274) Eden regions: 24->0(150)
[2020-05-10T10:23:28.534+0200][56654.761s] GC(274) Survivor regions: 1->1(4)
[2020-05-10T10:23:28.534+0200][56654.761s] GC(274) Old regions: 159->139
[2020-05-10T10:23:28.534+0200][56654.761s] GC(274) Humongous regions: 47->47
[2020-05-10T10:23:28.534+0200][56654.761s] GC(274) Metaspace: 59058K->59058K(1103872K)
[2020-05-10T10:23:28.534+0200][56654.761s] GC(274) Pause Young (Mixed) (G1 Evacuation Pause) 229M->186M(512M) 1.372ms
[2020-05-10T10:23:28.534+0200][56654.761s] GC(274) User=0.00s Sys=0.00s Real=0.00s
[2020-05-10T10:23:29.432+0200][56655.658s] GC(275) Pause Young (Concurrent Start) (G1 Evacuation Pause)
[2020-05-10T10:23:29.432+0200][56655.658s] GC(275) Using 10 workers of 10 for evacuation
[2020-05-10T10:23:29.433+0200][56655.659s] GC(275)   Pre Evacuate Collection Set: 0.1ms
[2020-05-10T10:23:29.433+0200][56655.659s] GC(275)   Evacuate Collection Set: 0.6ms
[2020-05-10T10:23:29.433+0200][56655.659s] GC(275)   Post Evacuate Collection Set: 0.4ms
[2020-05-10T10:23:29.433+0200][56655.659s] GC(275)   Other: 0.1ms
[2020-05-10T10:23:29.433+0200][56655.659s] GC(275) Eden regions: 150->0(164)
[2020-05-10T10:23:29.433+0200][56655.659s] GC(275) Survivor regions: 1->1(19)
[2020-05-10T10:23:29.433+0200][56655.659s] GC(275) Old regions: 139->139
[2020-05-10T10:23:29.433+0200][56655.659s] GC(275) Humongous regions: 47->47
[2020-05-10T10:23:29.433+0200][56655.659s] GC(275) Metaspace: 59058K->59058K(1103872K)
[2020-05-10T10:23:29.433+0200][56655.659s] GC(275) Pause Young (Concurrent Start) (G1 Evacuation Pause) 336M->186M(512M) 1.222ms
[2020-05-10T10:23:29.433+0200][56655.659s] GC(275) User=0.02s Sys=0.00s Real=0.00s
[2020-05-10T10:23:29.433+0200][56655.660s] GC(276) Concurrent Cycle
[2020-05-10T10:23:29.433+0200][56655.660s] GC(276) Concurrent Clear Claimed Marks
[2020-05-10T10:23:29.434+0200][56655.660s] GC(276) Concurrent Clear Claimed Marks 0.022ms
[2020-05-10T10:23:29.434+0200][56655.660s] GC(276) Concurrent Scan Root Regions
[2020-05-10T10:23:29.434+0200][56655.660s] GC(276) Concurrent Scan Root Regions 0.281ms
[2020-05-10T10:23:29.434+0200][56655.660s] GC(276) Concurrent Mark (56655.660s)
[2020-05-10T10:23:29.434+0200][56655.660s] GC(276) Concurrent Mark From Roots
[2020-05-10T10:23:29.434+0200][56655.660s] GC(276) Using 3 workers of 3 for marking
[2020-05-10T10:23:29.450+0200][56655.677s] GC(276) Concurrent Mark From Roots 16.651ms
[2020-05-10T10:23:29.450+0200][56655.677s] GC(276) Concurrent Preclean
[2020-05-10T10:23:29.450+0200][56655.677s] GC(276) Concurrent Preclean 0.228ms
[2020-05-10T10:23:29.450+0200][56655.677s] GC(276) Concurrent Mark (56655.660s, 56655.677s) 16.933ms
[2020-05-10T10:23:29.451+0200][56655.677s] GC(276) Pause Remark
[2020-05-10T10:23:29.453+0200][56655.680s] GC(276) Cleaned string and symbol table, strings: 27677 processed, 0 removed, symbols: 165332 processed, 0 removed
[2020-05-10T10:23:29.453+0200][56655.680s] GC(276) Pause Remark 189M->189M(512M) 2.836ms
[2020-05-10T10:23:29.453+0200][56655.680s] GC(276) User=0.00s Sys=0.00s Real=0.00s
[2020-05-10T10:23:29.454+0200][56655.680s] GC(276) Concurrent Rebuild Remembered Sets
[2020-05-10T10:23:29.463+0200][56655.689s] GC(276) Concurrent Rebuild Remembered Sets 9.052ms
[2020-05-10T10:23:29.463+0200][56655.689s] GC(276) Pause Cleanup
[2020-05-10T10:23:29.464+0200][56655.689s] GC(276) Pause Cleanup 190M->190M(512M) 0.204ms
[2020-05-10T10:23:29.464+0200][56655.690s] GC(276) User=0.00s Sys=0.00s Real=0.00s
[2020-05-10T10:23:29.464+0200][56655.690s] GC(276) Concurrent Cleanup for Next Mark
[2020-05-10T10:23:29.464+0200][56655.690s] GC(276) Concurrent Cleanup for Next Mark 0.230ms
[2020-05-10T10:23:29.464+0200][56655.690s] GC(276) Concurrent Cycle 30.324ms
[2020-05-10T10:23:30.131+0200][56656.357s] GC(277) Pause Young (Normal) (G1 Evacuation Pause)
[2020-05-10T10:23:30.131+0200][56656.357s] GC(277) Using 10 workers of 10 for evacuation
[2020-05-10T10:23:30.132+0200][56656.358s] GC(277)   Pre Evacuate Collection Set: 0.0ms
[2020-05-10T10:23:30.132+0200][56656.358s] GC(277)   Evacuate Collection Set: 0.4ms
[2020-05-10T10:23:30.132+0200][56656.358s] GC(277)   Post Evacuate Collection Set: 0.4ms
[2020-05-10T10:23:30.132+0200][56656.358s] GC(277)   Other: 0.1ms
[2020-05-10T10:23:30.132+0200][56656.358s] GC(277) Eden regions: 164->0(177)
[2020-05-10T10:23:30.132+0200][56656.358s] GC(277) Survivor regions: 1->1(21)
[2020-05-10T10:23:30.132+0200][56656.358s] GC(277) Old regions: 139->139
[2020-05-10T10:23:30.132+0200][56656.358s] GC(277) Humongous regions: 47->47
[2020-05-10T10:23:30.132+0200][56656.358s] GC(277) Metaspace: 59058K->59058K(1103872K)
[2020-05-10T10:23:30.132+0200][56656.358s] GC(277) Pause Young (Normal) (G1 Evacuation Pause) 350M->186M(512M) 1.105ms
[2020-05-10T10:23:30.132+0200][56656.359s] GC(277) User=0.00s Sys=0.00s Real=0.00s
[2020-05-10T10:23:30.534+0200][56656.761s] GC(278) Pause Young (Concurrent Start) (G1 Evacuation Pause)
[2020-05-10T10:23:30.534+0200][56656.761s] GC(278) Using 10 workers of 10 for evacuation
[2020-05-10T10:23:30.536+0200][56656.762s] GC(278)   Pre Evacuate Collection Set: 0.1ms
[2020-05-10T10:23:30.536+0200][56656.762s] GC(278)   Evacuate Collection Set: 0.6ms
[2020-05-10T10:23:30.536+0200][56656.762s] GC(278)   Post Evacuate Collection Set: 0.4ms
[2020-05-10T10:23:30.536+0200][56656.762s] GC(278)   Other: 0.1ms
[2020-05-10T10:23:30.536+0200][56656.762s] GC(278) Eden regions: 177->0(188)
[2020-05-10T10:23:30.536+0200][56656.762s] GC(278) Survivor regions: 1->1(23)
[2020-05-10T10:23:30.536+0200][56656.762s] GC(278) Old regions: 139->139
[2020-05-10T10:23:30.536+0200][56656.762s] GC(278) Humongous regions: 47->47
[2020-05-10T10:23:30.536+0200][56656.762s] GC(278) Metaspace: 59058K->59058K(1103872K)
[2020-05-10T10:23:30.536+0200][56656.762s] GC(278) Pause Young (Concurrent Start) (G1 Evacuation Pause) 363M->186M(512M) 1.246ms
[2020-05-10T10:23:30.536+0200][56656.762s] GC(278) User=0.00s Sys=0.00s Real=0.00s
[2020-05-10T10:23:30.536+0200][56656.762s] GC(279) Concurrent Cycle
[2020-05-10T10:23:30.536+0200][56656.762s] GC(279) Concurrent Clear Claimed Marks
[2020-05-10T10:23:30.536+0200][56656.762s] GC(279) Concurrent Clear Claimed Marks 0.019ms
[2020-05-10T10:23:30.536+0200][56656.762s] GC(279) Concurrent Scan Root Regions
[2020-05-10T10:23:30.536+0200][56656.762s] GC(279) Concurrent Scan Root Regions 0.277ms
[2020-05-10T10:23:30.536+0200][56656.762s] GC(279) Concurrent Mark (56656.762s)
[2020-05-10T10:23:30.536+0200][56656.762s] GC(279) Concurrent Mark From Roots
[2020-05-10T10:23:30.536+0200][56656.762s] GC(279) Using 3 workers of 3 for marking
[2020-05-10T10:23:30.553+0200][56656.779s] GC(279) Concurrent Mark From Roots 17.050ms
[2020-05-10T10:23:30.553+0200][56656.779s] GC(279) Concurrent Preclean
[2020-05-10T10:23:30.553+0200][56656.780s] GC(279) Concurrent Preclean 0.221ms
[2020-05-10T10:23:30.553+0200][56656.780s] GC(279) Concurrent Mark (56656.762s, 56656.780s) 17.355ms
[2020-05-10T10:23:30.554+0200][56656.780s] GC(279) Pause Remark
[2020-05-10T10:23:30.556+0200][56656.782s] GC(279) Cleaned string and symbol table, strings: 27677 processed, 0 removed, symbols: 165332 processed, 0 removed
[2020-05-10T10:23:30.557+0200][56656.783s] GC(279) Pause Remark 193M->193M(512M) 2.915ms
[2020-05-10T10:23:30.557+0200][56656.783s] GC(279) User=0.00s Sys=0.00s Real=0.00s
[2020-05-10T10:23:30.557+0200][56656.783s] GC(279) Concurrent Rebuild Remembered Sets
[2020-05-10T10:23:30.565+0200][56656.792s] GC(279) Concurrent Rebuild Remembered Sets 8.976ms
[2020-05-10T10:23:30.566+0200][56656.792s] GC(279) Pause Cleanup
[2020-05-10T10:23:30.566+0200][56656.792s] GC(279) Pause Cleanup 197M->197M(512M) 0.213ms
[2020-05-10T10:23:30.566+0200][56656.792s] GC(279) User=0.00s Sys=0.00s Real=0.00s
[2020-05-10T10:23:30.566+0200][56656.792s] GC(279) Concurrent Cleanup for Next Mark
[2020-05-10T10:23:30.566+0200][56656.793s] GC(279) Concurrent Cleanup for Next Mark 0.234ms
[2020-05-10T10:23:30.566+0200][56656.793s] GC(279) Concurrent Cycle 30.723ms
[2020-05-10T10:23:30.914+0200][56657.141s] GC(280) Pause Young (Concurrent Start) (G1 Humongous Allocation)
[2020-05-10T10:23:30.914+0200][56657.141s] GC(280) Using 10 workers of 10 for evacuation
[2020-05-10T10:23:30.916+0200][56657.142s] GC(280)   Pre Evacuate Collection Set: 0.1ms
[2020-05-10T10:23:30.916+0200][56657.142s] GC(280)   Evacuate Collection Set: 0.9ms
[2020-05-10T10:23:30.916+0200][56657.142s] GC(280)   Post Evacuate Collection Set: 0.4ms
[2020-05-10T10:23:30.916+0200][56657.142s] GC(280)   Other: 0.1ms
[2020-05-10T10:23:30.916+0200][56657.142s] GC(280) Eden regions: 123->0(193)
[2020-05-10T10:23:30.916+0200][56657.142s] GC(280) Survivor regions: 1->7(24)
[2020-05-10T10:23:30.916+0200][56657.142s] GC(280) Old regions: 139->139
[2020-05-10T10:23:30.916+0200][56657.142s] GC(280) Humongous regions: 47->47
[2020-05-10T10:23:30.916+0200][56657.142s] GC(280) Metaspace: 59058K->59058K(1103872K)
[2020-05-10T10:23:30.916+0200][56657.143s] GC(280) Pause Young (Concurrent Start) (G1 Humongous Allocation) 308M->192M(512M) 1.633ms
[2020-05-10T10:23:30.916+0200][56657.143s] GC(280) User=0.00s Sys=0.00s Real=0.00s
[2020-05-10T10:23:30.916+0200][56657.143s] GC(281) Concurrent Cycle
[2020-05-10T10:23:30.916+0200][56657.143s] GC(281) Concurrent Clear Claimed Marks
[2020-05-10T10:23:30.916+0200][56657.143s] GC(281) Concurrent Clear Claimed Marks 0.024ms
[2020-05-10T10:23:30.916+0200][56657.143s] GC(281) Concurrent Scan Root Regions
[2020-05-10T10:23:30.916+0200][56657.143s] GC(281) Concurrent Scan Root Regions 0.275ms
[2020-05-10T10:23:30.916+0200][56657.143s] GC(281) Concurrent Mark (56657.143s)
[2020-05-10T10:23:30.916+0200][56657.143s] GC(281) Concurrent Mark From Roots
[2020-05-10T10:23:30.916+0200][56657.143s] GC(281) Using 3 workers of 3 for marking
[2020-05-10T10:23:30.932+0200][56657.159s] GC(281) Concurrent Mark From Roots 16.427ms
[2020-05-10T10:23:30.932+0200][56657.159s] GC(281) Concurrent Preclean
[2020-05-10T10:23:30.933+0200][56657.160s] GC(281) Concurrent Preclean 0.232ms
[2020-05-10T10:23:30.933+0200][56657.160s] GC(281) Concurrent Mark (56657.143s, 56657.160s) 16.730ms
[2020-05-10T10:23:30.933+0200][56657.160s] GC(281) Pause Remark
[2020-05-10T10:23:30.935+0200][56657.162s] GC(281) Cleaned string and symbol table, strings: 27677 processed, 0 removed, symbols: 165332 processed, 0 removed
[2020-05-10T10:23:30.936+0200][56657.163s] GC(281) Pause Remark 196M->196M(512M) 2.759ms
[2020-05-10T10:23:30.936+0200][56657.163s] GC(281) User=0.00s Sys=0.00s Real=0.00s
[2020-05-10T10:23:30.936+0200][56657.163s] GC(281) Concurrent Rebuild Remembered Sets
[2020-05-10T10:23:30.945+0200][56657.172s] GC(281) Concurrent Rebuild Remembered Sets 8.867ms
[2020-05-10T10:23:30.945+0200][56657.172s] GC(281) Pause Cleanup
[2020-05-10T10:23:30.945+0200][56657.172s] GC(281) Pause Cleanup 196M->196M(512M) 0.159ms
[2020-05-10T10:23:30.945+0200][56657.172s] GC(281) User=0.00s Sys=0.00s Real=0.00s
[2020-05-10T10:23:30.945+0200][56657.172s] GC(281) Concurrent Cleanup for Next Mark
[2020-05-10T10:23:30.945+0200][56657.172s] GC(281) Concurrent Cleanup for Next Mark 0.229ms
[2020-05-10T10:23:30.945+0200][56657.172s] GC(281) Concurrent Cycle 29.807ms
[2020-05-10T10:23:32.459+0200][56658.686s] GC(282) Pause Young (Prepare Mixed) (G1 Evacuation Pause)
[2020-05-10T10:23:32.459+0200][56658.686s] GC(282) Using 10 workers of 10 for evacuation
[2020-05-10T10:23:32.462+0200][56658.688s] GC(282)   Pre Evacuate Collection Set: 0.0ms
[2020-05-10T10:23:32.462+0200][56658.688s] GC(282)   Evacuate Collection Set: 2.2ms
[2020-05-10T10:23:32.462+0200][56658.688s] GC(282)   Post Evacuate Collection Set: 0.5ms
[2020-05-10T10:23:32.462+0200][56658.688s] GC(282)   Other: 0.1ms
[2020-05-10T10:23:32.462+0200][56658.688s] GC(282) Eden regions: 193->0(1)
[2020-05-10T10:23:32.462+0200][56658.688s] GC(282) Survivor regions: 7->25(25)
[2020-05-10T10:23:32.462+0200][56658.688s] GC(282) Old regions: 139->139
[2020-05-10T10:23:32.462+0200][56658.688s] GC(282) Humongous regions: 117->68
[2020-05-10T10:23:32.462+0200][56658.688s] GC(282) Metaspace: 59067K->59067K(1103872K)
[2020-05-10T10:23:32.462+0200][56658.689s] GC(282) Pause Young (Prepare Mixed) (G1 Evacuation Pause) 455M->231M(512M) 2.993ms
[2020-05-10T10:23:32.462+0200][56658.689s] GC(282) User=0.00s Sys=0.00s Real=0.00s
[2020-05-10T10:23:32.464+0200][56658.691s] GC(283) Pause Young (Mixed) (G1 Evacuation Pause)
[2020-05-10T10:23:32.464+0200][56658.691s] GC(283) Using 10 workers of 10 for evacuation
[2020-05-10T10:23:32.467+0200][56658.693s] GC(283)   Pre Evacuate Collection Set: 0.0ms
[2020-05-10T10:23:32.467+0200][56658.693s] GC(283)   Evacuate Collection Set: 2.1ms
[2020-05-10T10:23:32.467+0200][56658.693s] GC(283)   Post Evacuate Collection Set: 0.3ms
[2020-05-10T10:23:32.467+0200][56658.693s] GC(283)   Other: 0.2ms
[2020-05-10T10:23:32.467+0200][56658.693s] GC(283) Eden regions: 1->0(168)
[2020-05-10T10:23:32.467+0200][56658.693s] GC(283) Survivor regions: 25->1(4)
[2020-05-10T10:23:32.467+0200][56658.693s] GC(283) Old regions: 139->163
[2020-05-10T10:23:32.467+0200][56658.693s] GC(283) Humongous regions: 68->68
[2020-05-10T10:23:32.467+0200][56658.693s] GC(283) Metaspace: 59067K->59067K(1103872K)
[2020-05-10T10:23:32.467+0200][56658.693s] GC(283) Pause Young (Mixed) (G1 Evacuation Pause) 232M->230M(512M) 2.805ms
[2020-05-10T10:23:32.467+0200][56658.693s] GC(283) User=0.16s Sys=0.00s Real=0.00s
[2020-05-10T10:23:32.503+0200][56658.729s] GC(284) Pause Young (Concurrent Start) (G1 Humongous Allocation)
[2020-05-10T10:23:32.503+0200][56658.730s] GC(284) Using 10 workers of 10 for evacuation
[2020-05-10T10:23:32.504+0200][56658.731s] GC(284)   Pre Evacuate Collection Set: 0.1ms
[2020-05-10T10:23:32.504+0200][56658.731s] GC(284)   Evacuate Collection Set: 0.7ms
[2020-05-10T10:23:32.504+0200][56658.731s] GC(284)   Post Evacuate Collection Set: 0.3ms
[2020-05-10T10:23:32.504+0200][56658.731s] GC(284)   Other: 0.1ms
[2020-05-10T10:23:32.504+0200][56658.731s] GC(284) Eden regions: 21->0(177)
[2020-05-10T10:23:32.504+0200][56658.731s] GC(284) Survivor regions: 1->2(22)
[2020-05-10T10:23:32.504+0200][56658.731s] GC(284) Old regions: 163->163
[2020-05-10T10:23:32.504+0200][56658.731s] GC(284) Humongous regions: 68->68
[2020-05-10T10:23:32.505+0200][56658.731s] GC(284) Metaspace: 59067K->59067K(1103872K)
[2020-05-10T10:23:32.505+0200][56658.731s] GC(284) Pause Young (Concurrent Start) (G1 Humongous Allocation) 251M->232M(512M) 1.308ms
[2020-05-10T10:23:32.505+0200][56658.731s] GC(284) User=0.00s Sys=0.00s Real=0.00s
[2020-05-10T10:23:32.505+0200][56658.731s] GC(285) Concurrent Cycle
[2020-05-10T10:23:32.505+0200][56658.731s] GC(285) Concurrent Clear Claimed Marks
[2020-05-10T10:23:32.505+0200][56658.731s] GC(285) Concurrent Clear Claimed Marks 0.020ms
[2020-05-10T10:23:32.505+0200][56658.731s] GC(285) Concurrent Scan Root Regions
[2020-05-10T10:23:32.505+0200][56658.731s] GC(285) Concurrent Scan Root Regions 0.337ms
[2020-05-10T10:23:32.505+0200][56658.731s] GC(285) Concurrent Mark (56658.731s)
[2020-05-10T10:23:32.505+0200][56658.731s] GC(285) Concurrent Mark From Roots
[2020-05-10T10:23:32.505+0200][56658.731s] GC(285) Using 3 workers of 3 for marking
[2020-05-10T10:23:32.521+0200][56658.748s] GC(285) Concurrent Mark From Roots 16.536ms
[2020-05-10T10:23:32.521+0200][56658.748s] GC(285) Concurrent Preclean
[2020-05-10T10:23:32.521+0200][56658.748s] GC(285) Concurrent Preclean 0.233ms
[2020-05-10T10:23:32.521+0200][56658.748s] GC(285) Concurrent Mark (56658.731s, 56658.748s) 16.825ms
[2020-05-10T10:23:32.522+0200][56658.748s] GC(285) Pause Remark
[2020-05-10T10:23:32.524+0200][56658.751s] GC(285) Cleaned string and symbol table, strings: 27677 processed, 0 removed, symbols: 165332 processed, 0 removed
[2020-05-10T10:23:32.524+0200][56658.751s] GC(285) Pause Remark 244M->169M(512M) 2.767ms
[2020-05-10T10:23:32.524+0200][56658.751s] GC(285) User=0.00s Sys=0.00s Real=0.00s
[2020-05-10T10:23:32.524+0200][56658.751s] GC(285) Concurrent Rebuild Remembered Sets
[2020-05-10T10:23:32.534+0200][56658.760s] GC(285) Concurrent Rebuild Remembered Sets 9.280ms
[2020-05-10T10:23:32.535+0200][56658.761s] GC(285) Pause Cleanup
[2020-05-10T10:23:32.535+0200][56658.761s] GC(285) Pause Cleanup 176M->176M(512M) 0.173ms
[2020-05-10T10:23:32.535+0200][56658.761s] GC(285) User=0.00s Sys=0.00s Real=0.00s
[2020-05-10T10:23:32.535+0200][56658.761s] GC(285) Concurrent Cleanup for Next Mark
[2020-05-10T10:23:32.535+0200][56658.761s] GC(285) Concurrent Cleanup for Next Mark 0.240ms
[2020-05-10T10:23:32.535+0200][56658.761s] GC(285) Concurrent Cycle 30.305ms
[2020-05-10T10:23:32.793+0200][56659.019s] GC(286) Pause Young (Prepare Mixed) (G1 Evacuation Pause)
[2020-05-10T10:23:32.793+0200][56659.019s] GC(286) Using 10 workers of 10 for evacuation
[2020-05-10T10:23:32.794+0200][56659.020s] GC(286)   Pre Evacuate Collection Set: 0.0ms
[2020-05-10T10:23:32.794+0200][56659.020s] GC(286)   Evacuate Collection Set: 1.0ms
[2020-05-10T10:23:32.794+0200][56659.020s] GC(286)   Post Evacuate Collection Set: 0.4ms
[2020-05-10T10:23:32.794+0200][56659.020s] GC(286)   Other: 0.1ms
[2020-05-10T10:23:32.794+0200][56659.020s] GC(286) Eden regions: 177->0(13)
[2020-05-10T10:23:32.794+0200][56659.020s] GC(286) Survivor regions: 2->12(23)
[2020-05-10T10:23:32.794+0200][56659.020s] GC(286) Old regions: 128->128
[2020-05-10T10:23:32.794+0200][56659.020s] GC(286) Humongous regions: 34->32
[2020-05-10T10:23:32.794+0200][56659.020s] GC(286) Metaspace: 59067K->59067K(1103872K)
[2020-05-10T10:23:32.794+0200][56659.020s] GC(286) Pause Young (Prepare Mixed) (G1 Evacuation Pause) 340M->171M(512M) 1.703ms
[2020-05-10T10:23:32.794+0200][56659.020s] GC(286) User=0.05s Sys=0.00s Real=0.00s
[2020-05-10T10:23:32.816+0200][56659.042s] GC(287) Pause Young (Mixed) (G1 Evacuation Pause)
[2020-05-10T10:23:32.816+0200][56659.042s] GC(287) Using 10 workers of 10 for evacuation
[2020-05-10T10:23:32.818+0200][56659.044s] GC(287)   Pre Evacuate Collection Set: 0.0ms
[2020-05-10T10:23:32.818+0200][56659.044s] GC(287)   Evacuate Collection Set: 1.2ms
[2020-05-10T10:23:32.818+0200][56659.044s] GC(287)   Post Evacuate Collection Set: 0.4ms
[2020-05-10T10:23:32.818+0200][56659.044s] GC(287)   Other: 0.2ms
[2020-05-10T10:23:32.818+0200][56659.044s] GC(287) Eden regions: 13->0(253)
[2020-05-10T10:23:32.818+0200][56659.044s] GC(287) Survivor regions: 12->1(4)
[2020-05-10T10:23:32.818+0200][56659.044s] GC(287) Old regions: 128->100
[2020-05-10T10:23:32.818+0200][56659.044s] GC(287) Humongous regions: 32->32
[2020-05-10T10:23:32.818+0200][56659.044s] GC(287) Metaspace: 59067K->59067K(1103872K)
[2020-05-10T10:23:32.818+0200][56659.044s] GC(287) Pause Young (Mixed) (G1 Evacuation Pause) 184M->132M(512M) 1.924ms
[2020-05-10T10:23:32.818+0200][56659.044s] GC(287) User=0.00s Sys=0.00s Real=0.00s
[2020-05-10T10:23:33.366+0200][56659.592s] GC(288) Pause Young (Concurrent Start) (G1 Evacuation Pause)
[2020-05-10T10:23:33.366+0200][56659.592s] GC(288) Using 10 workers of 10 for evacuation
[2020-05-10T10:23:33.368+0200][56659.594s] GC(288)   Pre Evacuate Collection Set: 0.1ms
[2020-05-10T10:23:33.368+0200][56659.594s] GC(288)   Evacuate Collection Set: 1.3ms
[2020-05-10T10:23:33.368+0200][56659.594s] GC(288)   Post Evacuate Collection Set: 0.5ms
[2020-05-10T10:23:33.368+0200][56659.594s] GC(288)   Other: 0.2ms
[2020-05-10T10:23:33.368+0200][56659.594s] GC(288) Eden regions: 253->0(251)
[2020-05-10T10:23:33.368+0200][56659.594s] GC(288) Survivor regions: 1->12(32)
[2020-05-10T10:23:33.368+0200][56659.594s] GC(288) Old regions: 100->100
[2020-05-10T10:23:33.368+0200][56659.594s] GC(288) Humongous regions: 32->32
[2020-05-10T10:23:33.368+0200][56659.594s] GC(288) Metaspace: 59076K->59076K(1103872K)
[2020-05-10T10:23:33.368+0200][56659.594s] GC(288) Pause Young (Concurrent Start) (G1 Evacuation Pause) 385M->143M(512M) 2.200ms
[2020-05-10T10:23:33.368+0200][56659.594s] GC(288) User=0.00s Sys=0.00s Real=0.00s
[2020-05-10T10:23:33.368+0200][56659.594s] GC(289) Concurrent Cycle
[2020-05-10T10:23:33.368+0200][56659.595s] GC(289) Concurrent Clear Claimed Marks
[2020-05-10T10:23:33.368+0200][56659.595s] GC(289) Concurrent Clear Claimed Marks 0.043ms
[2020-05-10T10:23:33.368+0200][56659.595s] GC(289) Concurrent Scan Root Regions
[2020-05-10T10:23:33.369+0200][56659.595s] GC(289) Concurrent Scan Root Regions 0.396ms
[2020-05-10T10:23:33.369+0200][56659.595s] GC(289) Concurrent Mark (56659.595s)
[2020-05-10T10:23:33.369+0200][56659.595s] GC(289) Concurrent Mark From Roots
[2020-05-10T10:23:33.369+0200][56659.595s] GC(289) Using 3 workers of 3 for marking
[2020-05-10T10:23:33.385+0200][56659.611s] GC(289) Concurrent Mark From Roots 16.384ms
[2020-05-10T10:23:33.385+0200][56659.611s] GC(289) Concurrent Preclean
[2020-05-10T10:23:33.385+0200][56659.612s] GC(289) Concurrent Preclean 0.236ms
[2020-05-10T10:23:33.385+0200][56659.612s] GC(289) Concurrent Mark (56659.595s, 56659.612s) 16.692ms
[2020-05-10T10:23:33.386+0200][56659.612s] GC(289) Pause Remark
[2020-05-10T10:23:33.388+0200][56659.614s] GC(289) Cleaned string and symbol table, strings: 27677 processed, 0 removed, symbols: 165332 processed, 0 removed
[2020-05-10T10:23:33.388+0200][56659.615s] GC(289) Pause Remark 154M->153M(512M) 2.709ms
[2020-05-10T10:23:33.388+0200][56659.615s] GC(289) User=0.14s Sys=0.02s Real=0.00s
[2020-05-10T10:23:33.389+0200][56659.615s] GC(289) Concurrent Rebuild Remembered Sets
[2020-05-10T10:23:33.397+0200][56659.623s] GC(289) Concurrent Rebuild Remembered Sets 8.652ms
[2020-05-10T10:23:33.397+0200][56659.624s] GC(289) Pause Cleanup
[2020-05-10T10:23:33.398+0200][56659.624s] GC(289) Pause Cleanup 159M->159M(512M) 0.239ms
[2020-05-10T10:23:33.398+0200][56659.624s] GC(289) User=0.00s Sys=0.00s Real=0.00s
[2020-05-10T10:23:33.398+0200][56659.624s] GC(289) Concurrent Cleanup for Next Mark
[2020-05-10T10:23:33.398+0200][56659.624s] GC(289) Concurrent Cleanup for Next Mark 0.228ms
[2020-05-10T10:23:33.398+0200][56659.624s] GC(289) Concurrent Cycle 29.807ms
[2020-05-10T10:23:34.090+0200][56660.316s] GC(290) Pause Young (Prepare Mixed) (G1 Evacuation Pause)
[2020-05-10T10:23:34.090+0200][56660.316s] GC(290) Using 10 workers of 10 for evacuation
[2020-05-10T10:23:34.092+0200][56660.319s] GC(290)   Pre Evacuate Collection Set: 0.0ms
[2020-05-10T10:23:34.093+0200][56660.319s] GC(290)   Evacuate Collection Set: 2.0ms
[2020-05-10T10:23:34.093+0200][56660.319s] GC(290)   Post Evacuate Collection Set: 0.5ms
[2020-05-10T10:23:34.093+0200][56660.319s] GC(290)   Other: 0.1ms
[2020-05-10T10:23:34.093+0200][56660.319s] GC(290) Eden regions: 251->0(2)
[2020-05-10T10:23:34.093+0200][56660.319s] GC(290) Survivor regions: 12->23(33)
[2020-05-10T10:23:34.093+0200][56660.319s] GC(290) Old regions: 100->100
[2020-05-10T10:23:34.093+0200][56660.319s] GC(290) Humongous regions: 37->35
[2020-05-10T10:23:34.093+0200][56660.319s] GC(290) Metaspace: 59085K->59085K(1103872K)
[2020-05-10T10:23:34.093+0200][56660.319s] GC(290) Pause Young (Prepare Mixed) (G1 Evacuation Pause) 399M->157M(512M) 2.736ms
[2020-05-10T10:23:34.093+0200][56660.319s] GC(290) User=0.00s Sys=0.00s Real=0.00s
[2020-05-10T10:23:34.101+0200][56660.327s] GC(291) Pause Young (Mixed) (G1 Evacuation Pause)
[2020-05-10T10:23:34.101+0200][56660.327s] GC(291) Using 10 workers of 10 for evacuation
[2020-05-10T10:23:34.104+0200][56660.330s] GC(291)   Pre Evacuate Collection Set: 0.0ms
[2020-05-10T10:23:34.104+0200][56660.330s] GC(291)   Evacuate Collection Set: 2.3ms
[2020-05-10T10:23:34.104+0200][56660.330s] GC(291)   Post Evacuate Collection Set: 0.4ms
[2020-05-10T10:23:34.104+0200][56660.330s] GC(291)   Other: 0.2ms
[2020-05-10T10:23:34.104+0200][56660.330s] GC(291) Eden regions: 2->0(250)
[2020-05-10T10:23:34.104+0200][56660.330s] GC(291) Survivor regions: 23->1(4)
[2020-05-10T10:23:34.104+0200][56660.330s] GC(291) Old regions: 100->115
[2020-05-10T10:23:34.104+0200][56660.330s] GC(291) Humongous regions: 35->35
[2020-05-10T10:23:34.104+0200][56660.330s] GC(291) Metaspace: 59085K->59085K(1103872K)
[2020-05-10T10:23:34.104+0200][56660.330s] GC(291) Pause Young (Mixed) (G1 Evacuation Pause) 158M->149M(512M) 3.117ms
[2020-05-10T10:23:34.104+0200][56660.330s] GC(291) User=0.00s Sys=0.00s Real=0.00s
[2020-05-10T10:23:34.126+0200][56660.352s] GC(292) Pause Young (Concurrent Start) (G1 Humongous Allocation)
[2020-05-10T10:23:34.126+0200][56660.352s] GC(292) Using 10 workers of 10 for evacuation
[2020-05-10T10:23:34.127+0200][56660.353s] GC(292)   Pre Evacuate Collection Set: 0.1ms
[2020-05-10T10:23:34.127+0200][56660.353s] GC(292)   Evacuate Collection Set: 0.7ms
[2020-05-10T10:23:34.127+0200][56660.353s] GC(292)   Post Evacuate Collection Set: 0.5ms
[2020-05-10T10:23:34.127+0200][56660.354s] GC(292)   Other: 0.1ms
[2020-05-10T10:23:34.127+0200][56660.354s] GC(292) Eden regions: 6->0(194)
[2020-05-10T10:23:34.127+0200][56660.354s] GC(292) Survivor regions: 1->4(32)
[2020-05-10T10:23:34.127+0200][56660.354s] GC(292) Old regions: 115->115
[2020-05-10T10:23:34.127+0200][56660.354s] GC(292) Humongous regions: 35->35
[2020-05-10T10:23:34.127+0200][56660.354s] GC(292) Metaspace: 59085K->59085K(1103872K)
[2020-05-10T10:23:34.127+0200][56660.354s] GC(292) Pause Young (Concurrent Start) (G1 Humongous Allocation) 155M->152M(512M) 1.497ms
[2020-05-10T10:23:34.127+0200][56660.354s] GC(292) User=0.00s Sys=0.00s Real=0.00s
[2020-05-10T10:23:34.127+0200][56660.354s] GC(293) Concurrent Cycle
[2020-05-10T10:23:34.127+0200][56660.354s] GC(293) Concurrent Clear Claimed Marks
[2020-05-10T10:23:34.127+0200][56660.354s] GC(293) Concurrent Clear Claimed Marks 0.022ms
[2020-05-10T10:23:34.127+0200][56660.354s] GC(293) Concurrent Scan Root Regions
[2020-05-10T10:23:34.127+0200][56660.354s] GC(293) Concurrent Scan Root Regions 0.275ms
[2020-05-10T10:23:34.127+0200][56660.354s] GC(293) Concurrent Mark (56660.354s)
[2020-05-10T10:23:34.127+0200][56660.354s] GC(293) Concurrent Mark From Roots
[2020-05-10T10:23:34.127+0200][56660.354s] GC(293) Using 3 workers of 3 for marking
[2020-05-10T10:23:34.144+0200][56660.370s] GC(293) Concurrent Mark From Roots 16.175ms
[2020-05-10T10:23:34.144+0200][56660.370s] GC(293) Concurrent Preclean
[2020-05-10T10:23:34.144+0200][56660.370s] GC(293) Concurrent Preclean 0.232ms
[2020-05-10T10:23:34.144+0200][56660.370s] GC(293) Concurrent Mark (56660.354s, 56660.370s) 16.469ms
[2020-05-10T10:23:34.145+0200][56660.371s] GC(293) Pause Remark
[2020-05-10T10:23:34.147+0200][56660.373s] GC(293) Cleaned string and symbol table, strings: 27678 processed, 0 removed, symbols: 165332 processed, 0 removed
[2020-05-10T10:23:34.147+0200][56660.373s] GC(293) Pause Remark 158M->115M(512M) 2.738ms
[2020-05-10T10:23:34.148+0200][56660.374s] GC(293) User=0.00s Sys=0.00s Real=0.00s
[2020-05-10T10:23:34.148+0200][56660.374s] GC(293) Concurrent Rebuild Remembered Sets
[2020-05-10T10:23:34.156+0200][56660.382s] GC(293) Concurrent Rebuild Remembered Sets 8.647ms
[2020-05-10T10:23:34.156+0200][56660.383s] GC(293) Pause Cleanup
[2020-05-10T10:23:34.156+0200][56660.383s] GC(293) Pause Cleanup 119M->119M(512M) 0.144ms
[2020-05-10T10:23:34.156+0200][56660.383s] GC(293) User=0.00s Sys=0.00s Real=0.00s
[2020-05-10T10:23:34.156+0200][56660.383s] GC(293) Concurrent Cleanup for Next Mark
[2020-05-10T10:23:34.156+0200][56660.383s] GC(293) Concurrent Cleanup for Next Mark 0.228ms
[2020-05-10T10:23:34.157+0200][56660.383s] GC(293) Concurrent Cycle 29.387ms
[2020-05-10T10:23:37.113+0200][56663.339s] GC(294) Pause Young (Prepare Mixed) (G1 Evacuation Pause)
[2020-05-10T10:23:37.113+0200][56663.339s] GC(294) Using 10 workers of 10 for evacuation
[2020-05-10T10:23:37.119+0200][56663.346s] GC(294) To-space exhausted
[2020-05-10T10:23:37.119+0200][56663.346s] GC(294)   Pre Evacuate Collection Set: 0.0ms
[2020-05-10T10:23:37.119+0200][56663.346s] GC(294)   Evacuate Collection Set: 2.6ms
[2020-05-10T10:23:37.119+0200][56663.346s] GC(294)   Post Evacuate Collection Set: 3.4ms
[2020-05-10T10:23:37.119+0200][56663.346s] GC(294)   Other: 0.2ms
[2020-05-10T10:23:37.119+0200][56663.346s] GC(294) Eden regions: 194->0(1)
[2020-05-10T10:23:37.119+0200][56663.346s] GC(294) Survivor regions: 4->25(25)
[2020-05-10T10:23:37.119+0200][56663.346s] GC(294) Old regions: 96->267
[2020-05-10T10:23:37.119+0200][56663.346s] GC(294) Humongous regions: 192->60
[2020-05-10T10:23:37.119+0200][56663.346s] GC(294) Metaspace: 59088K->59088K(1103872K)
[2020-05-10T10:23:37.119+0200][56663.346s] GC(294) Pause Young (Prepare Mixed) (G1 Evacuation Pause) 485M->351M(512M) 6.356ms
[2020-05-10T10:23:37.119+0200][56663.346s] GC(294) User=0.00s Sys=0.00s Real=0.01s
[2020-05-10T10:23:37.241+0200][56663.467s] GC(295) Pause Young (Mixed) (G1 Evacuation Pause)
[2020-05-10T10:23:37.241+0200][56663.467s] GC(295) Using 10 workers of 10 for evacuation
[2020-05-10T10:23:37.244+0200][56663.470s] GC(295)   Pre Evacuate Collection Set: 0.0ms
[2020-05-10T10:23:37.244+0200][56663.470s] GC(295)   Evacuate Collection Set: 2.5ms
[2020-05-10T10:23:37.244+0200][56663.470s] GC(295)   Post Evacuate Collection Set: 0.5ms
[2020-05-10T10:23:37.244+0200][56663.471s] GC(295)   Other: 0.2ms
[2020-05-10T10:23:37.244+0200][56663.471s] GC(295) Eden regions: 1->0(80)
[2020-05-10T10:23:37.244+0200][56663.471s] GC(295) Survivor regions: 25->1(4)
[2020-05-10T10:23:37.244+0200][56663.471s] GC(295) Old regions: 267->273
[2020-05-10T10:23:37.244+0200][56663.471s] GC(295) Humongous regions: 65->62
[2020-05-10T10:23:37.244+0200][56663.471s] GC(295) Metaspace: 59088K->59088K(1103872K)
[2020-05-10T10:23:37.244+0200][56663.471s] GC(295) Pause Young (Mixed) (G1 Evacuation Pause) 357M->335M(512M) 3.336ms
[2020-05-10T10:23:37.244+0200][56663.471s] GC(295) User=0.00s Sys=0.00s Real=0.00s
[2020-05-10T10:23:37.256+0200][56663.482s] GC(296) Pause Young (Concurrent Start) (G1 Humongous Allocation)
[2020-05-10T10:23:37.256+0200][56663.482s] GC(296) Using 10 workers of 10 for evacuation
[2020-05-10T10:23:37.257+0200][56663.483s] GC(296)   Pre Evacuate Collection Set: 0.1ms
[2020-05-10T10:23:37.257+0200][56663.483s] GC(296)   Evacuate Collection Set: 0.7ms
[2020-05-10T10:23:37.257+0200][56663.483s] GC(296)   Post Evacuate Collection Set: 0.4ms
[2020-05-10T10:23:37.257+0200][56663.483s] GC(296)   Other: 0.1ms
[2020-05-10T10:23:37.257+0200][56663.483s] GC(296) Eden regions: 2->0(61)
[2020-05-10T10:23:37.257+0200][56663.483s] GC(296) Survivor regions: 1->1(11)
[2020-05-10T10:23:37.257+0200][56663.483s] GC(296) Old regions: 273->273
[2020-05-10T10:23:37.257+0200][56663.483s] GC(296) Humongous regions: 62->62
[2020-05-10T10:23:37.257+0200][56663.483s] GC(296) Metaspace: 59088K->59088K(1103872K)
[2020-05-10T10:23:37.257+0200][56663.483s] GC(296) Pause Young (Concurrent Start) (G1 Humongous Allocation) 336M->335M(512M) 1.421ms
[2020-05-10T10:23:37.257+0200][56663.483s] GC(296) User=0.00s Sys=0.00s Real=0.00s
[2020-05-10T10:23:37.257+0200][56663.484s] GC(297) Concurrent Cycle
[2020-05-10T10:23:37.257+0200][56663.484s] GC(297) Concurrent Clear Claimed Marks
[2020-05-10T10:23:37.257+0200][56663.484s] GC(297) Concurrent Clear Claimed Marks 0.020ms
[2020-05-10T10:23:37.257+0200][56663.484s] GC(297) Concurrent Scan Root Regions
[2020-05-10T10:23:37.258+0200][56663.484s] GC(297) Concurrent Scan Root Regions 0.361ms
[2020-05-10T10:23:37.258+0200][56663.484s] GC(297) Concurrent Mark (56663.484s)
[2020-05-10T10:23:37.258+0200][56663.484s] GC(297) Concurrent Mark From Roots
[2020-05-10T10:23:37.258+0200][56663.484s] GC(297) Using 3 workers of 3 for marking
[2020-05-10T10:23:37.275+0200][56663.501s] GC(297) Concurrent Mark From Roots 17.489ms
[2020-05-10T10:23:37.275+0200][56663.501s] GC(297) Concurrent Preclean
[2020-05-10T10:23:37.275+0200][56663.502s] GC(297) Concurrent Preclean 0.229ms
[2020-05-10T10:23:37.275+0200][56663.502s] GC(297) Concurrent Mark (56663.484s, 56663.502s) 17.774ms
[2020-05-10T10:23:37.276+0200][56663.502s] GC(297) Pause Remark
[2020-05-10T10:23:37.278+0200][56663.504s] GC(297) Cleaned string and symbol table, strings: 27678 processed, 0 removed, symbols: 165332 processed, 0 removed
[2020-05-10T10:23:37.279+0200][56663.505s] GC(297) Pause Remark 338M->330M(512M) 2.768ms
[2020-05-10T10:23:37.279+0200][56663.505s] GC(297) User=0.16s Sys=0.00s Real=0.00s
[2020-05-10T10:23:37.279+0200][56663.505s] GC(297) Concurrent Rebuild Remembered Sets
[2020-05-10T10:23:37.288+0200][56663.514s] GC(297) Concurrent Rebuild Remembered Sets 9.410ms
[2020-05-10T10:23:37.288+0200][56663.514s] GC(297) Pause Cleanup
[2020-05-10T10:23:37.288+0200][56663.515s] GC(297) Pause Cleanup 331M->331M(512M) 0.204ms
[2020-05-10T10:23:37.288+0200][56663.515s] GC(297) User=0.00s Sys=0.00s Real=0.00s
[2020-05-10T10:23:37.289+0200][56663.515s] GC(297) Concurrent Cleanup for Next Mark
[2020-05-10T10:23:37.289+0200][56663.515s] GC(297) Concurrent Cleanup for Next Mark 0.232ms
[2020-05-10T10:23:37.289+0200][56663.515s] GC(297) Concurrent Cycle 31.505ms
[2020-05-10T10:23:37.933+0200][56664.159s] GC(298) Pause Young (Prepare Mixed) (G1 Evacuation Pause)
[2020-05-10T10:23:37.933+0200][56664.159s] GC(298) Using 10 workers of 10 for evacuation
[2020-05-10T10:23:37.934+0200][56664.160s] GC(298)   Pre Evacuate Collection Set: 0.0ms
[2020-05-10T10:23:37.934+0200][56664.160s] GC(298)   Evacuate Collection Set: 0.7ms
[2020-05-10T10:23:37.934+0200][56664.160s] GC(298)   Post Evacuate Collection Set: 0.5ms
[2020-05-10T10:23:37.934+0200][56664.160s] GC(298)   Other: 0.1ms
[2020-05-10T10:23:37.934+0200][56664.160s] GC(298) Eden regions: 61->0(20)
[2020-05-10T10:23:37.934+0200][56664.160s] GC(298) Survivor regions: 1->5(8)
[2020-05-10T10:23:37.934+0200][56664.160s] GC(298) Old regions: 273->273
[2020-05-10T10:23:37.934+0200][56664.160s] GC(298) Humongous regions: 89->84
[2020-05-10T10:23:37.934+0200][56664.160s] GC(298) Metaspace: 59097K->59097K(1103872K)
[2020-05-10T10:23:37.934+0200][56664.160s] GC(298) Pause Young (Prepare Mixed) (G1 Evacuation Pause) 423M->360M(512M) 1.494ms
[2020-05-10T10:23:37.934+0200][56664.160s] GC(298) User=0.02s Sys=0.00s Real=0.00s
[2020-05-10T10:23:38.052+0200][56664.278s] GC(299) Pause Young (Mixed) (G1 Evacuation Pause)
[2020-05-10T10:23:38.052+0200][56664.278s] GC(299) Using 10 workers of 10 for evacuation
[2020-05-10T10:23:38.053+0200][56664.279s] GC(299)   Pre Evacuate Collection Set: 0.0ms
[2020-05-10T10:23:38.053+0200][56664.279s] GC(299)   Evacuate Collection Set: 0.5ms
[2020-05-10T10:23:38.053+0200][56664.279s] GC(299)   Post Evacuate Collection Set: 0.5ms
[2020-05-10T10:23:38.053+0200][56664.279s] GC(299)   Other: 0.1ms
[2020-05-10T10:23:38.053+0200][56664.279s] GC(299) Eden regions: 20->0(24)
[2020-05-10T10:23:38.053+0200][56664.279s] GC(299) Survivor regions: 5->1(4)
[2020-05-10T10:23:38.053+0200][56664.280s] GC(299) Old regions: 273->225
[2020-05-10T10:23:38.053+0200][56664.280s] GC(299) Humongous regions: 84->84
[2020-05-10T10:23:38.053+0200][56664.280s] GC(299) Metaspace: 59097K->59097K(1103872K)
[2020-05-10T10:23:38.053+0200][56664.280s] GC(299) Pause Young (Mixed) (G1 Evacuation Pause) 380M->308M(512M) 1.237ms
[2020-05-10T10:23:38.053+0200][56664.280s] GC(299) User=0.00s Sys=0.00s Real=0.00s
[2020-05-10T10:23:38.192+0200][56664.419s] GC(300) Pause Young (Mixed) (G1 Evacuation Pause)
[2020-05-10T10:23:38.193+0200][56664.419s] GC(300) Using 10 workers of 10 for evacuation
[2020-05-10T10:23:38.194+0200][56664.420s] GC(300)   Pre Evacuate Collection Set: 0.0ms
[2020-05-10T10:23:38.194+0200][56664.420s] GC(300)   Evacuate Collection Set: 0.3ms
[2020-05-10T10:23:38.194+0200][56664.420s] GC(300)   Post Evacuate Collection Set: 0.4ms
[2020-05-10T10:23:38.194+0200][56664.420s] GC(300)   Other: 0.1ms
[2020-05-10T10:23:38.194+0200][56664.420s] GC(300) Eden regions: 24->0(24)
[2020-05-10T10:23:38.194+0200][56664.420s] GC(300) Survivor regions: 1->1(4)
[2020-05-10T10:23:38.194+0200][56664.420s] GC(300) Old regions: 225->173
[2020-05-10T10:23:38.194+0200][56664.420s] GC(300) Humongous regions: 84->84
[2020-05-10T10:23:38.194+0200][56664.420s] GC(300) Metaspace: 59097K->59097K(1103872K)
[2020-05-10T10:23:38.194+0200][56664.420s] GC(300) Pause Young (Mixed) (G1 Evacuation Pause) 332M->256M(512M) 0.980ms
[2020-05-10T10:23:38.194+0200][56664.420s] GC(300) User=0.00s Sys=0.00s Real=0.00s
[2020-05-10T10:23:38.333+0200][56664.559s] GC(301) Pause Young (Mixed) (G1 Evacuation Pause)
[2020-05-10T10:23:38.333+0200][56664.559s] GC(301) Using 10 workers of 10 for evacuation
[2020-05-10T10:23:38.334+0200][56664.560s] GC(301)   Pre Evacuate Collection Set: 0.1ms
[2020-05-10T10:23:38.334+0200][56664.560s] GC(301)   Evacuate Collection Set: 0.4ms
[2020-05-10T10:23:38.334+0200][56664.560s] GC(301)   Post Evacuate Collection Set: 0.4ms
[2020-05-10T10:23:38.334+0200][56664.560s] GC(301)   Other: 0.1ms
[2020-05-10T10:23:38.334+0200][56664.560s] GC(301) Eden regions: 24->0(24)
[2020-05-10T10:23:38.334+0200][56664.560s] GC(301) Survivor regions: 1->1(4)
[2020-05-10T10:23:38.334+0200][56664.560s] GC(301) Old regions: 173->123
[2020-05-10T10:23:38.334+0200][56664.560s] GC(301) Humongous regions: 84->70
[2020-05-10T10:23:38.334+0200][56664.560s] GC(301) Metaspace: 59097K->59097K(1103872K)
[2020-05-10T10:23:38.334+0200][56664.560s] GC(301) Pause Young (Mixed) (G1 Evacuation Pause) 280M->192M(512M) 1.108ms
[2020-05-10T10:23:38.334+0200][56664.560s] GC(301) User=0.00s Sys=0.00s Real=0.00s
[2020-05-10T10:23:38.468+0200][56664.694s] GC(302) Pause Young (Mixed) (G1 Evacuation Pause)
[2020-05-10T10:23:38.468+0200][56664.694s] GC(302) Using 10 workers of 10 for evacuation
[2020-05-10T10:23:38.469+0200][56664.695s] GC(302)   Pre Evacuate Collection Set: 0.0ms
[2020-05-10T10:23:38.469+0200][56664.695s] GC(302)   Evacuate Collection Set: 0.4ms
[2020-05-10T10:23:38.469+0200][56664.695s] GC(302)   Post Evacuate Collection Set: 0.4ms
[2020-05-10T10:23:38.469+0200][56664.695s] GC(302)   Other: 0.1ms
[2020-05-10T10:23:38.469+0200][56664.695s] GC(302) Eden regions: 24->0(138)
[2020-05-10T10:23:38.469+0200][56664.695s] GC(302) Survivor regions: 1->1(4)
[2020-05-10T10:23:38.469+0200][56664.695s] GC(302) Old regions: 123->109
[2020-05-10T10:23:38.469+0200][56664.695s] GC(302) Humongous regions: 70->70
[2020-05-10T10:23:38.469+0200][56664.695s] GC(302) Metaspace: 59097K->59097K(1103872K)
[2020-05-10T10:23:38.469+0200][56664.695s] GC(302) Pause Young (Mixed) (G1 Evacuation Pause) 216M->178M(512M) 1.080ms
[2020-05-10T10:23:38.469+0200][56664.695s] GC(302) User=0.00s Sys=0.00s Real=0.00s
[2020-05-10T10:23:39.271+0200][56665.497s] GC(303) Pause Young (Concurrent Start) (G1 Evacuation Pause)
[2020-05-10T10:23:39.271+0200][56665.497s] GC(303) Using 10 workers of 10 for evacuation
[2020-05-10T10:23:39.272+0200][56665.498s] GC(303)   Pre Evacuate Collection Set: 0.1ms
[2020-05-10T10:23:39.272+0200][56665.498s] GC(303)   Evacuate Collection Set: 0.5ms
[2020-05-10T10:23:39.272+0200][56665.498s] GC(303)   Post Evacuate Collection Set: 0.4ms
[2020-05-10T10:23:39.272+0200][56665.499s] GC(303)   Other: 0.1ms
[2020-05-10T10:23:39.272+0200][56665.499s] GC(303) Eden regions: 138->0(153)
[2020-05-10T10:23:39.272+0200][56665.499s] GC(303) Survivor regions: 1->1(18)
[2020-05-10T10:23:39.272+0200][56665.499s] GC(303) Old regions: 109->109
[2020-05-10T10:23:39.272+0200][56665.499s] GC(303) Humongous regions: 70->70
[2020-05-10T10:23:39.272+0200][56665.499s] GC(303) Metaspace: 59097K->59097K(1103872K)
[2020-05-10T10:23:39.272+0200][56665.499s] GC(303) Pause Young (Concurrent Start) (G1 Evacuation Pause) 316M->178M(512M) 1.233ms
[2020-05-10T10:23:39.272+0200][56665.499s] GC(303) User=0.00s Sys=0.00s Real=0.00s
[2020-05-10T10:23:39.273+0200][56665.499s] GC(304) Concurrent Cycle
[2020-05-10T10:23:39.273+0200][56665.499s] GC(304) Concurrent Clear Claimed Marks
[2020-05-10T10:23:39.273+0200][56665.499s] GC(304) Concurrent Clear Claimed Marks 0.019ms
[2020-05-10T10:23:39.273+0200][56665.499s] GC(304) Concurrent Scan Root Regions
[2020-05-10T10:23:39.273+0200][56665.499s] GC(304) Concurrent Scan Root Regions 0.280ms
[2020-05-10T10:23:39.273+0200][56665.499s] GC(304) Concurrent Mark (56665.499s)
[2020-05-10T10:23:39.273+0200][56665.499s] GC(304) Concurrent Mark From Roots
[2020-05-10T10:23:39.273+0200][56665.499s] GC(304) Using 3 workers of 3 for marking
[2020-05-10T10:23:39.290+0200][56665.516s] GC(304) Concurrent Mark From Roots 17.187ms
[2020-05-10T10:23:39.290+0200][56665.516s] GC(304) Concurrent Preclean
[2020-05-10T10:23:39.290+0200][56665.516s] GC(304) Concurrent Preclean 0.242ms
[2020-05-10T10:23:39.290+0200][56665.516s] GC(304) Concurrent Mark (56665.499s, 56665.516s) 17.487ms
[2020-05-10T10:23:39.291+0200][56665.517s] GC(304) Pause Remark
[2020-05-10T10:23:39.293+0200][56665.519s] GC(304) Cleaned string and symbol table, strings: 27679 processed, 0 removed, symbols: 165332 processed, 0 removed
[2020-05-10T10:23:39.293+0200][56665.519s] GC(304) Pause Remark 182M->157M(512M) 2.691ms
[2020-05-10T10:23:39.293+0200][56665.519s] GC(304) User=0.14s Sys=0.00s Real=0.00s
[2020-05-10T10:23:39.293+0200][56665.519s] GC(304) Concurrent Rebuild Remembered Sets
[2020-05-10T10:23:39.302+0200][56665.528s] GC(304) Concurrent Rebuild Remembered Sets 8.845ms
[2020-05-10T10:23:39.303+0200][56665.529s] GC(304) Pause Cleanup
[2020-05-10T10:23:39.303+0200][56665.529s] GC(304) Pause Cleanup 157M->157M(512M) 0.172ms
[2020-05-10T10:23:39.303+0200][56665.529s] GC(304) User=0.00s Sys=0.00s Real=0.00s
[2020-05-10T10:23:39.303+0200][56665.529s] GC(304) Concurrent Cleanup for Next Mark
[2020-05-10T10:23:39.304+0200][56665.530s] GC(304) Concurrent Cleanup for Next Mark 0.311ms
[2020-05-10T10:23:39.304+0200][56665.530s] GC(304) Concurrent Cycle 31.065ms
[2020-05-10T10:23:39.717+0200][56665.943s] GC(305) Pause Young (Normal) (G1 Evacuation Pause)
[2020-05-10T10:23:39.717+0200][56665.943s] GC(305) Using 10 workers of 10 for evacuation
[2020-05-10T10:23:39.717+0200][56665.944s] GC(305)   Pre Evacuate Collection Set: 0.0ms
[2020-05-10T10:23:39.717+0200][56665.944s] GC(305)   Evacuate Collection Set: 0.4ms
[2020-05-10T10:23:39.717+0200][56665.944s] GC(305)   Post Evacuate Collection Set: 0.5ms
[2020-05-10T10:23:39.717+0200][56665.944s] GC(305)   Other: 0.1ms
[2020-05-10T10:23:39.717+0200][56665.944s] GC(305) Eden regions: 153->0(182)
[2020-05-10T10:23:39.717+0200][56665.944s] GC(305) Survivor regions: 1->1(20)
[2020-05-10T10:23:39.717+0200][56665.944s] GC(305) Old regions: 109->109
[2020-05-10T10:23:39.717+0200][56665.944s] GC(305) Humongous regions: 45->45
[2020-05-10T10:23:39.717+0200][56665.944s] GC(305) Metaspace: 59097K->59097K(1103872K)
[2020-05-10T10:23:39.717+0200][56665.944s] GC(305) Pause Young (Normal) (G1 Evacuation Pause) 306M->154M(512M) 1.161ms
[2020-05-10T10:23:39.717+0200][56665.944s] GC(305) User=0.00s Sys=0.00s Real=0.00s
[2020-05-10T10:23:45.924+0200][56672.150s] GC(306) Pause Young (Concurrent Start) (G1 Evacuation Pause)
[2020-05-10T10:23:45.924+0200][56672.150s] GC(306) Using 10 workers of 10 for evacuation
[2020-05-10T10:23:45.926+0200][56672.152s] GC(306)   Pre Evacuate Collection Set: 0.1ms
[2020-05-10T10:23:45.926+0200][56672.152s] GC(306)   Evacuate Collection Set: 1.0ms
[2020-05-10T10:23:45.926+0200][56672.152s] GC(306)   Post Evacuate Collection Set: 0.5ms
[2020-05-10T10:23:45.926+0200][56672.152s] GC(306)   Other: 0.2ms
[2020-05-10T10:23:45.926+0200][56672.152s] GC(306) Eden regions: 182->0(197)
[2020-05-10T10:23:45.926+0200][56672.152s] GC(306) Survivor regions: 1->2(23)
[2020-05-10T10:23:45.926+0200][56672.152s] GC(306) Old regions: 109->109
[2020-05-10T10:23:45.926+0200][56672.152s] GC(306) Humongous regions: 45->45
[2020-05-10T10:23:45.926+0200][56672.152s] GC(306) Metaspace: 59143K->59143K(1103872K)
[2020-05-10T10:23:45.926+0200][56672.152s] GC(306) Pause Young (Concurrent Start) (G1 Evacuation Pause) 336M->154M(512M) 1.834ms
[2020-05-10T10:23:45.926+0200][56672.152s] GC(306) User=0.00s Sys=0.00s Real=0.00s
[2020-05-10T10:23:45.926+0200][56672.152s] GC(307) Concurrent Cycle
[2020-05-10T10:23:45.926+0200][56672.152s] GC(307) Concurrent Clear Claimed Marks
[2020-05-10T10:23:45.926+0200][56672.152s] GC(307) Concurrent Clear Claimed Marks 0.045ms
[2020-05-10T10:23:45.926+0200][56672.152s] GC(307) Concurrent Scan Root Regions
[2020-05-10T10:23:45.927+0200][56672.153s] GC(307) Concurrent Scan Root Regions 0.732ms
[2020-05-10T10:23:45.927+0200][56672.153s] GC(307) Concurrent Mark (56672.153s)
[2020-05-10T10:23:45.927+0200][56672.153s] GC(307) Concurrent Mark From Roots
[2020-05-10T10:23:45.927+0200][56672.153s] GC(307) Using 3 workers of 3 for marking
[2020-05-10T10:23:45.947+0200][56672.174s] GC(307) Concurrent Mark From Roots 20.644ms
[2020-05-10T10:23:45.947+0200][56672.174s] GC(307) Concurrent Preclean
[2020-05-10T10:23:45.948+0200][56672.174s] GC(307) Concurrent Preclean 0.295ms
[2020-05-10T10:23:45.948+0200][56672.174s] GC(307) Concurrent Mark (56672.153s, 56672.174s) 21.039ms
[2020-05-10T10:23:45.948+0200][56672.174s] GC(307) Pause Remark
[2020-05-10T10:23:45.951+0200][56672.177s] GC(307) Cleaned string and symbol table, strings: 27696 processed, 0 removed, symbols: 165334 processed, 0 removed
[2020-05-10T10:23:45.951+0200][56672.177s] GC(307) Pause Remark 156M->156M(512M) 3.024ms
[2020-05-10T10:23:45.951+0200][56672.177s] GC(307) User=0.16s Sys=0.00s Real=0.00s
[2020-05-10T10:23:45.951+0200][56672.177s] GC(307) Concurrent Rebuild Remembered Sets
[2020-05-10T10:23:45.959+0200][56672.186s] GC(307) Concurrent Rebuild Remembered Sets 8.278ms
[2020-05-10T10:23:45.960+0200][56672.186s] GC(307) Pause Cleanup
[2020-05-10T10:23:45.960+0200][56672.186s] GC(307) Pause Cleanup 156M->156M(512M) 0.158ms
[2020-05-10T10:23:45.960+0200][56672.186s] GC(307) User=0.00s Sys=0.00s Real=0.00s
[2020-05-10T10:23:45.960+0200][56672.186s] GC(307) Concurrent Cleanup for Next Mark
[2020-05-10T10:23:45.960+0200][56672.186s] GC(307) Concurrent Cleanup for Next Mark 0.237ms
[2020-05-10T10:23:45.960+0200][56672.186s] GC(307) Concurrent Cycle 34.233ms
