[2020-05-06T13:57:28.519+0200][0.014s] Heap region size: 1M
[2020-05-06T13:57:28.689+0200][0.183s] Using G1
[2020-05-06T13:57:28.689+0200][0.183s] Heap address: 0x00000000e0000000, size: 512 MB, Compressed Oops mode: 32-bit
[2020-05-06T13:57:29.419+0200][0.914s] GC(0) Pause Young (Normal) (G1 Evacuation Pause)
[2020-05-06T13:57:29.419+0200][0.914s] GC(0) Using 10 workers of 10 for evacuation
[2020-05-06T13:57:29.423+0200][0.918s] GC(0)   Pre Evacuate Collection Set: 0.0ms
[2020-05-06T13:57:29.423+0200][0.918s] GC(0)   Evacuate Collection Set: 2.9ms
[2020-05-06T13:57:29.423+0200][0.918s] GC(0)   Post Evacuate Collection Set: 0.4ms
[2020-05-06T13:57:29.423+0200][0.918s] GC(0)   Other: 0.7ms
[2020-05-06T13:57:29.423+0200][0.918s] GC(0) Eden regions: 30->0(303)
[2020-05-06T13:57:29.431+0200][0.926s] GC(0) Survivor regions: 0->4(4)
[2020-05-06T13:57:29.431+0200][0.926s] GC(0) Old regions: 0->0
[2020-05-06T13:57:29.431+0200][0.926s] GC(0) Humongous regions: 0->0
[2020-05-06T13:57:29.431+0200][0.926s] GC(0) Metaspace: 15459K->15459K(1062912K)
[2020-05-06T13:57:29.431+0200][0.926s] GC(0) Pause Young (Normal) (G1 Evacuation Pause) 30M->3M(512M) 12.074ms
[2020-05-06T13:57:29.431+0200][0.926s] GC(0) User=0.02s Sys=0.00s Real=0.01s
[2020-05-06T13:57:29.699+0200][1.193s] GC(1) Pause Young (Concurrent Start) (Metadata GC Threshold)
[2020-05-06T13:57:29.699+0200][1.193s] GC(1) Using 10 workers of 10 for evacuation
[2020-05-06T13:57:29.705+0200][1.200s] GC(1)   Pre Evacuate Collection Set: 0.0ms
[2020-05-06T13:57:29.705+0200][1.200s] GC(1)   Evacuate Collection Set: 5.9ms
[2020-05-06T13:57:29.705+0200][1.200s] GC(1)   Post Evacuate Collection Set: 0.4ms
[2020-05-06T13:57:29.705+0200][1.200s] GC(1)   Other: 0.2ms
[2020-05-06T13:57:29.705+0200][1.200s] GC(1) Eden regions: 19->0(61)
[2020-05-06T13:57:29.705+0200][1.200s] GC(1) Survivor regions: 4->12(39)
[2020-05-06T13:57:29.705+0200][1.200s] GC(1) Old regions: 0->0
[2020-05-06T13:57:29.705+0200][1.200s] GC(1) Humongous regions: 4->4
[2020-05-06T13:57:29.705+0200][1.200s] GC(1) Metaspace: 20744K->20744K(1069056K)
[2020-05-06T13:57:29.705+0200][1.200s] GC(1) Pause Young (Concurrent Start) (Metadata GC Threshold) 26M->15M(512M) 6.670ms
[2020-05-06T13:57:29.705+0200][1.200s] GC(1) User=0.00s Sys=0.00s Real=0.01s
[2020-05-06T13:57:29.706+0200][1.200s] GC(2) Concurrent Cycle
[2020-05-06T13:57:29.706+0200][1.200s] GC(2) Concurrent Clear Claimed Marks
[2020-05-06T13:57:29.706+0200][1.200s] GC(2) Concurrent Clear Claimed Marks 0.035ms
[2020-05-06T13:57:29.706+0200][1.200s] GC(2) Concurrent Scan Root Regions
[2020-05-06T13:57:29.708+0200][1.203s] GC(2) Concurrent Scan Root Regions 2.759ms
[2020-05-06T13:57:29.708+0200][1.203s] GC(2) Concurrent Mark (1.203s)
[2020-05-06T13:57:29.708+0200][1.203s] GC(2) Concurrent Mark From Roots
[2020-05-06T13:57:29.708+0200][1.203s] GC(2) Using 3 workers of 3 for marking
[2020-05-06T13:57:29.708+0200][1.204s] GC(2) Concurrent Mark From Roots 0.688ms
[2020-05-06T13:57:29.709+0200][1.204s] GC(2) Concurrent Preclean
[2020-05-06T13:57:29.709+0200][1.204s] GC(2) Concurrent Preclean 0.158ms
[2020-05-06T13:57:29.709+0200][1.204s] GC(2) Concurrent Mark (1.203s, 1.204s) 0.897ms
[2020-05-06T13:57:29.709+0200][1.204s] GC(2) Pause Remark
[2020-05-06T13:57:29.710+0200][1.205s] GC(2) Cleaned string and symbol table, strings: 10290 processed, 0 removed, symbols: 68252 processed, 12 removed
[2020-05-06T13:57:29.710+0200][1.205s] GC(2) Pause Remark 16M->16M(512M) 0.979ms
[2020-05-06T13:57:29.710+0200][1.205s] GC(2) User=0.00s Sys=0.00s Real=0.00s
[2020-05-06T13:57:29.710+0200][1.205s] GC(2) Concurrent Rebuild Remembered Sets
[2020-05-06T13:57:29.712+0200][1.207s] GC(2) Concurrent Rebuild Remembered Sets 1.187ms
[2020-05-06T13:57:29.712+0200][1.207s] GC(2) Pause Cleanup
[2020-05-06T13:57:29.712+0200][1.207s] GC(2) Pause Cleanup 16M->16M(512M) 0.099ms
[2020-05-06T13:57:29.712+0200][1.207s] GC(2) User=0.00s Sys=0.00s Real=0.00s
[2020-05-06T13:57:29.712+0200][1.207s] GC(2) Concurrent Cleanup for Next Mark
[2020-05-06T13:57:29.712+0200][1.207s] GC(2) Concurrent Cleanup for Next Mark 0.203ms
[2020-05-06T13:57:29.713+0200][1.207s] GC(2) Concurrent Cycle 7.095ms
[2020-05-06T13:57:30.079+0200][1.574s] GC(3) Pause Young (Normal) (G1 Evacuation Pause)
[2020-05-06T13:57:30.079+0200][1.574s] GC(3) Using 10 workers of 10 for evacuation
[2020-05-06T13:57:30.086+0200][1.581s] GC(3)   Pre Evacuate Collection Set: 0.0ms
[2020-05-06T13:57:30.086+0200][1.581s] GC(3)   Evacuate Collection Set: 6.5ms
[2020-05-06T13:57:30.086+0200][1.581s] GC(3)   Post Evacuate Collection Set: 0.5ms
[2020-05-06T13:57:30.087+0200][1.581s] GC(3)   Other: 0.1ms
[2020-05-06T13:57:30.087+0200][1.581s] GC(3) Eden regions: 39->0(63)
[2020-05-06T13:57:30.087+0200][1.581s] GC(3) Survivor regions: 12->7(7)
[2020-05-06T13:57:30.087+0200][1.581s] GC(3) Old regions: 0->13
[2020-05-06T13:57:30.087+0200][1.582s] GC(3) Humongous regions: 4->4
[2020-05-06T13:57:30.087+0200][1.582s] GC(3) Metaspace: 24438K->24438K(1071104K)
[2020-05-06T13:57:30.087+0200][1.582s] GC(3) Pause Young (Normal) (G1 Evacuation Pause) 54M->23M(512M) 7.324ms
[2020-05-06T13:57:30.087+0200][1.582s] GC(3) User=0.16s Sys=0.00s Real=0.01s
[2020-05-06T13:57:30.598+0200][2.093s] GC(4) Pause Young (Normal) (G1 Evacuation Pause)
[2020-05-06T13:57:30.598+0200][2.093s] GC(4) Using 10 workers of 10 for evacuation
[2020-05-06T13:57:30.600+0200][2.095s] GC(4)   Pre Evacuate Collection Set: 0.0ms
[2020-05-06T13:57:30.600+0200][2.095s] GC(4)   Evacuate Collection Set: 1.5ms
[2020-05-06T13:57:30.600+0200][2.095s] GC(4)   Post Evacuate Collection Set: 0.4ms
[2020-05-06T13:57:30.600+0200][2.095s] GC(4)   Other: 0.1ms
[2020-05-06T13:57:30.600+0200][2.095s] GC(4) Eden regions: 63->0(108)
[2020-05-06T13:57:30.600+0200][2.095s] GC(4) Survivor regions: 7->2(9)
[2020-05-06T13:57:30.600+0200][2.095s] GC(4) Old regions: 13->20
[2020-05-06T13:57:30.600+0200][2.095s] GC(4) Humongous regions: 4->4
[2020-05-06T13:57:30.600+0200][2.095s] GC(4) Metaspace: 32239K->32239K(1079296K)
[2020-05-06T13:57:30.600+0200][2.095s] GC(4) Pause Young (Normal) (G1 Evacuation Pause) 86M->24M(512M) 2.229ms
[2020-05-06T13:57:30.600+0200][2.095s] GC(4) User=0.00s Sys=0.00s Real=0.00s
[2020-05-06T13:57:30.721+0200][2.216s] GC(5) Pause Young (Concurrent Start) (Metadata GC Threshold)
[2020-05-06T13:57:30.721+0200][2.216s] GC(5) Using 10 workers of 10 for evacuation
[2020-05-06T13:57:30.723+0200][2.217s] GC(5)   Pre Evacuate Collection Set: 0.0ms
[2020-05-06T13:57:30.723+0200][2.217s] GC(5)   Evacuate Collection Set: 1.2ms
[2020-05-06T13:57:30.723+0200][2.217s] GC(5)   Post Evacuate Collection Set: 0.3ms
[2020-05-06T13:57:30.723+0200][2.217s] GC(5)   Other: 0.1ms
[2020-05-06T13:57:30.723+0200][2.217s] GC(5) Eden regions: 10->0(129)
[2020-05-06T13:57:30.723+0200][2.217s] GC(5) Survivor regions: 2->2(14)
[2020-05-06T13:57:30.723+0200][2.218s] GC(5) Old regions: 20->20
[2020-05-06T13:57:30.723+0200][2.218s] GC(5) Humongous regions: 4->4
[2020-05-06T13:57:30.723+0200][2.218s] GC(5) Metaspace: 35084K->35084K(1081344K)
[2020-05-06T13:57:30.723+0200][2.218s] GC(5) Pause Young (Concurrent Start) (Metadata GC Threshold) 34M->25M(512M) 1.845ms
[2020-05-06T13:57:30.723+0200][2.218s] GC(5) User=0.00s Sys=0.00s Real=0.00s
[2020-05-06T13:57:30.723+0200][2.218s] GC(6) Concurrent Cycle
[2020-05-06T13:57:30.723+0200][2.218s] GC(6) Concurrent Clear Claimed Marks
[2020-05-06T13:57:30.723+0200][2.218s] GC(6) Concurrent Clear Claimed Marks 0.025ms
[2020-05-06T13:57:30.723+0200][2.218s] GC(6) Concurrent Scan Root Regions
[2020-05-06T13:57:30.724+0200][2.219s] GC(6) Concurrent Scan Root Regions 1.169ms
[2020-05-06T13:57:30.724+0200][2.219s] GC(6) Concurrent Mark (2.219s)
[2020-05-06T13:57:30.724+0200][2.219s] GC(6) Concurrent Mark From Roots
[2020-05-06T13:57:30.724+0200][2.219s] GC(6) Using 3 workers of 3 for marking
[2020-05-06T13:57:30.735+0200][2.230s] GC(6) Concurrent Mark From Roots 11.111ms
[2020-05-06T13:57:30.735+0200][2.230s] GC(6) Concurrent Preclean
[2020-05-06T13:57:30.736+0200][2.230s] GC(6) Concurrent Preclean 0.272ms
[2020-05-06T13:57:30.736+0200][2.230s] GC(6) Concurrent Mark (2.219s, 2.230s) 11.478ms
[2020-05-06T13:57:30.736+0200][2.231s] GC(6) Pause Remark
[2020-05-06T13:57:30.737+0200][2.232s] GC(6) Cleaned string and symbol table, strings: 16734 processed, 22 removed, symbols: 115068 processed, 55 removed
[2020-05-06T13:57:30.737+0200][2.232s] GC(6) Pause Remark 26M->26M(512M) 1.543ms
[2020-05-06T13:57:30.737+0200][2.232s] GC(6) User=0.00s Sys=0.00s Real=0.00s
[2020-05-06T13:57:30.737+0200][2.232s] GC(6) Concurrent Rebuild Remembered Sets
[2020-05-06T13:57:30.743+0200][2.238s] GC(6) Concurrent Rebuild Remembered Sets 5.824ms
[2020-05-06T13:57:30.743+0200][2.238s] GC(6) Pause Cleanup
[2020-05-06T13:57:30.744+0200][2.238s] GC(6) Pause Cleanup 26M->26M(512M) 0.114ms
[2020-05-06T13:57:30.744+0200][2.238s] GC(6) User=0.00s Sys=0.00s Real=0.00s
[2020-05-06T13:57:30.744+0200][2.238s] GC(6) Concurrent Cleanup for Next Mark
[2020-05-06T13:57:30.744+0200][2.239s] GC(6) Concurrent Cleanup for Next Mark 0.273ms
[2020-05-06T13:57:30.744+0200][2.239s] GC(6) Concurrent Cycle 21.090ms
[2020-05-06T14:00:17.937+0200][169.431s] GC(7) Pause Young (Normal) (G1 Evacuation Pause)
[2020-05-06T14:00:17.937+0200][169.431s] GC(7) Using 10 workers of 10 for evacuation
[2020-05-06T14:00:17.941+0200][169.436s] GC(7)   Pre Evacuate Collection Set: 0.0ms
[2020-05-06T14:00:17.941+0200][169.436s] GC(7)   Evacuate Collection Set: 3.5ms
[2020-05-06T14:00:17.941+0200][169.436s] GC(7)   Post Evacuate Collection Set: 0.7ms
[2020-05-06T14:00:17.941+0200][169.436s] GC(7)   Other: 0.2ms
[2020-05-06T14:00:17.941+0200][169.436s] GC(7) Eden regions: 129->0(199)
[2020-05-06T14:00:17.941+0200][169.436s] GC(7) Survivor regions: 2->8(17)
[2020-05-06T14:00:17.941+0200][169.436s] GC(7) Old regions: 20->20
[2020-05-06T14:00:17.941+0200][169.436s] GC(7) Humongous regions: 5->4
[2020-05-06T14:00:17.941+0200][169.436s] GC(7) Metaspace: 45034K->45034K(1089536K)
[2020-05-06T14:00:17.941+0200][169.436s] GC(7) Pause Young (Normal) (G1 Evacuation Pause) 155M->30M(512M) 4.699ms
[2020-05-06T14:00:17.941+0200][169.436s] GC(7) User=0.00s Sys=0.00s Real=0.00s
[2020-05-06T14:12:25.443+0200][896.938s] GC(8) Pause Young (Normal) (G1 Evacuation Pause)
[2020-05-06T14:12:25.443+0200][896.938s] GC(8) Using 10 workers of 10 for evacuation
[2020-05-06T14:12:25.449+0200][896.944s] GC(8)   Pre Evacuate Collection Set: 0.0ms
[2020-05-06T14:12:25.449+0200][896.944s] GC(8)   Evacuate Collection Set: 5.7ms
[2020-05-06T14:12:25.449+0200][896.945s] GC(8)   Post Evacuate Collection Set: 0.8ms
[2020-05-06T14:12:25.449+0200][896.945s] GC(8)   Other: 0.2ms
[2020-05-06T14:12:25.449+0200][896.945s] GC(8) Eden regions: 199->0(271)
[2020-05-06T14:12:25.449+0200][896.945s] GC(8) Survivor regions: 8->13(26)
[2020-05-06T14:12:25.449+0200][896.945s] GC(8) Old regions: 20->20
[2020-05-06T14:12:25.449+0200][896.945s] GC(8) Humongous regions: 9->9
[2020-05-06T14:12:25.449+0200][896.945s] GC(8) Metaspace: 53611K->53611K(1097728K)
[2020-05-06T14:12:25.449+0200][896.945s] GC(8) Pause Young (Normal) (G1 Evacuation Pause) 234M->41M(512M) 6.915ms
[2020-05-06T14:12:25.449+0200][896.945s] GC(8) User=0.17s Sys=0.00s Real=0.01s
[2020-05-06T16:43:05.150+0200][9937.700s] GC(9) Pause Young (Normal) (G1 Evacuation Pause)
[2020-05-06T16:43:05.150+0200][9937.700s] GC(9) Using 10 workers of 10 for evacuation
[2020-05-06T16:43:05.159+0200][9937.709s] GC(9)   Pre Evacuate Collection Set: 0.1ms
[2020-05-06T16:43:05.159+0200][9937.709s] GC(9)   Evacuate Collection Set: 7.1ms
[2020-05-06T16:43:05.159+0200][9937.709s] GC(9)   Post Evacuate Collection Set: 1.6ms
[2020-05-06T16:43:05.159+0200][9937.709s] GC(9)   Other: 0.4ms
[2020-05-06T16:43:05.159+0200][9937.709s] GC(9) Eden regions: 271->0(294)
[2020-05-06T16:43:05.159+0200][9937.709s] GC(9) Survivor regions: 13->13(36)
[2020-05-06T16:43:05.159+0200][9937.709s] GC(9) Old regions: 20->20
[2020-05-06T16:43:05.159+0200][9937.709s] GC(9) Humongous regions: 32->7
[2020-05-06T16:43:05.159+0200][9937.709s] GC(9) Metaspace: 56739K->56739K(1099776K)
[2020-05-06T16:43:05.160+0200][9937.709s] GC(9) Pause Young (Normal) (G1 Evacuation Pause) 335M->39M(512M) 9.583ms
[2020-05-06T16:43:05.160+0200][9937.709s] GC(9) User=0.16s Sys=0.00s Real=0.01s
[2020-05-06T17:35:37.502+0200][13090.052s] GC(10) Pause Young (Normal) (G1 Evacuation Pause)
[2020-05-06T17:35:37.502+0200][13090.052s] GC(10) Using 10 workers of 10 for evacuation
[2020-05-06T17:35:37.513+0200][13090.062s] GC(10)   Pre Evacuate Collection Set: 0.0ms
[2020-05-06T17:35:37.513+0200][13090.062s] GC(10)   Evacuate Collection Set: 9.1ms
[2020-05-06T17:35:37.513+0200][13090.063s] GC(10)   Post Evacuate Collection Set: 1.1ms
[2020-05-06T17:35:37.513+0200][13090.063s] GC(10)   Other: 0.3ms
[2020-05-06T17:35:37.513+0200][13090.063s] GC(10) Eden regions: 294->0(268)
[2020-05-06T17:35:37.513+0200][13090.063s] GC(10) Survivor regions: 13->39(39)
[2020-05-06T17:35:37.513+0200][13090.063s] GC(10) Old regions: 20->25
[2020-05-06T17:35:37.513+0200][13090.063s] GC(10) Humongous regions: 38->13
[2020-05-06T17:35:37.513+0200][13090.063s] GC(10) Metaspace: 57195K->57195K(1101824K)
[2020-05-06T17:35:37.513+0200][13090.063s] GC(10) Pause Young (Normal) (G1 Evacuation Pause) 364M->76M(512M) 10.771ms
[2020-05-06T17:35:37.513+0200][13090.063s] GC(10) User=0.00s Sys=0.00s Real=0.01s
[2020-05-06T17:35:44.909+0200][13097.459s] GC(11) Pause Young (Concurrent Start) (G1 Humongous Allocation)
[2020-05-06T17:35:44.909+0200][13097.459s] GC(11) Using 10 workers of 10 for evacuation
[2020-05-06T17:35:44.923+0200][13097.473s] GC(11)   Pre Evacuate Collection Set: 0.1ms
[2020-05-06T17:35:44.924+0200][13097.473s] GC(11)   Evacuate Collection Set: 12.6ms
[2020-05-06T17:35:44.924+0200][13097.473s] GC(11)   Post Evacuate Collection Set: 1.4ms
[2020-05-06T17:35:44.924+0200][13097.474s] GC(11)   Other: 0.4ms
[2020-05-06T17:35:44.924+0200][13097.474s] GC(11) Eden regions: 129->0(275)
[2020-05-06T17:35:44.924+0200][13097.474s] GC(11) Survivor regions: 39->27(39)
[2020-05-06T17:35:44.924+0200][13097.474s] GC(11) Old regions: 25->56
[2020-05-06T17:35:44.924+0200][13097.474s] GC(11) Humongous regions: 205->35
[2020-05-06T17:35:44.924+0200][13097.474s] GC(11) Metaspace: 57210K->57210K(1101824K)
[2020-05-06T17:35:44.924+0200][13097.474s] GC(11) Pause Young (Concurrent Start) (G1 Humongous Allocation) 397M->117M(512M) 14.822ms
[2020-05-06T17:35:44.924+0200][13097.474s] GC(11) User=0.17s Sys=0.00s Real=0.02s
[2020-05-06T17:35:44.924+0200][13097.474s] GC(12) Concurrent Cycle
[2020-05-06T17:35:44.924+0200][13097.474s] GC(12) Concurrent Clear Claimed Marks
[2020-05-06T17:35:44.924+0200][13097.474s] GC(12) Concurrent Clear Claimed Marks 0.126ms
[2020-05-06T17:35:44.924+0200][13097.474s] GC(12) Concurrent Scan Root Regions
[2020-05-06T17:35:44.925+0200][13097.475s] GC(12) Concurrent Scan Root Regions 0.827ms
[2020-05-06T17:35:44.925+0200][13097.475s] GC(12) Concurrent Mark (13097.475s)
[2020-05-06T17:35:44.925+0200][13097.475s] GC(12) Concurrent Mark From Roots
[2020-05-06T17:35:44.925+0200][13097.475s] GC(12) Using 3 workers of 3 for marking
[2020-05-06T17:35:44.974+0200][13097.525s] GC(12) Concurrent Mark From Roots 49.676ms
[2020-05-06T17:35:44.975+0200][13097.525s] GC(12) Concurrent Preclean
[2020-05-06T17:35:44.975+0200][13097.526s] GC(12) Concurrent Preclean 0.637ms
[2020-05-06T17:35:44.975+0200][13097.526s] GC(12) Concurrent Mark (13097.475s, 13097.526s) 50.534ms
[2020-05-06T17:35:44.976+0200][13097.526s] GC(12) Pause Remark
[2020-05-06T17:35:44.988+0200][13097.538s] GC(12) Cleaned string and symbol table, strings: 26647 processed, 915 removed, symbols: 164179 processed, 603 removed
[2020-05-06T17:35:44.989+0200][13097.539s] GC(12) Pause Remark 120M->120M(512M) 12.721ms
[2020-05-06T17:35:44.989+0200][13097.539s] GC(12) User=0.16s Sys=0.03s Real=0.01s
[2020-05-06T17:35:44.989+0200][13097.539s] GC(12) Concurrent Rebuild Remembered Sets
[2020-05-06T17:35:45.015+0200][13097.565s] GC(12) Concurrent Rebuild Remembered Sets 25.973ms
[2020-05-06T17:35:45.015+0200][13097.565s] GC(12) Pause Cleanup
[2020-05-06T17:35:45.015+0200][13097.566s] GC(12) Pause Cleanup 121M->121M(512M) 0.283ms
[2020-05-06T17:35:45.015+0200][13097.566s] GC(12) User=0.00s Sys=0.00s Real=0.00s
[2020-05-06T17:35:45.015+0200][13097.566s] GC(12) Concurrent Cleanup for Next Mark
[2020-05-06T17:35:45.018+0200][13097.567s] GC(12) Concurrent Cleanup for Next Mark 1.152ms
[2020-05-06T17:35:45.018+0200][13097.567s] GC(12) Concurrent Cycle 93.213ms
[2020-05-06T17:35:49.075+0200][13101.624s] GC(13) Pause Young (Normal) (G1 Evacuation Pause)
[2020-05-06T17:35:49.075+0200][13101.624s] GC(13) Using 10 workers of 10 for evacuation
[2020-05-06T17:35:49.080+0200][13101.630s] GC(13)   Pre Evacuate Collection Set: 0.1ms
[2020-05-06T17:35:49.080+0200][13101.630s] GC(13)   Evacuate Collection Set: 5.0ms
[2020-05-06T17:35:49.080+0200][13101.630s] GC(13)   Post Evacuate Collection Set: 0.7ms
[2020-05-06T17:35:49.080+0200][13101.630s] GC(13)   Other: 0.4ms
[2020-05-06T17:35:49.080+0200][13101.630s] GC(13) Eden regions: 275->0(269)
[2020-05-06T17:35:49.080+0200][13101.630s] GC(13) Survivor regions: 27->18(38)
[2020-05-06T17:35:49.080+0200][13101.630s] GC(13) Old regions: 56->80
[2020-05-06T17:35:49.080+0200][13101.630s] GC(13) Humongous regions: 62->31
[2020-05-06T17:35:49.080+0200][13101.630s] GC(13) Metaspace: 57041K->57041K(1101824K)
[2020-05-06T17:35:49.080+0200][13101.630s] GC(13) Pause Young (Normal) (G1 Evacuation Pause) 419M->128M(512M) 6.324ms
[2020-05-06T17:35:49.080+0200][13101.630s] GC(13) User=0.14s Sys=0.00s Real=0.00s
[2020-05-06T17:35:51.182+0200][13103.732s] GC(14) Pause Young (Normal) (G1 Evacuation Pause)
[2020-05-06T17:35:51.182+0200][13103.732s] GC(14) Using 10 workers of 10 for evacuation
[2020-05-06T17:35:51.186+0200][13103.736s] GC(14)   Pre Evacuate Collection Set: 0.0ms
[2020-05-06T17:35:51.186+0200][13103.736s] GC(14)   Evacuate Collection Set: 3.2ms
[2020-05-06T17:35:51.186+0200][13103.736s] GC(14)   Post Evacuate Collection Set: 0.5ms
[2020-05-06T17:35:51.186+0200][13103.736s] GC(14)   Other: 0.3ms
[2020-05-06T17:35:51.186+0200][13103.736s] GC(14) Eden regions: 269->0(262)
[2020-05-06T17:35:51.186+0200][13103.736s] GC(14) Survivor regions: 18->28(36)
[2020-05-06T17:35:51.186+0200][13103.736s] GC(14) Old regions: 80->80
[2020-05-06T17:35:51.186+0200][13103.736s] GC(14) Humongous regions: 35->33
[2020-05-06T17:35:51.186+0200][13103.736s] GC(14) Metaspace: 57049K->57049K(1101824K)
[2020-05-06T17:35:51.186+0200][13103.736s] GC(14) Pause Young (Normal) (G1 Evacuation Pause) 401M->140M(512M) 4.503ms
[2020-05-06T17:35:51.186+0200][13103.736s] GC(14) User=0.00s Sys=0.00s Real=0.00s
[2020-05-06T17:35:54.047+0200][13106.597s] GC(15) Pause Young (Normal) (G1 Evacuation Pause)
[2020-05-06T17:35:54.047+0200][13106.597s] GC(15) Using 10 workers of 10 for evacuation
[2020-05-06T17:35:54.051+0200][13106.601s] GC(15)   Pre Evacuate Collection Set: 0.0ms
[2020-05-06T17:35:54.051+0200][13106.601s] GC(15)   Evacuate Collection Set: 3.4ms
[2020-05-06T17:35:54.051+0200][13106.601s] GC(15)   Post Evacuate Collection Set: 0.6ms
[2020-05-06T17:35:54.051+0200][13106.601s] GC(15)   Other: 0.2ms
[2020-05-06T17:35:54.051+0200][13106.601s] GC(15) Eden regions: 262->0(255)
[2020-05-06T17:35:54.051+0200][13106.601s] GC(15) Survivor regions: 28->26(37)
[2020-05-06T17:35:54.051+0200][13106.601s] GC(15) Old regions: 80->92
[2020-05-06T17:35:54.051+0200][13106.601s] GC(15) Humongous regions: 35->35
[2020-05-06T17:35:54.051+0200][13106.601s] GC(15) Metaspace: 57068K->57068K(1101824K)
[2020-05-06T17:35:54.051+0200][13106.601s] GC(15) Pause Young (Normal) (G1 Evacuation Pause) 404M->152M(512M) 4.460ms
[2020-05-06T17:35:54.051+0200][13106.601s] GC(15) User=0.00s Sys=0.00s Real=0.00s
[2020-05-06T20:45:42.448+0200][24494.997s] GC(16) Pause Young (Normal) (G1 Evacuation Pause)
[2020-05-06T20:45:42.448+0200][24494.997s] GC(16) Using 10 workers of 10 for evacuation
[2020-05-06T20:45:42.450+0200][24495.000s] GC(16)   Pre Evacuate Collection Set: 0.0ms
[2020-05-06T20:45:42.450+0200][24495.000s] GC(16)   Evacuate Collection Set: 2.0ms
[2020-05-06T20:45:42.450+0200][24495.000s] GC(16)   Post Evacuate Collection Set: 0.6ms
[2020-05-06T20:45:42.450+0200][24495.000s] GC(16)   Other: 0.2ms
[2020-05-06T20:45:42.450+0200][24495.000s] GC(16) Eden regions: 255->0(262)
[2020-05-06T20:45:42.450+0200][24495.000s] GC(16) Survivor regions: 26->11(36)
[2020-05-06T20:45:42.450+0200][24495.000s] GC(16) Old regions: 92->101
[2020-05-06T20:45:42.450+0200][24495.000s] GC(16) Humongous regions: 36->34
[2020-05-06T20:45:42.450+0200][24495.000s] GC(16) Metaspace: 57531K->57531K(1101824K)
[2020-05-06T20:45:42.450+0200][24495.000s] GC(16) Pause Young (Normal) (G1 Evacuation Pause) 408M->145M(512M) 2.868ms
[2020-05-06T20:45:42.450+0200][24495.000s] GC(16) User=0.00s Sys=0.00s Real=0.00s
[2020-05-06T20:45:46.575+0200][24499.125s] GC(17) Pause Young (Normal) (G1 Evacuation Pause)
[2020-05-06T20:45:46.575+0200][24499.125s] GC(17) Using 10 workers of 10 for evacuation
[2020-05-06T20:45:46.580+0200][24499.130s] GC(17)   Pre Evacuate Collection Set: 0.0ms
[2020-05-06T20:45:46.580+0200][24499.130s] GC(17)   Evacuate Collection Set: 4.1ms
[2020-05-06T20:45:46.580+0200][24499.130s] GC(17)   Post Evacuate Collection Set: 0.6ms
[2020-05-06T20:45:46.580+0200][24499.130s] GC(17)   Other: 0.2ms
[2020-05-06T20:45:46.580+0200][24499.130s] GC(17) Eden regions: 262->0(229)
[2020-05-06T20:45:46.580+0200][24499.130s] GC(17) Survivor regions: 11->35(35)
[2020-05-06T20:45:46.580+0200][24499.130s] GC(17) Old regions: 101->105
[2020-05-06T20:45:46.580+0200][24499.130s] GC(17) Humongous regions: 41->37
[2020-05-06T20:45:46.580+0200][24499.130s] GC(17) Metaspace: 57532K->57532K(1101824K)
[2020-05-06T20:45:46.580+0200][24499.130s] GC(17) Pause Young (Normal) (G1 Evacuation Pause) 414M->176M(512M) 5.046ms
[2020-05-06T20:45:46.580+0200][24499.130s] GC(17) User=0.16s Sys=0.00s Real=0.00s
[2020-05-06T20:45:50.089+0200][24502.639s] GC(18) Pause Young (Normal) (G1 Evacuation Pause)
[2020-05-06T20:45:50.089+0200][24502.639s] GC(18) Using 10 workers of 10 for evacuation
[2020-05-06T20:45:50.103+0200][24502.653s] GC(18) To-space exhausted
[2020-05-06T20:45:50.103+0200][24502.653s] GC(18)   Pre Evacuate Collection Set: 0.0ms
[2020-05-06T20:45:50.103+0200][24502.653s] GC(18)   Evacuate Collection Set: 5.2ms
[2020-05-06T20:45:50.103+0200][24502.653s] GC(18)   Post Evacuate Collection Set: 8.5ms
[2020-05-06T20:45:50.103+0200][24502.653s] GC(18)   Other: 0.2ms
[2020-05-06T20:45:50.103+0200][24502.653s] GC(18) Eden regions: 229->0(5)
[2020-05-06T20:45:50.103+0200][24502.653s] GC(18) Survivor regions: 35->20(33)
[2020-05-06T20:45:50.103+0200][24502.653s] GC(18) Old regions: 105->385
[2020-05-06T20:45:50.103+0200][24502.653s] GC(18) Humongous regions: 94->54
[2020-05-06T20:45:50.103+0200][24502.653s] GC(18) Metaspace: 57535K->57535K(1101824K)
[2020-05-06T20:45:50.103+0200][24502.653s] GC(18) Pause Young (Normal) (G1 Evacuation Pause) 462M->459M(512M) 14.059ms
[2020-05-06T20:45:50.103+0200][24502.653s] GC(18) User=0.14s Sys=0.00s Real=0.01s
[2020-05-06T20:45:50.193+0200][24502.743s] GC(19) Pause Young (Concurrent Start) (G1 Evacuation Pause)
[2020-05-06T20:45:50.193+0200][24502.743s] GC(19) Using 10 workers of 10 for evacuation
[2020-05-06T20:45:50.197+0200][24502.746s] GC(19)   Pre Evacuate Collection Set: 0.1ms
[2020-05-06T20:45:50.197+0200][24502.746s] GC(19)   Evacuate Collection Set: 2.6ms
[2020-05-06T20:45:50.197+0200][24502.746s] GC(19)   Post Evacuate Collection Set: 0.4ms
[2020-05-06T20:45:50.197+0200][24502.746s] GC(19)   Other: 0.2ms
[2020-05-06T20:45:50.197+0200][24502.746s] GC(19) Eden regions: 5->0(24)
[2020-05-06T20:45:50.197+0200][24502.746s] GC(19) Survivor regions: 20->1(4)
[2020-05-06T20:45:50.197+0200][24502.746s] GC(19) Old regions: 385->405
[2020-05-06T20:45:50.197+0200][24502.746s] GC(19) Humongous regions: 54->54
[2020-05-06T20:45:50.197+0200][24502.746s] GC(19) Metaspace: 57535K->57535K(1101824K)
[2020-05-06T20:45:50.197+0200][24502.746s] GC(19) Pause Young (Concurrent Start) (G1 Evacuation Pause) 463M->459M(512M) 3.379ms
[2020-05-06T20:45:50.197+0200][24502.746s] GC(19) User=0.00s Sys=0.00s Real=0.00s
[2020-05-06T20:45:50.197+0200][24502.747s] GC(20) Concurrent Cycle
[2020-05-06T20:45:50.197+0200][24502.747s] GC(20) Concurrent Clear Claimed Marks
[2020-05-06T20:45:50.197+0200][24502.747s] GC(20) Concurrent Clear Claimed Marks 0.136ms
[2020-05-06T20:45:50.197+0200][24502.747s] GC(20) Concurrent Scan Root Regions
[2020-05-06T20:45:50.198+0200][24502.747s] GC(20) Concurrent Scan Root Regions 0.596ms
[2020-05-06T20:45:50.198+0200][24502.747s] GC(20) Concurrent Mark (24502.747s)
[2020-05-06T20:45:50.198+0200][24502.747s] GC(20) Concurrent Mark From Roots
[2020-05-06T20:45:50.198+0200][24502.747s] GC(20) Using 3 workers of 3 for marking
[2020-05-06T20:45:50.215+0200][24502.764s] GC(20) Concurrent Mark From Roots 16.905ms
[2020-05-06T20:45:50.215+0200][24502.764s] GC(20) Concurrent Preclean
[2020-05-06T20:45:50.215+0200][24502.765s] GC(20) Concurrent Preclean 0.228ms
[2020-05-06T20:45:50.215+0200][24502.765s] GC(20) Concurrent Mark (24502.747s, 24502.765s) 17.238ms
[2020-05-06T20:45:50.215+0200][24502.765s] GC(20) Pause Remark
[2020-05-06T20:45:50.221+0200][24502.771s] GC(20) Cleaned string and symbol table, strings: 26462 processed, 300 removed, symbols: 163593 processed, 13 removed
[2020-05-06T20:45:50.221+0200][24502.771s] GC(20) Pause Remark 460M->398M(512M) 6.137ms
[2020-05-06T20:45:50.221+0200][24502.771s] GC(20) User=0.16s Sys=0.00s Real=0.01s
[2020-05-06T20:45:50.221+0200][24502.771s] GC(20) Concurrent Rebuild Remembered Sets
[2020-05-06T20:45:50.232+0200][24502.782s] GC(20) Concurrent Rebuild Remembered Sets 10.540ms
[2020-05-06T20:45:50.232+0200][24502.782s] GC(20) Pause Cleanup
[2020-05-06T20:45:50.232+0200][24502.782s] GC(20) Pause Cleanup 398M->398M(512M) 0.193ms
[2020-05-06T20:45:50.232+0200][24502.782s] GC(20) User=0.00s Sys=0.00s Real=0.00s
[2020-05-06T20:45:50.233+0200][24502.782s] GC(20) Concurrent Cleanup for Next Mark
[2020-05-06T20:45:50.233+0200][24502.783s] GC(20) Concurrent Cleanup for Next Mark 0.294ms
[2020-05-06T20:45:50.233+0200][24502.783s] GC(20) Concurrent Cycle 36.011ms
[2020-05-06T20:45:50.572+0200][24503.122s] GC(21) Pause Young (Prepare Mixed) (G1 Evacuation Pause)
[2020-05-06T20:45:50.572+0200][24503.122s] GC(21) Using 10 workers of 10 for evacuation
[2020-05-06T20:45:50.573+0200][24503.123s] GC(21)   Pre Evacuate Collection Set: 0.0ms
[2020-05-06T20:45:50.573+0200][24503.123s] GC(21)   Evacuate Collection Set: 0.9ms
[2020-05-06T20:45:50.573+0200][24503.123s] GC(21)   Post Evacuate Collection Set: 0.4ms
[2020-05-06T20:45:50.573+0200][24503.123s] GC(21)   Other: 0.1ms
[2020-05-06T20:45:50.573+0200][24503.123s] GC(21) Eden regions: 24->0(21)
[2020-05-06T20:45:50.573+0200][24503.123s] GC(21) Survivor regions: 1->4(4)
[2020-05-06T20:45:50.573+0200][24503.123s] GC(21) Old regions: 369->370
[2020-05-06T20:45:50.573+0200][24503.123s] GC(21) Humongous regions: 42->42
[2020-05-06T20:45:50.573+0200][24503.123s] GC(21) Metaspace: 57394K->57394K(1101824K)
[2020-05-06T20:45:50.573+0200][24503.123s] GC(21) Pause Young (Prepare Mixed) (G1 Evacuation Pause) 435M->415M(512M) 1.507ms
[2020-05-06T20:45:50.573+0200][24503.123s] GC(21) User=0.00s Sys=0.00s Real=0.00s
[2020-05-06T20:45:50.938+0200][24503.488s] GC(22) Pause Young (Mixed) (G1 Evacuation Pause)
[2020-05-06T20:45:50.938+0200][24503.488s] GC(22) Using 10 workers of 10 for evacuation
[2020-05-06T20:45:50.940+0200][24503.490s] GC(22)   Pre Evacuate Collection Set: 0.0ms
[2020-05-06T20:45:50.940+0200][24503.490s] GC(22)   Evacuate Collection Set: 1.0ms
[2020-05-06T20:45:50.940+0200][24503.490s] GC(22)   Post Evacuate Collection Set: 0.4ms
[2020-05-06T20:45:50.940+0200][24503.490s] GC(22)   Other: 0.1ms
[2020-05-06T20:45:50.940+0200][24503.490s] GC(22) Eden regions: 21->0(22)
[2020-05-06T20:45:50.940+0200][24503.490s] GC(22) Survivor regions: 4->3(4)
[2020-05-06T20:45:50.940+0200][24503.490s] GC(22) Old regions: 370->322
[2020-05-06T20:45:50.940+0200][24503.490s] GC(22) Humongous regions: 42->42
[2020-05-06T20:45:50.940+0200][24503.490s] GC(22) Metaspace: 57394K->57394K(1101824K)
[2020-05-06T20:45:50.940+0200][24503.490s] GC(22) Pause Young (Mixed) (G1 Evacuation Pause) 436M->366M(512M) 1.711ms
[2020-05-06T20:45:50.940+0200][24503.490s] GC(22) User=0.00s Sys=0.00s Real=0.00s
[2020-05-06T20:45:51.333+0200][24503.883s] GC(23) Pause Young (Mixed) (G1 Evacuation Pause)
[2020-05-06T20:45:51.333+0200][24503.883s] GC(23) Using 10 workers of 10 for evacuation
[2020-05-06T20:45:51.335+0200][24503.885s] GC(23)   Pre Evacuate Collection Set: 0.0ms
[2020-05-06T20:45:51.335+0200][24503.885s] GC(23)   Evacuate Collection Set: 1.3ms
[2020-05-06T20:45:51.335+0200][24503.885s] GC(23)   Post Evacuate Collection Set: 0.4ms
[2020-05-06T20:45:51.335+0200][24503.885s] GC(23)   Other: 0.1ms
[2020-05-06T20:45:51.335+0200][24503.885s] GC(23) Eden regions: 22->0(22)
[2020-05-06T20:45:51.335+0200][24503.885s] GC(23) Survivor regions: 3->3(4)
[2020-05-06T20:45:51.335+0200][24503.885s] GC(23) Old regions: 322->273
[2020-05-06T20:45:51.335+0200][24503.885s] GC(23) Humongous regions: 42->42
[2020-05-06T20:45:51.335+0200][24503.885s] GC(23) Metaspace: 57394K->57394K(1101824K)
[2020-05-06T20:45:51.335+0200][24503.885s] GC(23) Pause Young (Mixed) (G1 Evacuation Pause) 388M->317M(512M) 1.970ms
[2020-05-06T20:45:51.335+0200][24503.885s] GC(23) User=0.00s Sys=0.00s Real=0.00s
[2020-05-06T20:45:51.950+0200][24504.499s] GC(24) Pause Young (Mixed) (G1 Evacuation Pause)
[2020-05-06T20:45:51.950+0200][24504.499s] GC(24) Using 10 workers of 10 for evacuation
[2020-05-06T20:45:51.951+0200][24504.501s] GC(24)   Pre Evacuate Collection Set: 0.0ms
[2020-05-06T20:45:51.951+0200][24504.501s] GC(24)   Evacuate Collection Set: 0.8ms
[2020-05-06T20:45:51.951+0200][24504.501s] GC(24)   Post Evacuate Collection Set: 0.3ms
[2020-05-06T20:45:51.951+0200][24504.501s] GC(24)   Other: 0.1ms
[2020-05-06T20:45:51.951+0200][24504.501s] GC(24) Eden regions: 22->0(21)
[2020-05-06T20:45:51.951+0200][24504.501s] GC(24) Survivor regions: 3->4(4)
[2020-05-06T20:45:51.951+0200][24504.501s] GC(24) Old regions: 273->224
[2020-05-06T20:45:51.951+0200][24504.501s] GC(24) Humongous regions: 56->56
[2020-05-06T20:45:51.951+0200][24504.501s] GC(24) Metaspace: 57394K->57394K(1101824K)
[2020-05-06T20:45:51.951+0200][24504.501s] GC(24) Pause Young (Mixed) (G1 Evacuation Pause) 353M->282M(512M) 1.465ms
[2020-05-06T20:45:51.951+0200][24504.501s] GC(24) User=0.00s Sys=0.00s Real=0.00s
[2020-05-06T20:45:52.239+0200][24504.788s] GC(25) Pause Young (Mixed) (G1 Evacuation Pause)
[2020-05-06T20:45:52.239+0200][24504.788s] GC(25) Using 10 workers of 10 for evacuation
[2020-05-06T20:45:52.240+0200][24504.790s] GC(25)   Pre Evacuate Collection Set: 0.1ms
[2020-05-06T20:45:52.240+0200][24504.790s] GC(25)   Evacuate Collection Set: 0.8ms
[2020-05-06T20:45:52.240+0200][24504.790s] GC(25)   Post Evacuate Collection Set: 0.4ms
[2020-05-06T20:45:52.240+0200][24504.790s] GC(25)   Other: 0.1ms
[2020-05-06T20:45:52.240+0200][24504.790s] GC(25) Eden regions: 21->0(22)
[2020-05-06T20:45:52.240+0200][24504.790s] GC(25) Survivor regions: 4->3(4)
[2020-05-06T20:45:52.240+0200][24504.790s] GC(25) Old regions: 224->176
[2020-05-06T20:45:52.240+0200][24504.790s] GC(25) Humongous regions: 56->56
[2020-05-06T20:45:52.240+0200][24504.790s] GC(25) Metaspace: 57394K->57394K(1101824K)
[2020-05-06T20:45:52.240+0200][24504.790s] GC(25) Pause Young (Mixed) (G1 Evacuation Pause) 303M->233M(512M) 1.512ms
[2020-05-06T20:45:52.240+0200][24504.790s] GC(25) User=0.00s Sys=0.00s Real=0.00s
[2020-05-06T20:45:52.563+0200][24505.112s] GC(26) Pause Young (Mixed) (G1 Evacuation Pause)
[2020-05-06T20:45:52.563+0200][24505.112s] GC(26) Using 10 workers of 10 for evacuation
[2020-05-06T20:45:52.564+0200][24505.114s] GC(26)   Pre Evacuate Collection Set: 0.1ms
[2020-05-06T20:45:52.564+0200][24505.114s] GC(26)   Evacuate Collection Set: 1.1ms
[2020-05-06T20:45:52.564+0200][24505.114s] GC(26)   Post Evacuate Collection Set: 0.3ms
[2020-05-06T20:45:52.564+0200][24505.114s] GC(26)   Other: 0.1ms
[2020-05-06T20:45:52.564+0200][24505.114s] GC(26) Eden regions: 22->0(21)
[2020-05-06T20:45:52.564+0200][24505.114s] GC(26) Survivor regions: 3->4(4)
[2020-05-06T20:45:52.564+0200][24505.114s] GC(26) Old regions: 176->128
[2020-05-06T20:45:52.564+0200][24505.114s] GC(26) Humongous regions: 72->71
[2020-05-06T20:45:52.564+0200][24505.114s] GC(26) Metaspace: 57394K->57394K(1101824K)
[2020-05-06T20:45:52.564+0200][24505.114s] GC(26) Pause Young (Mixed) (G1 Evacuation Pause) 271M->202M(512M) 1.824ms
[2020-05-06T20:45:52.564+0200][24505.114s] GC(26) User=0.00s Sys=0.00s Real=0.00s
[2020-05-06T20:45:52.904+0200][24505.454s] GC(27) Pause Young (Mixed) (G1 Evacuation Pause)
[2020-05-06T20:45:52.904+0200][24505.454s] GC(27) Using 10 workers of 10 for evacuation
[2020-05-06T20:45:52.905+0200][24505.455s] GC(27)   Pre Evacuate Collection Set: 0.0ms
[2020-05-06T20:45:52.905+0200][24505.455s] GC(27)   Evacuate Collection Set: 0.9ms
[2020-05-06T20:45:52.905+0200][24505.455s] GC(27)   Post Evacuate Collection Set: 0.4ms
[2020-05-06T20:45:52.905+0200][24505.455s] GC(27)   Other: 0.1ms
[2020-05-06T20:45:52.905+0200][24505.455s] GC(27) Eden regions: 21->0(115)
[2020-05-06T20:45:52.905+0200][24505.455s] GC(27) Survivor regions: 4->4(4)
[2020-05-06T20:45:52.905+0200][24505.455s] GC(27) Old regions: 128->126
[2020-05-06T20:45:52.905+0200][24505.455s] GC(27) Humongous regions: 100->85
[2020-05-06T20:45:52.905+0200][24505.455s] GC(27) Metaspace: 57394K->57394K(1101824K)
[2020-05-06T20:45:52.905+0200][24505.455s] GC(27) Pause Young (Mixed) (G1 Evacuation Pause) 252M->214M(512M) 1.555ms
[2020-05-06T20:45:52.905+0200][24505.455s] GC(27) User=0.00s Sys=0.00s Real=0.00s
[2020-05-06T20:45:53.364+0200][24505.913s] GC(28) Pause Young (Concurrent Start) (G1 Humongous Allocation)
[2020-05-06T20:45:53.364+0200][24505.913s] GC(28) Using 10 workers of 10 for evacuation
[2020-05-06T20:45:53.365+0200][24505.915s] GC(28)   Pre Evacuate Collection Set: 0.1ms
[2020-05-06T20:45:53.365+0200][24505.915s] GC(28)   Evacuate Collection Set: 1.3ms
[2020-05-06T20:45:53.365+0200][24505.915s] GC(28)   Post Evacuate Collection Set: 0.3ms
[2020-05-06T20:45:53.365+0200][24505.915s] GC(28)   Other: 0.1ms
[2020-05-06T20:45:53.365+0200][24505.915s] GC(28) Eden regions: 19->0(97)
[2020-05-06T20:45:53.365+0200][24505.915s] GC(28) Survivor regions: 4->8(15)
[2020-05-06T20:45:53.365+0200][24505.915s] GC(28) Old regions: 126->126
[2020-05-06T20:45:53.365+0200][24505.915s] GC(28) Humongous regions: 105->99
[2020-05-06T20:45:53.365+0200][24505.915s] GC(28) Metaspace: 57394K->57394K(1101824K)
[2020-05-06T20:45:53.365+0200][24505.915s] GC(28) Pause Young (Concurrent Start) (G1 Humongous Allocation) 253M->232M(512M) 2.004ms
[2020-05-06T20:45:53.365+0200][24505.915s] GC(28) User=0.00s Sys=0.00s Real=0.00s
[2020-05-06T20:45:53.365+0200][24505.915s] GC(29) Concurrent Cycle
[2020-05-06T20:45:53.365+0200][24505.915s] GC(29) Concurrent Clear Claimed Marks
[2020-05-06T20:45:53.366+0200][24505.915s] GC(29) Concurrent Clear Claimed Marks 0.064ms
[2020-05-06T20:45:53.366+0200][24505.915s] GC(29) Concurrent Scan Root Regions
[2020-05-06T20:45:53.366+0200][24505.916s] GC(29) Concurrent Scan Root Regions 0.599ms
[2020-05-06T20:45:53.366+0200][24505.916s] GC(29) Concurrent Mark (24505.916s)
[2020-05-06T20:45:53.366+0200][24505.916s] GC(29) Concurrent Mark From Roots
[2020-05-06T20:45:53.366+0200][24505.916s] GC(29) Using 3 workers of 3 for marking
[2020-05-06T20:45:53.385+0200][24505.935s] GC(29) Concurrent Mark From Roots 18.488ms
[2020-05-06T20:45:53.385+0200][24505.935s] GC(29) Concurrent Preclean
[2020-05-06T20:45:53.385+0200][24505.935s] GC(29) Concurrent Preclean 0.174ms
[2020-05-06T20:45:53.385+0200][24505.935s] GC(29) Concurrent Mark (24505.916s, 24505.935s) 18.727ms
[2020-05-06T20:45:53.385+0200][24505.935s] GC(29) Pause Remark
[2020-05-06T20:45:53.387+0200][24505.937s] GC(29) Cleaned string and symbol table, strings: 26162 processed, 0 removed, symbols: 163580 processed, 22 removed
[2020-05-06T20:45:53.388+0200][24505.938s] GC(29) Pause Remark 236M->193M(512M) 2.586ms
[2020-05-06T20:45:53.388+0200][24505.938s] GC(29) User=0.00s Sys=0.00s Real=0.00s
[2020-05-06T20:45:53.388+0200][24505.938s] GC(29) Concurrent Rebuild Remembered Sets
[2020-05-06T20:45:53.396+0200][24505.946s] GC(29) Concurrent Rebuild Remembered Sets 7.896ms
[2020-05-06T20:45:53.396+0200][24505.946s] GC(29) Pause Cleanup
[2020-05-06T20:45:53.396+0200][24505.946s] GC(29) Pause Cleanup 194M->194M(512M) 0.127ms
[2020-05-06T20:45:53.396+0200][24505.946s] GC(29) User=0.00s Sys=0.00s Real=0.00s
[2020-05-06T20:45:53.396+0200][24505.946s] GC(29) Concurrent Cleanup for Next Mark
[2020-05-06T20:45:53.396+0200][24505.946s] GC(29) Concurrent Cleanup for Next Mark 0.260ms
[2020-05-06T20:45:53.396+0200][24505.946s] GC(29) Concurrent Cycle 31.082ms
[2020-05-06T20:45:55.144+0200][24507.694s] GC(30) Pause Young (Prepare Mixed) (G1 Evacuation Pause)
[2020-05-06T20:45:55.144+0200][24507.694s] GC(30) Using 10 workers of 10 for evacuation
[2020-05-06T20:45:55.146+0200][24507.696s] GC(30)   Pre Evacuate Collection Set: 0.0ms
[2020-05-06T20:45:55.146+0200][24507.696s] GC(30)   Evacuate Collection Set: 1.3ms
[2020-05-06T20:45:55.146+0200][24507.696s] GC(30)   Post Evacuate Collection Set: 0.4ms
[2020-05-06T20:45:55.146+0200][24507.696s] GC(30)   Other: 0.1ms
[2020-05-06T20:45:55.146+0200][24507.696s] GC(30) Eden regions: 97->0(14)
[2020-05-06T20:45:55.146+0200][24507.696s] GC(30) Survivor regions: 8->11(14)
[2020-05-06T20:45:55.146+0200][24507.696s] GC(30) Old regions: 126->130
[2020-05-06T20:45:55.146+0200][24507.696s] GC(30) Humongous regions: 76->47
[2020-05-06T20:45:55.146+0200][24507.696s] GC(30) Metaspace: 57419K->57419K(1101824K)
[2020-05-06T20:45:55.146+0200][24507.696s] GC(30) Pause Young (Prepare Mixed) (G1 Evacuation Pause) 306M->187M(512M) 1.982ms
[2020-05-06T20:45:55.146+0200][24507.696s] GC(30) User=0.00s Sys=0.00s Real=0.00s
[2020-05-06T20:45:55.187+0200][24507.737s] GC(31) Pause Young (Mixed) (G1 Evacuation Pause)
[2020-05-06T20:45:55.187+0200][24507.737s] GC(31) Using 10 workers of 10 for evacuation
[2020-05-06T20:45:55.190+0200][24507.739s] GC(31)   Pre Evacuate Collection Set: 0.0ms
[2020-05-06T20:45:55.190+0200][24507.739s] GC(31)   Evacuate Collection Set: 1.7ms
[2020-05-06T20:45:55.190+0200][24507.739s] GC(31)   Post Evacuate Collection Set: 0.4ms
[2020-05-06T20:45:55.190+0200][24507.739s] GC(31)   Other: 0.3ms
[2020-05-06T20:45:55.190+0200][24507.739s] GC(31) Eden regions: 14->0(127)
[2020-05-06T20:45:55.190+0200][24507.739s] GC(31) Survivor regions: 11->1(4)
[2020-05-06T20:45:55.190+0200][24507.739s] GC(31) Old regions: 130->138
[2020-05-06T20:45:55.190+0200][24507.739s] GC(31) Humongous regions: 47->47
[2020-05-06T20:45:55.190+0200][24507.739s] GC(31) Metaspace: 57419K->57419K(1101824K)
[2020-05-06T20:45:55.190+0200][24507.739s] GC(31) Pause Young (Mixed) (G1 Evacuation Pause) 201M->184M(512M) 2.546ms
[2020-05-06T20:45:55.190+0200][24507.740s] GC(31) User=0.00s Sys=0.00s Real=0.00s
[2020-05-06T20:45:55.507+0200][24508.057s] GC(32) Pause Young (Normal) (G1 Evacuation Pause)
[2020-05-06T20:45:55.507+0200][24508.057s] GC(32) Using 10 workers of 10 for evacuation
[2020-05-06T20:45:55.508+0200][24508.058s] GC(32)   Pre Evacuate Collection Set: 0.0ms
[2020-05-06T20:45:55.508+0200][24508.058s] GC(32)   Evacuate Collection Set: 0.3ms
[2020-05-06T20:45:55.508+0200][24508.058s] GC(32)   Post Evacuate Collection Set: 0.4ms
[2020-05-06T20:45:55.508+0200][24508.058s] GC(32)   Other: 0.1ms
[2020-05-06T20:45:55.508+0200][24508.058s] GC(32) Eden regions: 127->0(143)
[2020-05-06T20:45:55.508+0200][24508.058s] GC(32) Survivor regions: 1->1(16)
[2020-05-06T20:45:55.508+0200][24508.058s] GC(32) Old regions: 138->138
[2020-05-06T20:45:55.508+0200][24508.058s] GC(32) Humongous regions: 47->47
[2020-05-06T20:45:55.508+0200][24508.058s] GC(32) Metaspace: 57419K->57419K(1101824K)
[2020-05-06T20:45:55.508+0200][24508.058s] GC(32) Pause Young (Normal) (G1 Evacuation Pause) 311M->184M(512M) 0.965ms
[2020-05-06T20:45:55.508+0200][24508.058s] GC(32) User=0.00s Sys=0.00s Real=0.00s
[2020-05-06T20:45:55.824+0200][24508.373s] GC(33) Pause Young (Normal) (G1 Evacuation Pause)
[2020-05-06T20:45:55.824+0200][24508.373s] GC(33) Using 10 workers of 10 for evacuation
[2020-05-06T20:45:55.824+0200][24508.374s] GC(33)   Pre Evacuate Collection Set: 0.0ms
[2020-05-06T20:45:55.824+0200][24508.374s] GC(33)   Evacuate Collection Set: 0.3ms
[2020-05-06T20:45:55.824+0200][24508.374s] GC(33)   Post Evacuate Collection Set: 0.3ms
[2020-05-06T20:45:55.824+0200][24508.374s] GC(33)   Other: 0.1ms
[2020-05-06T20:45:55.824+0200][24508.374s] GC(33) Eden regions: 143->0(158)
[2020-05-06T20:45:55.824+0200][24508.374s] GC(33) Survivor regions: 1->1(18)
[2020-05-06T20:45:55.824+0200][24508.374s] GC(33) Old regions: 138->138
[2020-05-06T20:45:55.824+0200][24508.374s] GC(33) Humongous regions: 47->47
[2020-05-06T20:45:55.824+0200][24508.374s] GC(33) Metaspace: 57419K->57419K(1101824K)
[2020-05-06T20:45:55.824+0200][24508.374s] GC(33) Pause Young (Normal) (G1 Evacuation Pause) 327M->184M(512M) 0.849ms
[2020-05-06T20:45:55.824+0200][24508.374s] GC(33) User=0.00s Sys=0.00s Real=0.00s
[2020-05-06T20:45:56.252+0200][24508.802s] GC(34) Pause Young (Normal) (G1 Evacuation Pause)
[2020-05-06T20:45:56.252+0200][24508.802s] GC(34) Using 10 workers of 10 for evacuation
[2020-05-06T20:45:56.253+0200][24508.802s] GC(34)   Pre Evacuate Collection Set: 0.0ms
[2020-05-06T20:45:56.253+0200][24508.802s] GC(34)   Evacuate Collection Set: 0.4ms
[2020-05-06T20:45:56.253+0200][24508.802s] GC(34)   Post Evacuate Collection Set: 0.3ms
[2020-05-06T20:45:56.253+0200][24508.802s] GC(34)   Other: 0.1ms
[2020-05-06T20:45:56.253+0200][24508.802s] GC(34) Eden regions: 158->0(174)
[2020-05-06T20:45:56.253+0200][24508.802s] GC(34) Survivor regions: 1->1(20)
[2020-05-06T20:45:56.253+0200][24508.802s] GC(34) Old regions: 138->138
[2020-05-06T20:45:56.253+0200][24508.802s] GC(34) Humongous regions: 47->47
[2020-05-06T20:45:56.253+0200][24508.802s] GC(34) Metaspace: 57420K->57420K(1101824K)
[2020-05-06T20:45:56.253+0200][24508.803s] GC(34) Pause Young (Normal) (G1 Evacuation Pause) 342M->184M(512M) 0.916ms
[2020-05-06T20:45:56.253+0200][24508.803s] GC(34) User=0.00s Sys=0.00s Real=0.00s
[2020-05-06T20:45:56.912+0200][24509.462s] GC(35) Pause Young (Normal) (G1 Evacuation Pause)
[2020-05-06T20:45:56.912+0200][24509.462s] GC(35) Using 10 workers of 10 for evacuation
[2020-05-06T20:45:56.914+0200][24509.464s] GC(35)   Pre Evacuate Collection Set: 0.0ms
[2020-05-06T20:45:56.914+0200][24509.464s] GC(35)   Evacuate Collection Set: 0.6ms
[2020-05-06T20:45:56.914+0200][24509.464s] GC(35)   Post Evacuate Collection Set: 0.5ms
[2020-05-06T20:45:56.914+0200][24509.464s] GC(35)   Other: 0.1ms
[2020-05-06T20:45:56.914+0200][24509.464s] GC(35) Eden regions: 174->0(180)
[2020-05-06T20:45:56.914+0200][24509.464s] GC(35) Survivor regions: 1->7(22)
[2020-05-06T20:45:56.914+0200][24509.464s] GC(35) Old regions: 138->138
[2020-05-06T20:45:56.914+0200][24509.464s] GC(35) Humongous regions: 53->49
[2020-05-06T20:45:56.914+0200][24509.464s] GC(35) Metaspace: 57427K->57427K(1101824K)
[2020-05-06T20:45:56.914+0200][24509.464s] GC(35) Pause Young (Normal) (G1 Evacuation Pause) 364M->193M(512M) 1.403ms
[2020-05-06T20:45:56.914+0200][24509.464s] GC(35) User=0.00s Sys=0.00s Real=0.00s
[2020-05-06T20:45:58.035+0200][24510.584s] GC(36) Pause Young (Normal) (G1 Evacuation Pause)
[2020-05-06T20:45:58.035+0200][24510.584s] GC(36) Using 10 workers of 10 for evacuation
[2020-05-06T20:45:58.036+0200][24510.586s] GC(36)   Pre Evacuate Collection Set: 0.0ms
[2020-05-06T20:45:58.036+0200][24510.586s] GC(36)   Evacuate Collection Set: 0.9ms
[2020-05-06T20:45:58.036+0200][24510.586s] GC(36)   Post Evacuate Collection Set: 0.4ms
[2020-05-06T20:45:58.036+0200][24510.586s] GC(36)   Other: 0.1ms
[2020-05-06T20:45:58.036+0200][24510.586s] GC(36) Eden regions: 180->0(188)
[2020-05-06T20:45:58.036+0200][24510.586s] GC(36) Survivor regions: 7->9(24)
[2020-05-06T20:45:58.036+0200][24510.586s] GC(36) Old regions: 138->138
[2020-05-06T20:45:58.036+0200][24510.586s] GC(36) Humongous regions: 53->49
[2020-05-06T20:45:58.036+0200][24510.586s] GC(36) Metaspace: 57449K->57449K(1101824K)
[2020-05-06T20:45:58.036+0200][24510.586s] GC(36) Pause Young (Normal) (G1 Evacuation Pause) 377M->195M(512M) 1.600ms
[2020-05-06T20:45:58.036+0200][24510.586s] GC(36) User=0.00s Sys=0.00s Real=0.00s
[2020-05-06T20:46:00.704+0200][24513.253s] GC(37) Pause Young (Normal) (G1 Evacuation Pause)
[2020-05-06T20:46:00.704+0200][24513.254s] GC(37) Using 10 workers of 10 for evacuation
[2020-05-06T20:46:00.707+0200][24513.257s] GC(37)   Pre Evacuate Collection Set: 0.1ms
[2020-05-06T20:46:00.707+0200][24513.257s] GC(37)   Evacuate Collection Set: 2.7ms
[2020-05-06T20:46:00.707+0200][24513.257s] GC(37)   Post Evacuate Collection Set: 0.6ms
[2020-05-06T20:46:00.707+0200][24513.257s] GC(37)   Other: 0.2ms
[2020-05-06T20:46:00.707+0200][24513.257s] GC(37) Eden regions: 188->0(180)
[2020-05-06T20:46:00.707+0200][24513.257s] GC(37) Survivor regions: 9->24(25)
[2020-05-06T20:46:00.707+0200][24513.257s] GC(37) Old regions: 138->138
[2020-05-06T20:46:00.707+0200][24513.257s] GC(37) Humongous regions: 56->51
[2020-05-06T20:46:00.707+0200][24513.257s] GC(37) Metaspace: 57451K->57451K(1101824K)
[2020-05-06T20:46:00.707+0200][24513.257s] GC(37) Pause Young (Normal) (G1 Evacuation Pause) 390M->212M(512M) 3.739ms
[2020-05-06T20:46:00.707+0200][24513.257s] GC(37) User=0.00s Sys=0.00s Real=0.00s
[2020-05-06T20:46:02.628+0200][24515.178s] GC(38) Pause Young (Normal) (G1 Evacuation Pause)
[2020-05-06T20:46:02.628+0200][24515.178s] GC(38) Using 10 workers of 10 for evacuation
[2020-05-06T20:46:02.633+0200][24515.183s] GC(38)   Pre Evacuate Collection Set: 0.0ms
[2020-05-06T20:46:02.633+0200][24515.183s] GC(38)   Evacuate Collection Set: 4.0ms
[2020-05-06T20:46:02.633+0200][24515.183s] GC(38)   Post Evacuate Collection Set: 0.4ms
[2020-05-06T20:46:02.633+0200][24515.183s] GC(38)   Other: 0.1ms
[2020-05-06T20:46:02.633+0200][24515.183s] GC(38) Eden regions: 180->0(163)
[2020-05-06T20:46:02.633+0200][24515.183s] GC(38) Survivor regions: 24->23(26)
[2020-05-06T20:46:02.633+0200][24515.183s] GC(38) Old regions: 138->159
[2020-05-06T20:46:02.633+0200][24515.183s] GC(38) Humongous regions: 64->54
[2020-05-06T20:46:02.633+0200][24515.183s] GC(38) Metaspace: 57452K->57452K(1101824K)
[2020-05-06T20:46:02.633+0200][24515.183s] GC(38) Pause Young (Normal) (G1 Evacuation Pause) 405M->234M(512M) 4.690ms
[2020-05-06T20:46:02.633+0200][24515.183s] GC(38) User=0.00s Sys=0.00s Real=0.00s
[2020-05-06T20:46:02.915+0200][24515.465s] GC(39) Pause Young (Concurrent Start) (G1 Humongous Allocation)
[2020-05-06T20:46:02.915+0200][24515.465s] GC(39) Using 10 workers of 10 for evacuation
[2020-05-06T20:46:02.917+0200][24515.468s] GC(39)   Pre Evacuate Collection Set: 0.1ms
[2020-05-06T20:46:02.917+0200][24515.468s] GC(39)   Evacuate Collection Set: 2.1ms
[2020-05-06T20:46:02.918+0200][24515.468s] GC(39)   Post Evacuate Collection Set: 0.4ms
[2020-05-06T20:46:02.918+0200][24515.468s] GC(39)   Other: 0.2ms
[2020-05-06T20:46:02.918+0200][24515.468s] GC(39) Eden regions: 28->0(137)
[2020-05-06T20:46:02.918+0200][24515.468s] GC(39) Survivor regions: 23->5(24)
[2020-05-06T20:46:02.918+0200][24515.468s] GC(39) Old regions: 159->173
[2020-05-06T20:46:02.918+0200][24515.468s] GC(39) Humongous regions: 71->69
[2020-05-06T20:46:02.918+0200][24515.468s] GC(39) Metaspace: 57452K->57452K(1101824K)
[2020-05-06T20:46:02.918+0200][24515.468s] GC(39) Pause Young (Concurrent Start) (G1 Humongous Allocation) 279M->245M(512M) 2.881ms
[2020-05-06T20:46:02.918+0200][24515.468s] GC(39) User=0.00s Sys=0.00s Real=0.00s
[2020-05-06T20:46:02.918+0200][24515.468s] GC(40) Concurrent Cycle
[2020-05-06T20:46:02.918+0200][24515.468s] GC(40) Concurrent Clear Claimed Marks
[2020-05-06T20:46:02.918+0200][24515.468s] GC(40) Concurrent Clear Claimed Marks 0.055ms
[2020-05-06T20:46:02.918+0200][24515.468s] GC(40) Concurrent Scan Root Regions
[2020-05-06T20:46:02.918+0200][24515.468s] GC(40) Concurrent Scan Root Regions 0.284ms
[2020-05-06T20:46:02.918+0200][24515.468s] GC(40) Concurrent Mark (24515.468s)
[2020-05-06T20:46:02.918+0200][24515.468s] GC(40) Concurrent Mark From Roots
[2020-05-06T20:46:02.918+0200][24515.468s] GC(40) Using 3 workers of 3 for marking
[2020-05-06T20:46:02.937+0200][24515.487s] GC(40) Concurrent Mark From Roots 18.268ms
[2020-05-06T20:46:02.937+0200][24515.487s] GC(40) Concurrent Preclean
[2020-05-06T20:46:02.937+0200][24515.487s] GC(40) Concurrent Preclean 0.164ms
[2020-05-06T20:46:02.937+0200][24515.487s] GC(40) Concurrent Mark (24515.468s, 24515.487s) 18.491ms
[2020-05-06T20:46:02.937+0200][24515.487s] GC(40) Pause Remark
[2020-05-06T20:46:02.940+0200][24515.489s] GC(40) Cleaned string and symbol table, strings: 26193 processed, 0 removed, symbols: 163562 processed, 0 removed
[2020-05-06T20:46:02.940+0200][24515.490s] GC(40) Pause Remark 249M->152M(512M) 2.728ms
[2020-05-06T20:46:02.940+0200][24515.490s] GC(40) User=0.00s Sys=0.00s Real=0.00s
[2020-05-06T20:46:02.940+0200][24515.490s] GC(40) Concurrent Rebuild Remembered Sets
[2020-05-06T20:46:02.947+0200][24515.497s] GC(40) Concurrent Rebuild Remembered Sets 7.088ms
[2020-05-06T20:46:02.947+0200][24515.497s] GC(40) Pause Cleanup
[2020-05-06T20:46:02.948+0200][24515.497s] GC(40) Pause Cleanup 152M->152M(512M) 0.116ms
[2020-05-06T20:46:02.948+0200][24515.497s] GC(40) User=0.00s Sys=0.00s Real=0.00s
[2020-05-06T20:46:02.948+0200][24515.497s] GC(40) Concurrent Cleanup for Next Mark
[2020-05-06T20:46:02.948+0200][24515.497s] GC(40) Concurrent Cleanup for Next Mark 0.222ms
[2020-05-06T20:46:02.948+0200][24515.498s] GC(40) Concurrent Cycle 29.687ms
[2020-05-06T20:46:05.196+0200][24517.746s] GC(41) Pause Young (Prepare Mixed) (G1 Evacuation Pause)
[2020-05-06T20:46:05.196+0200][24517.746s] GC(41) Using 10 workers of 10 for evacuation
[2020-05-06T20:46:05.198+0200][24517.748s] GC(41)   Pre Evacuate Collection Set: 0.0ms
[2020-05-06T20:46:05.199+0200][24517.748s] GC(41)   Evacuate Collection Set: 2.0ms
[2020-05-06T20:46:05.199+0200][24517.748s] GC(41)   Post Evacuate Collection Set: 0.3ms
[2020-05-06T20:46:05.199+0200][24517.748s] GC(41)   Other: 0.1ms
[2020-05-06T20:46:05.199+0200][24517.748s] GC(41) Eden regions: 137->0(8)
[2020-05-06T20:46:05.199+0200][24517.748s] GC(41) Survivor regions: 5->17(18)
[2020-05-06T20:46:05.199+0200][24517.748s] GC(41) Old regions: 118->118
[2020-05-06T20:46:05.199+0200][24517.748s] GC(41) Humongous regions: 63->30
[2020-05-06T20:46:05.199+0200][24517.748s] GC(41) Metaspace: 57453K->57453K(1101824K)
[2020-05-06T20:46:05.199+0200][24517.748s] GC(41) Pause Young (Prepare Mixed) (G1 Evacuation Pause) 321M->163M(512M) 2.642ms
[2020-05-06T20:46:05.199+0200][24517.748s] GC(41) User=0.00s Sys=0.00s Real=0.00s
[2020-05-06T20:46:05.654+0200][24518.204s] GC(42) Pause Young (Mixed) (G1 Evacuation Pause)
[2020-05-06T20:46:05.654+0200][24518.204s] GC(42) Using 10 workers of 10 for evacuation
[2020-05-06T20:46:05.657+0200][24518.207s] GC(42)   Pre Evacuate Collection Set: 0.0ms
[2020-05-06T20:46:05.657+0200][24518.207s] GC(42)   Evacuate Collection Set: 1.9ms
[2020-05-06T20:46:05.657+0200][24518.207s] GC(42)   Post Evacuate Collection Set: 0.3ms
[2020-05-06T20:46:05.657+0200][24518.207s] GC(42)   Other: 0.2ms
[2020-05-06T20:46:05.657+0200][24518.207s] GC(42) Eden regions: 8->0(200)
[2020-05-06T20:46:05.657+0200][24518.207s] GC(42) Survivor regions: 17->2(4)
[2020-05-06T20:46:05.657+0200][24518.207s] GC(42) Old regions: 118->107
[2020-05-06T20:46:05.657+0200][24518.207s] GC(42) Humongous regions: 37->28
[2020-05-06T20:46:05.657+0200][24518.207s] GC(42) Metaspace: 57454K->57454K(1101824K)
[2020-05-06T20:46:05.657+0200][24518.207s] GC(42) Pause Young (Mixed) (G1 Evacuation Pause) 178M->135M(512M) 2.574ms
[2020-05-06T20:46:05.657+0200][24518.207s] GC(42) User=0.14s Sys=0.00s Real=0.00s
[2020-05-06T20:46:08.551+0200][24521.101s] GC(43) Pause Young (Normal) (G1 Evacuation Pause)
[2020-05-06T20:46:08.551+0200][24521.101s] GC(43) Using 10 workers of 10 for evacuation
[2020-05-06T20:46:08.554+0200][24521.104s] GC(43)   Pre Evacuate Collection Set: 0.0ms
[2020-05-06T20:46:08.554+0200][24521.104s] GC(43)   Evacuate Collection Set: 2.1ms
[2020-05-06T20:46:08.554+0200][24521.104s] GC(43)   Post Evacuate Collection Set: 0.5ms
[2020-05-06T20:46:08.554+0200][24521.104s] GC(43)   Other: 0.1ms
[2020-05-06T20:46:08.554+0200][24521.104s] GC(43) Eden regions: 200->0(188)
[2020-05-06T20:46:08.554+0200][24521.104s] GC(43) Survivor regions: 2->23(26)
[2020-05-06T20:46:08.554+0200][24521.104s] GC(43) Old regions: 107->107
[2020-05-06T20:46:08.554+0200][24521.104s] GC(43) Humongous regions: 91->49
[2020-05-06T20:46:08.554+0200][24521.104s] GC(43) Metaspace: 57454K->57454K(1101824K)
[2020-05-06T20:46:08.554+0200][24521.104s] GC(43) Pause Young (Normal) (G1 Evacuation Pause) 398M->177M(512M) 2.886ms
[2020-05-06T20:46:08.554+0200][24521.104s] GC(43) User=0.00s Sys=0.00s Real=0.00s
[2020-05-06T20:46:10.694+0200][24523.243s] GC(44) Pause Young (Normal) (G1 Evacuation Pause)
[2020-05-06T20:46:10.694+0200][24523.243s] GC(44) Using 10 workers of 10 for evacuation
[2020-05-06T20:46:10.697+0200][24523.247s] GC(44)   Pre Evacuate Collection Set: 0.0ms
[2020-05-06T20:46:10.697+0200][24523.247s] GC(44)   Evacuate Collection Set: 3.0ms
[2020-05-06T20:46:10.697+0200][24523.247s] GC(44)   Post Evacuate Collection Set: 0.5ms
[2020-05-06T20:46:10.697+0200][24523.247s] GC(44)   Other: 0.1ms
[2020-05-06T20:46:10.697+0200][24523.247s] GC(44) Eden regions: 188->0(190)
[2020-05-06T20:46:10.697+0200][24523.247s] GC(44) Survivor regions: 23->11(27)
[2020-05-06T20:46:10.697+0200][24523.247s] GC(44) Old regions: 107->127
[2020-05-06T20:46:10.697+0200][24523.247s] GC(44) Humongous regions: 87->53
[2020-05-06T20:46:10.697+0200][24523.247s] GC(44) Metaspace: 57456K->57456K(1101824K)
[2020-05-06T20:46:10.697+0200][24523.247s] GC(44) Pause Young (Normal) (G1 Evacuation Pause) 403M->190M(512M) 3.738ms
[2020-05-06T20:46:10.697+0200][24523.247s] GC(44) User=0.00s Sys=0.00s Real=0.00s
[2020-05-06T20:46:11.157+0200][24523.707s] GC(45) Pause Young (Normal) (G1 Evacuation Pause)
[2020-05-06T20:46:11.157+0200][24523.707s] GC(45) Using 10 workers of 10 for evacuation
[2020-05-06T20:46:11.159+0200][24523.708s] GC(45)   Pre Evacuate Collection Set: 0.0ms
[2020-05-06T20:46:11.159+0200][24523.708s] GC(45)   Evacuate Collection Set: 1.0ms
[2020-05-06T20:46:11.159+0200][24523.708s] GC(45)   Post Evacuate Collection Set: 0.4ms
[2020-05-06T20:46:11.159+0200][24523.708s] GC(45)   Other: 0.1ms
[2020-05-06T20:46:11.159+0200][24523.708s] GC(45) Eden regions: 190->0(198)
[2020-05-06T20:46:11.159+0200][24523.708s] GC(45) Survivor regions: 11->11(26)
[2020-05-06T20:46:11.159+0200][24523.708s] GC(45) Old regions: 127->127
[2020-05-06T20:46:11.159+0200][24523.708s] GC(45) Humongous regions: 53->53
[2020-05-06T20:46:11.159+0200][24523.708s] GC(45) Metaspace: 57456K->57456K(1101824K)
[2020-05-06T20:46:11.159+0200][24523.708s] GC(45) Pause Young (Normal) (G1 Evacuation Pause) 380M->190M(512M) 1.672ms
[2020-05-06T20:46:11.159+0200][24523.709s] GC(45) User=0.00s Sys=0.00s Real=0.00s
[2020-05-06T20:46:11.727+0200][24524.276s] GC(46) Pause Young (Normal) (G1 Evacuation Pause)
[2020-05-06T20:46:11.727+0200][24524.276s] GC(46) Using 10 workers of 10 for evacuation
[2020-05-06T20:46:11.728+0200][24524.278s] GC(46)   Pre Evacuate Collection Set: 0.0ms
[2020-05-06T20:46:11.728+0200][24524.278s] GC(46)   Evacuate Collection Set: 1.1ms
[2020-05-06T20:46:11.728+0200][24524.278s] GC(46)   Post Evacuate Collection Set: 0.4ms
[2020-05-06T20:46:11.728+0200][24524.278s] GC(46)   Other: 0.1ms
[2020-05-06T20:46:11.728+0200][24524.278s] GC(46) Eden regions: 198->0(204)
[2020-05-06T20:46:11.728+0200][24524.278s] GC(46) Survivor regions: 11->11(27)
[2020-05-06T20:46:11.728+0200][24524.278s] GC(46) Old regions: 127->127
[2020-05-06T20:46:11.728+0200][24524.278s] GC(46) Humongous regions: 53->53
[2020-05-06T20:46:11.728+0200][24524.278s] GC(46) Metaspace: 57456K->57456K(1101824K)
[2020-05-06T20:46:11.728+0200][24524.278s] GC(46) Pause Young (Normal) (G1 Evacuation Pause) 388M->190M(512M) 1.824ms
[2020-05-06T20:46:11.728+0200][24524.278s] GC(46) User=0.00s Sys=0.00s Real=0.00s
[2020-05-06T20:46:12.597+0200][24525.147s] GC(47) Pause Young (Normal) (G1 Evacuation Pause)
[2020-05-06T20:46:12.597+0200][24525.147s] GC(47) Using 10 workers of 10 for evacuation
[2020-05-06T20:46:12.599+0200][24525.149s] GC(47)   Pre Evacuate Collection Set: 0.0ms
[2020-05-06T20:46:12.599+0200][24525.149s] GC(47)   Evacuate Collection Set: 1.6ms
[2020-05-06T20:46:12.599+0200][24525.149s] GC(47)   Post Evacuate Collection Set: 0.5ms
[2020-05-06T20:46:12.599+0200][24525.149s] GC(47)   Other: 0.2ms
[2020-05-06T20:46:12.599+0200][24525.149s] GC(47) Eden regions: 204->0(206)
[2020-05-06T20:46:12.599+0200][24525.149s] GC(47) Survivor regions: 11->17(27)
[2020-05-06T20:46:12.599+0200][24525.149s] GC(47) Old regions: 127->127
[2020-05-06T20:46:12.599+0200][24525.149s] GC(47) Humongous regions: 53->53
[2020-05-06T20:46:12.599+0200][24525.149s] GC(47) Metaspace: 57505K->57505K(1101824K)
[2020-05-06T20:46:12.599+0200][24525.149s] GC(47) Pause Young (Normal) (G1 Evacuation Pause) 394M->196M(512M) 2.473ms
[2020-05-06T20:46:12.599+0200][24525.149s] GC(47) User=0.00s Sys=0.00s Real=0.00s
[2020-05-06T20:46:14.291+0200][24526.841s] GC(48) Pause Young (Concurrent Start) (G1 Humongous Allocation)
[2020-05-06T20:46:14.291+0200][24526.841s] GC(48) Using 10 workers of 10 for evacuation
[2020-05-06T20:46:14.295+0200][24526.845s] GC(48)   Pre Evacuate Collection Set: 0.1ms
[2020-05-06T20:46:14.295+0200][24526.845s] GC(48)   Evacuate Collection Set: 3.4ms
[2020-05-06T20:46:14.295+0200][24526.845s] GC(48)   Post Evacuate Collection Set: 0.4ms
[2020-05-06T20:46:14.295+0200][24526.845s] GC(48)   Other: 0.2ms
[2020-05-06T20:46:14.295+0200][24526.845s] GC(48) Eden regions: 160->0(183)
[2020-05-06T20:46:14.295+0200][24526.845s] GC(48) Survivor regions: 17->25(28)
[2020-05-06T20:46:14.295+0200][24526.845s] GC(48) Old regions: 127->137
[2020-05-06T20:46:14.295+0200][24526.845s] GC(48) Humongous regions: 59->57
[2020-05-06T20:46:14.295+0200][24526.845s] GC(48) Metaspace: 57507K->57507K(1101824K)
[2020-05-06T20:46:14.295+0200][24526.845s] GC(48) Pause Young (Concurrent Start) (G1 Humongous Allocation) 362M->218M(512M) 4.203ms
[2020-05-06T20:46:14.295+0200][24526.845s] GC(48) User=0.00s Sys=0.00s Real=0.00s
[2020-05-06T20:46:14.295+0200][24526.845s] GC(49) Concurrent Cycle
[2020-05-06T20:46:14.296+0200][24526.845s] GC(49) Concurrent Clear Claimed Marks
[2020-05-06T20:46:14.296+0200][24526.845s] GC(49) Concurrent Clear Claimed Marks 0.060ms
[2020-05-06T20:46:14.296+0200][24526.845s] GC(49) Concurrent Scan Root Regions
[2020-05-06T20:46:14.296+0200][24526.846s] GC(49) Concurrent Scan Root Regions 0.405ms
[2020-05-06T20:46:14.296+0200][24526.846s] GC(49) Concurrent Mark (24526.846s)
[2020-05-06T20:46:14.296+0200][24526.846s] GC(49) Concurrent Mark From Roots
[2020-05-06T20:46:14.296+0200][24526.846s] GC(49) Using 3 workers of 3 for marking
[2020-05-06T20:46:14.309+0200][24526.859s] GC(49) Concurrent Mark From Roots 13.374ms
[2020-05-06T20:46:14.309+0200][24526.859s] GC(49) Concurrent Preclean
[2020-05-06T20:46:14.310+0200][24526.859s] GC(49) Concurrent Preclean 0.210ms
[2020-05-06T20:46:14.310+0200][24526.859s] GC(49) Concurrent Mark (24526.846s, 24526.859s) 13.658ms
[2020-05-06T20:46:14.310+0200][24526.860s] GC(49) Pause Remark
[2020-05-06T20:46:14.313+0200][24526.862s] GC(49) Cleaned string and symbol table, strings: 26236 processed, 0 removed, symbols: 163564 processed, 0 removed
[2020-05-06T20:46:14.313+0200][24526.863s] GC(49) Pause Remark 221M->114M(512M) 2.925ms
[2020-05-06T20:46:14.313+0200][24526.863s] GC(49) User=0.02s Sys=0.00s Real=0.00s
[2020-05-06T20:46:14.313+0200][24526.863s] GC(49) Concurrent Rebuild Remembered Sets
[2020-05-06T20:46:14.321+0200][24526.871s] GC(49) Concurrent Rebuild Remembered Sets 7.832ms
[2020-05-06T20:46:14.321+0200][24526.871s] GC(49) Pause Cleanup
[2020-05-06T20:46:14.321+0200][24526.871s] GC(49) Pause Cleanup 114M->114M(512M) 0.153ms
[2020-05-06T20:46:14.321+0200][24526.871s] GC(49) User=0.00s Sys=0.00s Real=0.00s
[2020-05-06T20:46:14.322+0200][24526.871s] GC(49) Concurrent Cleanup for Next Mark
[2020-05-06T20:46:14.322+0200][24526.871s] GC(49) Concurrent Cleanup for Next Mark 0.244ms
[2020-05-06T20:46:14.322+0200][24526.871s] GC(49) Concurrent Cycle 26.166ms
[2020-05-06T20:46:17.069+0200][24529.619s] GC(50) Pause Young (Prepare Mixed) (G1 Evacuation Pause)
[2020-05-06T20:46:17.069+0200][24529.619s] GC(50) Using 10 workers of 10 for evacuation
[2020-05-06T20:46:17.073+0200][24529.623s] GC(50)   Pre Evacuate Collection Set: 0.0ms
[2020-05-06T20:46:17.073+0200][24529.623s] GC(50)   Evacuate Collection Set: 3.3ms
[2020-05-06T20:46:17.073+0200][24529.623s] GC(50)   Post Evacuate Collection Set: 0.4ms
[2020-05-06T20:46:17.073+0200][24529.623s] GC(50)   Other: 0.1ms
[2020-05-06T20:46:17.073+0200][24529.623s] GC(50) Eden regions: 183->0(7)
[2020-05-06T20:46:17.073+0200][24529.623s] GC(50) Survivor regions: 25->18(26)
[2020-05-06T20:46:17.073+0200][24529.623s] GC(50) Old regions: 76->93
[2020-05-06T20:46:17.073+0200][24529.623s] GC(50) Humongous regions: 65->27
[2020-05-06T20:46:17.073+0200][24529.623s] GC(50) Metaspace: 57509K->57509K(1101824K)
[2020-05-06T20:46:17.073+0200][24529.623s] GC(50) Pause Young (Prepare Mixed) (G1 Evacuation Pause) 348M->136M(512M) 4.010ms
[2020-05-06T20:46:17.073+0200][24529.623s] GC(50) User=0.00s Sys=0.00s Real=0.00s
[2020-05-06T20:46:17.119+0200][24529.669s] GC(51) Pause Young (Mixed) (G1 Evacuation Pause)
[2020-05-06T20:46:17.119+0200][24529.669s] GC(51) Using 10 workers of 10 for evacuation
[2020-05-06T20:46:17.122+0200][24529.672s] GC(51)   Pre Evacuate Collection Set: 0.0ms
[2020-05-06T20:46:17.122+0200][24529.672s] GC(51)   Evacuate Collection Set: 2.4ms
[2020-05-06T20:46:17.122+0200][24529.672s] GC(51)   Post Evacuate Collection Set: 0.4ms
[2020-05-06T20:46:17.122+0200][24529.672s] GC(51)   Other: 0.2ms
[2020-05-06T20:46:17.122+0200][24529.672s] GC(51) Eden regions: 7->0(226)
[2020-05-06T20:46:17.122+0200][24529.672s] GC(51) Survivor regions: 18->1(4)
[2020-05-06T20:46:17.122+0200][24529.672s] GC(51) Old regions: 93->91
[2020-05-06T20:46:17.122+0200][24529.672s] GC(51) Humongous regions: 27->27
[2020-05-06T20:46:17.122+0200][24529.672s] GC(51) Metaspace: 57509K->57509K(1101824K)
[2020-05-06T20:46:17.122+0200][24529.672s] GC(51) Pause Young (Mixed) (G1 Evacuation Pause) 143M->117M(512M) 3.109ms
[2020-05-06T20:46:17.122+0200][24529.672s] GC(51) User=0.00s Sys=0.00s Real=0.00s
[2020-05-06T20:46:18.358+0200][24530.907s] GC(52) Pause Young (Normal) (G1 Evacuation Pause)
[2020-05-06T20:46:18.358+0200][24530.907s] GC(52) Using 10 workers of 10 for evacuation
[2020-05-06T20:46:18.358+0200][24530.908s] GC(52)   Pre Evacuate Collection Set: 0.0ms
[2020-05-06T20:46:18.358+0200][24530.908s] GC(52)   Evacuate Collection Set: 0.3ms
[2020-05-06T20:46:18.358+0200][24530.908s] GC(52)   Post Evacuate Collection Set: 0.4ms
[2020-05-06T20:46:18.358+0200][24530.908s] GC(52)   Other: 0.1ms
[2020-05-06T20:46:18.358+0200][24530.908s] GC(52) Eden regions: 226->0(237)
[2020-05-06T20:46:18.358+0200][24530.908s] GC(52) Survivor regions: 1->1(29)
[2020-05-06T20:46:18.358+0200][24530.908s] GC(52) Old regions: 91->91
[2020-05-06T20:46:18.358+0200][24530.908s] GC(52) Humongous regions: 27->27
[2020-05-06T20:46:18.358+0200][24530.908s] GC(52) Metaspace: 57509K->57509K(1101824K)
[2020-05-06T20:46:18.358+0200][24530.908s] GC(52) Pause Young (Normal) (G1 Evacuation Pause) 343M->117M(512M) 0.911ms
[2020-05-06T20:46:18.358+0200][24530.908s] GC(52) User=0.00s Sys=0.00s Real=0.00s
[2020-05-07T00:23:40.414+0200][37572.964s] GC(53) Pause Young (Normal) (G1 Evacuation Pause)
[2020-05-07T00:23:40.414+0200][37572.964s] GC(53) Using 10 workers of 10 for evacuation
[2020-05-07T00:23:40.416+0200][37572.965s] GC(53)   Pre Evacuate Collection Set: 0.0ms
[2020-05-07T00:23:40.416+0200][37572.965s] GC(53)   Evacuate Collection Set: 0.8ms
[2020-05-07T00:23:40.416+0200][37572.965s] GC(53)   Post Evacuate Collection Set: 0.6ms
[2020-05-07T00:23:40.416+0200][37572.966s] GC(53)   Other: 0.2ms
[2020-05-07T00:23:40.416+0200][37572.966s] GC(53) Eden regions: 237->0(248)
[2020-05-07T00:23:40.416+0200][37572.966s] GC(53) Survivor regions: 1->2(30)
[2020-05-07T00:23:40.416+0200][37572.966s] GC(53) Old regions: 91->91
[2020-05-07T00:23:40.416+0200][37572.966s] GC(53) Humongous regions: 27->27
[2020-05-07T00:23:40.416+0200][37572.966s] GC(53) Metaspace: 57717K->57717K(1101824K)
[2020-05-07T00:23:40.416+0200][37572.966s] GC(53) Pause Young (Normal) (G1 Evacuation Pause) 354M->118M(512M) 1.675ms
[2020-05-07T00:23:40.416+0200][37572.966s] GC(53) User=0.00s Sys=0.00s Real=0.00s
[2020-05-07T00:40:25.120+0200][38577.670s] GC(54) Pause Young (Normal) (G1 Evacuation Pause)
[2020-05-07T00:40:25.120+0200][38577.670s] GC(54) Using 10 workers of 10 for evacuation
[2020-05-07T00:40:25.124+0200][38577.673s] GC(54)   Pre Evacuate Collection Set: 0.0ms
[2020-05-07T00:40:25.124+0200][38577.673s] GC(54)   Evacuate Collection Set: 2.6ms
[2020-05-07T00:40:25.124+0200][38577.673s] GC(54)   Post Evacuate Collection Set: 0.6ms
[2020-05-07T00:40:25.124+0200][38577.673s] GC(54)   Other: 0.2ms
[2020-05-07T00:40:25.124+0200][38577.673s] GC(54) Eden regions: 248->0(231)
[2020-05-07T00:40:25.124+0200][38577.673s] GC(54) Survivor regions: 2->30(32)
[2020-05-07T00:40:25.124+0200][38577.673s] GC(54) Old regions: 91->91
[2020-05-07T00:40:25.124+0200][38577.673s] GC(54) Humongous regions: 34->31
[2020-05-07T00:40:25.124+0200][38577.673s] GC(54) Metaspace: 57719K->57719K(1101824K)
[2020-05-07T00:40:25.124+0200][38577.673s] GC(54) Pause Young (Normal) (G1 Evacuation Pause) 373M->150M(512M) 3.530ms
[2020-05-07T00:40:25.124+0200][38577.673s] GC(54) User=0.00s Sys=0.00s Real=0.00s
[2020-05-07T00:40:27.186+0200][38579.736s] GC(55) Pause Young (Concurrent Start) (G1 Humongous Allocation)
[2020-05-07T00:40:27.186+0200][38579.736s] GC(55) Using 10 workers of 10 for evacuation
[2020-05-07T00:40:27.191+0200][38579.741s] GC(55)   Pre Evacuate Collection Set: 0.1ms
[2020-05-07T00:40:27.191+0200][38579.741s] GC(55)   Evacuate Collection Set: 4.2ms
[2020-05-07T00:40:27.191+0200][38579.741s] GC(55)   Post Evacuate Collection Set: 0.6ms
[2020-05-07T00:40:27.191+0200][38579.741s] GC(55)   Other: 0.2ms
[2020-05-07T00:40:27.191+0200][38579.741s] GC(55) Eden regions: 183->0(215)
[2020-05-07T00:40:27.191+0200][38579.741s] GC(55) Survivor regions: 30->17(33)
[2020-05-07T00:40:27.191+0200][38579.741s] GC(55) Old regions: 91->113
[2020-05-07T00:40:27.191+0200][38579.741s] GC(55) Humongous regions: 61->54
[2020-05-07T00:40:27.191+0200][38579.741s] GC(55) Metaspace: 57719K->57719K(1101824K)
[2020-05-07T00:40:27.191+0200][38579.741s] GC(55) Pause Young (Concurrent Start) (G1 Humongous Allocation) 362M->182M(512M) 5.132ms
[2020-05-07T00:40:27.191+0200][38579.741s] GC(55) User=0.16s Sys=0.00s Real=0.00s
[2020-05-07T00:40:27.191+0200][38579.741s] GC(56) Concurrent Cycle
[2020-05-07T00:40:27.191+0200][38579.741s] GC(56) Concurrent Clear Claimed Marks
[2020-05-07T00:40:27.191+0200][38579.741s] GC(56) Concurrent Clear Claimed Marks 0.066ms
[2020-05-07T00:40:27.191+0200][38579.741s] GC(56) Concurrent Scan Root Regions
[2020-05-07T00:40:27.193+0200][38579.742s] GC(56) Concurrent Scan Root Regions 1.026ms
[2020-05-07T00:40:27.193+0200][38579.742s] GC(56) Concurrent Mark (38579.742s)
[2020-05-07T00:40:27.193+0200][38579.742s] GC(56) Concurrent Mark From Roots
[2020-05-07T00:40:27.193+0200][38579.742s] GC(56) Using 3 workers of 3 for marking
[2020-05-07T00:40:27.206+0200][38579.756s] GC(56) Concurrent Mark From Roots 13.544ms
[2020-05-07T00:40:27.206+0200][38579.756s] GC(56) Concurrent Preclean
[2020-05-07T00:40:27.207+0200][38579.756s] GC(56) Concurrent Preclean 0.168ms
[2020-05-07T00:40:27.207+0200][38579.756s] GC(56) Concurrent Mark (38579.742s, 38579.756s) 13.787ms
[2020-05-07T00:40:27.207+0200][38579.756s] GC(56) Pause Remark
[2020-05-07T00:40:27.209+0200][38579.760s] GC(56) Cleaned string and symbol table, strings: 26534 processed, 0 removed, symbols: 163598 processed, 4 removed
[2020-05-07T00:40:27.210+0200][38579.760s] GC(56) Pause Remark 184M->141M(512M) 3.593ms
[2020-05-07T00:40:27.210+0200][38579.760s] GC(56) User=0.00s Sys=0.00s Real=0.00s
[2020-05-07T00:40:27.210+0200][38579.760s] GC(56) Concurrent Rebuild Remembered Sets
[2020-05-07T00:40:27.216+0200][38579.767s] GC(56) Concurrent Rebuild Remembered Sets 6.629ms
[2020-05-07T00:40:27.217+0200][38579.767s] GC(56) Pause Cleanup
[2020-05-07T00:40:27.217+0200][38579.767s] GC(56) Pause Cleanup 149M->149M(512M) 0.145ms
[2020-05-07T00:40:27.217+0200][38579.767s] GC(56) User=0.00s Sys=0.00s Real=0.00s
[2020-05-07T00:40:27.217+0200][38579.767s] GC(56) Concurrent Cleanup for Next Mark
[2020-05-07T00:40:27.217+0200][38579.768s] GC(56) Concurrent Cleanup for Next Mark 0.419ms
[2020-05-07T00:40:27.217+0200][38579.768s] GC(56) Concurrent Cycle 26.517ms
[2020-05-07T00:40:30.194+0200][38582.743s] GC(57) Pause Young (Prepare Mixed) (G1 Evacuation Pause)
[2020-05-07T00:40:30.194+0200][38582.743s] GC(57) Using 10 workers of 10 for evacuation
[2020-05-07T00:40:30.198+0200][38582.748s] GC(57)   Pre Evacuate Collection Set: 0.0ms
[2020-05-07T00:40:30.198+0200][38582.748s] GC(57)   Evacuate Collection Set: 3.8ms
[2020-05-07T00:40:30.198+0200][38582.748s] GC(57)   Post Evacuate Collection Set: 0.6ms
[2020-05-07T00:40:30.198+0200][38582.748s] GC(57)   Other: 0.2ms
[2020-05-07T00:40:30.198+0200][38582.748s] GC(57) Eden regions: 215->0(1)
[2020-05-07T00:40:30.198+0200][38582.748s] GC(57) Survivor regions: 17->24(29)
[2020-05-07T00:40:30.198+0200][38582.748s] GC(57) Old regions: 90->105
[2020-05-07T00:40:30.198+0200][38582.748s] GC(57) Humongous regions: 101->28
[2020-05-07T00:40:30.198+0200][38582.748s] GC(57) Metaspace: 57722K->57722K(1101824K)
[2020-05-07T00:40:30.198+0200][38582.748s] GC(57) Pause Young (Prepare Mixed) (G1 Evacuation Pause) 421M->156M(512M) 4.644ms
[2020-05-07T00:40:30.198+0200][38582.748s] GC(57) User=0.00s Sys=0.00s Real=0.00s
[2020-05-07T00:40:30.217+0200][38582.767s] GC(58) Pause Young (Mixed) (G1 Evacuation Pause)
[2020-05-07T00:40:30.217+0200][38582.767s] GC(58) Using 10 workers of 10 for evacuation
[2020-05-07T00:40:30.220+0200][38582.770s] GC(58)   Pre Evacuate Collection Set: 0.0ms
[2020-05-07T00:40:30.220+0200][38582.770s] GC(58)   Evacuate Collection Set: 2.2ms
[2020-05-07T00:40:30.220+0200][38582.770s] GC(58)   Post Evacuate Collection Set: 0.4ms
[2020-05-07T00:40:30.220+0200][38582.770s] GC(58)   Other: 0.2ms
[2020-05-07T00:40:30.220+0200][38582.770s] GC(58) Eden regions: 1->0(240)
[2020-05-07T00:40:30.220+0200][38582.770s] GC(58) Survivor regions: 24->1(4)
[2020-05-07T00:40:30.220+0200][38582.770s] GC(58) Old regions: 105->117
[2020-05-07T00:40:30.220+0200][38582.770s] GC(58) Humongous regions: 28->28
[2020-05-07T00:40:30.220+0200][38582.770s] GC(58) Metaspace: 57722K->57722K(1101824K)
[2020-05-07T00:40:30.220+0200][38582.770s] GC(58) Pause Young (Mixed) (G1 Evacuation Pause) 157M->145M(512M) 2.909ms
[2020-05-07T00:40:30.220+0200][38582.770s] GC(58) User=0.16s Sys=0.00s Real=0.00s
[2020-05-07T00:40:33.326+0200][38585.875s] GC(59) Pause Young (Normal) (G1 Evacuation Pause)
[2020-05-07T00:40:33.326+0200][38585.875s] GC(59) Using 10 workers of 10 for evacuation
[2020-05-07T00:40:33.328+0200][38585.878s] GC(59)   Pre Evacuate Collection Set: 0.0ms
[2020-05-07T00:40:33.328+0200][38585.878s] GC(59)   Evacuate Collection Set: 1.9ms
[2020-05-07T00:40:33.328+0200][38585.878s] GC(59)   Post Evacuate Collection Set: 0.4ms
[2020-05-07T00:40:33.328+0200][38585.878s] GC(59)   Other: 0.1ms
[2020-05-07T00:40:33.328+0200][38585.878s] GC(59) Eden regions: 240->0(206)
[2020-05-07T00:40:33.328+0200][38585.878s] GC(59) Survivor regions: 1->20(31)
[2020-05-07T00:40:33.328+0200][38585.878s] GC(59) Old regions: 117->117
[2020-05-07T00:40:33.328+0200][38585.878s] GC(59) Humongous regions: 130->61
[2020-05-07T00:40:33.328+0200][38585.878s] GC(59) Metaspace: 57727K->57727K(1101824K)
[2020-05-07T00:40:33.328+0200][38585.878s] GC(59) Pause Young (Normal) (G1 Evacuation Pause) 487M->197M(512M) 2.641ms
[2020-05-07T00:40:33.328+0200][38585.878s] GC(59) User=0.00s Sys=0.02s Real=0.00s
[2020-05-07T00:40:33.701+0200][38586.251s] GC(60) Pause Young (Normal) (G1 Evacuation Pause)
[2020-05-07T00:40:33.701+0200][38586.251s] GC(60) Using 10 workers of 10 for evacuation
[2020-05-07T00:40:33.703+0200][38586.253s] GC(60)   Pre Evacuate Collection Set: 0.0ms
[2020-05-07T00:40:33.703+0200][38586.253s] GC(60)   Evacuate Collection Set: 1.7ms
[2020-05-07T00:40:33.703+0200][38586.253s] GC(60)   Post Evacuate Collection Set: 0.5ms
[2020-05-07T00:40:33.703+0200][38586.253s] GC(60)   Other: 0.1ms
[2020-05-07T00:40:33.703+0200][38586.253s] GC(60) Eden regions: 206->0(212)
[2020-05-07T00:40:33.703+0200][38586.253s] GC(60) Survivor regions: 20->1(29)
[2020-05-07T00:40:33.703+0200][38586.253s] GC(60) Old regions: 117->137
[2020-05-07T00:40:33.703+0200][38586.253s] GC(60) Humongous regions: 61->61
[2020-05-07T00:40:33.703+0200][38586.253s] GC(60) Metaspace: 57727K->57727K(1101824K)
[2020-05-07T00:40:33.703+0200][38586.253s] GC(60) Pause Young (Normal) (G1 Evacuation Pause) 403M->197M(512M) 2.466ms
[2020-05-07T00:40:33.703+0200][38586.253s] GC(60) User=0.06s Sys=0.08s Real=0.00s
[2020-05-07T00:40:34.154+0200][38586.703s] GC(61) Pause Young (Concurrent Start) (G1 Evacuation Pause)
[2020-05-07T00:40:34.154+0200][38586.703s] GC(61) Using 10 workers of 10 for evacuation
[2020-05-07T00:40:34.155+0200][38586.705s] GC(61)   Pre Evacuate Collection Set: 0.1ms
[2020-05-07T00:40:34.155+0200][38586.705s] GC(61)   Evacuate Collection Set: 0.6ms
[2020-05-07T00:40:34.155+0200][38586.705s] GC(61)   Post Evacuate Collection Set: 0.4ms
[2020-05-07T00:40:34.155+0200][38586.705s] GC(61)   Other: 0.1ms
[2020-05-07T00:40:34.155+0200][38586.705s] GC(61) Eden regions: 212->0(219)
[2020-05-07T00:40:34.155+0200][38586.705s] GC(61) Survivor regions: 1->1(27)
[2020-05-07T00:40:34.155+0200][38586.705s] GC(61) Old regions: 137->137
[2020-05-07T00:40:34.155+0200][38586.705s] GC(61) Humongous regions: 61->61
[2020-05-07T00:40:34.155+0200][38586.705s] GC(61) Metaspace: 57727K->57727K(1101824K)
[2020-05-07T00:40:34.155+0200][38586.705s] GC(61) Pause Young (Concurrent Start) (G1 Evacuation Pause) 409M->197M(512M) 1.313ms
[2020-05-07T00:40:34.155+0200][38586.705s] GC(61) User=0.00s Sys=0.00s Real=0.00s
[2020-05-07T00:40:34.155+0200][38586.705s] GC(62) Concurrent Cycle
[2020-05-07T00:40:34.155+0200][38586.705s] GC(62) Concurrent Clear Claimed Marks
[2020-05-07T00:40:34.155+0200][38586.705s] GC(62) Concurrent Clear Claimed Marks 0.020ms
[2020-05-07T00:40:34.155+0200][38586.705s] GC(62) Concurrent Scan Root Regions
[2020-05-07T00:40:34.156+0200][38586.705s] GC(62) Concurrent Scan Root Regions 0.289ms
[2020-05-07T00:40:34.156+0200][38586.705s] GC(62) Concurrent Mark (38586.705s)
[2020-05-07T00:40:34.156+0200][38586.705s] GC(62) Concurrent Mark From Roots
[2020-05-07T00:40:34.156+0200][38586.705s] GC(62) Using 3 workers of 3 for marking
[2020-05-07T00:40:34.170+0200][38586.719s] GC(62) Concurrent Mark From Roots 14.373ms
[2020-05-07T00:40:34.170+0200][38586.720s] GC(62) Concurrent Preclean
[2020-05-07T00:40:34.170+0200][38586.720s] GC(62) Concurrent Preclean 0.162ms
[2020-05-07T00:40:34.170+0200][38586.720s] GC(62) Concurrent Mark (38586.705s, 38586.720s) 14.595ms
[2020-05-07T00:40:34.170+0200][38586.720s] GC(62) Pause Remark
[2020-05-07T00:40:34.174+0200][38586.724s] GC(62) Cleaned string and symbol table, strings: 26536 processed, 55 removed, symbols: 163594 processed, 0 removed
[2020-05-07T00:40:34.174+0200][38586.724s] GC(62) Pause Remark 203M->187M(512M) 4.554ms
[2020-05-07T00:40:34.174+0200][38586.724s] GC(62) User=0.16s Sys=0.00s Real=0.00s
[2020-05-07T00:40:34.174+0200][38586.725s] GC(62) Concurrent Rebuild Remembered Sets
[2020-05-07T00:40:34.183+0200][38586.732s] GC(62) Concurrent Rebuild Remembered Sets 7.610ms
[2020-05-07T00:40:34.183+0200][38586.732s] GC(62) Pause Cleanup
[2020-05-07T00:40:34.183+0200][38586.733s] GC(62) Pause Cleanup 190M->190M(512M) 0.128ms
[2020-05-07T00:40:34.183+0200][38586.733s] GC(62) User=0.00s Sys=0.00s Real=0.00s
[2020-05-07T00:40:34.183+0200][38586.733s] GC(62) Concurrent Cleanup for Next Mark
[2020-05-07T00:40:34.183+0200][38586.733s] GC(62) Concurrent Cleanup for Next Mark 0.417ms
[2020-05-07T00:40:34.183+0200][38586.733s] GC(62) Concurrent Cycle 28.360ms
[2020-05-07T00:40:34.779+0200][38587.329s] GC(63) Pause Young (Prepare Mixed) (G1 Evacuation Pause)
[2020-05-07T00:40:34.779+0200][38587.329s] GC(63) Using 10 workers of 10 for evacuation
[2020-05-07T00:40:34.780+0200][38587.330s] GC(63)   Pre Evacuate Collection Set: 0.0ms
[2020-05-07T00:40:34.780+0200][38587.330s] GC(63)   Evacuate Collection Set: 0.7ms
[2020-05-07T00:40:34.780+0200][38587.330s] GC(63)   Post Evacuate Collection Set: 0.4ms
[2020-05-07T00:40:34.780+0200][38587.330s] GC(63)   Other: 0.1ms
[2020-05-07T00:40:34.780+0200][38587.330s] GC(63) Eden regions: 219->0(19)
[2020-05-07T00:40:34.780+0200][38587.330s] GC(63) Survivor regions: 1->6(28)
[2020-05-07T00:40:34.780+0200][38587.330s] GC(63) Old regions: 137->137
[2020-05-07T00:40:34.780+0200][38587.330s] GC(63) Humongous regions: 45->45
[2020-05-07T00:40:34.780+0200][38587.330s] GC(63) Metaspace: 57693K->57693K(1101824K)
[2020-05-07T00:40:34.780+0200][38587.330s] GC(63) Pause Young (Prepare Mixed) (G1 Evacuation Pause) 400M->186M(512M) 1.345ms
[2020-05-07T00:40:34.780+0200][38587.330s] GC(63) User=0.00s Sys=0.00s Real=0.00s
[2020-05-07T00:40:34.900+0200][38587.450s] GC(64) Pause Young (Mixed) (G1 Evacuation Pause)
[2020-05-07T00:40:34.900+0200][38587.450s] GC(64) Using 10 workers of 10 for evacuation
[2020-05-07T00:40:34.902+0200][38587.451s] GC(64)   Pre Evacuate Collection Set: 0.0ms
[2020-05-07T00:40:34.902+0200][38587.451s] GC(64)   Evacuate Collection Set: 0.8ms
[2020-05-07T00:40:34.902+0200][38587.451s] GC(64)   Post Evacuate Collection Set: 0.4ms
[2020-05-07T00:40:34.902+0200][38587.451s] GC(64)   Other: 0.2ms
[2020-05-07T00:40:34.902+0200][38587.451s] GC(64) Eden regions: 19->0(231)
[2020-05-07T00:40:34.902+0200][38587.451s] GC(64) Survivor regions: 6->4(4)
[2020-05-07T00:40:34.902+0200][38587.451s] GC(64) Old regions: 137->138
[2020-05-07T00:40:34.902+0200][38587.451s] GC(64) Humongous regions: 45->45
[2020-05-07T00:40:34.902+0200][38587.451s] GC(64) Metaspace: 57693K->57693K(1101824K)
[2020-05-07T00:40:34.902+0200][38587.451s] GC(64) Pause Young (Mixed) (G1 Evacuation Pause) 205M->186M(512M) 1.433ms
[2020-05-07T00:40:34.902+0200][38587.451s] GC(64) User=0.00s Sys=0.00s Real=0.00s
[2020-05-07T00:40:37.007+0200][38589.557s] GC(65) Pause Young (Normal) (G1 Evacuation Pause)
[2020-05-07T00:40:37.007+0200][38589.557s] GC(65) Using 10 workers of 10 for evacuation
[2020-05-07T00:40:37.010+0200][38589.559s] GC(65)   Pre Evacuate Collection Set: 0.0ms
[2020-05-07T00:40:37.010+0200][38589.559s] GC(65)   Evacuate Collection Set: 2.1ms
[2020-05-07T00:40:37.010+0200][38589.559s] GC(65)   Post Evacuate Collection Set: 0.4ms
[2020-05-07T00:40:37.010+0200][38589.559s] GC(65)   Other: 0.1ms
[2020-05-07T00:40:37.010+0200][38589.559s] GC(65) Eden regions: 231->0(207)
[2020-05-07T00:40:37.010+0200][38589.559s] GC(65) Survivor regions: 4->25(30)
[2020-05-07T00:40:37.010+0200][38589.560s] GC(65) Old regions: 138->138
[2020-05-07T00:40:37.010+0200][38589.560s] GC(65) Humongous regions: 51->49
[2020-05-07T00:40:37.010+0200][38589.560s] GC(65) Metaspace: 57698K->57698K(1101824K)
[2020-05-07T00:40:37.010+0200][38589.560s] GC(65) Pause Young (Normal) (G1 Evacuation Pause) 423M->211M(512M) 2.848ms
[2020-05-07T00:40:37.010+0200][38589.560s] GC(65) User=0.00s Sys=0.00s Real=0.00s
[2020-05-07T00:52:41.857+0200][39314.407s] GC(66) Pause Young (Normal) (G1 Evacuation Pause)
[2020-05-07T00:52:41.857+0200][39314.407s] GC(66) Using 10 workers of 10 for evacuation
[2020-05-07T00:52:41.860+0200][39314.409s] GC(66)   Pre Evacuate Collection Set: 0.0ms
[2020-05-07T00:52:41.860+0200][39314.409s] GC(66)   Evacuate Collection Set: 2.2ms
[2020-05-07T00:52:41.860+0200][39314.409s] GC(66)   Post Evacuate Collection Set: 0.6ms
[2020-05-07T00:52:41.860+0200][39314.409s] GC(66)   Other: 0.1ms
[2020-05-07T00:52:41.860+0200][39314.409s] GC(66) Eden regions: 207->0(211)
[2020-05-07T00:52:41.860+0200][39314.409s] GC(66) Survivor regions: 25->1(29)
[2020-05-07T00:52:41.860+0200][39314.410s] GC(66) Old regions: 138->162
[2020-05-07T00:52:41.860+0200][39314.410s] GC(66) Humongous regions: 49->49
[2020-05-07T00:52:41.860+0200][39314.410s] GC(66) Metaspace: 57729K->57729K(1101824K)
[2020-05-07T00:52:41.860+0200][39314.410s] GC(66) Pause Young (Normal) (G1 Evacuation Pause) 418M->211M(512M) 3.033ms
[2020-05-07T00:52:41.860+0200][39314.410s] GC(66) User=0.02s Sys=0.00s Real=0.00s
[2020-05-07T03:45:03.607+0200][49656.156s] GC(67) Pause Young (Concurrent Start) (G1 Humongous Allocation)
[2020-05-07T03:45:03.607+0200][49656.156s] GC(67) Using 10 workers of 10 for evacuation
[2020-05-07T03:45:03.608+0200][49656.158s] GC(67)   Pre Evacuate Collection Set: 0.1ms
[2020-05-07T03:45:03.608+0200][49656.158s] GC(67)   Evacuate Collection Set: 1.1ms
[2020-05-07T03:45:03.608+0200][49656.158s] GC(67)   Post Evacuate Collection Set: 0.3ms
[2020-05-07T03:45:03.608+0200][49656.158s] GC(67)   Other: 0.2ms
[2020-05-07T03:45:03.608+0200][49656.158s] GC(67) Eden regions: 115->0(180)
[2020-05-07T03:45:03.608+0200][49656.158s] GC(67) Survivor regions: 1->5(27)
[2020-05-07T03:45:03.608+0200][49656.158s] GC(67) Old regions: 162->162
[2020-05-07T03:45:03.608+0200][49656.158s] GC(67) Humongous regions: 49->49
[2020-05-07T03:45:03.608+0200][49656.158s] GC(67) Metaspace: 57738K->57738K(1101824K)
[2020-05-07T03:45:03.608+0200][49656.158s] GC(67) Pause Young (Concurrent Start) (G1 Humongous Allocation) 325M->215M(512M) 1.734ms
[2020-05-07T03:45:03.608+0200][49656.158s] GC(67) User=0.00s Sys=0.00s Real=0.00s
[2020-05-07T03:45:03.608+0200][49656.158s] GC(68) Concurrent Cycle
[2020-05-07T03:45:03.608+0200][49656.158s] GC(68) Concurrent Clear Claimed Marks
[2020-05-07T03:45:03.608+0200][49656.158s] GC(68) Concurrent Clear Claimed Marks 0.030ms
[2020-05-07T03:45:03.609+0200][49656.158s] GC(68) Concurrent Scan Root Regions
[2020-05-07T03:45:03.609+0200][49656.159s] GC(68) Concurrent Scan Root Regions 0.516ms
[2020-05-07T03:45:03.609+0200][49656.159s] GC(68) Concurrent Mark (49656.159s)
[2020-05-07T03:45:03.609+0200][49656.159s] GC(68) Concurrent Mark From Roots
[2020-05-07T03:45:03.609+0200][49656.159s] GC(68) Using 3 workers of 3 for marking
[2020-05-07T03:45:03.626+0200][49656.176s] GC(68) Concurrent Mark From Roots 17.077ms
[2020-05-07T03:45:03.626+0200][49656.176s] GC(68) Concurrent Preclean
[2020-05-07T03:45:03.626+0200][49656.176s] GC(68) Concurrent Preclean 0.216ms
[2020-05-07T03:45:03.626+0200][49656.176s] GC(68) Concurrent Mark (49656.159s, 49656.176s) 17.377ms
[2020-05-07T03:45:03.627+0200][49656.176s] GC(68) Pause Remark
[2020-05-07T03:45:03.630+0200][49656.180s] GC(68) Cleaned string and symbol table, strings: 26548 processed, 0 removed, symbols: 163598 processed, 7 removed
[2020-05-07T03:45:03.631+0200][49656.180s] GC(68) Pause Remark 217M->102M(512M) 4.130ms
[2020-05-07T03:45:03.631+0200][49656.180s] GC(68) User=0.00s Sys=0.00s Real=0.00s
[2020-05-07T03:45:03.631+0200][49656.180s] GC(68) Concurrent Rebuild Remembered Sets
[2020-05-07T03:45:03.640+0200][49656.189s] GC(68) Concurrent Rebuild Remembered Sets 8.958ms
[2020-05-07T03:45:03.640+0200][49656.190s] GC(68) Pause Cleanup
[2020-05-07T03:45:03.640+0200][49656.190s] GC(68) Pause Cleanup 103M->103M(512M) 0.120ms
[2020-05-07T03:45:03.640+0200][49656.190s] GC(68) User=0.00s Sys=0.00s Real=0.00s
[2020-05-07T03:45:03.640+0200][49656.190s] GC(68) Concurrent Cleanup for Next Mark
[2020-05-07T03:45:03.641+0200][49656.190s] GC(68) Concurrent Cleanup for Next Mark 0.471ms
[2020-05-07T03:45:03.641+0200][49656.190s] GC(68) Concurrent Cycle 32.186ms
[2020-05-07T03:45:05.749+0200][49658.299s] GC(69) Pause Young (Prepare Mixed) (G1 Evacuation Pause)
[2020-05-07T03:45:05.749+0200][49658.299s] GC(69) Using 10 workers of 10 for evacuation
[2020-05-07T03:45:05.752+0200][49658.302s] GC(69)   Pre Evacuate Collection Set: 0.0ms
[2020-05-07T03:45:05.752+0200][49658.302s] GC(69)   Evacuate Collection Set: 2.3ms
[2020-05-07T03:45:05.752+0200][49658.302s] GC(69)   Post Evacuate Collection Set: 0.5ms
[2020-05-07T03:45:05.752+0200][49658.302s] GC(69)   Other: 0.1ms
[2020-05-07T03:45:05.752+0200][49658.302s] GC(69) Eden regions: 180->0(4)
[2020-05-07T03:45:05.752+0200][49658.302s] GC(69) Survivor regions: 5->21(24)
[2020-05-07T03:45:05.752+0200][49658.302s] GC(69) Old regions: 89->89
[2020-05-07T03:45:05.752+0200][49658.302s] GC(69) Humongous regions: 11->9
[2020-05-07T03:45:05.752+0200][49658.302s] GC(69) Metaspace: 57742K->57742K(1101824K)
[2020-05-07T03:45:05.752+0200][49658.302s] GC(69) Pause Young (Prepare Mixed) (G1 Evacuation Pause) 284M->118M(512M) 3.051ms
[2020-05-07T03:45:05.752+0200][49658.302s] GC(69) User=0.16s Sys=0.00s Real=0.00s
[2020-05-07T03:45:05.791+0200][49658.341s] GC(70) Pause Young (Mixed) (G1 Evacuation Pause)
[2020-05-07T03:45:05.791+0200][49658.341s] GC(70) Using 10 workers of 10 for evacuation
[2020-05-07T03:45:05.794+0200][49658.345s] GC(70)   Pre Evacuate Collection Set: 0.0ms
[2020-05-07T03:45:05.794+0200][49658.345s] GC(70)   Evacuate Collection Set: 3.2ms
[2020-05-07T03:45:05.795+0200][49658.345s] GC(70)   Post Evacuate Collection Set: 0.4ms
[2020-05-07T03:45:05.795+0200][49658.345s] GC(70)   Other: 0.1ms
[2020-05-07T03:45:05.795+0200][49658.345s] GC(70) Eden regions: 4->0(249)
[2020-05-07T03:45:05.795+0200][49658.345s] GC(70) Survivor regions: 21->2(4)
[2020-05-07T03:45:05.795+0200][49658.345s] GC(70) Old regions: 89->76
[2020-05-07T03:45:05.795+0200][49658.345s] GC(70) Humongous regions: 9->9
[2020-05-07T03:45:05.795+0200][49658.345s] GC(70) Metaspace: 57742K->57742K(1101824K)
[2020-05-07T03:45:05.795+0200][49658.345s] GC(70) Pause Young (Mixed) (G1 Evacuation Pause) 122M->86M(512M) 3.886ms
[2020-05-07T03:45:05.795+0200][49658.345s] GC(70) User=0.00s Sys=0.00s Real=0.00s
[2020-05-07T03:45:08.951+0200][49661.501s] GC(71) Pause Young (Normal) (G1 Evacuation Pause)
[2020-05-07T03:45:08.951+0200][49661.501s] GC(71) Using 10 workers of 10 for evacuation
[2020-05-07T03:45:08.955+0200][49661.505s] GC(71)   Pre Evacuate Collection Set: 0.0ms
[2020-05-07T03:45:08.955+0200][49661.505s] GC(71)   Evacuate Collection Set: 3.6ms
[2020-05-07T03:45:08.955+0200][49661.505s] GC(71)   Post Evacuate Collection Set: 0.4ms
[2020-05-07T03:45:08.955+0200][49661.505s] GC(71)   Other: 0.1ms
[2020-05-07T03:45:08.955+0200][49661.505s] GC(71) Eden regions: 249->0(231)
[2020-05-07T03:45:08.955+0200][49661.505s] GC(71) Survivor regions: 2->27(32)
[2020-05-07T03:45:08.955+0200][49661.505s] GC(71) Old regions: 76->76
[2020-05-07T03:45:08.955+0200][49661.505s] GC(71) Humongous regions: 92->31
[2020-05-07T03:45:08.955+0200][49661.505s] GC(71) Metaspace: 57749K->57749K(1101824K)
[2020-05-07T03:45:08.955+0200][49661.505s] GC(71) Pause Young (Normal) (G1 Evacuation Pause) 418M->133M(512M) 4.248ms
[2020-05-07T03:45:08.955+0200][49661.505s] GC(71) User=0.08s Sys=0.00s Real=0.00s
[2020-05-07T03:45:11.417+0200][49663.967s] GC(72) Pause Young (Concurrent Start) (G1 Humongous Allocation)
[2020-05-07T03:45:11.417+0200][49663.967s] GC(72) Using 10 workers of 10 for evacuation
[2020-05-07T03:45:11.424+0200][49663.974s] GC(72)   Pre Evacuate Collection Set: 0.1ms
[2020-05-07T03:45:11.424+0200][49663.974s] GC(72)   Evacuate Collection Set: 6.2ms
[2020-05-07T03:45:11.424+0200][49663.974s] GC(72)   Post Evacuate Collection Set: 0.5ms
[2020-05-07T03:45:11.424+0200][49663.974s] GC(72)   Other: 0.1ms
[2020-05-07T03:45:11.424+0200][49663.974s] GC(72) Eden regions: 167->0(217)
[2020-05-07T03:45:11.424+0200][49663.974s] GC(72) Survivor regions: 27->18(33)
[2020-05-07T03:45:11.424+0200][49663.974s] GC(72) Old regions: 76->101
[2020-05-07T03:45:11.424+0200][49663.974s] GC(72) Humongous regions: 76->40
[2020-05-07T03:45:11.424+0200][49663.974s] GC(72) Metaspace: 57761K->57761K(1101824K)
[2020-05-07T03:45:11.424+0200][49663.974s] GC(72) Pause Young (Concurrent Start) (G1 Humongous Allocation) 344M->157M(512M) 6.950ms
[2020-05-07T03:45:11.424+0200][49663.974s] GC(72) User=0.05s Sys=0.06s Real=0.01s
[2020-05-07T03:45:11.424+0200][49663.974s] GC(73) Concurrent Cycle
[2020-05-07T03:45:11.424+0200][49663.974s] GC(73) Concurrent Clear Claimed Marks
[2020-05-07T03:45:11.424+0200][49663.974s] GC(73) Concurrent Clear Claimed Marks 0.058ms
[2020-05-07T03:45:11.424+0200][49663.974s] GC(73) Concurrent Scan Root Regions
[2020-05-07T03:45:11.425+0200][49663.974s] GC(73) Concurrent Scan Root Regions 0.610ms
[2020-05-07T03:45:11.425+0200][49663.975s] GC(73) Concurrent Mark (49663.975s)
[2020-05-07T03:45:11.425+0200][49663.975s] GC(73) Concurrent Mark From Roots
[2020-05-07T03:45:11.425+0200][49663.975s] GC(73) Using 3 workers of 3 for marking
[2020-05-07T03:45:11.441+0200][49663.991s] GC(73) Concurrent Mark From Roots 16.264ms
[2020-05-07T03:45:11.441+0200][49663.991s] GC(73) Concurrent Preclean
[2020-05-07T03:45:11.441+0200][49663.991s] GC(73) Concurrent Preclean 0.175ms
[2020-05-07T03:45:11.441+0200][49663.991s] GC(73) Concurrent Mark (49663.975s, 49663.991s) 16.530ms
[2020-05-07T03:45:11.442+0200][49663.991s] GC(73) Pause Remark
[2020-05-07T03:45:11.446+0200][49663.996s] GC(73) Cleaned string and symbol table, strings: 26553 processed, 7 removed, symbols: 163597 processed, 0 removed
[2020-05-07T03:45:11.447+0200][49663.996s] GC(73) Pause Remark 170M->168M(512M) 5.031ms
[2020-05-07T03:45:11.447+0200][49663.996s] GC(73) User=0.00s Sys=0.00s Real=0.01s
[2020-05-07T03:45:11.447+0200][49663.996s] GC(73) Concurrent Rebuild Remembered Sets
[2020-05-07T03:45:11.454+0200][49664.004s] GC(73) Concurrent Rebuild Remembered Sets 7.271ms
[2020-05-07T03:45:11.454+0200][49664.004s] GC(73) Pause Cleanup
[2020-05-07T03:45:11.455+0200][49664.004s] GC(73) Pause Cleanup 169M->169M(512M) 0.163ms
[2020-05-07T03:45:11.455+0200][49664.004s] GC(73) User=0.00s Sys=0.00s Real=0.00s
[2020-05-07T03:45:11.455+0200][49664.004s] GC(73) Concurrent Cleanup for Next Mark
[2020-05-07T03:45:11.455+0200][49664.005s] GC(73) Concurrent Cleanup for Next Mark 0.357ms
[2020-05-07T03:45:11.455+0200][49664.005s] GC(73) Concurrent Cycle 30.810ms
[2020-05-07T03:45:13.864+0200][49666.413s] GC(74) Pause Young (Prepare Mixed) (G1 Evacuation Pause)
[2020-05-07T03:45:13.864+0200][49666.413s] GC(74) Using 10 workers of 10 for evacuation
[2020-05-07T03:45:13.867+0200][49666.417s] GC(74)   Pre Evacuate Collection Set: 0.0ms
[2020-05-07T03:45:13.867+0200][49666.417s] GC(74)   Evacuate Collection Set: 3.4ms
[2020-05-07T03:45:13.867+0200][49666.417s] GC(74)   Post Evacuate Collection Set: 0.5ms
[2020-05-07T03:45:13.867+0200][49666.418s] GC(74)   Other: 0.3ms
[2020-05-07T03:45:13.867+0200][49666.418s] GC(74) Eden regions: 217->0(10)
[2020-05-07T03:45:13.867+0200][49666.418s] GC(74) Survivor regions: 18->15(30)
[2020-05-07T03:45:13.867+0200][49666.418s] GC(74) Old regions: 101->117
[2020-05-07T03:45:13.867+0200][49666.418s] GC(74) Humongous regions: 88->47
[2020-05-07T03:45:13.867+0200][49666.418s] GC(74) Metaspace: 57764K->57764K(1101824K)
[2020-05-07T03:45:13.867+0200][49666.418s] GC(74) Pause Young (Prepare Mixed) (G1 Evacuation Pause) 422M->178M(512M) 4.349ms
[2020-05-07T03:45:13.867+0200][49666.418s] GC(74) User=0.00s Sys=0.00s Real=0.00s
[2020-05-07T03:45:13.892+0200][49666.441s] GC(75) Pause Young (Mixed) (G1 Evacuation Pause)
[2020-05-07T03:45:13.892+0200][49666.441s] GC(75) Using 10 workers of 10 for evacuation
[2020-05-07T03:45:13.894+0200][49666.444s] GC(75)   Pre Evacuate Collection Set: 0.0ms
[2020-05-07T03:45:13.894+0200][49666.444s] GC(75)   Evacuate Collection Set: 1.7ms
[2020-05-07T03:45:13.894+0200][49666.444s] GC(75)   Post Evacuate Collection Set: 0.4ms
[2020-05-07T03:45:13.894+0200][49666.444s] GC(75)   Other: 0.1ms
[2020-05-07T03:45:13.894+0200][49666.444s] GC(75) Eden regions: 10->0(214)
[2020-05-07T03:45:13.894+0200][49666.444s] GC(75) Survivor regions: 15->1(4)
[2020-05-07T03:45:13.894+0200][49666.444s] GC(75) Old regions: 117->127
[2020-05-07T03:45:13.894+0200][49666.444s] GC(75) Humongous regions: 47->47
[2020-05-07T03:45:13.894+0200][49666.444s] GC(75) Metaspace: 57764K->57764K(1101824K)
[2020-05-07T03:45:13.894+0200][49666.444s] GC(75) Pause Young (Mixed) (G1 Evacuation Pause) 188M->173M(512M) 2.387ms
[2020-05-07T03:45:13.894+0200][49666.444s] GC(75) User=0.00s Sys=0.00s Real=0.00s
[2020-05-07T03:45:14.288+0200][49666.838s] GC(76) Pause Young (Normal) (G1 Evacuation Pause)
[2020-05-07T03:45:14.288+0200][49666.838s] GC(76) Using 10 workers of 10 for evacuation
[2020-05-07T03:45:14.289+0200][49666.839s] GC(76)   Pre Evacuate Collection Set: 0.0ms
[2020-05-07T03:45:14.289+0200][49666.839s] GC(76)   Evacuate Collection Set: 0.3ms
[2020-05-07T03:45:14.289+0200][49666.839s] GC(76)   Post Evacuate Collection Set: 0.5ms
[2020-05-07T03:45:14.289+0200][49666.839s] GC(76)   Other: 0.1ms
[2020-05-07T03:45:14.289+0200][49666.839s] GC(76) Eden regions: 214->0(224)
[2020-05-07T03:45:14.289+0200][49666.839s] GC(76) Survivor regions: 1->1(27)
[2020-05-07T03:45:14.289+0200][49666.839s] GC(76) Old regions: 127->127
[2020-05-07T03:45:14.289+0200][49666.839s] GC(76) Humongous regions: 47->47
[2020-05-07T03:45:14.289+0200][49666.839s] GC(76) Metaspace: 57764K->57764K(1101824K)
[2020-05-07T03:45:14.289+0200][49666.839s] GC(76) Pause Young (Normal) (G1 Evacuation Pause) 387M->173M(512M) 1.002ms
[2020-05-07T03:45:14.289+0200][49666.839s] GC(76) User=0.00s Sys=0.00s Real=0.00s
[2020-05-07T03:45:14.784+0200][49667.333s] GC(77) Pause Young (Normal) (G1 Evacuation Pause)
[2020-05-07T03:45:14.784+0200][49667.333s] GC(77) Using 10 workers of 10 for evacuation
[2020-05-07T03:45:14.784+0200][49667.334s] GC(77)   Pre Evacuate Collection Set: 0.0ms
[2020-05-07T03:45:14.784+0200][49667.334s] GC(77)   Evacuate Collection Set: 0.4ms
[2020-05-07T03:45:14.784+0200][49667.334s] GC(77)   Post Evacuate Collection Set: 0.4ms
[2020-05-07T03:45:14.784+0200][49667.334s] GC(77)   Other: 0.1ms
[2020-05-07T03:45:14.784+0200][49667.334s] GC(77) Eden regions: 224->0(233)
[2020-05-07T03:45:14.784+0200][49667.334s] GC(77) Survivor regions: 1->1(29)
[2020-05-07T03:45:14.784+0200][49667.334s] GC(77) Old regions: 127->127
[2020-05-07T03:45:14.784+0200][49667.334s] GC(77) Humongous regions: 47->47
[2020-05-07T03:45:14.784+0200][49667.334s] GC(77) Metaspace: 57764K->57764K(1101824K)
[2020-05-07T03:45:14.784+0200][49667.334s] GC(77) Pause Young (Normal) (G1 Evacuation Pause) 397M->174M(512M) 0.980ms
[2020-05-07T03:45:14.784+0200][49667.334s] GC(77) User=0.00s Sys=0.00s Real=0.00s
[2020-05-07T06:35:33.066+0200][59885.616s] GC(78) Pause Young (Normal) (G1 Evacuation Pause)
[2020-05-07T06:35:33.066+0200][59885.616s] GC(78) Using 10 workers of 10 for evacuation
[2020-05-07T06:35:33.067+0200][59885.617s] GC(78)   Pre Evacuate Collection Set: 0.0ms
[2020-05-07T06:35:33.067+0200][59885.617s] GC(78)   Evacuate Collection Set: 0.5ms
[2020-05-07T06:35:33.067+0200][59885.617s] GC(78)   Post Evacuate Collection Set: 0.6ms
[2020-05-07T06:35:33.067+0200][59885.617s] GC(78)   Other: 0.1ms
[2020-05-07T06:35:33.067+0200][59885.617s] GC(78) Eden regions: 233->0(241)
[2020-05-07T06:35:33.067+0200][59885.617s] GC(78) Survivor regions: 1->1(30)
[2020-05-07T06:35:33.067+0200][59885.617s] GC(78) Old regions: 127->127
[2020-05-07T06:35:33.067+0200][59885.617s] GC(78) Humongous regions: 47->47
[2020-05-07T06:35:33.068+0200][59885.617s] GC(78) Metaspace: 57799K->57799K(1101824K)
[2020-05-07T06:35:33.068+0200][59885.617s] GC(78) Pause Young (Normal) (G1 Evacuation Pause) 407M->174M(512M) 1.401ms
[2020-05-07T06:35:33.068+0200][59885.617s] GC(78) User=0.00s Sys=0.00s Real=0.00s
[2020-05-07T06:49:35.208+0200][60727.759s] GC(79) Pause Young (Concurrent Start) (G1 Humongous Allocation)
[2020-05-07T06:49:35.208+0200][60727.759s] GC(79) Using 10 workers of 10 for evacuation
[2020-05-07T06:49:35.210+0200][60727.761s] GC(79)   Pre Evacuate Collection Set: 0.1ms
[2020-05-07T06:49:35.210+0200][60727.761s] GC(79)   Evacuate Collection Set: 1.2ms
[2020-05-07T06:49:35.210+0200][60727.761s] GC(79)   Post Evacuate Collection Set: 0.6ms
[2020-05-07T06:49:35.210+0200][60727.761s] GC(79)   Other: 0.1ms
[2020-05-07T06:49:35.210+0200][60727.761s] GC(79) Eden regions: 75->0(171)
[2020-05-07T06:49:35.210+0200][60727.761s] GC(79) Survivor regions: 1->11(31)
[2020-05-07T06:49:35.210+0200][60727.761s] GC(79) Old regions: 127->127
[2020-05-07T06:49:35.210+0200][60727.761s] GC(79) Humongous regions: 47->47
[2020-05-07T06:49:35.211+0200][60727.761s] GC(79) Metaspace: 57800K->57800K(1101824K)
[2020-05-07T06:49:35.211+0200][60727.761s] GC(79) Pause Young (Concurrent Start) (G1 Humongous Allocation) 249M->183M(512M) 2.086ms
[2020-05-07T06:49:35.211+0200][60727.761s] GC(79) User=0.00s Sys=0.00s Real=0.00s
[2020-05-07T06:49:35.211+0200][60727.761s] GC(80) Concurrent Cycle
[2020-05-07T06:49:35.211+0200][60727.761s] GC(80) Concurrent Clear Claimed Marks
[2020-05-07T06:49:35.211+0200][60727.761s] GC(80) Concurrent Clear Claimed Marks 0.032ms
[2020-05-07T06:49:35.211+0200][60727.761s] GC(80) Concurrent Scan Root Regions
[2020-05-07T06:49:35.211+0200][60727.762s] GC(80) Concurrent Scan Root Regions 0.657ms
[2020-05-07T06:49:35.211+0200][60727.762s] GC(80) Concurrent Mark (60727.762s)
[2020-05-07T06:49:35.211+0200][60727.762s] GC(80) Concurrent Mark From Roots
[2020-05-07T06:49:35.211+0200][60727.762s] GC(80) Using 3 workers of 3 for marking
[2020-05-07T06:49:35.224+0200][60727.774s] GC(80) Concurrent Mark From Roots 12.556ms
[2020-05-07T06:49:35.224+0200][60727.774s] GC(80) Concurrent Preclean
[2020-05-07T06:49:35.224+0200][60727.774s] GC(80) Concurrent Preclean 0.170ms
[2020-05-07T06:49:35.224+0200][60727.774s] GC(80) Concurrent Mark (60727.762s, 60727.774s) 12.786ms
[2020-05-07T06:49:35.225+0200][60727.775s] GC(80) Pause Remark
[2020-05-07T06:49:35.227+0200][60727.777s] GC(80) Cleaned string and symbol table, strings: 26571 processed, 1 removed, symbols: 163601 processed, 4 removed
[2020-05-07T06:49:35.227+0200][60727.778s] GC(80) Pause Remark 187M->184M(512M) 2.982ms
[2020-05-07T06:49:35.227+0200][60727.778s] GC(80) User=0.00s Sys=0.00s Real=0.00s
[2020-05-07T06:49:35.228+0200][60727.778s] GC(80) Concurrent Rebuild Remembered Sets
[2020-05-07T06:49:35.236+0200][60727.785s] GC(80) Concurrent Rebuild Remembered Sets 7.365ms
[2020-05-07T06:49:35.236+0200][60727.785s] GC(80) Pause Cleanup
[2020-05-07T06:49:35.236+0200][60727.786s] GC(80) Pause Cleanup 185M->185M(512M) 0.203ms
[2020-05-07T06:49:35.236+0200][60727.786s] GC(80) User=0.00s Sys=0.00s Real=0.00s
[2020-05-07T06:49:35.236+0200][60727.786s] GC(80) Concurrent Cleanup for Next Mark
[2020-05-07T06:49:35.236+0200][60727.786s] GC(80) Concurrent Cleanup for Next Mark 0.191ms
[2020-05-07T06:49:35.236+0200][60727.786s] GC(80) Concurrent Cycle 24.997ms
[2020-05-07T06:49:37.308+0200][60729.858s] GC(81) Pause Young (Prepare Mixed) (G1 Evacuation Pause)
[2020-05-07T06:49:37.308+0200][60729.858s] GC(81) Using 10 workers of 10 for evacuation
[2020-05-07T06:49:37.312+0200][60729.861s] GC(81)   Pre Evacuate Collection Set: 0.0ms
[2020-05-07T06:49:37.312+0200][60729.861s] GC(81)   Evacuate Collection Set: 2.6ms
[2020-05-07T06:49:37.312+0200][60729.861s] GC(81)   Post Evacuate Collection Set: 0.6ms
[2020-05-07T06:49:37.312+0200][60729.861s] GC(81)   Other: 0.1ms
[2020-05-07T06:49:37.312+0200][60729.861s] GC(81) Eden regions: 171->0(2)
[2020-05-07T06:49:37.312+0200][60729.861s] GC(81) Survivor regions: 11->23(23)
[2020-05-07T06:49:37.312+0200][60729.861s] GC(81) Old regions: 126->131
[2020-05-07T06:49:37.312+0200][60729.861s] GC(81) Humongous regions: 62->51
[2020-05-07T06:49:37.312+0200][60729.861s] GC(81) Metaspace: 57800K->57800K(1101824K)
[2020-05-07T06:49:37.312+0200][60729.862s] GC(81) Pause Young (Prepare Mixed) (G1 Evacuation Pause) 368M->204M(512M) 3.496ms
[2020-05-07T06:49:37.312+0200][60729.862s] GC(81) User=0.00s Sys=0.00s Real=0.00s
[2020-05-07T06:49:37.323+0200][60729.873s] GC(82) Pause Young (Mixed) (G1 Evacuation Pause)
[2020-05-07T06:49:37.323+0200][60729.873s] GC(82) Using 10 workers of 10 for evacuation
[2020-05-07T06:49:37.326+0200][60729.876s] GC(82)   Pre Evacuate Collection Set: 0.0ms
[2020-05-07T06:49:37.326+0200][60729.876s] GC(82)   Evacuate Collection Set: 2.5ms
[2020-05-07T06:49:37.326+0200][60729.876s] GC(82)   Post Evacuate Collection Set: 0.4ms
[2020-05-07T06:49:37.326+0200][60729.876s] GC(82)   Other: 0.1ms
[2020-05-07T06:49:37.326+0200][60729.876s] GC(82) Eden regions: 2->0(168)
[2020-05-07T06:49:37.326+0200][60729.876s] GC(82) Survivor regions: 23->2(4)
[2020-05-07T06:49:37.326+0200][60729.876s] GC(82) Old regions: 131->146
[2020-05-07T06:49:37.326+0200][60729.876s] GC(82) Humongous regions: 51->51
[2020-05-07T06:49:37.326+0200][60729.876s] GC(82) Metaspace: 57800K->57800K(1101824K)
[2020-05-07T06:49:37.326+0200][60729.876s] GC(82) Pause Young (Mixed) (G1 Evacuation Pause) 206M->198M(512M) 3.238ms
[2020-05-07T06:49:37.326+0200][60729.876s] GC(82) User=0.00s Sys=0.00s Real=0.00s
[2020-05-07T06:49:39.234+0200][60731.784s] GC(83) Pause Young (Normal) (G1 Evacuation Pause)
[2020-05-07T06:49:39.234+0200][60731.784s] GC(83) Using 10 workers of 10 for evacuation
[2020-05-07T06:49:39.237+0200][60731.786s] GC(83)   Pre Evacuate Collection Set: 0.0ms
[2020-05-07T06:49:39.237+0200][60731.786s] GC(83)   Evacuate Collection Set: 1.9ms
[2020-05-07T06:49:39.237+0200][60731.786s] GC(83)   Post Evacuate Collection Set: 0.4ms
[2020-05-07T06:49:39.237+0200][60731.786s] GC(83)   Other: 0.1ms
[2020-05-07T06:49:39.237+0200][60731.786s] GC(83) Eden regions: 168->0(157)
[2020-05-07T06:49:39.237+0200][60731.786s] GC(83) Survivor regions: 2->17(22)
[2020-05-07T06:49:39.237+0200][60731.786s] GC(83) Old regions: 146->146
[2020-05-07T06:49:39.237+0200][60731.786s] GC(83) Humongous regions: 79->67
[2020-05-07T06:49:39.237+0200][60731.786s] GC(83) Metaspace: 57800K->57800K(1101824K)
[2020-05-07T06:49:39.237+0200][60731.786s] GC(83) Pause Young (Normal) (G1 Evacuation Pause) 394M->228M(512M) 2.640ms
[2020-05-07T06:49:39.237+0200][60731.786s] GC(83) User=0.16s Sys=0.00s Real=0.00s
[2020-05-07T06:49:40.317+0200][60732.866s] GC(84) Pause Young (Concurrent Start) (G1 Humongous Allocation)
[2020-05-07T06:49:40.317+0200][60732.866s] GC(84) Using 10 workers of 10 for evacuation
[2020-05-07T06:49:40.320+0200][60732.870s] GC(84)   Pre Evacuate Collection Set: 0.1ms
[2020-05-07T06:49:40.320+0200][60732.870s] GC(84)   Evacuate Collection Set: 2.6ms
[2020-05-07T06:49:40.320+0200][60732.870s] GC(84)   Post Evacuate Collection Set: 0.4ms
[2020-05-07T06:49:40.320+0200][60732.870s] GC(84)   Other: 0.1ms
[2020-05-07T06:49:40.320+0200][60732.870s] GC(84) Eden regions: 42->0(155)
[2020-05-07T06:49:40.320+0200][60732.870s] GC(84) Survivor regions: 17->9(22)
[2020-05-07T06:49:40.320+0200][60732.870s] GC(84) Old regions: 146->161
[2020-05-07T06:49:40.320+0200][60732.870s] GC(84) Humongous regions: 91->70
[2020-05-07T06:49:40.320+0200][60732.870s] GC(84) Metaspace: 57800K->57800K(1101824K)
[2020-05-07T06:49:40.320+0200][60732.870s] GC(84) Pause Young (Concurrent Start) (G1 Humongous Allocation) 294M->239M(512M) 3.265ms
[2020-05-07T06:49:40.320+0200][60732.870s] GC(84) User=0.00s Sys=0.00s Real=0.00s
[2020-05-07T06:49:40.320+0200][60732.870s] GC(85) Concurrent Cycle
[2020-05-07T06:49:40.320+0200][60732.870s] GC(85) Concurrent Clear Claimed Marks
[2020-05-07T06:49:40.320+0200][60732.870s] GC(85) Concurrent Clear Claimed Marks 0.056ms
[2020-05-07T06:49:40.320+0200][60732.870s] GC(85) Concurrent Scan Root Regions
[2020-05-07T06:49:40.321+0200][60732.871s] GC(85) Concurrent Scan Root Regions 0.704ms
[2020-05-07T06:49:40.321+0200][60732.871s] GC(85) Concurrent Mark (60732.871s)
[2020-05-07T06:49:40.321+0200][60732.871s] GC(85) Concurrent Mark From Roots
[2020-05-07T06:49:40.321+0200][60732.871s] GC(85) Using 3 workers of 3 for marking
[2020-05-07T06:49:40.335+0200][60732.885s] GC(85) Concurrent Mark From Roots 14.238ms
[2020-05-07T06:49:40.335+0200][60732.885s] GC(85) Concurrent Preclean
[2020-05-07T06:49:40.335+0200][60732.885s] GC(85) Concurrent Preclean 0.170ms
[2020-05-07T06:49:40.335+0200][60732.885s] GC(85) Concurrent Mark (60732.871s, 60732.885s) 14.487ms
[2020-05-07T06:49:40.335+0200][60732.885s] GC(85) Pause Remark
[2020-05-07T06:49:40.340+0200][60732.890s] GC(85) Cleaned string and symbol table, strings: 26571 processed, 7 removed, symbols: 163597 processed, 0 removed
[2020-05-07T06:49:40.341+0200][60732.891s] GC(85) Pause Remark 243M->156M(512M) 5.132ms
[2020-05-07T06:49:40.341+0200][60732.891s] GC(85) User=0.00s Sys=0.00s Real=0.01s
[2020-05-07T06:49:40.341+0200][60732.891s] GC(85) Concurrent Rebuild Remembered Sets
[2020-05-07T06:49:40.348+0200][60732.898s] GC(85) Concurrent Rebuild Remembered Sets 7.652ms
[2020-05-07T06:49:40.349+0200][60732.899s] GC(85) Pause Cleanup
[2020-05-07T06:49:40.349+0200][60732.899s] GC(85) Pause Cleanup 157M->157M(512M) 0.154ms
[2020-05-07T06:49:40.349+0200][60732.899s] GC(85) User=0.00s Sys=0.00s Real=0.00s
[2020-05-07T06:49:40.349+0200][60732.899s] GC(85) Concurrent Cleanup for Next Mark
[2020-05-07T06:49:40.349+0200][60732.899s] GC(85) Concurrent Cleanup for Next Mark 0.266ms
[2020-05-07T06:49:40.349+0200][60732.899s] GC(85) Concurrent Cycle 29.392ms
[2020-05-07T06:49:42.665+0200][60735.215s] GC(86) Pause Young (Prepare Mixed) (G1 Evacuation Pause)
[2020-05-07T06:49:42.665+0200][60735.215s] GC(86) Using 10 workers of 10 for evacuation
[2020-05-07T06:49:42.668+0200][60735.218s] GC(86)   Pre Evacuate Collection Set: 0.0ms
[2020-05-07T06:49:42.668+0200][60735.218s] GC(86)   Evacuate Collection Set: 2.3ms
[2020-05-07T06:49:42.668+0200][60735.218s] GC(86)   Post Evacuate Collection Set: 0.6ms
[2020-05-07T06:49:42.668+0200][60735.218s] GC(86)   Other: 0.2ms
[2020-05-07T06:49:42.668+0200][60735.218s] GC(86) Eden regions: 155->0(4)
[2020-05-07T06:49:42.668+0200][60735.218s] GC(86) Survivor regions: 9->21(21)
[2020-05-07T06:49:42.668+0200][60735.218s] GC(86) Old regions: 113->115
[2020-05-07T06:49:42.668+0200][60735.218s] GC(86) Humongous regions: 71->28
[2020-05-07T06:49:42.668+0200][60735.218s] GC(86) Metaspace: 57802K->57802K(1101824K)
[2020-05-07T06:49:42.668+0200][60735.218s] GC(86) Pause Young (Prepare Mixed) (G1 Evacuation Pause) 347M->163M(512M) 3.157ms
[2020-05-07T06:49:42.668+0200][60735.218s] GC(86) User=0.00s Sys=0.00s Real=0.00s
[2020-05-07T06:49:42.713+0200][60735.263s] GC(87) Pause Young (Mixed) (G1 Evacuation Pause)
[2020-05-07T06:49:42.713+0200][60735.263s] GC(87) Using 10 workers of 10 for evacuation
[2020-05-07T06:49:42.716+0200][60735.266s] GC(87)   Pre Evacuate Collection Set: 0.0ms
[2020-05-07T06:49:42.716+0200][60735.266s] GC(87)   Evacuate Collection Set: 2.3ms
[2020-05-07T06:49:42.716+0200][60735.266s] GC(87)   Post Evacuate Collection Set: 0.5ms
[2020-05-07T06:49:42.716+0200][60735.266s] GC(87)   Other: 0.1ms
[2020-05-07T06:49:42.716+0200][60735.266s] GC(87) Eden regions: 4->0(216)
[2020-05-07T06:49:42.716+0200][60735.266s] GC(87) Survivor regions: 21->1(4)
[2020-05-07T06:49:42.716+0200][60735.266s] GC(87) Old regions: 115->112
[2020-05-07T06:49:42.716+0200][60735.266s] GC(87) Humongous regions: 42->35
[2020-05-07T06:49:42.716+0200][60735.266s] GC(87) Metaspace: 57802K->57802K(1101824K)
[2020-05-07T06:49:42.716+0200][60735.266s] GC(87) Pause Young (Mixed) (G1 Evacuation Pause) 181M->147M(512M) 3.082ms
[2020-05-07T06:49:42.716+0200][60735.266s] GC(87) User=0.00s Sys=0.00s Real=0.00s
[2020-05-07T06:49:44.639+0200][60737.189s] GC(88) Pause Young (Normal) (G1 Evacuation Pause)
[2020-05-07T06:49:44.639+0200][60737.189s] GC(88) Using 10 workers of 10 for evacuation
[2020-05-07T06:49:44.641+0200][60737.191s] GC(88)   Pre Evacuate Collection Set: 0.0ms
[2020-05-07T06:49:44.641+0200][60737.191s] GC(88)   Evacuate Collection Set: 1.3ms
[2020-05-07T06:49:44.641+0200][60737.191s] GC(88)   Post Evacuate Collection Set: 0.5ms
[2020-05-07T06:49:44.641+0200][60737.191s] GC(88)   Other: 0.1ms
[2020-05-07T06:49:44.641+0200][60737.191s] GC(88) Eden regions: 216->0(205)
[2020-05-07T06:49:44.641+0200][60737.191s] GC(88) Survivor regions: 1->14(28)
[2020-05-07T06:49:44.641+0200][60737.191s] GC(88) Old regions: 112->112
[2020-05-07T06:49:44.641+0200][60737.191s] GC(88) Humongous regions: 87->53
[2020-05-07T06:49:44.641+0200][60737.191s] GC(88) Metaspace: 57804K->57804K(1101824K)
[2020-05-07T06:49:44.641+0200][60737.191s] GC(88) Pause Young (Normal) (G1 Evacuation Pause) 415M->177M(512M) 2.004ms
[2020-05-07T06:49:44.641+0200][60737.191s] GC(88) User=0.16s Sys=0.00s Real=0.00s
[2020-05-07T06:49:45.024+0200][60737.573s] GC(89) Pause Young (Normal) (G1 Evacuation Pause)
[2020-05-07T06:49:45.024+0200][60737.573s] GC(89) Using 10 workers of 10 for evacuation
[2020-05-07T06:49:45.025+0200][60737.575s] GC(89)   Pre Evacuate Collection Set: 0.0ms
[2020-05-07T06:49:45.025+0200][60737.575s] GC(89)   Evacuate Collection Set: 1.2ms
[2020-05-07T06:49:45.025+0200][60737.575s] GC(89)   Post Evacuate Collection Set: 0.5ms
[2020-05-07T06:49:45.025+0200][60737.575s] GC(89)   Other: 0.1ms
[2020-05-07T06:49:45.025+0200][60737.575s] GC(89) Eden regions: 205->0(214)
[2020-05-07T06:49:45.025+0200][60737.575s] GC(89) Survivor regions: 14->14(28)
[2020-05-07T06:49:45.025+0200][60737.575s] GC(89) Old regions: 112->112
[2020-05-07T06:49:45.025+0200][60737.575s] GC(89) Humongous regions: 53->53
[2020-05-07T06:49:45.025+0200][60737.575s] GC(89) Metaspace: 57804K->57804K(1101824K)
[2020-05-07T06:49:45.025+0200][60737.575s] GC(89) Pause Young (Normal) (G1 Evacuation Pause) 382M->177M(512M) 1.948ms
[2020-05-07T06:49:45.025+0200][60737.575s] GC(89) User=0.00s Sys=0.00s Real=0.00s
[2020-05-07T06:49:45.445+0200][60737.995s] GC(90) Pause Young (Normal) (G1 Evacuation Pause)
[2020-05-07T06:49:45.445+0200][60737.995s] GC(90) Using 10 workers of 10 for evacuation
[2020-05-07T06:49:45.447+0200][60737.997s] GC(90)   Pre Evacuate Collection Set: 0.0ms
[2020-05-07T06:49:45.447+0200][60737.997s] GC(90)   Evacuate Collection Set: 1.3ms
[2020-05-07T06:49:45.447+0200][60737.997s] GC(90)   Post Evacuate Collection Set: 0.5ms
[2020-05-07T06:49:45.447+0200][60737.997s] GC(90)   Other: 0.1ms
[2020-05-07T06:49:45.447+0200][60737.997s] GC(90) Eden regions: 214->0(220)
[2020-05-07T06:49:45.447+0200][60737.997s] GC(90) Survivor regions: 14->14(29)
[2020-05-07T06:49:45.447+0200][60737.997s] GC(90) Old regions: 112->112
[2020-05-07T06:49:45.447+0200][60737.997s] GC(90) Humongous regions: 53->53
[2020-05-07T06:49:45.447+0200][60737.997s] GC(90) Metaspace: 57804K->57804K(1101824K)
[2020-05-07T06:49:45.447+0200][60737.997s] GC(90) Pause Young (Normal) (G1 Evacuation Pause) 391M->178M(512M) 2.031ms
[2020-05-07T06:49:45.447+0200][60737.997s] GC(90) User=0.00s Sys=0.00s Real=0.00s
[2020-05-07T09:07:48.738+0200][69021.287s] GC(91) Pause Young (Normal) (G1 Evacuation Pause)
[2020-05-07T09:07:48.738+0200][69021.287s] GC(91) Using 10 workers of 10 for evacuation
[2020-05-07T09:07:48.740+0200][69021.290s] GC(91)   Pre Evacuate Collection Set: 0.0ms
[2020-05-07T09:07:48.740+0200][69021.290s] GC(91)   Evacuate Collection Set: 1.3ms
[2020-05-07T09:07:48.740+0200][69021.290s] GC(91)   Post Evacuate Collection Set: 0.7ms
[2020-05-07T09:07:48.740+0200][69021.290s] GC(91)   Other: 0.1ms
[2020-05-07T09:07:48.740+0200][69021.290s] GC(91) Eden regions: 220->0(225)
[2020-05-07T09:07:48.740+0200][69021.290s] GC(91) Survivor regions: 14->14(30)
[2020-05-07T09:07:48.740+0200][69021.290s] GC(91) Old regions: 112->112
[2020-05-07T09:07:48.740+0200][69021.290s] GC(91) Humongous regions: 53->53
[2020-05-07T09:07:48.740+0200][69021.290s] GC(91) Metaspace: 57864K->57864K(1101824K)
[2020-05-07T09:07:48.740+0200][69021.290s] GC(91) Pause Young (Normal) (G1 Evacuation Pause) 398M->177M(512M) 2.312ms
[2020-05-07T09:07:48.740+0200][69021.290s] GC(91) User=0.00s Sys=0.00s Real=0.00s
[2020-05-07T09:55:02.984+0200][71855.534s] GC(92) Pause Young (Normal) (G1 Evacuation Pause)
[2020-05-07T09:55:02.984+0200][71855.534s] GC(92) Using 10 workers of 10 for evacuation
[2020-05-07T09:55:02.989+0200][71855.539s] GC(92)   Pre Evacuate Collection Set: 0.0ms
[2020-05-07T09:55:02.989+0200][71855.539s] GC(92)   Evacuate Collection Set: 4.0ms
[2020-05-07T09:55:02.989+0200][71855.539s] GC(92)   Post Evacuate Collection Set: 0.6ms
[2020-05-07T09:55:02.989+0200][71855.539s] GC(92)   Other: 0.2ms
[2020-05-07T09:55:02.989+0200][71855.539s] GC(92) Eden regions: 225->0(213)
[2020-05-07T09:55:02.989+0200][71855.539s] GC(92) Survivor regions: 14->30(30)
[2020-05-07T09:55:02.989+0200][71855.539s] GC(92) Old regions: 112->116
[2020-05-07T09:55:02.989+0200][71855.539s] GC(92) Humongous regions: 55->55
[2020-05-07T09:55:02.989+0200][71855.539s] GC(92) Metaspace: 58759K->58759K(1103872K)
[2020-05-07T09:55:02.989+0200][71855.539s] GC(92) Pause Young (Normal) (G1 Evacuation Pause) 404M->200M(512M) 5.003ms
[2020-05-07T09:55:02.989+0200][71855.539s] GC(92) User=0.00s Sys=0.00s Real=0.01s
[2020-05-07T09:55:03.628+0200][71856.177s] GC(93) Pause Young (Concurrent Start) (G1 Humongous Allocation)
[2020-05-07T09:55:03.628+0200][71856.177s] GC(93) Using 10 workers of 10 for evacuation
[2020-05-07T09:55:03.633+0200][71856.183s] GC(93)   Pre Evacuate Collection Set: 0.1ms
[2020-05-07T09:55:03.633+0200][71856.183s] GC(93)   Evacuate Collection Set: 4.5ms
[2020-05-07T09:55:03.633+0200][71856.183s] GC(93)   Post Evacuate Collection Set: 0.4ms
[2020-05-07T09:55:03.633+0200][71856.183s] GC(93)   Other: 0.2ms
[2020-05-07T09:55:03.633+0200][71856.183s] GC(93) Eden regions: 46->0(137)
[2020-05-07T09:55:03.633+0200][71856.183s] GC(93) Survivor regions: 30->8(31)
[2020-05-07T09:55:03.633+0200][71856.183s] GC(93) Old regions: 116->143
[2020-05-07T09:55:03.633+0200][71856.183s] GC(93) Humongous regions: 55->55
[2020-05-07T09:55:03.633+0200][71856.183s] GC(93) Metaspace: 58759K->58759K(1103872K)
[2020-05-07T09:55:03.633+0200][71856.183s] GC(93) Pause Young (Concurrent Start) (G1 Humongous Allocation) 245M->204M(512M) 5.329ms
[2020-05-07T09:55:03.633+0200][71856.183s] GC(93) User=0.00s Sys=0.00s Real=0.00s
[2020-05-07T09:55:03.633+0200][71856.183s] GC(94) Concurrent Cycle
[2020-05-07T09:55:03.633+0200][71856.183s] GC(94) Concurrent Clear Claimed Marks
[2020-05-07T09:55:03.633+0200][71856.183s] GC(94) Concurrent Clear Claimed Marks 0.053ms
[2020-05-07T09:55:03.633+0200][71856.183s] GC(94) Concurrent Scan Root Regions
[2020-05-07T09:55:03.634+0200][71856.183s] GC(94) Concurrent Scan Root Regions 0.599ms
[2020-05-07T09:55:03.634+0200][71856.183s] GC(94) Concurrent Mark (71856.183s)
[2020-05-07T09:55:03.634+0200][71856.183s] GC(94) Concurrent Mark From Roots
[2020-05-07T09:55:03.634+0200][71856.184s] GC(94) Using 3 workers of 3 for marking
[2020-05-07T09:55:03.651+0200][71856.201s] GC(94) Concurrent Mark From Roots 17.456ms
[2020-05-07T09:55:03.651+0200][71856.201s] GC(94) Concurrent Preclean
[2020-05-07T09:55:03.651+0200][71856.201s] GC(94) Concurrent Preclean 0.187ms
[2020-05-07T09:55:03.651+0200][71856.201s] GC(94) Concurrent Mark (71856.183s, 71856.201s) 17.710ms
[2020-05-07T09:55:03.651+0200][71856.201s] GC(94) Pause Remark
[2020-05-07T09:55:03.655+0200][71856.205s] GC(94) Cleaned string and symbol table, strings: 26860 processed, 1 removed, symbols: 165199 processed, 8 removed
[2020-05-07T09:55:03.656+0200][71856.205s] GC(94) Pause Remark 207M->117M(512M) 4.027ms
[2020-05-07T09:55:03.656+0200][71856.205s] GC(94) User=0.00s Sys=0.00s Real=0.00s
[2020-05-07T09:55:03.656+0200][71856.206s] GC(94) Concurrent Rebuild Remembered Sets
[2020-05-07T09:55:03.663+0200][71856.213s] GC(94) Concurrent Rebuild Remembered Sets 7.028ms
[2020-05-07T09:55:03.663+0200][71856.213s] GC(94) Pause Cleanup
[2020-05-07T09:55:03.663+0200][71856.213s] GC(94) Pause Cleanup 118M->118M(512M) 0.162ms
[2020-05-07T09:55:03.663+0200][71856.213s] GC(94) User=0.00s Sys=0.00s Real=0.00s
[2020-05-07T09:55:03.663+0200][71856.213s] GC(94) Concurrent Cleanup for Next Mark
[2020-05-07T09:55:03.663+0200][71856.214s] GC(94) Concurrent Cleanup for Next Mark 0.423ms
[2020-05-07T09:55:03.663+0200][71856.214s] GC(94) Concurrent Cycle 30.793ms
[2020-05-07T09:55:05.410+0200][71857.960s] GC(95) Pause Young (Prepare Mixed) (G1 Evacuation Pause)
[2020-05-07T09:55:05.410+0200][71857.960s] GC(95) Using 10 workers of 10 for evacuation
[2020-05-07T09:55:05.412+0200][71857.963s] GC(95)   Pre Evacuate Collection Set: 0.0ms
[2020-05-07T09:55:05.412+0200][71857.963s] GC(95)   Evacuate Collection Set: 1.8ms
[2020-05-07T09:55:05.412+0200][71857.963s] GC(95)   Post Evacuate Collection Set: 0.5ms
[2020-05-07T09:55:05.412+0200][71857.963s] GC(95)   Other: 0.1ms
[2020-05-07T09:55:05.412+0200][71857.963s] GC(95) Eden regions: 137->0(8)
[2020-05-07T09:55:05.412+0200][71857.963s] GC(95) Survivor regions: 8->17(19)
[2020-05-07T09:55:05.412+0200][71857.963s] GC(95) Old regions: 99->99
[2020-05-07T09:55:05.412+0200][71857.963s] GC(95) Humongous regions: 45->28
[2020-05-07T09:55:05.412+0200][71857.963s] GC(95) Metaspace: 58759K->58759K(1103872K)
[2020-05-07T09:55:05.412+0200][71857.963s] GC(95) Pause Young (Prepare Mixed) (G1 Evacuation Pause) 287M->142M(512M) 2.563ms
[2020-05-07T09:55:05.412+0200][71857.963s] GC(95) User=0.00s Sys=0.00s Real=0.00s
[2020-05-07T09:55:05.465+0200][71858.015s] GC(96) Pause Young (Mixed) (G1 Evacuation Pause)
[2020-05-07T09:55:05.465+0200][71858.015s] GC(96) Using 10 workers of 10 for evacuation
[2020-05-07T09:55:05.468+0200][71858.018s] GC(96)   Pre Evacuate Collection Set: 0.0ms
[2020-05-07T09:55:05.468+0200][71858.018s] GC(96)   Evacuate Collection Set: 2.5ms
[2020-05-07T09:55:05.468+0200][71858.018s] GC(96)   Post Evacuate Collection Set: 0.6ms
[2020-05-07T09:55:05.468+0200][71858.018s] GC(96)   Other: 0.1ms
[2020-05-07T09:55:05.468+0200][71858.018s] GC(96) Eden regions: 8->0(191)
[2020-05-07T09:55:05.468+0200][71858.018s] GC(96) Survivor regions: 17->1(4)
[2020-05-07T09:55:05.468+0200][71858.018s] GC(96) Old regions: 99->91
[2020-05-07T09:55:05.468+0200][71858.018s] GC(96) Humongous regions: 35->28
[2020-05-07T09:55:05.468+0200][71858.018s] GC(96) Metaspace: 58759K->58759K(1103872K)
[2020-05-07T09:55:05.468+0200][71858.018s] GC(96) Pause Young (Mixed) (G1 Evacuation Pause) 157M->118M(512M) 3.486ms
[2020-05-07T09:55:05.468+0200][71858.018s] GC(96) User=0.00s Sys=0.00s Real=0.00s
[2020-05-07T09:55:08.357+0200][71860.907s] GC(97) Pause Young (Normal) (G1 Evacuation Pause)
[2020-05-07T09:55:08.357+0200][71860.907s] GC(97) Using 10 workers of 10 for evacuation
[2020-05-07T09:55:08.361+0200][71860.910s] GC(97)   Pre Evacuate Collection Set: 0.0ms
[2020-05-07T09:55:08.361+0200][71860.910s] GC(97)   Evacuate Collection Set: 3.1ms
[2020-05-07T09:55:08.361+0200][71860.910s] GC(97)   Post Evacuate Collection Set: 0.4ms
[2020-05-07T09:55:08.361+0200][71860.911s] GC(97)   Other: 0.1ms
[2020-05-07T09:55:08.361+0200][71860.911s] GC(97) Eden regions: 191->0(188)
[2020-05-07T09:55:08.361+0200][71860.911s] GC(97) Survivor regions: 1->22(24)
[2020-05-07T09:55:08.361+0200][71860.911s] GC(97) Old regions: 91->91
[2020-05-07T09:55:08.361+0200][71860.911s] GC(97) Humongous regions: 93->35
[2020-05-07T09:55:08.361+0200][71860.911s] GC(97) Metaspace: 58759K->58759K(1103872K)
[2020-05-07T09:55:08.361+0200][71860.911s] GC(97) Pause Young (Normal) (G1 Evacuation Pause) 374M->146M(512M) 3.742ms
[2020-05-07T09:55:08.361+0200][71860.911s] GC(97) User=0.14s Sys=0.00s Real=0.00s
[2020-05-07T09:55:10.879+0200][71863.428s] GC(98) Pause Young (Normal) (G1 Evacuation Pause)
[2020-05-07T09:55:10.879+0200][71863.429s] GC(98) Using 10 workers of 10 for evacuation
[2020-05-07T09:55:10.885+0200][71863.435s] GC(98)   Pre Evacuate Collection Set: 0.0ms
[2020-05-07T09:55:10.885+0200][71863.435s] GC(98)   Evacuate Collection Set: 5.9ms
[2020-05-07T09:55:10.885+0200][71863.435s] GC(98)   Post Evacuate Collection Set: 0.5ms
[2020-05-07T09:55:10.885+0200][71863.435s] GC(98)   Other: 0.1ms
[2020-05-07T09:55:10.885+0200][71863.435s] GC(98) Eden regions: 188->0(176)
[2020-05-07T09:55:10.885+0200][71863.435s] GC(98) Survivor regions: 22->21(27)
[2020-05-07T09:55:10.885+0200][71863.435s] GC(98) Old regions: 91->111
[2020-05-07T09:55:10.885+0200][71863.435s] GC(98) Humongous regions: 101->53
[2020-05-07T09:55:10.885+0200][71863.435s] GC(98) Metaspace: 58759K->58759K(1103872K)
[2020-05-07T09:55:10.885+0200][71863.435s] GC(98) Pause Young (Normal) (G1 Evacuation Pause) 400M->183M(512M) 6.679ms
[2020-05-07T09:55:10.885+0200][71863.435s] GC(98) User=0.00s Sys=0.00s Real=0.01s
[2020-05-07T09:55:12.035+0200][71864.586s] GC(99) Pause Young (Normal) (G1 Evacuation Pause)
[2020-05-07T09:55:12.035+0200][71864.586s] GC(99) Using 10 workers of 10 for evacuation
[2020-05-07T09:55:12.040+0200][71864.589s] GC(99)   Pre Evacuate Collection Set: 0.0ms
[2020-05-07T09:55:12.040+0200][71864.589s] GC(99)   Evacuate Collection Set: 2.8ms
[2020-05-07T09:55:12.040+0200][71864.589s] GC(99)   Post Evacuate Collection Set: 0.4ms
[2020-05-07T09:55:12.040+0200][71864.589s] GC(99)   Other: 0.1ms
[2020-05-07T09:55:12.040+0200][71864.589s] GC(99) Eden regions: 176->0(184)
[2020-05-07T09:55:12.040+0200][71864.589s] GC(99) Survivor regions: 21->5(25)
[2020-05-07T09:55:12.040+0200][71864.589s] GC(99) Old regions: 111->130
[2020-05-07T09:55:12.040+0200][71864.589s] GC(99) Humongous regions: 81->53
[2020-05-07T09:55:12.040+0200][71864.589s] GC(99) Metaspace: 58762K->58762K(1103872K)
[2020-05-07T09:55:12.040+0200][71864.589s] GC(99) Pause Young (Normal) (G1 Evacuation Pause) 387M->187M(512M) 3.555ms
[2020-05-07T09:55:12.040+0200][71864.589s] GC(99) User=0.00s Sys=0.00s Real=0.00s
[2020-05-07T09:55:12.361+0200][71864.911s] GC(100) Pause Young (Normal) (G1 Evacuation Pause)
[2020-05-07T09:55:12.361+0200][71864.911s] GC(100) Using 10 workers of 10 for evacuation
[2020-05-07T09:55:12.362+0200][71864.912s] GC(100)   Pre Evacuate Collection Set: 0.0ms
[2020-05-07T09:55:12.362+0200][71864.912s] GC(100)   Evacuate Collection Set: 0.6ms
[2020-05-07T09:55:12.362+0200][71864.912s] GC(100)   Post Evacuate Collection Set: 0.4ms
[2020-05-07T09:55:12.362+0200][71864.912s] GC(100)   Other: 0.1ms
[2020-05-07T09:55:12.362+0200][71864.912s] GC(100) Eden regions: 184->0(192)
[2020-05-07T09:55:12.362+0200][71864.912s] GC(100) Survivor regions: 5->5(24)
[2020-05-07T09:55:12.362+0200][71864.912s] GC(100) Old regions: 130->130
[2020-05-07T09:55:12.362+0200][71864.912s] GC(100) Humongous regions: 53->53
[2020-05-07T09:55:12.362+0200][71864.912s] GC(100) Metaspace: 58762K->58762K(1103872K)
[2020-05-07T09:55:12.362+0200][71864.912s] GC(100) Pause Young (Normal) (G1 Evacuation Pause) 371M->187M(512M) 1.287ms
[2020-05-07T09:55:12.362+0200][71864.912s] GC(100) User=0.00s Sys=0.00s Real=0.00s
[2020-05-07T09:55:12.726+0200][71865.276s] GC(101) Pause Young (Normal) (G1 Evacuation Pause)
[2020-05-07T09:55:12.726+0200][71865.276s] GC(101) Using 10 workers of 10 for evacuation
[2020-05-07T09:55:12.727+0200][71865.277s] GC(101)   Pre Evacuate Collection Set: 0.0ms
[2020-05-07T09:55:12.727+0200][71865.277s] GC(101)   Evacuate Collection Set: 0.6ms
[2020-05-07T09:55:12.727+0200][71865.277s] GC(101)   Post Evacuate Collection Set: 0.4ms
[2020-05-07T09:55:12.727+0200][71865.277s] GC(101)   Other: 0.1ms
[2020-05-07T09:55:12.727+0200][71865.277s] GC(101) Eden regions: 192->0(198)
[2020-05-07T09:55:12.727+0200][71865.277s] GC(101) Survivor regions: 5->5(25)
[2020-05-07T09:55:12.727+0200][71865.277s] GC(101) Old regions: 130->130
[2020-05-07T09:55:12.727+0200][71865.277s] GC(101) Humongous regions: 53->53
[2020-05-07T09:55:12.727+0200][71865.277s] GC(101) Metaspace: 58762K->58762K(1103872K)
[2020-05-07T09:55:12.728+0200][71865.277s] GC(101) Pause Young (Normal) (G1 Evacuation Pause) 379M->187M(512M) 1.241ms
[2020-05-07T09:55:12.728+0200][71865.277s] GC(101) User=0.00s Sys=0.00s Real=0.00s
[2020-05-07T09:55:13.283+0200][71865.833s] GC(102) Pause Young (Normal) (G1 Evacuation Pause)
[2020-05-07T09:55:13.283+0200][71865.833s] GC(102) Using 10 workers of 10 for evacuation
[2020-05-07T09:55:13.284+0200][71865.834s] GC(102)   Pre Evacuate Collection Set: 0.0ms
[2020-05-07T09:55:13.284+0200][71865.834s] GC(102)   Evacuate Collection Set: 0.6ms
[2020-05-07T09:55:13.284+0200][71865.834s] GC(102)   Post Evacuate Collection Set: 0.3ms
[2020-05-07T09:55:13.284+0200][71865.834s] GC(102)   Other: 0.1ms
[2020-05-07T09:55:13.284+0200][71865.834s] GC(102) Eden regions: 198->0(204)
[2020-05-07T09:55:13.284+0200][71865.834s] GC(102) Survivor regions: 5->5(26)
[2020-05-07T09:55:13.284+0200][71865.834s] GC(102) Old regions: 130->130
[2020-05-07T09:55:13.284+0200][71865.834s] GC(102) Humongous regions: 53->53
[2020-05-07T09:55:13.284+0200][71865.834s] GC(102) Metaspace: 58774K->58774K(1103872K)
[2020-05-07T09:55:13.284+0200][71865.834s] GC(102) Pause Young (Normal) (G1 Evacuation Pause) 385M->186M(512M) 1.179ms
[2020-05-07T09:55:13.284+0200][71865.834s] GC(102) User=0.00s Sys=0.00s Real=0.00s
[2020-05-07T10:23:14.359+0200][73546.908s] GC(103) Pause Young (Normal) (G1 Evacuation Pause)
[2020-05-07T10:23:14.359+0200][73546.908s] GC(103) Using 10 workers of 10 for evacuation
[2020-05-07T10:23:14.362+0200][73546.912s] GC(103)   Pre Evacuate Collection Set: 0.0ms
[2020-05-07T10:23:14.362+0200][73546.912s] GC(103)   Evacuate Collection Set: 3.1ms
[2020-05-07T10:23:14.362+0200][73546.912s] GC(103)   Post Evacuate Collection Set: 0.6ms
[2020-05-07T10:23:14.362+0200][73546.912s] GC(103)   Other: 0.2ms
[2020-05-07T10:23:14.362+0200][73546.912s] GC(103) Eden regions: 204->0(206)
[2020-05-07T10:23:14.362+0200][73546.912s] GC(103) Survivor regions: 5->11(27)
[2020-05-07T10:23:14.362+0200][73546.912s] GC(103) Old regions: 130->130
[2020-05-07T10:23:14.362+0200][73546.912s] GC(103) Humongous regions: 53->53
[2020-05-07T10:23:14.362+0200][73546.912s] GC(103) Metaspace: 59409K->59409K(1103872K)
[2020-05-07T10:23:14.362+0200][73546.912s] GC(103) Pause Young (Normal) (G1 Evacuation Pause) 390M->193M(512M) 4.073ms
[2020-05-07T10:23:14.362+0200][73546.912s] GC(103) User=0.17s Sys=0.00s Real=0.00s
[2020-05-07T10:47:50.197+0200][75022.747s] Heap
[2020-05-07T10:47:50.197+0200][75022.747s]  garbage-first heap   total 524288K, used 374873K [0x00000000e0000000, 0x0000000100000000)
[2020-05-07T10:47:50.197+0200][75022.747s]   region size 1024K, 184 young (188416K), 11 survivors (11264K)
[2020-05-07T10:47:50.197+0200][75022.747s]  Metaspace       used 60214K, capacity 61504K, committed 61872K, reserved 1103872K
[2020-05-07T10:47:50.197+0200][75022.747s]   class space    used 6504K, capacity 7020K, committed 7168K, reserved 1048576K
