[2020-05-07T10:52:04.533+0200][0.023s] Heap region size: 1M
[2020-05-07T10:52:04.709+0200][0.198s] Using G1
[2020-05-07T10:52:04.709+0200][0.198s] Heap address: 0x00000000e0000000, size: 512 MB, Compressed Oops mode: 32-bit
[2020-05-07T10:52:05.503+0200][0.992s] GC(0) Pause Young (Normal) (G1 Evacuation Pause)
[2020-05-07T10:52:05.503+0200][0.992s] GC(0) Using 10 workers of 10 for evacuation
[2020-05-07T10:52:05.506+0200][0.996s] GC(0)   Pre Evacuate Collection Set: 0.0ms
[2020-05-07T10:52:05.506+0200][0.996s] GC(0)   Evacuate Collection Set: 2.7ms
[2020-05-07T10:52:05.506+0200][0.996s] GC(0)   Post Evacuate Collection Set: 0.5ms
[2020-05-07T10:52:05.507+0200][0.996s] GC(0)   Other: 0.6ms
[2020-05-07T10:52:05.507+0200][0.996s] GC(0) Eden regions: 30->0(303)
[2020-05-07T10:52:05.514+0200][1.003s] GC(0) Survivor regions: 0->4(4)
[2020-05-07T10:52:05.514+0200][1.003s] GC(0) Old regions: 0->0
[2020-05-07T10:52:05.514+0200][1.003s] GC(0) Humongous regions: 0->0
[2020-05-07T10:52:05.514+0200][1.003s] GC(0) Metaspace: 15620K->15620K(1062912K)
[2020-05-07T10:52:05.514+0200][1.003s] GC(0) Pause Young (Normal) (G1 Evacuation Pause) 30M->3M(512M) 11.657ms
[2020-05-07T10:52:05.514+0200][1.003s] GC(0) User=0.00s Sys=0.00s Real=0.01s
[2020-05-07T10:52:05.788+0200][1.277s] GC(1) Pause Young (Concurrent Start) (Metadata GC Threshold)
[2020-05-07T10:52:05.788+0200][1.277s] GC(1) Using 10 workers of 10 for evacuation
[2020-05-07T10:52:05.798+0200][1.288s] GC(1)   Pre Evacuate Collection Set: 0.0ms
[2020-05-07T10:52:05.798+0200][1.288s] GC(1)   Evacuate Collection Set: 10.2ms
[2020-05-07T10:52:05.798+0200][1.288s] GC(1)   Post Evacuate Collection Set: 0.4ms
[2020-05-07T10:52:05.798+0200][1.288s] GC(1)   Other: 0.2ms
[2020-05-07T10:52:05.798+0200][1.288s] GC(1) Eden regions: 19->0(59)
[2020-05-07T10:52:05.798+0200][1.288s] GC(1) Survivor regions: 4->12(39)
[2020-05-07T10:52:05.799+0200][1.288s] GC(1) Old regions: 0->0
[2020-05-07T10:52:05.799+0200][1.288s] GC(1) Humongous regions: 4->4
[2020-05-07T10:52:05.799+0200][1.288s] GC(1) Metaspace: 20742K->20742K(1069056K)
[2020-05-07T10:52:05.799+0200][1.288s] GC(1) Pause Young (Concurrent Start) (Metadata GC Threshold) 26M->15M(512M) 11.049ms
[2020-05-07T10:52:05.799+0200][1.288s] GC(1) User=0.17s Sys=0.00s Real=0.01s
[2020-05-07T10:52:05.799+0200][1.288s] GC(2) Concurrent Cycle
[2020-05-07T10:52:05.799+0200][1.288s] GC(2) Concurrent Clear Claimed Marks
[2020-05-07T10:52:05.799+0200][1.288s] GC(2) Concurrent Clear Claimed Marks 0.031ms
[2020-05-07T10:52:05.799+0200][1.288s] GC(2) Concurrent Scan Root Regions
[2020-05-07T10:52:05.801+0200][1.290s] GC(2) Concurrent Scan Root Regions 2.473ms
[2020-05-07T10:52:05.801+0200][1.291s] GC(2) Concurrent Mark (1.290s)
[2020-05-07T10:52:05.801+0200][1.291s] GC(2) Concurrent Mark From Roots
[2020-05-07T10:52:05.801+0200][1.291s] GC(2) Using 3 workers of 3 for marking
[2020-05-07T10:52:05.802+0200][1.291s] GC(2) Concurrent Mark From Roots 0.595ms
[2020-05-07T10:52:05.802+0200][1.291s] GC(2) Concurrent Preclean
[2020-05-07T10:52:05.802+0200][1.291s] GC(2) Concurrent Preclean 0.122ms
[2020-05-07T10:52:05.802+0200][1.291s] GC(2) Concurrent Mark (1.290s, 1.291s) 0.765ms
[2020-05-07T10:52:05.802+0200][1.291s] GC(2) Pause Remark
[2020-05-07T10:52:05.803+0200][1.292s] GC(2) Cleaned string and symbol table, strings: 10282 processed, 0 removed, symbols: 68251 processed, 12 removed
[2020-05-07T10:52:05.803+0200][1.292s] GC(2) Pause Remark 16M->16M(512M) 0.894ms
[2020-05-07T10:52:05.803+0200][1.292s] GC(2) User=0.00s Sys=0.00s Real=0.00s
[2020-05-07T10:52:05.803+0200][1.292s] GC(2) Concurrent Rebuild Remembered Sets
[2020-05-07T10:52:05.804+0200][1.293s] GC(2) Concurrent Rebuild Remembered Sets 1.146ms
[2020-05-07T10:52:05.804+0200][1.294s] GC(2) Pause Cleanup
[2020-05-07T10:52:05.804+0200][1.294s] GC(2) Pause Cleanup 16M->16M(512M) 0.063ms
[2020-05-07T10:52:05.804+0200][1.294s] GC(2) User=0.00s Sys=0.00s Real=0.00s
[2020-05-07T10:52:05.804+0200][1.294s] GC(2) Concurrent Cleanup for Next Mark
[2020-05-07T10:52:05.805+0200][1.294s] GC(2) Concurrent Cleanup for Next Mark 0.159ms
[2020-05-07T10:52:05.805+0200][1.294s] GC(2) Concurrent Cycle 5.974ms
[2020-05-07T10:52:06.172+0200][1.661s] GC(3) Pause Young (Normal) (G1 Evacuation Pause)
[2020-05-07T10:52:06.172+0200][1.661s] GC(3) Using 10 workers of 10 for evacuation
[2020-05-07T10:52:06.180+0200][1.669s] GC(3)   Pre Evacuate Collection Set: 0.0ms
[2020-05-07T10:52:06.180+0200][1.669s] GC(3)   Evacuate Collection Set: 7.1ms
[2020-05-07T10:52:06.180+0200][1.669s] GC(3)   Post Evacuate Collection Set: 0.7ms
[2020-05-07T10:52:06.180+0200][1.669s] GC(3)   Other: 0.1ms
[2020-05-07T10:52:06.180+0200][1.669s] GC(3) Eden regions: 36->0(60)
[2020-05-07T10:52:06.180+0200][1.669s] GC(3) Survivor regions: 12->6(6)
[2020-05-07T10:52:06.180+0200][1.669s] GC(3) Old regions: 0->14
[2020-05-07T10:52:06.180+0200][1.669s] GC(3) Humongous regions: 4->4
[2020-05-07T10:52:06.180+0200][1.669s] GC(3) Metaspace: 23964K->23964K(1071104K)
[2020-05-07T10:52:06.180+0200][1.669s] GC(3) Pause Young (Normal) (G1 Evacuation Pause) 51M->23M(512M) 8.139ms
[2020-05-07T10:52:06.180+0200][1.669s] GC(3) User=0.00s Sys=0.00s Real=0.01s
[2020-05-07T10:52:06.774+0200][2.264s] GC(4) Pause Young (Normal) (G1 Evacuation Pause)
[2020-05-07T10:52:06.774+0200][2.264s] GC(4) Using 10 workers of 10 for evacuation
[2020-05-07T10:52:06.775+0200][2.265s] GC(4)   Pre Evacuate Collection Set: 0.0ms
[2020-05-07T10:52:06.775+0200][2.265s] GC(4)   Evacuate Collection Set: 1.2ms
[2020-05-07T10:52:06.775+0200][2.265s] GC(4)   Post Evacuate Collection Set: 0.3ms
[2020-05-07T10:52:06.775+0200][2.265s] GC(4)   Other: 0.1ms
[2020-05-07T10:52:06.775+0200][2.265s] GC(4) Eden regions: 60->0(104)
[2020-05-07T10:52:06.775+0200][2.265s] GC(4) Survivor regions: 6->2(9)
[2020-05-07T10:52:06.775+0200][2.265s] GC(4) Old regions: 14->19
[2020-05-07T10:52:06.775+0200][2.265s] GC(4) Humongous regions: 4->4
[2020-05-07T10:52:06.775+0200][2.265s] GC(4) Metaspace: 30830K->30830K(1077248K)
[2020-05-07T10:52:06.775+0200][2.266s] GC(4) Pause Young (Normal) (G1 Evacuation Pause) 83M->24M(512M) 1.830ms
[2020-05-07T10:52:06.776+0200][2.266s] GC(4) User=0.00s Sys=0.00s Real=0.00s
[2020-05-07T10:52:06.989+0200][2.478s] GC(5) Pause Young (Concurrent Start) (Metadata GC Threshold)
[2020-05-07T10:52:06.989+0200][2.478s] GC(5) Using 10 workers of 10 for evacuation
[2020-05-07T10:52:06.991+0200][2.480s] GC(5)   Pre Evacuate Collection Set: 0.0ms
[2020-05-07T10:52:06.991+0200][2.480s] GC(5)   Evacuate Collection Set: 1.7ms
[2020-05-07T10:52:06.991+0200][2.480s] GC(5)   Post Evacuate Collection Set: 0.3ms
[2020-05-07T10:52:06.991+0200][2.480s] GC(5)   Other: 0.2ms
[2020-05-07T10:52:06.991+0200][2.480s] GC(5) Eden regions: 22->0(114)
[2020-05-07T10:52:06.991+0200][2.480s] GC(5) Survivor regions: 2->2(14)
[2020-05-07T10:52:06.991+0200][2.480s] GC(5) Old regions: 19->19
[2020-05-07T10:52:06.991+0200][2.480s] GC(5) Humongous regions: 4->4
[2020-05-07T10:52:06.991+0200][2.480s] GC(5) Metaspace: 35048K->35048K(1081344K)
[2020-05-07T10:52:06.991+0200][2.480s] GC(5) Pause Young (Concurrent Start) (Metadata GC Threshold) 45M->24M(512M) 2.387ms
[2020-05-07T10:52:06.991+0200][2.480s] GC(5) User=0.00s Sys=0.00s Real=0.00s
[2020-05-07T10:52:06.991+0200][2.481s] GC(6) Concurrent Cycle
[2020-05-07T10:52:06.991+0200][2.481s] GC(6) Concurrent Clear Claimed Marks
[2020-05-07T10:52:06.991+0200][2.481s] GC(6) Concurrent Clear Claimed Marks 0.033ms
[2020-05-07T10:52:06.991+0200][2.481s] GC(6) Concurrent Scan Root Regions
[2020-05-07T10:52:06.993+0200][2.482s] GC(6) Concurrent Scan Root Regions 1.390ms
[2020-05-07T10:52:06.993+0200][2.482s] GC(6) Concurrent Mark (2.482s)
[2020-05-07T10:52:06.993+0200][2.482s] GC(6) Concurrent Mark From Roots
[2020-05-07T10:52:06.993+0200][2.482s] GC(6) Using 3 workers of 3 for marking
[2020-05-07T10:52:07.004+0200][2.494s] GC(6) Concurrent Mark From Roots 11.856ms
[2020-05-07T10:52:07.004+0200][2.494s] GC(6) Concurrent Preclean
[2020-05-07T10:52:07.005+0200][2.494s] GC(6) Concurrent Preclean 0.164ms
[2020-05-07T10:52:07.005+0200][2.494s] GC(6) Concurrent Mark (2.482s, 2.494s) 12.084ms
[2020-05-07T10:52:07.005+0200][2.494s] GC(6) Pause Remark
[2020-05-07T10:52:07.007+0200][2.496s] GC(6) Cleaned string and symbol table, strings: 16715 processed, 23 removed, symbols: 114899 processed, 55 removed
[2020-05-07T10:52:07.007+0200][2.496s] GC(6) Pause Remark 25M->25M(512M) 1.861ms
[2020-05-07T10:52:07.007+0200][2.496s] GC(6) User=0.00s Sys=0.00s Real=0.00s
[2020-05-07T10:52:07.007+0200][2.496s] GC(6) Concurrent Rebuild Remembered Sets
[2020-05-07T10:52:07.014+0200][2.504s] GC(6) Concurrent Rebuild Remembered Sets 7.083ms
[2020-05-07T10:52:07.014+0200][2.504s] GC(6) Pause Cleanup
[2020-05-07T10:52:07.014+0200][2.504s] GC(6) Pause Cleanup 26M->26M(512M) 0.094ms
[2020-05-07T10:52:07.014+0200][2.504s] GC(6) User=0.00s Sys=0.00s Real=0.00s
[2020-05-07T10:52:07.014+0200][2.504s] GC(6) Concurrent Cleanup for Next Mark
[2020-05-07T10:52:07.014+0200][2.504s] GC(6) Concurrent Cleanup for Next Mark 0.249ms
[2020-05-07T10:52:07.014+0200][2.504s] GC(6) Concurrent Cycle 23.659ms
[2020-05-07T10:52:07.636+0200][3.125s] GC(7) Pause Young (Normal) (G1 Evacuation Pause)
[2020-05-07T10:52:07.636+0200][3.125s] GC(7) Using 10 workers of 10 for evacuation
[2020-05-07T10:52:07.640+0200][3.129s] GC(7)   Pre Evacuate Collection Set: 0.0ms
[2020-05-07T10:52:07.640+0200][3.130s] GC(7)   Evacuate Collection Set: 3.7ms
[2020-05-07T10:52:07.640+0200][3.130s] GC(7)   Post Evacuate Collection Set: 0.5ms
[2020-05-07T10:52:07.640+0200][3.130s] GC(7)   Other: 0.2ms
[2020-05-07T10:52:07.640+0200][3.130s] GC(7) Eden regions: 114->0(184)
[2020-05-07T10:52:07.640+0200][3.130s] GC(7) Survivor regions: 2->7(15)
[2020-05-07T10:52:07.640+0200][3.130s] GC(7) Old regions: 19->19
[2020-05-07T10:52:07.640+0200][3.130s] GC(7) Humongous regions: 5->4
[2020-05-07T10:52:07.640+0200][3.130s] GC(7) Metaspace: 42171K->42171K(1087488K)
[2020-05-07T10:52:07.640+0200][3.130s] GC(7) Pause Young (Normal) (G1 Evacuation Pause) 139M->29M(512M) 4.506ms
[2020-05-07T10:52:07.640+0200][3.130s] GC(7) User=0.00s Sys=0.00s Real=0.00s
[2020-05-07T10:52:07.931+0200][3.421s] GC(8) Pause Young (Normal) (G1 Evacuation Pause)
[2020-05-07T10:52:07.931+0200][3.421s] GC(8) Using 10 workers of 10 for evacuation
[2020-05-07T10:52:07.935+0200][3.425s] GC(8)   Pre Evacuate Collection Set: 0.0ms
[2020-05-07T10:52:07.935+0200][3.425s] GC(8)   Evacuate Collection Set: 3.4ms
[2020-05-07T10:52:07.935+0200][3.425s] GC(8)   Post Evacuate Collection Set: 0.4ms
[2020-05-07T10:52:07.935+0200][3.425s] GC(8)   Other: 0.2ms
[2020-05-07T10:52:07.935+0200][3.425s] GC(8) Eden regions: 184->0(252)
[2020-05-07T10:52:07.935+0200][3.425s] GC(8) Survivor regions: 7->8(24)
[2020-05-07T10:52:07.935+0200][3.425s] GC(8) Old regions: 19->19
[2020-05-07T10:52:07.935+0200][3.425s] GC(8) Humongous regions: 4->4
[2020-05-07T10:52:07.935+0200][3.425s] GC(8) Metaspace: 45547K->45547K(1091584K)
[2020-05-07T10:52:07.935+0200][3.425s] GC(8) Pause Young (Normal) (G1 Evacuation Pause) 213M->30M(512M) 4.212ms
[2020-05-07T10:52:07.936+0200][3.425s] GC(8) User=0.00s Sys=0.00s Real=0.01s
[2020-05-07T10:54:45.245+0200][160.734s] GC(9) Pause Young (Normal) (G1 Evacuation Pause)
[2020-05-07T10:54:45.245+0200][160.734s] GC(9) Using 10 workers of 10 for evacuation
[2020-05-07T10:54:45.253+0200][160.743s] GC(9)   Pre Evacuate Collection Set: 0.0ms
[2020-05-07T10:54:45.253+0200][160.743s] GC(9)   Evacuate Collection Set: 7.6ms
[2020-05-07T10:54:45.253+0200][160.743s] GC(9)   Post Evacuate Collection Set: 1.1ms
[2020-05-07T10:54:45.253+0200][160.743s] GC(9)   Other: 0.2ms
[2020-05-07T10:54:45.253+0200][160.743s] GC(9) Eden regions: 252->0(288)
[2020-05-07T10:54:45.253+0200][160.743s] GC(9) Survivor regions: 8->19(33)
[2020-05-07T10:54:45.253+0200][160.743s] GC(9) Old regions: 19->19
[2020-05-07T10:54:45.253+0200][160.743s] GC(9) Humongous regions: 7->7
[2020-05-07T10:54:45.253+0200][160.743s] GC(9) Metaspace: 56970K->56970K(1101824K)
[2020-05-07T10:54:45.253+0200][160.743s] GC(9) Pause Young (Normal) (G1 Evacuation Pause) 285M->44M(512M) 9.002ms
[2020-05-07T10:54:45.254+0200][160.743s] GC(9) User=0.19s Sys=0.00s Real=0.01s
[2020-05-07T11:04:48.571+0200][764.061s] GC(10) Pause Young (Normal) (G1 Evacuation Pause)
[2020-05-07T11:04:48.571+0200][764.061s] GC(10) Using 10 workers of 10 for evacuation
[2020-05-07T11:04:48.581+0200][764.070s] GC(10)   Pre Evacuate Collection Set: 0.0ms
[2020-05-07T11:04:48.581+0200][764.070s] GC(10)   Evacuate Collection Set: 7.6ms
[2020-05-07T11:04:48.581+0200][764.070s] GC(10)   Post Evacuate Collection Set: 1.6ms
[2020-05-07T11:04:48.581+0200][764.070s] GC(10)   Other: 0.2ms
[2020-05-07T11:04:48.581+0200][764.070s] GC(10) Eden regions: 288->0(284)
[2020-05-07T11:04:48.581+0200][764.070s] GC(10) Survivor regions: 19->23(39)
[2020-05-07T11:04:48.581+0200][764.070s] GC(10) Old regions: 19->19
[2020-05-07T11:04:48.581+0200][764.070s] GC(10) Humongous regions: 7->7
[2020-05-07T11:04:48.581+0200][764.070s] GC(10) Metaspace: 57664K->57664K(1101824K)
[2020-05-07T11:04:48.581+0200][764.070s] GC(10) Pause Young (Normal) (G1 Evacuation Pause) 332M->48M(512M) 9.627ms
[2020-05-07T11:04:48.581+0200][764.070s] GC(10) User=0.16s Sys=0.00s Real=0.01s
[2020-05-07T11:27:44.674+0200][2140.163s] GC(11) Pause Young (Normal) (G1 Evacuation Pause)
[2020-05-07T11:27:44.674+0200][2140.163s] GC(11) Using 10 workers of 10 for evacuation
[2020-05-07T11:27:44.684+0200][2140.173s] GC(11)   Pre Evacuate Collection Set: 0.0ms
[2020-05-07T11:27:44.684+0200][2140.173s] GC(11)   Evacuate Collection Set: 8.1ms
[2020-05-07T11:27:44.684+0200][2140.173s] GC(11)   Post Evacuate Collection Set: 1.7ms
[2020-05-07T11:27:44.684+0200][2140.173s] GC(11)   Other: 0.2ms
[2020-05-07T11:27:44.684+0200][2140.173s] GC(11) Eden regions: 284->0(290)
[2020-05-07T11:27:44.684+0200][2140.173s] GC(11) Survivor regions: 23->17(39)
[2020-05-07T11:27:44.684+0200][2140.173s] GC(11) Old regions: 19->26
[2020-05-07T11:27:44.684+0200][2140.173s] GC(11) Humongous regions: 7->7
[2020-05-07T11:27:44.684+0200][2140.173s] GC(11) Metaspace: 58190K->58190K(1101824K)
[2020-05-07T11:27:44.684+0200][2140.173s] GC(11) Pause Young (Normal) (G1 Evacuation Pause) 332M->48M(512M) 10.088ms
[2020-05-07T11:27:44.684+0200][2140.173s] GC(11) User=0.00s Sys=0.00s Real=0.01s
[2020-05-07T11:57:08.600+0200][3904.090s] GC(12) Pause Young (Concurrent Start) (Metadata GC Threshold)
[2020-05-07T11:57:08.600+0200][3904.090s] GC(12) Using 10 workers of 10 for evacuation
[2020-05-07T11:57:08.606+0200][3904.096s] GC(12)   Pre Evacuate Collection Set: 0.1ms
[2020-05-07T11:57:08.606+0200][3904.096s] GC(12)   Evacuate Collection Set: 4.6ms
[2020-05-07T11:57:08.606+0200][3904.096s] GC(12)   Post Evacuate Collection Set: 1.4ms
[2020-05-07T11:57:08.606+0200][3904.096s] GC(12)   Other: 0.2ms
[2020-05-07T11:57:08.606+0200][3904.096s] GC(12) Eden regions: 179->0(291)
[2020-05-07T11:57:08.606+0200][3904.096s] GC(12) Survivor regions: 17->16(39)
[2020-05-07T11:57:08.606+0200][3904.096s] GC(12) Old regions: 26->26
[2020-05-07T11:57:08.606+0200][3904.096s] GC(12) Humongous regions: 7->7
[2020-05-07T11:57:08.606+0200][3904.096s] GC(12) Metaspace: 58520K->58520K(1101824K)
[2020-05-07T11:57:08.606+0200][3904.096s] GC(12) Pause Young (Concurrent Start) (Metadata GC Threshold) 227M->48M(512M) 6.443ms
[2020-05-07T11:57:08.606+0200][3904.096s] GC(12) User=0.00s Sys=0.00s Real=0.01s
[2020-05-07T11:57:08.606+0200][3904.096s] GC(13) Concurrent Cycle
[2020-05-07T11:57:08.606+0200][3904.096s] GC(13) Concurrent Clear Claimed Marks
[2020-05-07T11:57:08.607+0200][3904.096s] GC(13) Concurrent Clear Claimed Marks 0.106ms
[2020-05-07T11:57:08.607+0200][3904.096s] GC(13) Concurrent Scan Root Regions
[2020-05-07T11:57:08.609+0200][3904.099s] GC(13) Concurrent Scan Root Regions 2.628ms
[2020-05-07T11:57:08.610+0200][3904.099s] GC(13) Concurrent Mark (3904.099s)
[2020-05-07T11:57:08.610+0200][3904.099s] GC(13) Concurrent Mark From Roots
[2020-05-07T11:57:08.610+0200][3904.099s] GC(13) Using 3 workers of 3 for marking
[2020-05-07T11:57:08.620+0200][3904.109s] GC(13) Concurrent Mark From Roots 9.887ms
[2020-05-07T11:57:08.620+0200][3904.109s] GC(13) Concurrent Preclean
[2020-05-07T11:57:08.620+0200][3904.109s] GC(13) Concurrent Preclean 0.260ms
[2020-05-07T11:57:08.620+0200][3904.109s] GC(13) Concurrent Mark (3904.099s, 3904.109s) 10.257ms
[2020-05-07T11:57:08.620+0200][3904.109s] GC(13) Pause Remark
[2020-05-07T11:57:08.626+0200][3904.115s] GC(13) Cleaned string and symbol table, strings: 27185 processed, 1024 removed, symbols: 165340 processed, 606 removed
[2020-05-07T11:57:08.626+0200][3904.116s] GC(13) Pause Remark 48M->48M(512M) 6.500ms
[2020-05-07T11:57:08.626+0200][3904.116s] GC(13) User=0.13s Sys=0.02s Real=0.01s
[2020-05-07T11:57:08.627+0200][3904.116s] GC(13) Concurrent Rebuild Remembered Sets
[2020-05-07T11:57:08.632+0200][3904.122s] GC(13) Concurrent Rebuild Remembered Sets 5.583ms
[2020-05-07T11:57:08.632+0200][3904.122s] GC(13) Pause Cleanup
[2020-05-07T11:57:08.632+0200][3904.122s] GC(13) Pause Cleanup 48M->48M(512M) 0.140ms
[2020-05-07T11:57:08.632+0200][3904.122s] GC(13) User=0.00s Sys=0.00s Real=0.00s
[2020-05-07T11:57:08.633+0200][3904.122s] GC(13) Concurrent Cleanup for Next Mark
[2020-05-07T11:57:08.633+0200][3904.122s] GC(13) Concurrent Cleanup for Next Mark 0.386ms
[2020-05-07T11:57:08.633+0200][3904.122s] GC(13) Concurrent Cycle 26.270ms
[2020-05-07T13:00:51.922+0200][7727.411s] GC(14) Pause Young (Normal) (G1 Evacuation Pause)
[2020-05-07T13:00:51.922+0200][7727.411s] GC(14) Using 10 workers of 10 for evacuation
[2020-05-07T13:00:51.931+0200][7727.420s] GC(14)   Pre Evacuate Collection Set: 0.0ms
[2020-05-07T13:00:51.931+0200][7727.420s] GC(14)   Evacuate Collection Set: 7.5ms
[2020-05-07T13:00:51.931+0200][7727.420s] GC(14)   Post Evacuate Collection Set: 1.0ms
[2020-05-07T13:00:51.931+0200][7727.420s] GC(14)   Other: 0.2ms
[2020-05-07T13:00:51.931+0200][7727.420s] GC(14) Eden regions: 291->0(268)
[2020-05-07T13:00:51.931+0200][7727.420s] GC(14) Survivor regions: 16->39(39)
[2020-05-07T13:00:51.931+0200][7727.420s] GC(14) Old regions: 26->27
[2020-05-07T13:00:51.931+0200][7727.420s] GC(14) Humongous regions: 24->12
[2020-05-07T13:00:51.931+0200][7727.420s] GC(14) Metaspace: 58949K->58949K(1103872K)
[2020-05-07T13:00:51.931+0200][7727.420s] GC(14) Pause Young (Normal) (G1 Evacuation Pause) 356M->77M(512M) 8.865ms
[2020-05-07T13:00:51.931+0200][7727.420s] GC(14) User=0.00s Sys=0.00s Real=0.01s
[2020-05-07T13:00:56.507+0200][7731.996s] GC(15) Pause Young (Normal) (G1 Evacuation Pause)
[2020-05-07T13:00:56.507+0200][7731.996s] GC(15) Using 10 workers of 10 for evacuation
[2020-05-07T13:00:56.515+0200][7732.005s] GC(15)   Pre Evacuate Collection Set: 0.0ms
[2020-05-07T13:00:56.515+0200][7732.005s] GC(15)   Evacuate Collection Set: 7.9ms
[2020-05-07T13:00:56.515+0200][7732.005s] GC(15)   Post Evacuate Collection Set: 0.7ms
[2020-05-07T13:00:56.515+0200][7732.005s] GC(15)   Other: 0.1ms
[2020-05-07T13:00:56.515+0200][7732.005s] GC(15) Eden regions: 268->0(278)
[2020-05-07T13:00:56.515+0200][7732.005s] GC(15) Survivor regions: 39->29(39)
[2020-05-07T13:00:56.515+0200][7732.005s] GC(15) Old regions: 27->58
[2020-05-07T13:00:56.515+0200][7732.005s] GC(15) Humongous regions: 97->28
[2020-05-07T13:00:56.515+0200][7732.005s] GC(15) Metaspace: 58968K->58968K(1103872K)
[2020-05-07T13:00:56.515+0200][7732.005s] GC(15) Pause Young (Normal) (G1 Evacuation Pause) 430M->114M(512M) 8.921ms
[2020-05-07T13:00:56.515+0200][7732.005s] GC(15) User=0.02s Sys=0.00s Real=0.01s
[2020-05-07T13:01:01.120+0200][7736.610s] GC(16) Pause Young (Normal) (G1 Evacuation Pause)
[2020-05-07T13:01:01.120+0200][7736.610s] GC(16) Using 10 workers of 10 for evacuation
[2020-05-07T13:01:01.125+0200][7736.615s] GC(16)   Pre Evacuate Collection Set: 0.0ms
[2020-05-07T13:01:01.126+0200][7736.615s] GC(16)   Evacuate Collection Set: 4.4ms
[2020-05-07T13:01:01.126+0200][7736.615s] GC(16)   Post Evacuate Collection Set: 0.5ms
[2020-05-07T13:01:01.126+0200][7736.615s] GC(16)   Other: 0.2ms
[2020-05-07T13:01:01.126+0200][7736.615s] GC(16) Eden regions: 278->0(255)
[2020-05-07T13:01:01.126+0200][7736.615s] GC(16) Survivor regions: 29->22(39)
[2020-05-07T13:01:01.126+0200][7736.615s] GC(16) Old regions: 58->84
[2020-05-07T13:01:01.126+0200][7736.615s] GC(16) Humongous regions: 94->46
[2020-05-07T13:01:01.126+0200][7736.615s] GC(16) Metaspace: 59082K->59082K(1103872K)
[2020-05-07T13:01:01.126+0200][7736.615s] GC(16) Pause Young (Normal) (G1 Evacuation Pause) 458M->150M(512M) 5.380ms
[2020-05-07T13:01:01.126+0200][7736.615s] GC(16) User=0.19s Sys=0.00s Real=0.01s
[2020-05-07T13:01:02.307+0200][7737.796s] GC(17) Pause Young (Normal) (G1 Evacuation Pause)
[2020-05-07T13:01:02.307+0200][7737.797s] GC(17) Using 10 workers of 10 for evacuation
[2020-05-07T13:01:02.309+0200][7737.799s] GC(17)   Pre Evacuate Collection Set: 0.0ms
[2020-05-07T13:01:02.310+0200][7737.799s] GC(17)   Evacuate Collection Set: 2.1ms
[2020-05-07T13:01:02.310+0200][7737.799s] GC(17)   Post Evacuate Collection Set: 0.4ms
[2020-05-07T13:01:02.310+0200][7737.799s] GC(17)   Other: 0.2ms
[2020-05-07T13:01:02.310+0200][7737.799s] GC(17) Eden regions: 255->0(266)
[2020-05-07T13:01:02.310+0200][7737.799s] GC(17) Survivor regions: 22->1(35)
[2020-05-07T13:01:02.310+0200][7737.799s] GC(17) Old regions: 84->104
[2020-05-07T13:01:02.310+0200][7737.799s] GC(17) Humongous regions: 46->46
[2020-05-07T13:01:02.310+0200][7737.799s] GC(17) Metaspace: 59095K->59095K(1103872K)
[2020-05-07T13:01:02.310+0200][7737.799s] GC(17) Pause Young (Normal) (G1 Evacuation Pause) 405M->150M(512M) 2.843ms
[2020-05-07T13:01:02.310+0200][7737.799s] GC(17) User=0.00s Sys=0.00s Real=0.00s
[2020-05-07T13:01:03.289+0200][7738.778s] GC(18) Pause Young (Normal) (G1 Evacuation Pause)
[2020-05-07T13:01:03.289+0200][7738.778s] GC(18) Using 10 workers of 10 for evacuation
[2020-05-07T13:01:03.290+0200][7738.779s] GC(18)   Pre Evacuate Collection Set: 0.0ms
[2020-05-07T13:01:03.290+0200][7738.779s] GC(18)   Evacuate Collection Set: 0.2ms
[2020-05-07T13:01:03.290+0200][7738.779s] GC(18)   Post Evacuate Collection Set: 0.3ms
[2020-05-07T13:01:03.290+0200][7738.779s] GC(18)   Other: 0.1ms
[2020-05-07T13:01:03.290+0200][7738.779s] GC(18) Eden regions: 266->0(272)
[2020-05-07T13:01:03.290+0200][7738.779s] GC(18) Survivor regions: 1->1(34)
[2020-05-07T13:01:03.290+0200][7738.779s] GC(18) Old regions: 104->104
[2020-05-07T13:01:03.290+0200][7738.779s] GC(18) Humongous regions: 46->46
[2020-05-07T13:01:03.290+0200][7738.779s] GC(18) Metaspace: 59098K->59098K(1103872K)
[2020-05-07T13:01:03.290+0200][7738.779s] GC(18) Pause Young (Normal) (G1 Evacuation Pause) 416M->149M(512M) 0.889ms
[2020-05-07T13:01:03.290+0200][7738.779s] GC(18) User=0.00s Sys=0.00s Real=0.00s
[2020-05-07T15:18:12.883+0200][15968.373s] GC(19) Pause Young (Normal) (G1 Evacuation Pause)
[2020-05-07T15:18:12.884+0200][15968.373s] GC(19) Using 10 workers of 10 for evacuation
[2020-05-07T15:18:12.889+0200][15968.378s] GC(19)   Pre Evacuate Collection Set: 0.1ms
[2020-05-07T15:18:12.889+0200][15968.378s] GC(19)   Evacuate Collection Set: 4.3ms
[2020-05-07T15:18:12.889+0200][15968.378s] GC(19)   Post Evacuate Collection Set: 0.9ms
[2020-05-07T15:18:12.889+0200][15968.378s] GC(19)   Other: 0.2ms
[2020-05-07T15:18:12.889+0200][15968.378s] GC(19) Eden regions: 272->0(273)
[2020-05-07T15:18:12.889+0200][15968.378s] GC(19) Survivor regions: 1->5(35)
[2020-05-07T15:18:12.889+0200][15968.378s] GC(19) Old regions: 104->104
[2020-05-07T15:18:12.889+0200][15968.378s] GC(19) Humongous regions: 46->46
[2020-05-07T15:18:12.889+0200][15968.378s] GC(19) Metaspace: 59850K->59850K(1103872K)
[2020-05-07T15:18:12.889+0200][15968.378s] GC(19) Pause Young (Normal) (G1 Evacuation Pause) 421M->153M(512M) 5.699ms
[2020-05-07T15:18:12.889+0200][15968.378s] GC(19) User=0.00s Sys=0.00s Real=0.01s
[2020-05-07T16:08:13.786+0200][18969.275s] GC(20) Pause Young (Normal) (G1 Evacuation Pause)
[2020-05-07T16:08:13.786+0200][18969.275s] GC(20) Using 10 workers of 10 for evacuation
[2020-05-07T16:08:13.794+0200][18969.283s] GC(20)   Pre Evacuate Collection Set: 0.0ms
[2020-05-07T16:08:13.794+0200][18969.283s] GC(20)   Evacuate Collection Set: 7.2ms
[2020-05-07T16:08:13.794+0200][18969.283s] GC(20)   Post Evacuate Collection Set: 0.8ms
[2020-05-07T16:08:13.794+0200][18969.283s] GC(20)   Other: 0.2ms
[2020-05-07T16:08:13.794+0200][18969.283s] GC(20) Eden regions: 273->0(228)
[2020-05-07T16:08:13.794+0200][18969.283s] GC(20) Survivor regions: 5->33(35)
[2020-05-07T16:08:13.794+0200][18969.283s] GC(20) Old regions: 104->104
[2020-05-07T16:08:13.794+0200][18969.283s] GC(20) Humongous regions: 65->55
[2020-05-07T16:08:13.794+0200][18969.283s] GC(20) Metaspace: 59851K->59851K(1103872K)
[2020-05-07T16:08:13.794+0200][18969.283s] GC(20) Pause Young (Normal) (G1 Evacuation Pause) 445M->190M(512M) 8.412ms
[2020-05-07T16:08:13.794+0200][18969.283s] GC(20) User=0.00s Sys=0.00s Real=0.01s
[2020-05-07T16:08:17.231+0200][18972.721s] GC(21) Pause Young (Concurrent Start) (G1 Humongous Allocation)
[2020-05-07T16:08:17.231+0200][18972.721s] GC(21) Using 10 workers of 10 for evacuation
[2020-05-07T16:08:17.240+0200][18972.730s] GC(21)   Pre Evacuate Collection Set: 0.2ms
[2020-05-07T16:08:17.241+0200][18972.730s] GC(21)   Evacuate Collection Set: 8.3ms
[2020-05-07T16:08:17.241+0200][18972.730s] GC(21)   Post Evacuate Collection Set: 0.7ms
[2020-05-07T16:08:17.241+0200][18972.730s] GC(21)   Other: 0.3ms
[2020-05-07T16:08:17.241+0200][18972.730s] GC(21) Eden regions: 160->0(200)
[2020-05-07T16:08:17.241+0200][18972.730s] GC(21) Survivor regions: 33->20(33)
[2020-05-07T16:08:17.241+0200][18972.730s] GC(21) Old regions: 104->128
[2020-05-07T16:08:17.241+0200][18972.730s] GC(21) Humongous regions: 126->69
[2020-05-07T16:08:17.241+0200][18972.730s] GC(21) Metaspace: 59855K->59855K(1103872K)
[2020-05-07T16:08:17.241+0200][18972.730s] GC(21) Pause Young (Concurrent Start) (G1 Humongous Allocation) 421M->216M(512M) 9.691ms
[2020-05-07T16:08:17.241+0200][18972.730s] GC(21) User=0.00s Sys=0.00s Real=0.01s
[2020-05-07T16:08:17.241+0200][18972.730s] GC(22) Concurrent Cycle
[2020-05-07T16:08:17.241+0200][18972.730s] GC(22) Concurrent Clear Claimed Marks
[2020-05-07T16:08:17.241+0200][18972.731s] GC(22) Concurrent Clear Claimed Marks 0.096ms
[2020-05-07T16:08:17.241+0200][18972.731s] GC(22) Concurrent Scan Root Regions
[2020-05-07T16:08:17.244+0200][18972.733s] GC(22) Concurrent Scan Root Regions 2.840ms
[2020-05-07T16:08:17.244+0200][18972.733s] GC(22) Concurrent Mark (18972.733s)
[2020-05-07T16:08:17.244+0200][18972.734s] GC(22) Concurrent Mark From Roots
[2020-05-07T16:08:17.244+0200][18972.734s] GC(22) Using 3 workers of 3 for marking
[2020-05-07T16:08:17.277+0200][18972.767s] GC(22) Concurrent Mark From Roots 33.443ms
[2020-05-07T16:08:17.277+0200][18972.767s] GC(22) Concurrent Preclean
[2020-05-07T16:08:17.278+0200][18972.767s] GC(22) Concurrent Preclean 0.278ms
[2020-05-07T16:08:17.278+0200][18972.767s] GC(22) Concurrent Mark (18972.733s, 18972.767s) 33.797ms
[2020-05-07T16:08:17.278+0200][18972.767s] GC(22) Pause Remark
[2020-05-07T16:08:17.296+0200][18972.785s] GC(22) Cleaned string and symbol table, strings: 27641 processed, 418 removed, symbols: 165120 processed, 32 removed
[2020-05-07T16:08:17.297+0200][18972.786s] GC(22) Pause Remark 224M->143M(512M) 18.726ms
[2020-05-07T16:08:17.297+0200][18972.786s] GC(22) User=0.08s Sys=0.09s Real=0.02s
[2020-05-07T16:08:17.297+0200][18972.786s] GC(22) Concurrent Rebuild Remembered Sets
[2020-05-07T16:08:17.315+0200][18972.804s] GC(22) Concurrent Rebuild Remembered Sets 17.993ms
[2020-05-07T16:08:17.315+0200][18972.805s] GC(22) Pause Cleanup
[2020-05-07T16:08:17.315+0200][18972.805s] GC(22) Pause Cleanup 144M->144M(512M) 0.167ms
[2020-05-07T16:08:17.315+0200][18972.805s] GC(22) User=0.00s Sys=0.00s Real=0.00s
[2020-05-07T16:08:17.315+0200][18972.805s] GC(22) Concurrent Cleanup for Next Mark
[2020-05-07T16:08:17.318+0200][18972.807s] GC(22) Concurrent Cleanup for Next Mark 2.123ms
[2020-05-07T16:08:17.318+0200][18972.807s] GC(22) Concurrent Cycle 76.579ms
[2020-05-07T16:08:22.764+0200][18978.253s] GC(23) Pause Young (Prepare Mixed) (G1 Evacuation Pause)
[2020-05-07T16:08:22.764+0200][18978.253s] GC(23) Using 10 workers of 10 for evacuation
[2020-05-07T16:08:22.774+0200][18978.263s] GC(23)   Pre Evacuate Collection Set: 0.0ms
[2020-05-07T16:08:22.774+0200][18978.263s] GC(23)   Evacuate Collection Set: 9.1ms
[2020-05-07T16:08:22.774+0200][18978.263s] GC(23)   Post Evacuate Collection Set: 0.6ms
[2020-05-07T16:08:22.774+0200][18978.263s] GC(23)   Other: 0.2ms
[2020-05-07T16:08:22.774+0200][18978.263s] GC(23) Eden regions: 200->0(2)
[2020-05-07T16:08:22.774+0200][18978.263s] GC(23) Survivor regions: 20->23(28)
[2020-05-07T16:08:22.774+0200][18978.263s] GC(23) Old regions: 86->104
[2020-05-07T16:08:22.774+0200][18978.263s] GC(23) Humongous regions: 125->47
[2020-05-07T16:08:22.774+0200][18978.263s] GC(23) Metaspace: 59364K->59364K(1103872K)
[2020-05-07T16:08:22.774+0200][18978.263s] GC(23) Pause Young (Prepare Mixed) (G1 Evacuation Pause) 430M->173M(512M) 10.180ms
[2020-05-07T16:08:22.774+0200][18978.263s] GC(23) User=0.08s Sys=0.05s Real=0.01s
[2020-05-07T16:08:22.819+0200][18978.308s] GC(24) Pause Young (Mixed) (G1 Evacuation Pause)
[2020-05-07T16:08:22.819+0200][18978.308s] GC(24) Using 10 workers of 10 for evacuation
[2020-05-07T16:08:22.823+0200][18978.312s] GC(24)   Pre Evacuate Collection Set: 0.0ms
[2020-05-07T16:08:22.823+0200][18978.313s] GC(24)   Evacuate Collection Set: 3.8ms
[2020-05-07T16:08:22.823+0200][18978.313s] GC(24)   Post Evacuate Collection Set: 0.3ms
[2020-05-07T16:08:22.823+0200][18978.313s] GC(24)   Other: 0.2ms
[2020-05-07T16:08:22.823+0200][18978.313s] GC(24) Eden regions: 2->0(230)
[2020-05-07T16:08:22.823+0200][18978.313s] GC(24) Survivor regions: 23->1(4)
[2020-05-07T16:08:22.823+0200][18978.313s] GC(24) Old regions: 104->124
[2020-05-07T16:08:22.823+0200][18978.313s] GC(24) Humongous regions: 47->47
[2020-05-07T16:08:22.823+0200][18978.313s] GC(24) Metaspace: 59364K->59364K(1103872K)
[2020-05-07T16:08:22.823+0200][18978.313s] GC(24) Pause Young (Mixed) (G1 Evacuation Pause) 175M->171M(512M) 4.437ms
[2020-05-07T16:08:22.823+0200][18978.313s] GC(24) User=0.00s Sys=0.00s Real=0.00s
[2020-05-07T16:08:25.751+0200][18981.241s] GC(25) Pause Young (Normal) (G1 Evacuation Pause)
[2020-05-07T16:08:25.751+0200][18981.241s] GC(25) Using 10 workers of 10 for evacuation
[2020-05-07T16:08:25.753+0200][18981.243s] GC(25)   Pre Evacuate Collection Set: 0.0ms
[2020-05-07T16:08:25.753+0200][18981.243s] GC(25)   Evacuate Collection Set: 2.0ms
[2020-05-07T16:08:25.754+0200][18981.243s] GC(25)   Post Evacuate Collection Set: 0.3ms
[2020-05-07T16:08:25.754+0200][18981.244s] GC(25)   Other: 0.2ms
[2020-05-07T16:08:25.754+0200][18981.244s] GC(25) Eden regions: 230->0(205)
[2020-05-07T16:08:25.754+0200][18981.244s] GC(25) Survivor regions: 1->19(29)
[2020-05-07T16:08:25.754+0200][18981.244s] GC(25) Old regions: 124->124
[2020-05-07T16:08:25.754+0200][18981.244s] GC(25) Humongous regions: 63->63
[2020-05-07T16:08:25.754+0200][18981.244s] GC(25) Metaspace: 59372K->59372K(1103872K)
[2020-05-07T16:08:25.754+0200][18981.244s] GC(25) Pause Young (Normal) (G1 Evacuation Pause) 417M->205M(512M) 2.851ms
[2020-05-07T16:08:25.754+0200][18981.244s] GC(25) User=0.00s Sys=0.00s Real=0.00s
[2020-05-07T16:08:26.359+0200][18981.849s] GC(26) Pause Young (Normal) (G1 Evacuation Pause)
[2020-05-07T16:08:26.360+0200][18981.849s] GC(26) Using 10 workers of 10 for evacuation
[2020-05-07T16:08:26.366+0200][18981.855s] GC(26)   Pre Evacuate Collection Set: 0.0ms
[2020-05-07T16:08:26.366+0200][18981.855s] GC(26)   Evacuate Collection Set: 5.8ms
[2020-05-07T16:08:26.366+0200][18981.855s] GC(26)   Post Evacuate Collection Set: 0.3ms
[2020-05-07T16:08:26.366+0200][18981.855s] GC(26)   Other: 0.2ms
[2020-05-07T16:08:26.366+0200][18981.855s] GC(26) Eden regions: 205->0(205)
[2020-05-07T16:08:26.366+0200][18981.855s] GC(26) Survivor regions: 19->7(28)
[2020-05-07T16:08:26.366+0200][18981.855s] GC(26) Old regions: 124->141
[2020-05-07T16:08:26.366+0200][18981.855s] GC(26) Humongous regions: 63->63
[2020-05-07T16:08:26.366+0200][18981.855s] GC(26) Metaspace: 59373K->59373K(1103872K)
[2020-05-07T16:08:26.366+0200][18981.855s] GC(26) Pause Young (Normal) (G1 Evacuation Pause) 410M->209M(512M) 6.523ms
[2020-05-07T16:08:26.366+0200][18981.855s] GC(26) User=0.00s Sys=0.00s Real=0.01s
[2020-05-07T16:08:27.170+0200][18982.659s] GC(27) Pause Young (Normal) (G1 Evacuation Pause)
[2020-05-07T16:08:27.170+0200][18982.659s] GC(27) Using 10 workers of 10 for evacuation
[2020-05-07T16:08:27.171+0200][18982.661s] GC(27)   Pre Evacuate Collection Set: 0.0ms
[2020-05-07T16:08:27.171+0200][18982.661s] GC(27)   Evacuate Collection Set: 0.8ms
[2020-05-07T16:08:27.171+0200][18982.661s] GC(27)   Post Evacuate Collection Set: 0.3ms
[2020-05-07T16:08:27.171+0200][18982.661s] GC(27)   Other: 0.3ms
[2020-05-07T16:08:27.171+0200][18982.661s] GC(27) Eden regions: 205->0(207)
[2020-05-07T16:08:27.171+0200][18982.661s] GC(27) Survivor regions: 7->9(27)
[2020-05-07T16:08:27.171+0200][18982.661s] GC(27) Old regions: 141->141
[2020-05-07T16:08:27.171+0200][18982.661s] GC(27) Humongous regions: 63->63
[2020-05-07T16:08:27.171+0200][18982.661s] GC(27) Metaspace: 59374K->59374K(1103872K)
[2020-05-07T16:08:27.171+0200][18982.661s] GC(27) Pause Young (Normal) (G1 Evacuation Pause) 414M->211M(512M) 1.706ms
[2020-05-07T16:08:27.171+0200][18982.661s] GC(27) User=0.11s Sys=0.00s Real=0.00s
[2020-05-07T16:08:27.943+0200][18983.433s] GC(28) Pause Young (Normal) (G1 Evacuation Pause)
[2020-05-07T16:08:27.943+0200][18983.433s] GC(28) Using 10 workers of 10 for evacuation
[2020-05-07T16:08:27.946+0200][18983.436s] GC(28)   Pre Evacuate Collection Set: 0.0ms
[2020-05-07T16:08:27.946+0200][18983.436s] GC(28)   Evacuate Collection Set: 2.2ms
[2020-05-07T16:08:27.946+0200][18983.436s] GC(28)   Post Evacuate Collection Set: 0.6ms
[2020-05-07T16:08:27.946+0200][18983.436s] GC(28)   Other: 0.2ms
[2020-05-07T16:08:27.946+0200][18983.436s] GC(28) Eden regions: 207->0(203)
[2020-05-07T16:08:27.946+0200][18983.436s] GC(28) Survivor regions: 9->16(27)
[2020-05-07T16:08:27.946+0200][18983.436s] GC(28) Old regions: 141->141
[2020-05-07T16:08:27.946+0200][18983.436s] GC(28) Humongous regions: 67->65
[2020-05-07T16:08:27.946+0200][18983.436s] GC(28) Metaspace: 59374K->59374K(1103872K)
[2020-05-07T16:08:27.946+0200][18983.436s] GC(28) Pause Young (Normal) (G1 Evacuation Pause) 422M->220M(512M) 3.197ms
[2020-05-07T16:08:27.946+0200][18983.436s] GC(28) User=0.00s Sys=0.00s Real=0.00s
[2020-05-07T16:08:29.460+0200][18984.949s] GC(29) Pause Young (Normal) (G1 Evacuation Pause)
[2020-05-07T16:08:29.460+0200][18984.949s] GC(29) Using 10 workers of 10 for evacuation
[2020-05-07T16:08:29.462+0200][18984.952s] GC(29)   Pre Evacuate Collection Set: 0.0ms
[2020-05-07T16:08:29.463+0200][18984.952s] GC(29)   Evacuate Collection Set: 2.0ms
[2020-05-07T16:08:29.463+0200][18984.952s] GC(29)   Post Evacuate Collection Set: 0.4ms
[2020-05-07T16:08:29.463+0200][18984.952s] GC(29)   Other: 0.2ms
[2020-05-07T16:08:29.463+0200][18984.952s] GC(29) Eden regions: 203->0(205)
[2020-05-07T16:08:29.463+0200][18984.952s] GC(29) Survivor regions: 16->13(28)
[2020-05-07T16:08:29.463+0200][18984.952s] GC(29) Old regions: 141->144
[2020-05-07T16:08:29.463+0200][18984.952s] GC(29) Humongous regions: 65->65
[2020-05-07T16:08:29.463+0200][18984.952s] GC(29) Metaspace: 59384K->59384K(1103872K)
[2020-05-07T16:08:29.463+0200][18984.952s] GC(29) Pause Young (Normal) (G1 Evacuation Pause) 423M->220M(512M) 2.894ms
[2020-05-07T16:08:29.463+0200][18984.952s] GC(29) User=0.00s Sys=0.00s Real=0.00s
[2020-05-07T18:22:18.559+0200][27014.049s] GC(30) Pause Young (Normal) (G1 Evacuation Pause)
[2020-05-07T18:22:18.559+0200][27014.049s] GC(30) Using 10 workers of 10 for evacuation
[2020-05-07T18:22:18.599+0200][27014.089s] GC(30)   Pre Evacuate Collection Set: 2.5ms
[2020-05-07T18:22:18.599+0200][27014.089s] GC(30)   Evacuate Collection Set: 34.5ms
[2020-05-07T18:22:18.599+0200][27014.089s] GC(30)   Post Evacuate Collection Set: 2.4ms
[2020-05-07T18:22:18.600+0200][27014.089s] GC(30)   Other: 1.3ms
[2020-05-07T18:22:18.600+0200][27014.089s] GC(30) Eden regions: 205->0(208)
[2020-05-07T18:22:18.600+0200][27014.089s] GC(30) Survivor regions: 13->14(28)
[2020-05-07T18:22:18.600+0200][27014.089s] GC(30) Old regions: 144->144
[2020-05-07T18:22:18.600+0200][27014.089s] GC(30) Humongous regions: 65->65
[2020-05-07T18:22:18.600+0200][27014.089s] GC(30) Metaspace: 59495K->59495K(1103872K)
[2020-05-07T18:22:18.600+0200][27014.090s] GC(30) Pause Young (Normal) (G1 Evacuation Pause) 425M->221M(512M) 40.911ms
[2020-05-07T18:22:18.600+0200][27014.090s] GC(30) User=0.05s Sys=0.19s Real=0.04s
[2020-05-07T19:17:24.830+0200][30320.319s] GC(31) Pause Young (Normal) (G1 Evacuation Pause)
[2020-05-07T19:17:24.830+0200][30320.319s] GC(31) Using 10 workers of 10 for evacuation
[2020-05-07T19:17:24.845+0200][30320.334s] GC(31)   Pre Evacuate Collection Set: 0.0ms
[2020-05-07T19:17:24.845+0200][30320.334s] GC(31)   Evacuate Collection Set: 14.5ms
[2020-05-07T19:17:24.845+0200][30320.334s] GC(31)   Post Evacuate Collection Set: 0.5ms
[2020-05-07T19:17:24.845+0200][30320.334s] GC(31)   Other: 0.2ms
[2020-05-07T19:17:24.845+0200][30320.334s] GC(31) Eden regions: 208->0(179)
[2020-05-07T19:17:24.845+0200][30320.334s] GC(31) Survivor regions: 14->28(28)
[2020-05-07T19:17:24.845+0200][30320.334s] GC(31) Old regions: 144->150
[2020-05-07T19:17:24.845+0200][30320.334s] GC(31) Humongous regions: 76->71
[2020-05-07T19:17:24.845+0200][30320.334s] GC(31) Metaspace: 59601K->59601K(1103872K)
[2020-05-07T19:17:24.845+0200][30320.334s] GC(31) Pause Young (Normal) (G1 Evacuation Pause) 440M->248M(512M) 15.348ms
[2020-05-07T19:17:24.845+0200][30320.334s] GC(31) User=0.00s Sys=0.11s Real=0.02s
[2020-05-07T19:17:25.478+0200][30320.967s] GC(32) Pause Young (Concurrent Start) (G1 Humongous Allocation)
[2020-05-07T19:17:25.478+0200][30320.967s] GC(32) Using 10 workers of 10 for evacuation
[2020-05-07T19:17:25.498+0200][30320.988s] GC(32)   Pre Evacuate Collection Set: 0.1ms
[2020-05-07T19:17:25.498+0200][30320.988s] GC(32)   Evacuate Collection Set: 20.5ms
[2020-05-07T19:17:25.498+0200][30320.988s] GC(32)   Post Evacuate Collection Set: 0.5ms
[2020-05-07T19:17:25.498+0200][30320.988s] GC(32)   Other: 0.2ms
[2020-05-07T19:17:25.498+0200][30320.988s] GC(32) Eden regions: 75->0(120)
[2020-05-07T19:17:25.498+0200][30320.988s] GC(32) Survivor regions: 28->15(26)
[2020-05-07T19:17:25.498+0200][30320.988s] GC(32) Old regions: 150->174
[2020-05-07T19:17:25.498+0200][30320.988s] GC(32) Humongous regions: 80->74
[2020-05-07T19:17:25.498+0200][30320.988s] GC(32) Metaspace: 59601K->59601K(1103872K)
[2020-05-07T19:17:25.498+0200][30320.988s] GC(32) Pause Young (Concurrent Start) (G1 Humongous Allocation) 331M->262M(512M) 21.613ms
[2020-05-07T19:17:25.498+0200][30320.989s] GC(32) User=0.03s Sys=0.06s Real=0.02s
[2020-05-07T19:17:25.498+0200][30320.989s] GC(33) Concurrent Cycle
[2020-05-07T19:17:25.498+0200][30320.989s] GC(33) Concurrent Clear Claimed Marks
[2020-05-07T19:17:25.499+0200][30320.989s] GC(33) Concurrent Clear Claimed Marks 0.093ms
[2020-05-07T19:17:25.499+0200][30320.989s] GC(33) Concurrent Scan Root Regions
[2020-05-07T19:17:25.502+0200][30320.991s] GC(33) Concurrent Scan Root Regions 2.227ms
[2020-05-07T19:17:25.502+0200][30320.991s] GC(33) Concurrent Mark (30320.991s)
[2020-05-07T19:17:25.502+0200][30320.991s] GC(33) Concurrent Mark From Roots
[2020-05-07T19:17:25.502+0200][30320.991s] GC(33) Using 3 workers of 3 for marking
[2020-05-07T19:17:25.540+0200][30321.030s] GC(33) Concurrent Mark From Roots 39.122ms
[2020-05-07T19:17:25.540+0200][30321.030s] GC(33) Concurrent Preclean
[2020-05-07T19:17:25.541+0200][30321.031s] GC(33) Concurrent Preclean 0.363ms
[2020-05-07T19:17:25.541+0200][30321.031s] GC(33) Concurrent Mark (30320.991s, 30321.031s) 39.576ms
[2020-05-07T19:17:25.541+0200][30321.031s] GC(33) Pause Remark
[2020-05-07T19:17:25.576+0200][30321.066s] GC(33) Cleaned string and symbol table, strings: 27331 processed, 55 removed, symbols: 165092 processed, 105 removed
[2020-05-07T19:17:25.577+0200][30321.067s] GC(33) Pause Remark 277M->171M(512M) 35.913ms
[2020-05-07T19:17:25.577+0200][30321.067s] GC(33) User=0.05s Sys=0.13s Real=0.04s
[2020-05-07T19:17:25.577+0200][30321.067s] GC(33) Concurrent Rebuild Remembered Sets
[2020-05-07T19:17:25.592+0200][30321.082s] GC(33) Concurrent Rebuild Remembered Sets 14.801ms
[2020-05-07T19:17:25.592+0200][30321.082s] GC(33) Pause Cleanup
[2020-05-07T19:17:25.592+0200][30321.082s] GC(33) Pause Cleanup 171M->171M(512M) 0.163ms
[2020-05-07T19:17:25.592+0200][30321.082s] GC(33) User=0.00s Sys=0.00s Real=0.00s
[2020-05-07T19:17:25.592+0200][30321.082s] GC(33) Concurrent Cleanup for Next Mark
[2020-05-07T19:17:25.595+0200][30321.084s] GC(33) Concurrent Cleanup for Next Mark 2.118ms
[2020-05-07T19:17:25.595+0200][30321.084s] GC(33) Concurrent Cycle 95.609ms
[2020-05-07T19:17:27.814+0200][30323.303s] GC(34) Pause Young (Prepare Mixed) (G1 Evacuation Pause)
[2020-05-07T19:17:27.814+0200][30323.303s] GC(34) Using 10 workers of 10 for evacuation
[2020-05-07T19:17:27.818+0200][30323.308s] GC(34)   Pre Evacuate Collection Set: 0.0ms
[2020-05-07T19:17:27.818+0200][30323.308s] GC(34)   Evacuate Collection Set: 4.1ms
[2020-05-07T19:17:27.818+0200][30323.308s] GC(34)   Post Evacuate Collection Set: 0.5ms
[2020-05-07T19:17:27.818+0200][30323.308s] GC(34)   Other: 0.2ms
[2020-05-07T19:17:27.818+0200][30323.308s] GC(34) Eden regions: 120->0(11)
[2020-05-07T19:17:27.818+0200][30323.308s] GC(34) Survivor regions: 15->14(17)
[2020-05-07T19:17:27.818+0200][30323.308s] GC(34) Old regions: 126->133
[2020-05-07T19:17:27.818+0200][30323.308s] GC(34) Humongous regions: 81->33
[2020-05-07T19:17:27.818+0200][30323.308s] GC(34) Metaspace: 59487K->59487K(1103872K)
[2020-05-07T19:17:27.818+0200][30323.308s] GC(34) Pause Young (Prepare Mixed) (G1 Evacuation Pause) 341M->179M(512M) 4.881ms
[2020-05-07T19:17:27.818+0200][30323.308s] GC(34) User=0.00s Sys=0.00s Real=0.00s
[2020-05-07T19:17:27.922+0200][30323.412s] GC(35) Pause Young (Mixed) (G1 Evacuation Pause)
[2020-05-07T19:17:27.922+0200][30323.412s] GC(35) Using 10 workers of 10 for evacuation
[2020-05-07T19:17:27.927+0200][30323.417s] GC(35)   Pre Evacuate Collection Set: 0.0ms
[2020-05-07T19:17:27.927+0200][30323.417s] GC(35)   Evacuate Collection Set: 4.9ms
[2020-05-07T19:17:27.927+0200][30323.417s] GC(35)   Post Evacuate Collection Set: 0.5ms
[2020-05-07T19:17:27.927+0200][30323.417s] GC(35)   Other: 0.1ms
[2020-05-07T19:17:27.927+0200][30323.417s] GC(35) Eden regions: 11->0(23)
[2020-05-07T19:17:27.927+0200][30323.417s] GC(35) Survivor regions: 14->2(4)
[2020-05-07T19:17:27.927+0200][30323.417s] GC(35) Old regions: 133->97
[2020-05-07T19:17:27.927+0200][30323.417s] GC(35) Humongous regions: 33->33
[2020-05-07T19:17:27.927+0200][30323.417s] GC(35) Metaspace: 59487K->59487K(1103872K)
[2020-05-07T19:17:27.927+0200][30323.417s] GC(35) Pause Young (Mixed) (G1 Evacuation Pause) 190M->130M(512M) 5.765ms
[2020-05-07T19:17:27.927+0200][30323.417s] GC(35) User=0.00s Sys=0.00s Real=0.01s
[2020-05-07T19:17:28.214+0200][30323.703s] GC(36) Pause Young (Mixed) (G1 Evacuation Pause)
[2020-05-07T19:17:28.214+0200][30323.703s] GC(36) Using 10 workers of 10 for evacuation
[2020-05-07T19:17:28.215+0200][30323.705s] GC(36)   Pre Evacuate Collection Set: 0.0ms
[2020-05-07T19:17:28.216+0200][30323.705s] GC(36)   Evacuate Collection Set: 1.4ms
[2020-05-07T19:17:28.216+0200][30323.706s] GC(36)   Post Evacuate Collection Set: 0.5ms
[2020-05-07T19:17:28.216+0200][30323.706s] GC(36)   Other: 0.2ms
[2020-05-07T19:17:28.216+0200][30323.706s] GC(36) Eden regions: 23->0(176)
[2020-05-07T19:17:28.216+0200][30323.706s] GC(36) Survivor regions: 2->4(4)
[2020-05-07T19:17:28.216+0200][30323.706s] GC(36) Old regions: 97->96
[2020-05-07T19:17:28.216+0200][30323.706s] GC(36) Humongous regions: 40->40
[2020-05-07T19:17:28.216+0200][30323.706s] GC(36) Metaspace: 59487K->59487K(1103872K)
[2020-05-07T19:17:28.216+0200][30323.706s] GC(36) Pause Young (Mixed) (G1 Evacuation Pause) 160M->139M(512M) 2.285ms
[2020-05-07T19:17:28.216+0200][30323.706s] GC(36) User=0.00s Sys=0.00s Real=0.00s
[2020-05-07T19:17:31.780+0200][30327.269s] GC(37) Pause Young (Normal) (G1 Evacuation Pause)
[2020-05-07T19:17:31.780+0200][30327.269s] GC(37) Using 10 workers of 10 for evacuation
[2020-05-07T19:17:31.782+0200][30327.272s] GC(37)   Pre Evacuate Collection Set: 0.0ms
[2020-05-07T19:17:31.782+0200][30327.272s] GC(37)   Evacuate Collection Set: 2.2ms
[2020-05-07T19:17:31.782+0200][30327.272s] GC(37)   Post Evacuate Collection Set: 0.4ms
[2020-05-07T19:17:31.782+0200][30327.272s] GC(37)   Other: 0.1ms
[2020-05-07T19:17:31.782+0200][30327.272s] GC(37) Eden regions: 176->0(168)
[2020-05-07T19:17:31.782+0200][30327.272s] GC(37) Survivor regions: 4->23(23)
[2020-05-07T19:17:31.782+0200][30327.272s] GC(37) Old regions: 96->96
[2020-05-07T19:17:31.782+0200][30327.272s] GC(37) Humongous regions: 90->61
[2020-05-07T19:17:31.782+0200][30327.272s] GC(37) Metaspace: 59495K->59495K(1103872K)
[2020-05-07T19:17:31.782+0200][30327.272s] GC(37) Pause Young (Normal) (G1 Evacuation Pause) 365M->179M(512M) 2.952ms
[2020-05-07T19:17:31.782+0200][30327.272s] GC(37) User=0.16s Sys=0.00s Real=0.00s
[2020-05-07T19:17:32.928+0200][30328.417s] GC(38) Pause Young (Normal) (G1 Evacuation Pause)
[2020-05-07T19:17:32.928+0200][30328.417s] GC(38) Using 10 workers of 10 for evacuation
[2020-05-07T19:17:32.938+0200][30328.428s] GC(38)   Pre Evacuate Collection Set: 0.0ms
[2020-05-07T19:17:32.938+0200][30328.428s] GC(38)   Evacuate Collection Set: 10.3ms
[2020-05-07T19:17:32.938+0200][30328.428s] GC(38)   Post Evacuate Collection Set: 0.5ms
[2020-05-07T19:17:32.938+0200][30328.428s] GC(38)   Other: 0.1ms
[2020-05-07T19:17:32.938+0200][30328.428s] GC(38) Eden regions: 168->0(175)
[2020-05-07T19:17:32.938+0200][30328.428s] GC(38) Survivor regions: 23->5(24)
[2020-05-07T19:17:32.938+0200][30328.428s] GC(38) Old regions: 96->118
[2020-05-07T19:17:32.938+0200][30328.428s] GC(38) Humongous regions: 99->65
[2020-05-07T19:17:32.938+0200][30328.428s] GC(38) Metaspace: 59496K->59496K(1103872K)
[2020-05-07T19:17:32.938+0200][30328.428s] GC(38) Pause Young (Normal) (G1 Evacuation Pause) 385M->187M(512M) 11.146ms
[2020-05-07T19:17:32.938+0200][30328.428s] GC(38) User=0.00s Sys=0.11s Real=0.01s
[2020-05-07T19:17:33.305+0200][30328.795s] GC(39) Pause Young (Normal) (G1 Evacuation Pause)
[2020-05-07T19:17:33.305+0200][30328.795s] GC(39) Using 10 workers of 10 for evacuation
[2020-05-07T19:17:33.306+0200][30328.796s] GC(39)   Pre Evacuate Collection Set: 0.0ms
[2020-05-07T19:17:33.306+0200][30328.796s] GC(39)   Evacuate Collection Set: 0.5ms
[2020-05-07T19:17:33.306+0200][30328.796s] GC(39)   Post Evacuate Collection Set: 0.4ms
[2020-05-07T19:17:33.306+0200][30328.796s] GC(39)   Other: 0.1ms
[2020-05-07T19:17:33.306+0200][30328.796s] GC(39) Eden regions: 175->0(183)
[2020-05-07T19:17:33.306+0200][30328.796s] GC(39) Survivor regions: 5->5(23)
[2020-05-07T19:17:33.306+0200][30328.796s] GC(39) Old regions: 118->118
[2020-05-07T19:17:33.306+0200][30328.796s] GC(39) Humongous regions: 65->65
[2020-05-07T19:17:33.306+0200][30328.796s] GC(39) Metaspace: 59496K->59496K(1103872K)
[2020-05-07T19:17:33.306+0200][30328.796s] GC(39) Pause Young (Normal) (G1 Evacuation Pause) 362M->187M(512M) 1.225ms
[2020-05-07T19:17:33.306+0200][30328.796s] GC(39) User=0.00s Sys=0.00s Real=0.00s
[2020-05-07T19:17:33.707+0200][30329.196s] GC(40) Pause Young (Normal) (G1 Evacuation Pause)
[2020-05-07T19:17:33.707+0200][30329.196s] GC(40) Using 10 workers of 10 for evacuation
[2020-05-07T19:17:33.708+0200][30329.197s] GC(40)   Pre Evacuate Collection Set: 0.0ms
[2020-05-07T19:17:33.708+0200][30329.198s] GC(40)   Evacuate Collection Set: 0.9ms
[2020-05-07T19:17:33.708+0200][30329.198s] GC(40)   Post Evacuate Collection Set: 0.5ms
[2020-05-07T19:17:33.708+0200][30329.198s] GC(40)   Other: 0.1ms
[2020-05-07T19:17:33.708+0200][30329.198s] GC(40) Eden regions: 183->0(190)
[2020-05-07T19:17:33.708+0200][30329.198s] GC(40) Survivor regions: 5->5(24)
[2020-05-07T19:17:33.708+0200][30329.198s] GC(40) Old regions: 118->118
[2020-05-07T19:17:33.708+0200][30329.198s] GC(40) Humongous regions: 65->65
[2020-05-07T19:17:33.708+0200][30329.198s] GC(40) Metaspace: 59496K->59496K(1103872K)
[2020-05-07T19:17:33.708+0200][30329.198s] GC(40) Pause Young (Normal) (G1 Evacuation Pause) 370M->187M(512M) 1.642ms
[2020-05-07T19:17:33.708+0200][30329.198s] GC(40) User=0.00s Sys=0.00s Real=0.00s
[2020-05-07T20:03:22.556+0200][33078.045s] GC(41) Pause Young (Normal) (G1 Evacuation Pause)
[2020-05-07T20:03:22.556+0200][33078.045s] GC(41) Using 10 workers of 10 for evacuation
[2020-05-07T20:03:22.558+0200][33078.048s] GC(41)   Pre Evacuate Collection Set: 0.1ms
[2020-05-07T20:03:22.558+0200][33078.048s] GC(41)   Evacuate Collection Set: 1.5ms
[2020-05-07T20:03:22.558+0200][33078.048s] GC(41)   Post Evacuate Collection Set: 0.6ms
[2020-05-07T20:03:22.558+0200][33078.048s] GC(41)   Other: 0.3ms
[2020-05-07T20:03:22.558+0200][33078.048s] GC(41) Eden regions: 190->0(196)
[2020-05-07T20:03:22.558+0200][33078.048s] GC(41) Survivor regions: 5->5(25)
[2020-05-07T20:03:22.558+0200][33078.048s] GC(41) Old regions: 118->118
[2020-05-07T20:03:22.558+0200][33078.048s] GC(41) Humongous regions: 65->65
[2020-05-07T20:03:22.558+0200][33078.048s] GC(41) Metaspace: 59590K->59590K(1103872K)
[2020-05-07T20:03:22.558+0200][33078.048s] GC(41) Pause Young (Normal) (G1 Evacuation Pause) 377M->187M(512M) 2.906ms
[2020-05-07T20:03:22.558+0200][33078.048s] GC(41) User=0.00s Sys=0.00s Real=0.00s
[2020-05-07T22:24:22.549+0200][41538.039s] GC(42) Pause Young (Normal) (G1 Evacuation Pause)
[2020-05-07T22:24:22.549+0200][41538.039s] GC(42) Using 10 workers of 10 for evacuation
[2020-05-07T22:24:22.554+0200][41538.043s] GC(42)   Pre Evacuate Collection Set: 0.0ms
[2020-05-07T22:24:22.554+0200][41538.043s] GC(42)   Evacuate Collection Set: 3.2ms
[2020-05-07T22:24:22.554+0200][41538.043s] GC(42)   Post Evacuate Collection Set: 0.6ms
[2020-05-07T22:24:22.554+0200][41538.043s] GC(42)   Other: 0.2ms
[2020-05-07T22:24:22.554+0200][41538.043s] GC(42) Eden regions: 196->0(193)
[2020-05-07T22:24:22.554+0200][41538.043s] GC(42) Survivor regions: 5->17(26)
[2020-05-07T22:24:22.554+0200][41538.043s] GC(42) Old regions: 118->118
[2020-05-07T22:24:22.554+0200][41538.043s] GC(42) Humongous regions: 69->68
[2020-05-07T22:24:22.554+0200][41538.043s] GC(42) Metaspace: 59707K->59707K(1103872K)
[2020-05-07T22:24:22.554+0200][41538.043s] GC(42) Pause Young (Normal) (G1 Evacuation Pause) 387M->202M(512M) 4.210ms
[2020-05-07T22:24:22.554+0200][41538.044s] GC(42) User=0.00s Sys=0.00s Real=0.00s
[2020-05-07T22:24:25.509+0200][41540.999s] GC(43) Pause Young (Normal) (G1 Evacuation Pause)
[2020-05-07T22:24:25.509+0200][41540.999s] GC(43) Using 10 workers of 10 for evacuation
[2020-05-07T22:24:25.518+0200][41541.008s] GC(43)   Pre Evacuate Collection Set: 0.0ms
[2020-05-07T22:24:25.518+0200][41541.008s] GC(43)   Evacuate Collection Set: 8.3ms
[2020-05-07T22:24:25.518+0200][41541.008s] GC(43)   Post Evacuate Collection Set: 0.6ms
[2020-05-07T22:24:25.518+0200][41541.008s] GC(43)   Other: 0.1ms
[2020-05-07T22:24:25.518+0200][41541.008s] GC(43) Eden regions: 193->0(180)
[2020-05-07T22:24:25.518+0200][41541.008s] GC(43) Survivor regions: 17->27(27)
[2020-05-07T22:24:25.518+0200][41541.008s] GC(43) Old regions: 118->129
[2020-05-07T22:24:25.518+0200][41541.008s] GC(43) Humongous regions: 74->70
[2020-05-07T22:24:25.518+0200][41541.008s] GC(43) Metaspace: 59724K->59724K(1103872K)
[2020-05-07T22:24:25.518+0200][41541.008s] GC(43) Pause Young (Normal) (G1 Evacuation Pause) 401M->225M(512M) 9.191ms
[2020-05-07T22:24:25.518+0200][41541.008s] GC(43) User=0.05s Sys=0.09s Real=0.01s
[2020-05-07T22:24:26.446+0200][41541.936s] GC(44) Pause Young (Concurrent Start) (G1 Humongous Allocation)
[2020-05-07T22:24:26.446+0200][41541.936s] GC(44) Using 10 workers of 10 for evacuation
[2020-05-07T22:24:26.452+0200][41541.942s] GC(44)   Pre Evacuate Collection Set: 0.1ms
[2020-05-07T22:24:26.452+0200][41541.942s] GC(44)   Evacuate Collection Set: 5.2ms
[2020-05-07T22:24:26.452+0200][41541.942s] GC(44)   Post Evacuate Collection Set: 0.5ms
[2020-05-07T22:24:26.452+0200][41541.942s] GC(44)   Other: 0.1ms
[2020-05-07T22:24:26.452+0200][41541.942s] GC(44) Eden regions: 62->0(123)
[2020-05-07T22:24:26.452+0200][41541.942s] GC(44) Survivor regions: 27->8(26)
[2020-05-07T22:24:26.452+0200][41541.942s] GC(44) Old regions: 129->152
[2020-05-07T22:24:26.452+0200][41541.942s] GC(44) Humongous regions: 101->87
[2020-05-07T22:24:26.452+0200][41541.942s] GC(44) Metaspace: 59725K->59725K(1103872K)
[2020-05-07T22:24:26.452+0200][41541.942s] GC(44) Pause Young (Concurrent Start) (G1 Humongous Allocation) 318M->245M(512M) 6.059ms
[2020-05-07T22:24:26.452+0200][41541.942s] GC(44) User=0.00s Sys=0.00s Real=0.01s
[2020-05-07T22:24:26.452+0200][41541.942s] GC(45) Concurrent Cycle
[2020-05-07T22:24:26.452+0200][41541.942s] GC(45) Concurrent Clear Claimed Marks
[2020-05-07T22:24:26.452+0200][41541.942s] GC(45) Concurrent Clear Claimed Marks 0.078ms
[2020-05-07T22:24:26.452+0200][41541.942s] GC(45) Concurrent Scan Root Regions
[2020-05-07T22:24:26.453+0200][41541.943s] GC(45) Concurrent Scan Root Regions 0.460ms
[2020-05-07T22:24:26.453+0200][41541.943s] GC(45) Concurrent Mark (41541.943s)
[2020-05-07T22:24:26.453+0200][41541.943s] GC(45) Concurrent Mark From Roots
[2020-05-07T22:24:26.453+0200][41541.943s] GC(45) Using 3 workers of 3 for marking
[2020-05-07T22:24:26.479+0200][41541.969s] GC(45) Concurrent Mark From Roots 26.708ms
[2020-05-07T22:24:26.479+0200][41541.969s] GC(45) Concurrent Preclean
[2020-05-07T22:24:26.480+0200][41541.970s] GC(45) Concurrent Preclean 0.260ms
[2020-05-07T22:24:26.480+0200][41541.970s] GC(45) Concurrent Mark (41541.943s, 41541.970s) 27.045ms
[2020-05-07T22:24:26.480+0200][41541.970s] GC(45) Pause Remark
[2020-05-07T22:24:26.483+0200][41541.974s] GC(45) Cleaned string and symbol table, strings: 27373 processed, 2 removed, symbols: 164995 processed, 33 removed
[2020-05-07T22:24:26.485+0200][41541.974s] GC(45) Pause Remark 251M->153M(512M) 4.024ms
[2020-05-07T22:24:26.485+0200][41541.974s] GC(45) User=0.14s Sys=0.00s Real=0.00s
[2020-05-07T22:24:26.485+0200][41541.974s] GC(45) Concurrent Rebuild Remembered Sets
[2020-05-07T22:24:26.497+0200][41541.986s] GC(45) Concurrent Rebuild Remembered Sets 12.031ms
[2020-05-07T22:24:26.497+0200][41541.986s] GC(45) Pause Cleanup
[2020-05-07T22:24:26.497+0200][41541.987s] GC(45) Pause Cleanup 153M->153M(512M) 0.163ms
[2020-05-07T22:24:26.497+0200][41541.987s] GC(45) User=0.00s Sys=0.00s Real=0.00s
[2020-05-07T22:24:26.497+0200][41541.987s] GC(45) Concurrent Cleanup for Next Mark
[2020-05-07T22:24:26.499+0200][41541.988s] GC(45) Concurrent Cleanup for Next Mark 1.206ms
[2020-05-07T22:24:26.499+0200][41541.988s] GC(45) Concurrent Cycle 45.754ms
[2020-05-07T22:24:28.683+0200][41544.173s] GC(46) Pause Young (Prepare Mixed) (G1 Evacuation Pause)
[2020-05-07T22:24:28.683+0200][41544.173s] GC(46) Using 10 workers of 10 for evacuation
[2020-05-07T22:24:28.687+0200][41544.176s] GC(46)   Pre Evacuate Collection Set: 0.0ms
[2020-05-07T22:24:28.687+0200][41544.176s] GC(46)   Evacuate Collection Set: 2.8ms
[2020-05-07T22:24:28.687+0200][41544.176s] GC(46)   Post Evacuate Collection Set: 0.5ms
[2020-05-07T22:24:28.687+0200][41544.176s] GC(46)   Other: 0.1ms
[2020-05-07T22:24:28.687+0200][41544.176s] GC(46) Eden regions: 123->0(8)
[2020-05-07T22:24:28.687+0200][41544.176s] GC(46) Survivor regions: 8->17(17)
[2020-05-07T22:24:28.687+0200][41544.176s] GC(46) Old regions: 112->118
[2020-05-07T22:24:28.687+0200][41544.176s] GC(46) Humongous regions: 87->29
[2020-05-07T22:24:28.687+0200][41544.176s] GC(46) Metaspace: 59725K->59725K(1103872K)
[2020-05-07T22:24:28.687+0200][41544.176s] GC(46) Pause Young (Prepare Mixed) (G1 Evacuation Pause) 328M->163M(512M) 3.590ms
[2020-05-07T22:24:28.687+0200][41544.176s] GC(46) User=0.00s Sys=0.00s Real=0.00s
[2020-05-07T22:24:28.780+0200][41544.270s] GC(47) Pause Young (Mixed) (G1 Evacuation Pause)
[2020-05-07T22:24:28.780+0200][41544.270s] GC(47) Using 10 workers of 10 for evacuation
[2020-05-07T22:24:28.783+0200][41544.273s] GC(47)   Pre Evacuate Collection Set: 0.0ms
[2020-05-07T22:24:28.783+0200][41544.273s] GC(47)   Evacuate Collection Set: 2.4ms
[2020-05-07T22:24:28.783+0200][41544.273s] GC(47)   Post Evacuate Collection Set: 0.5ms
[2020-05-07T22:24:28.783+0200][41544.273s] GC(47)   Other: 0.2ms
[2020-05-07T22:24:28.783+0200][41544.273s] GC(47) Eden regions: 8->0(182)
[2020-05-07T22:24:28.783+0200][41544.273s] GC(47) Survivor regions: 17->1(4)
[2020-05-07T22:24:28.783+0200][41544.273s] GC(47) Old regions: 118->110
[2020-05-07T22:24:28.783+0200][41544.273s] GC(47) Humongous regions: 29->29
[2020-05-07T22:24:28.783+0200][41544.273s] GC(47) Metaspace: 59725K->59725K(1103872K)
[2020-05-07T22:24:28.783+0200][41544.273s] GC(47) Pause Young (Mixed) (G1 Evacuation Pause) 171M->139M(512M) 3.240ms
[2020-05-07T22:24:28.783+0200][41544.273s] GC(47) User=0.16s Sys=0.00s Real=0.00s
[2020-05-07T22:24:32.185+0200][41547.674s] GC(48) Pause Young (Normal) (G1 Evacuation Pause)
[2020-05-07T22:24:32.185+0200][41547.674s] GC(48) Using 10 workers of 10 for evacuation
[2020-05-07T22:24:32.187+0200][41547.677s] GC(48)   Pre Evacuate Collection Set: 0.0ms
[2020-05-07T22:24:32.187+0200][41547.677s] GC(48)   Evacuate Collection Set: 2.3ms
[2020-05-07T22:24:32.187+0200][41547.677s] GC(48)   Post Evacuate Collection Set: 0.4ms
[2020-05-07T22:24:32.187+0200][41547.677s] GC(48)   Other: 0.1ms
[2020-05-07T22:24:32.187+0200][41547.677s] GC(48) Eden regions: 182->0(163)
[2020-05-07T22:24:32.187+0200][41547.677s] GC(48) Survivor regions: 1->22(23)
[2020-05-07T22:24:32.187+0200][41547.677s] GC(48) Old regions: 110->110
[2020-05-07T22:24:32.187+0200][41547.677s] GC(48) Humongous regions: 119->62
[2020-05-07T22:24:32.187+0200][41547.677s] GC(48) Metaspace: 59726K->59726K(1103872K)
[2020-05-07T22:24:32.187+0200][41547.677s] GC(48) Pause Young (Normal) (G1 Evacuation Pause) 411M->192M(512M) 2.962ms
[2020-05-07T22:24:32.187+0200][41547.677s] GC(48) User=0.11s Sys=0.05s Real=0.00s
[2020-05-07T22:24:33.007+0200][41548.497s] GC(49) Pause Young (Concurrent Start) (G1 Humongous Allocation)
[2020-05-07T22:24:33.007+0200][41548.497s] GC(49) Using 10 workers of 10 for evacuation
[2020-05-07T22:24:33.011+0200][41548.501s] GC(49)   Pre Evacuate Collection Set: 0.1ms
[2020-05-07T22:24:33.011+0200][41548.501s] GC(49)   Evacuate Collection Set: 2.7ms
[2020-05-07T22:24:33.011+0200][41548.501s] GC(49)   Post Evacuate Collection Set: 0.4ms
[2020-05-07T22:24:33.011+0200][41548.501s] GC(49)   Other: 0.1ms
[2020-05-07T22:24:33.011+0200][41548.501s] GC(49) Eden regions: 45->0(160)
[2020-05-07T22:24:33.011+0200][41548.501s] GC(49) Survivor regions: 22->5(24)
[2020-05-07T22:24:33.011+0200][41548.501s] GC(49) Old regions: 110->130
[2020-05-07T22:24:33.011+0200][41548.501s] GC(49) Humongous regions: 62->61
[2020-05-07T22:24:33.011+0200][41548.501s] GC(49) Metaspace: 59726K->59726K(1103872K)
[2020-05-07T22:24:33.011+0200][41548.501s] GC(49) Pause Young (Concurrent Start) (G1 Humongous Allocation) 237M->195M(512M) 3.405ms
[2020-05-07T22:24:33.011+0200][41548.501s] GC(49) User=0.00s Sys=0.00s Real=0.00s
[2020-05-07T22:24:33.011+0200][41548.501s] GC(50) Concurrent Cycle
[2020-05-07T22:24:33.011+0200][41548.501s] GC(50) Concurrent Clear Claimed Marks
[2020-05-07T22:24:33.011+0200][41548.501s] GC(50) Concurrent Clear Claimed Marks 0.054ms
[2020-05-07T22:24:33.011+0200][41548.501s] GC(50) Concurrent Scan Root Regions
[2020-05-07T22:24:33.011+0200][41548.501s] GC(50) Concurrent Scan Root Regions 0.360ms
[2020-05-07T22:24:33.011+0200][41548.501s] GC(50) Concurrent Mark (41548.501s)
[2020-05-07T22:24:33.011+0200][41548.501s] GC(50) Concurrent Mark From Roots
[2020-05-07T22:24:33.011+0200][41548.501s] GC(50) Using 3 workers of 3 for marking
[2020-05-07T22:24:33.029+0200][41548.519s] GC(50) Concurrent Mark From Roots 17.832ms
[2020-05-07T22:24:33.030+0200][41548.519s] GC(50) Concurrent Preclean
[2020-05-07T22:24:33.030+0200][41548.519s] GC(50) Concurrent Preclean 0.195ms
[2020-05-07T22:24:33.030+0200][41548.520s] GC(50) Concurrent Mark (41548.501s, 41548.520s) 18.093ms
[2020-05-07T22:24:33.030+0200][41548.520s] GC(50) Pause Remark
[2020-05-07T22:24:33.035+0200][41548.525s] GC(50) Cleaned string and symbol table, strings: 27371 processed, 6 removed, symbols: 164962 processed, 0 removed
[2020-05-07T22:24:33.035+0200][41548.525s] GC(50) Pause Remark 196M->181M(512M) 5.429ms
[2020-05-07T22:24:33.035+0200][41548.525s] GC(50) User=0.16s Sys=0.00s Real=0.01s
[2020-05-07T22:24:33.035+0200][41548.525s] GC(50) Concurrent Rebuild Remembered Sets
[2020-05-07T22:24:33.045+0200][41548.535s] GC(50) Concurrent Rebuild Remembered Sets 9.389ms
[2020-05-07T22:24:33.045+0200][41548.535s] GC(50) Pause Cleanup
[2020-05-07T22:24:33.046+0200][41548.535s] GC(50) Pause Cleanup 183M->183M(512M) 0.127ms
[2020-05-07T22:24:33.046+0200][41548.535s] GC(50) User=0.00s Sys=0.00s Real=0.00s
[2020-05-07T22:24:33.046+0200][41548.535s] GC(50) Concurrent Cleanup for Next Mark
[2020-05-07T22:24:33.046+0200][41548.535s] GC(50) Concurrent Cleanup for Next Mark 0.372ms
[2020-05-07T22:24:33.046+0200][41548.535s] GC(50) Concurrent Cycle 34.551ms
[2020-05-07T22:24:34.941+0200][41550.431s] GC(51) Pause Young (Prepare Mixed) (G1 Evacuation Pause)
[2020-05-07T22:24:34.941+0200][41550.431s] GC(51) Using 10 workers of 10 for evacuation
[2020-05-07T22:24:34.943+0200][41550.433s] GC(51)   Pre Evacuate Collection Set: 0.0ms
[2020-05-07T22:24:34.943+0200][41550.433s] GC(51)   Evacuate Collection Set: 1.5ms
[2020-05-07T22:24:34.943+0200][41550.433s] GC(51)   Post Evacuate Collection Set: 0.5ms
[2020-05-07T22:24:34.943+0200][41550.434s] GC(51)   Other: 0.1ms
[2020-05-07T22:24:34.943+0200][41550.434s] GC(51) Eden regions: 160->0(11)
[2020-05-07T22:24:34.943+0200][41550.434s] GC(51) Survivor regions: 5->14(21)
[2020-05-07T22:24:34.943+0200][41550.434s] GC(51) Old regions: 130->130
[2020-05-07T22:24:34.943+0200][41550.434s] GC(51) Humongous regions: 75->74
[2020-05-07T22:24:34.943+0200][41550.434s] GC(51) Metaspace: 59727K->59727K(1103872K)
[2020-05-07T22:24:34.943+0200][41550.434s] GC(51) Pause Young (Prepare Mixed) (G1 Evacuation Pause) 369M->217M(512M) 2.344ms
[2020-05-07T22:24:34.943+0200][41550.434s] GC(51) User=0.00s Sys=0.00s Real=0.00s
[2020-05-07T22:24:34.968+0200][41550.458s] GC(52) Pause Young (Mixed) (G1 Evacuation Pause)
[2020-05-07T22:24:34.968+0200][41550.458s] GC(52) Using 10 workers of 10 for evacuation
[2020-05-07T22:24:34.970+0200][41550.460s] GC(52)   Pre Evacuate Collection Set: 0.0ms
[2020-05-07T22:24:34.970+0200][41550.460s] GC(52)   Evacuate Collection Set: 1.4ms
[2020-05-07T22:24:34.970+0200][41550.460s] GC(52)   Post Evacuate Collection Set: 0.4ms
[2020-05-07T22:24:34.970+0200][41550.460s] GC(52)   Other: 0.2ms
[2020-05-07T22:24:34.970+0200][41550.460s] GC(52) Eden regions: 11->0(159)
[2020-05-07T22:24:34.970+0200][41550.460s] GC(52) Survivor regions: 14->1(4)
[2020-05-07T22:24:34.970+0200][41550.460s] GC(52) Old regions: 130->142
[2020-05-07T22:24:34.970+0200][41550.460s] GC(52) Humongous regions: 74->74
[2020-05-07T22:24:34.970+0200][41550.460s] GC(52) Metaspace: 59727K->59727K(1103872K)
[2020-05-07T22:24:34.970+0200][41550.460s] GC(52) Pause Young (Mixed) (G1 Evacuation Pause) 228M->215M(512M) 2.132ms
[2020-05-07T22:24:34.970+0200][41550.460s] GC(52) User=0.00s Sys=0.00s Real=0.00s
[2020-05-07T22:24:35.305+0200][41550.795s] GC(53) Pause Young (Normal) (G1 Evacuation Pause)
[2020-05-07T22:24:35.305+0200][41550.795s] GC(53) Using 10 workers of 10 for evacuation
[2020-05-07T22:24:35.306+0200][41550.796s] GC(53)   Pre Evacuate Collection Set: 0.0ms
[2020-05-07T22:24:35.306+0200][41550.796s] GC(53)   Evacuate Collection Set: 0.4ms
[2020-05-07T22:24:35.306+0200][41550.796s] GC(53)   Post Evacuate Collection Set: 0.4ms
[2020-05-07T22:24:35.306+0200][41550.796s] GC(53)   Other: 0.1ms
[2020-05-07T22:24:35.306+0200][41550.796s] GC(53) Eden regions: 159->0(169)
[2020-05-07T22:24:35.306+0200][41550.796s] GC(53) Survivor regions: 1->1(20)
[2020-05-07T22:24:35.306+0200][41550.796s] GC(53) Old regions: 142->142
[2020-05-07T22:24:35.306+0200][41550.796s] GC(53) Humongous regions: 74->74
[2020-05-07T22:24:35.306+0200][41550.796s] GC(53) Metaspace: 59727K->59727K(1103872K)
[2020-05-07T22:24:35.306+0200][41550.796s] GC(53) Pause Young (Normal) (G1 Evacuation Pause) 374M->215M(512M) 1.092ms
[2020-05-07T22:24:35.306+0200][41550.796s] GC(53) User=0.00s Sys=0.00s Real=0.00s
[2020-05-07T22:24:35.630+0200][41551.119s] GC(54) Pause Young (Normal) (G1 Evacuation Pause)
[2020-05-07T22:24:35.630+0200][41551.119s] GC(54) Using 10 workers of 10 for evacuation
[2020-05-07T22:24:35.631+0200][41551.120s] GC(54)   Pre Evacuate Collection Set: 0.0ms
[2020-05-07T22:24:35.631+0200][41551.120s] GC(54)   Evacuate Collection Set: 0.4ms
[2020-05-07T22:24:35.631+0200][41551.120s] GC(54)   Post Evacuate Collection Set: 0.4ms
[2020-05-07T22:24:35.631+0200][41551.120s] GC(54)   Other: 0.1ms
[2020-05-07T22:24:35.631+0200][41551.120s] GC(54) Eden regions: 169->0(179)
[2020-05-07T22:24:35.631+0200][41551.120s] GC(54) Survivor regions: 1->1(22)
[2020-05-07T22:24:35.631+0200][41551.120s] GC(54) Old regions: 142->142
[2020-05-07T22:24:35.631+0200][41551.120s] GC(54) Humongous regions: 74->74
[2020-05-07T22:24:35.631+0200][41551.120s] GC(54) Metaspace: 59728K->59728K(1103872K)
[2020-05-07T22:24:35.631+0200][41551.120s] GC(54) Pause Young (Normal) (G1 Evacuation Pause) 384M->216M(512M) 1.007ms
[2020-05-07T22:24:35.631+0200][41551.120s] GC(54) User=0.00s Sys=0.00s Real=0.00s
[2020-05-07T22:24:36.134+0200][41551.623s] GC(55) Pause Young (Concurrent Start) (G1 Evacuation Pause)
[2020-05-07T22:24:36.134+0200][41551.623s] GC(55) Using 10 workers of 10 for evacuation
[2020-05-07T22:24:36.135+0200][41551.625s] GC(55)   Pre Evacuate Collection Set: 0.1ms
[2020-05-07T22:24:36.135+0200][41551.625s] GC(55)   Evacuate Collection Set: 0.6ms
[2020-05-07T22:24:36.135+0200][41551.625s] GC(55)   Post Evacuate Collection Set: 0.4ms
[2020-05-07T22:24:36.135+0200][41551.625s] GC(55)   Other: 0.1ms
[2020-05-07T22:24:36.135+0200][41551.625s] GC(55) Eden regions: 179->0(187)
[2020-05-07T22:24:36.135+0200][41551.625s] GC(55) Survivor regions: 1->1(23)
[2020-05-07T22:24:36.135+0200][41551.625s] GC(55) Old regions: 142->142
[2020-05-07T22:24:36.135+0200][41551.625s] GC(55) Humongous regions: 74->74
[2020-05-07T22:24:36.135+0200][41551.625s] GC(55) Metaspace: 59728K->59728K(1103872K)
[2020-05-07T22:24:36.135+0200][41551.625s] GC(55) Pause Young (Concurrent Start) (G1 Evacuation Pause) 395M->216M(512M) 1.305ms
[2020-05-07T22:24:36.135+0200][41551.625s] GC(55) User=0.00s Sys=0.00s Real=0.00s
[2020-05-07T22:24:36.136+0200][41551.625s] GC(56) Concurrent Cycle
[2020-05-07T22:24:36.136+0200][41551.625s] GC(56) Concurrent Clear Claimed Marks
[2020-05-07T22:24:36.136+0200][41551.625s] GC(56) Concurrent Clear Claimed Marks 0.021ms
[2020-05-07T22:24:36.136+0200][41551.625s] GC(56) Concurrent Scan Root Regions
[2020-05-07T22:24:36.136+0200][41551.625s] GC(56) Concurrent Scan Root Regions 0.382ms
[2020-05-07T22:24:36.136+0200][41551.625s] GC(56) Concurrent Mark (41551.625s)
[2020-05-07T22:24:36.136+0200][41551.625s] GC(56) Concurrent Mark From Roots
[2020-05-07T22:24:36.136+0200][41551.625s] GC(56) Using 3 workers of 3 for marking
[2020-05-07T22:24:36.153+0200][41551.642s] GC(56) Concurrent Mark From Roots 17.095ms
[2020-05-07T22:24:36.153+0200][41551.642s] GC(56) Concurrent Preclean
[2020-05-07T22:24:36.153+0200][41551.643s] GC(56) Concurrent Preclean 0.188ms
[2020-05-07T22:24:36.153+0200][41551.643s] GC(56) Concurrent Mark (41551.625s, 41551.643s) 17.342ms
[2020-05-07T22:24:36.153+0200][41551.643s] GC(56) Pause Remark
[2020-05-07T22:24:36.156+0200][41551.646s] GC(56) Cleaned string and symbol table, strings: 27374 processed, 0 removed, symbols: 164966 processed, 4 removed
[2020-05-07T22:24:36.157+0200][41551.646s] GC(56) Pause Remark 222M->193M(512M) 3.125ms
[2020-05-07T22:24:36.157+0200][41551.646s] GC(56) User=0.14s Sys=0.00s Real=0.00s
[2020-05-07T22:24:36.157+0200][41551.646s] GC(56) Concurrent Rebuild Remembered Sets
[2020-05-07T22:24:36.166+0200][41551.655s] GC(56) Concurrent Rebuild Remembered Sets 9.248ms
[2020-05-07T22:24:36.166+0200][41551.656s] GC(56) Pause Cleanup
[2020-05-07T22:24:36.167+0200][41551.656s] GC(56) Pause Cleanup 197M->197M(512M) 0.175ms
[2020-05-07T22:24:36.167+0200][41551.656s] GC(56) User=0.00s Sys=0.00s Real=0.00s
[2020-05-07T22:24:36.167+0200][41551.656s] GC(56) Concurrent Cleanup for Next Mark
[2020-05-07T22:24:36.167+0200][41551.656s] GC(56) Concurrent Cleanup for Next Mark 0.227ms
[2020-05-07T22:24:36.167+0200][41551.656s] GC(56) Concurrent Cycle 31.412ms
[2020-05-07T22:24:36.805+0200][41552.295s] GC(57) Pause Young (Prepare Mixed) (G1 Evacuation Pause)
[2020-05-07T22:24:36.805+0200][41552.295s] GC(57) Using 10 workers of 10 for evacuation
[2020-05-07T22:24:36.807+0200][41552.296s] GC(57)   Pre Evacuate Collection Set: 0.0ms
[2020-05-07T22:24:36.807+0200][41552.296s] GC(57)   Evacuate Collection Set: 0.8ms
[2020-05-07T22:24:36.807+0200][41552.296s] GC(57)   Post Evacuate Collection Set: 0.4ms
[2020-05-07T22:24:36.807+0200][41552.296s] GC(57)   Other: 0.1ms
[2020-05-07T22:24:36.807+0200][41552.296s] GC(57) Eden regions: 187->0(16)
[2020-05-07T22:24:36.807+0200][41552.296s] GC(57) Survivor regions: 1->9(24)
[2020-05-07T22:24:36.807+0200][41552.296s] GC(57) Old regions: 142->142
[2020-05-07T22:24:36.807+0200][41552.296s] GC(57) Humongous regions: 45->45
[2020-05-07T22:24:36.807+0200][41552.296s] GC(57) Metaspace: 59730K->59730K(1103872K)
[2020-05-07T22:24:36.807+0200][41552.296s] GC(57) Pause Young (Prepare Mixed) (G1 Evacuation Pause) 374M->194M(512M) 1.538ms
[2020-05-07T22:24:36.807+0200][41552.296s] GC(57) User=0.00s Sys=0.00s Real=0.00s
[2020-05-07T22:24:36.923+0200][41552.413s] GC(58) Pause Young (Mixed) (G1 Evacuation Pause)
[2020-05-07T22:24:36.923+0200][41552.413s] GC(58) Using 10 workers of 10 for evacuation
[2020-05-07T22:24:36.924+0200][41552.414s] GC(58)   Pre Evacuate Collection Set: 0.0ms
[2020-05-07T22:24:36.924+0200][41552.414s] GC(58)   Evacuate Collection Set: 0.9ms
[2020-05-07T22:24:36.924+0200][41552.414s] GC(58)   Post Evacuate Collection Set: 0.4ms
[2020-05-07T22:24:36.924+0200][41552.414s] GC(58)   Other: 0.1ms
[2020-05-07T22:24:36.924+0200][41552.414s] GC(58) Eden regions: 16->0(202)
[2020-05-07T22:24:36.924+0200][41552.414s] GC(58) Survivor regions: 9->4(4)
[2020-05-07T22:24:36.924+0200][41552.414s] GC(58) Old regions: 142->146
[2020-05-07T22:24:36.924+0200][41552.414s] GC(58) Humongous regions: 47->47
[2020-05-07T22:24:36.924+0200][41552.414s] GC(58) Metaspace: 59730K->59730K(1103872K)
[2020-05-07T22:24:36.924+0200][41552.414s] GC(58) Pause Young (Mixed) (G1 Evacuation Pause) 212M->196M(512M) 1.644ms
[2020-05-07T22:24:36.924+0200][41552.414s] GC(58) User=0.00s Sys=0.00s Real=0.00s
[2020-05-07T22:24:37.561+0200][41553.051s] GC(59) Pause Young (Normal) (G1 Evacuation Pause)
[2020-05-07T22:24:37.561+0200][41553.051s] GC(59) Using 10 workers of 10 for evacuation
[2020-05-07T22:24:37.563+0200][41553.053s] GC(59)   Pre Evacuate Collection Set: 0.0ms
[2020-05-07T22:24:37.563+0200][41553.053s] GC(59)   Evacuate Collection Set: 1.0ms
[2020-05-07T22:24:37.563+0200][41553.053s] GC(59)   Post Evacuate Collection Set: 0.3ms
[2020-05-07T22:24:37.563+0200][41553.053s] GC(59)   Other: 0.1ms
[2020-05-07T22:24:37.563+0200][41553.053s] GC(59) Eden regions: 202->0(206)
[2020-05-07T22:24:37.563+0200][41553.053s] GC(59) Survivor regions: 4->6(26)
[2020-05-07T22:24:37.563+0200][41553.053s] GC(59) Old regions: 146->146
[2020-05-07T22:24:37.563+0200][41553.053s] GC(59) Humongous regions: 47->47
[2020-05-07T22:24:37.563+0200][41553.053s] GC(59) Metaspace: 59743K->59743K(1103872K)
[2020-05-07T22:24:37.563+0200][41553.053s] GC(59) Pause Young (Normal) (G1 Evacuation Pause) 398M->197M(512M) 1.687ms
[2020-05-07T22:24:37.563+0200][41553.053s] GC(59) User=0.14s Sys=0.00s Real=0.00s
[2020-05-07T22:24:37.949+0200][41553.439s] GC(60) Pause Young (Concurrent Start) (G1 Humongous Allocation)
[2020-05-07T22:24:37.949+0200][41553.439s] GC(60) Using 10 workers of 10 for evacuation
[2020-05-07T22:24:37.952+0200][41553.441s] GC(60)   Pre Evacuate Collection Set: 0.1ms
[2020-05-07T22:24:37.952+0200][41553.441s] GC(60)   Evacuate Collection Set: 1.6ms
[2020-05-07T22:24:37.952+0200][41553.441s] GC(60)   Post Evacuate Collection Set: 0.4ms
[2020-05-07T22:24:37.952+0200][41553.441s] GC(60)   Other: 0.2ms
[2020-05-07T22:24:37.952+0200][41553.441s] GC(60) Eden regions: 59->0(160)
[2020-05-07T22:24:37.952+0200][41553.441s] GC(60) Survivor regions: 6->14(27)
[2020-05-07T22:24:37.952+0200][41553.441s] GC(60) Old regions: 146->146
[2020-05-07T22:24:37.952+0200][41553.441s] GC(60) Humongous regions: 47->47
[2020-05-07T22:24:37.952+0200][41553.441s] GC(60) Metaspace: 59743K->59743K(1103872K)
[2020-05-07T22:24:37.952+0200][41553.441s] GC(60) Pause Young (Concurrent Start) (G1 Humongous Allocation) 256M->205M(512M) 2.355ms
[2020-05-07T22:24:37.952+0200][41553.441s] GC(60) User=0.00s Sys=0.00s Real=0.00s
[2020-05-07T22:24:37.952+0200][41553.441s] GC(61) Concurrent Cycle
[2020-05-07T22:24:37.952+0200][41553.441s] GC(61) Concurrent Clear Claimed Marks
[2020-05-07T22:24:37.952+0200][41553.441s] GC(61) Concurrent Clear Claimed Marks 0.041ms
[2020-05-07T22:24:37.952+0200][41553.441s] GC(61) Concurrent Scan Root Regions
[2020-05-07T22:24:37.952+0200][41553.442s] GC(61) Concurrent Scan Root Regions 0.408ms
[2020-05-07T22:24:37.952+0200][41553.442s] GC(61) Concurrent Mark (41553.442s)
[2020-05-07T22:24:37.952+0200][41553.442s] GC(61) Concurrent Mark From Roots
[2020-05-07T22:24:37.952+0200][41553.442s] GC(61) Using 3 workers of 3 for marking
[2020-05-07T22:24:37.968+0200][41553.457s] GC(61) Concurrent Mark From Roots 15.490ms
[2020-05-07T22:24:37.968+0200][41553.457s] GC(61) Concurrent Preclean
[2020-05-07T22:24:37.968+0200][41553.457s] GC(61) Concurrent Preclean 0.185ms
[2020-05-07T22:24:37.968+0200][41553.457s] GC(61) Concurrent Mark (41553.442s, 41553.457s) 15.733ms
[2020-05-07T22:24:37.968+0200][41553.458s] GC(61) Pause Remark
[2020-05-07T22:24:37.971+0200][41553.460s] GC(61) Cleaned string and symbol table, strings: 27382 processed, 0 removed, symbols: 164962 processed, 0 removed
[2020-05-07T22:24:37.971+0200][41553.461s] GC(61) Pause Remark 210M->129M(512M) 3.192ms
[2020-05-07T22:24:37.971+0200][41553.461s] GC(61) User=0.02s Sys=0.00s Real=0.00s
[2020-05-07T22:24:37.971+0200][41553.461s] GC(61) Concurrent Rebuild Remembered Sets
[2020-05-07T22:24:37.979+0200][41553.469s] GC(61) Concurrent Rebuild Remembered Sets 8.195ms
[2020-05-07T22:24:37.980+0200][41553.469s] GC(61) Pause Cleanup
[2020-05-07T22:24:37.980+0200][41553.470s] GC(61) Pause Cleanup 129M->129M(512M) 0.168ms
[2020-05-07T22:24:37.980+0200][41553.470s] GC(61) User=0.00s Sys=0.00s Real=0.00s
[2020-05-07T22:24:37.980+0200][41553.470s] GC(61) Concurrent Cleanup for Next Mark
[2020-05-07T22:24:37.980+0200][41553.470s] GC(61) Concurrent Cleanup for Next Mark 0.222ms
[2020-05-07T22:24:37.980+0200][41553.470s] GC(61) Concurrent Cycle 28.669ms
[2020-05-07T22:24:50.094+0200][41565.583s] GC(62) Pause Young (Prepare Mixed) (G1 Evacuation Pause)
[2020-05-07T22:24:50.094+0200][41565.583s] GC(62) Using 10 workers of 10 for evacuation
[2020-05-07T22:24:50.096+0200][41565.585s] GC(62)   Pre Evacuate Collection Set: 0.0ms
[2020-05-07T22:24:50.096+0200][41565.585s] GC(62)   Evacuate Collection Set: 0.8ms
[2020-05-07T22:24:50.096+0200][41565.585s] GC(62)   Post Evacuate Collection Set: 0.5ms
[2020-05-07T22:24:50.096+0200][41565.585s] GC(62)   Other: 0.1ms
[2020-05-07T22:24:50.096+0200][41565.585s] GC(62) Eden regions: 160->0(23)
[2020-05-07T22:24:50.096+0200][41565.585s] GC(62) Survivor regions: 14->2(22)
[2020-05-07T22:24:50.096+0200][41565.585s] GC(62) Old regions: 105->105
[2020-05-07T22:24:50.096+0200][41565.585s] GC(62) Humongous regions: 44->17
[2020-05-07T22:24:50.096+0200][41565.585s] GC(62) Metaspace: 59991K->59991K(1103872K)
[2020-05-07T22:24:50.096+0200][41565.585s] GC(62) Pause Young (Prepare Mixed) (G1 Evacuation Pause) 321M->123M(512M) 1.621ms
[2020-05-07T22:24:50.096+0200][41565.585s] GC(62) User=0.00s Sys=0.00s Real=0.00s
[2020-05-07T22:24:54.391+0200][41569.881s] GC(63) Pause Young (Mixed) (G1 Evacuation Pause)
[2020-05-07T22:24:54.391+0200][41569.881s] GC(63) Using 10 workers of 10 for evacuation
[2020-05-07T22:24:54.392+0200][41569.882s] GC(63)   Pre Evacuate Collection Set: 0.0ms
[2020-05-07T22:24:54.392+0200][41569.882s] GC(63)   Evacuate Collection Set: 0.9ms
[2020-05-07T22:24:54.392+0200][41569.882s] GC(63)   Post Evacuate Collection Set: 0.3ms
[2020-05-07T22:24:54.392+0200][41569.882s] GC(63)   Other: 0.2ms
[2020-05-07T22:24:54.392+0200][41569.882s] GC(63) Eden regions: 23->0(237)
[2020-05-07T22:24:54.392+0200][41569.882s] GC(63) Survivor regions: 2->3(4)
[2020-05-07T22:24:54.392+0200][41569.882s] GC(63) Old regions: 105->68
[2020-05-07T22:24:54.392+0200][41569.882s] GC(63) Humongous regions: 29->19
[2020-05-07T22:24:54.392+0200][41569.882s] GC(63) Metaspace: 60103K->60103K(1103872K)
[2020-05-07T22:24:54.392+0200][41569.882s] GC(63) Pause Young (Mixed) (G1 Evacuation Pause) 158M->88M(512M) 1.563ms
[2020-05-07T22:24:54.392+0200][41569.882s] GC(63) User=0.00s Sys=0.00s Real=0.00s
[2020-05-07T22:24:56.256+0200][41571.746s] GC(64) Pause Young (Normal) (G1 Evacuation Pause)
[2020-05-07T22:24:56.256+0200][41571.746s] GC(64) Using 10 workers of 10 for evacuation
[2020-05-07T22:24:56.259+0200][41571.748s] GC(64)   Pre Evacuate Collection Set: 0.0ms
[2020-05-07T22:24:56.259+0200][41571.748s] GC(64)   Evacuate Collection Set: 1.5ms
[2020-05-07T22:24:56.259+0200][41571.748s] GC(64)   Post Evacuate Collection Set: 0.5ms
[2020-05-07T22:24:56.259+0200][41571.748s] GC(64)   Other: 0.2ms
[2020-05-07T22:24:56.259+0200][41571.748s] GC(64) Eden regions: 237->0(255)
[2020-05-07T22:24:56.259+0200][41571.748s] GC(64) Survivor regions: 3->2(30)
[2020-05-07T22:24:56.259+0200][41571.748s] GC(64) Old regions: 68->68
[2020-05-07T22:24:56.259+0200][41571.748s] GC(64) Humongous regions: 19->19
[2020-05-07T22:24:56.259+0200][41571.748s] GC(64) Metaspace: 60153K->60153K(1103872K)
[2020-05-07T22:24:56.259+0200][41571.748s] GC(64) Pause Young (Normal) (G1 Evacuation Pause) 325M->88M(512M) 2.286ms
[2020-05-07T22:24:56.259+0200][41571.748s] GC(64) User=0.00s Sys=0.00s Real=0.00s
[2020-05-07T22:24:57.932+0200][41573.423s] GC(65) Pause Young (Normal) (G1 Evacuation Pause)
[2020-05-07T22:24:57.932+0200][41573.423s] GC(65) Using 10 workers of 10 for evacuation
[2020-05-07T22:24:57.934+0200][41573.424s] GC(65)   Pre Evacuate Collection Set: 0.0ms
[2020-05-07T22:24:57.934+0200][41573.424s] GC(65)   Evacuate Collection Set: 0.5ms
[2020-05-07T22:24:57.934+0200][41573.424s] GC(65)   Post Evacuate Collection Set: 0.4ms
[2020-05-07T22:24:57.934+0200][41573.424s] GC(65)   Other: 0.1ms
[2020-05-07T22:24:57.934+0200][41573.424s] GC(65) Eden regions: 255->0(265)
[2020-05-07T22:24:57.934+0200][41573.424s] GC(65) Survivor regions: 2->3(33)
[2020-05-07T22:24:57.934+0200][41573.424s] GC(65) Old regions: 68->68
[2020-05-07T22:24:57.934+0200][41573.424s] GC(65) Humongous regions: 19->19
[2020-05-07T22:24:57.934+0200][41573.424s] GC(65) Metaspace: 60154K->60154K(1103872K)
[2020-05-07T22:24:57.934+0200][41573.424s] GC(65) Pause Young (Normal) (G1 Evacuation Pause) 343M->88M(512M) 1.187ms
[2020-05-07T22:24:57.934+0200][41573.424s] GC(65) User=0.00s Sys=0.00s Real=0.00s
[2020-05-07T22:24:59.608+0200][41575.097s] GC(66) Pause Young (Normal) (G1 Evacuation Pause)
[2020-05-07T22:24:59.608+0200][41575.097s] GC(66) Using 10 workers of 10 for evacuation
[2020-05-07T22:24:59.609+0200][41575.099s] GC(66)   Pre Evacuate Collection Set: 0.0ms
[2020-05-07T22:24:59.609+0200][41575.099s] GC(66)   Evacuate Collection Set: 0.6ms
[2020-05-07T22:24:59.609+0200][41575.099s] GC(66)   Post Evacuate Collection Set: 0.3ms
[2020-05-07T22:24:59.609+0200][41575.099s] GC(66)   Other: 0.2ms
[2020-05-07T22:24:59.609+0200][41575.099s] GC(66) Eden regions: 265->0(275)
[2020-05-07T22:24:59.609+0200][41575.099s] GC(66) Survivor regions: 3->3(34)
[2020-05-07T22:24:59.609+0200][41575.099s] GC(66) Old regions: 68->68
[2020-05-07T22:24:59.609+0200][41575.099s] GC(66) Humongous regions: 19->19
[2020-05-07T22:24:59.609+0200][41575.099s] GC(66) Metaspace: 60154K->60154K(1103872K)
[2020-05-07T22:24:59.609+0200][41575.099s] GC(66) Pause Young (Normal) (G1 Evacuation Pause) 353M->88M(512M) 1.357ms
[2020-05-07T22:24:59.609+0200][41575.099s] GC(66) User=0.00s Sys=0.00s Real=0.00s
[2020-05-07T22:25:01.333+0200][41576.822s] GC(67) Pause Young (Normal) (G1 Evacuation Pause)
[2020-05-07T22:25:01.333+0200][41576.822s] GC(67) Using 10 workers of 10 for evacuation
[2020-05-07T22:25:01.333+0200][41576.823s] GC(67)   Pre Evacuate Collection Set: 0.0ms
[2020-05-07T22:25:01.333+0200][41576.823s] GC(67)   Evacuate Collection Set: 0.6ms
[2020-05-07T22:25:01.333+0200][41576.823s] GC(67)   Post Evacuate Collection Set: 0.4ms
[2020-05-07T22:25:01.333+0200][41576.823s] GC(67)   Other: 0.2ms
[2020-05-07T22:25:01.333+0200][41576.823s] GC(67) Eden regions: 275->0(284)
[2020-05-07T22:25:01.333+0200][41576.823s] GC(67) Survivor regions: 3->3(35)
[2020-05-07T22:25:01.333+0200][41576.823s] GC(67) Old regions: 68->68
[2020-05-07T22:25:01.333+0200][41576.823s] GC(67) Humongous regions: 19->19
[2020-05-07T22:25:01.333+0200][41576.823s] GC(67) Metaspace: 60154K->60154K(1103872K)
[2020-05-07T22:25:01.334+0200][41576.823s] GC(67) Pause Young (Normal) (G1 Evacuation Pause) 363M->88M(512M) 1.300ms
[2020-05-07T22:25:01.334+0200][41576.823s] GC(67) User=0.00s Sys=0.00s Real=0.00s
[2020-05-07T22:25:02.961+0200][41578.450s] GC(68) Pause Young (Concurrent Start) (G1 Evacuation Pause)
[2020-05-07T22:25:02.961+0200][41578.450s] GC(68) Using 10 workers of 10 for evacuation
[2020-05-07T22:25:02.962+0200][41578.452s] GC(68)   Pre Evacuate Collection Set: 0.1ms
[2020-05-07T22:25:02.962+0200][41578.452s] GC(68)   Evacuate Collection Set: 0.9ms
[2020-05-07T22:25:02.962+0200][41578.452s] GC(68)   Post Evacuate Collection Set: 0.4ms
[2020-05-07T22:25:02.962+0200][41578.452s] GC(68)   Other: 0.1ms
[2020-05-07T22:25:02.962+0200][41578.452s] GC(68) Eden regions: 284->0(293)
[2020-05-07T22:25:02.962+0200][41578.452s] GC(68) Survivor regions: 3->3(36)
[2020-05-07T22:25:02.962+0200][41578.452s] GC(68) Old regions: 68->68
[2020-05-07T22:25:02.962+0200][41578.452s] GC(68) Humongous regions: 19->19
[2020-05-07T22:25:02.963+0200][41578.452s] GC(68) Metaspace: 60154K->60154K(1103872K)
[2020-05-07T22:25:02.963+0200][41578.452s] GC(68) Pause Young (Concurrent Start) (G1 Evacuation Pause) 372M->88M(512M) 1.574ms
[2020-05-07T22:25:02.963+0200][41578.452s] GC(68) User=0.00s Sys=0.00s Real=0.00s
[2020-05-07T22:25:02.963+0200][41578.452s] GC(69) Concurrent Cycle
[2020-05-07T22:25:02.963+0200][41578.452s] GC(69) Concurrent Clear Claimed Marks
[2020-05-07T22:25:02.963+0200][41578.452s] GC(69) Concurrent Clear Claimed Marks 0.026ms
[2020-05-07T22:25:02.963+0200][41578.452s] GC(69) Concurrent Scan Root Regions
[2020-05-07T22:25:02.963+0200][41578.453s] GC(69) Concurrent Scan Root Regions 0.631ms
[2020-05-07T22:25:02.963+0200][41578.453s] GC(69) Concurrent Mark (41578.453s)
[2020-05-07T22:25:02.963+0200][41578.453s] GC(69) Concurrent Mark From Roots
[2020-05-07T22:25:02.963+0200][41578.453s] GC(69) Using 3 workers of 3 for marking
[2020-05-07T22:25:02.980+0200][41578.469s] GC(69) Concurrent Mark From Roots 16.234ms
[2020-05-07T22:25:02.980+0200][41578.469s] GC(69) Concurrent Preclean
[2020-05-07T22:25:02.980+0200][41578.469s] GC(69) Concurrent Preclean 0.209ms
[2020-05-07T22:25:02.980+0200][41578.469s] GC(69) Concurrent Mark (41578.453s, 41578.469s) 16.507ms
[2020-05-07T22:25:02.980+0200][41578.469s] GC(69) Pause Remark
[2020-05-07T22:25:02.983+0200][41578.473s] GC(69) Cleaned string and symbol table, strings: 27507 processed, 0 removed, symbols: 165202 processed, 0 removed
[2020-05-07T22:25:02.984+0200][41578.473s] GC(69) Pause Remark 101M->99M(512M) 3.318ms
[2020-05-07T22:25:02.984+0200][41578.473s] GC(69) User=0.00s Sys=0.00s Real=0.00s
[2020-05-07T22:25:02.984+0200][41578.473s] GC(69) Concurrent Rebuild Remembered Sets
[2020-05-07T22:25:02.993+0200][41578.483s] GC(69) Concurrent Rebuild Remembered Sets 10.443ms
[2020-05-07T22:25:02.994+0200][41578.484s] GC(69) Pause Cleanup
[2020-05-07T22:25:02.995+0200][41578.484s] GC(69) Pause Cleanup 102M->102M(512M) 0.137ms
[2020-05-07T22:25:02.995+0200][41578.484s] GC(69) User=0.00s Sys=0.00s Real=0.00s
[2020-05-07T22:25:02.995+0200][41578.484s] GC(69) Concurrent Cleanup for Next Mark
[2020-05-07T22:25:02.995+0200][41578.484s] GC(69) Concurrent Cleanup for Next Mark 0.242ms
[2020-05-07T22:25:02.995+0200][41578.484s] GC(69) Concurrent Cycle 32.125ms
[2020-05-07T22:25:05.002+0200][41580.492s] GC(70) Pause Young (Prepare Mixed) (G1 Evacuation Pause)
[2020-05-07T22:25:05.002+0200][41580.492s] GC(70) Using 10 workers of 10 for evacuation
[2020-05-07T22:25:05.003+0200][41580.493s] GC(70)   Pre Evacuate Collection Set: 0.0ms
[2020-05-07T22:25:05.003+0200][41580.493s] GC(70)   Evacuate Collection Set: 0.7ms
[2020-05-07T22:25:05.003+0200][41580.493s] GC(70)   Post Evacuate Collection Set: 0.4ms
[2020-05-07T22:25:05.003+0200][41580.493s] GC(70)   Other: 0.1ms
[2020-05-07T22:25:05.003+0200][41580.493s] GC(70) Eden regions: 293->0(22)
[2020-05-07T22:25:05.003+0200][41580.493s] GC(70) Survivor regions: 3->3(37)
[2020-05-07T22:25:05.003+0200][41580.493s] GC(70) Old regions: 66->66
[2020-05-07T22:25:05.003+0200][41580.493s] GC(70) Humongous regions: 19->19
[2020-05-07T22:25:05.004+0200][41580.493s] GC(70) Metaspace: 60154K->60154K(1103872K)
[2020-05-07T22:25:05.004+0200][41580.493s] GC(70) Pause Young (Prepare Mixed) (G1 Evacuation Pause) 379M->86M(512M) 1.357ms
[2020-05-07T22:25:05.004+0200][41580.493s] GC(70) User=0.00s Sys=0.00s Real=0.00s
[2020-05-07T22:25:05.215+0200][41580.704s] GC(71) Pause Young (Mixed) (G1 Evacuation Pause)
[2020-05-07T22:25:05.215+0200][41580.704s] GC(71) Using 10 workers of 10 for evacuation
[2020-05-07T22:25:05.216+0200][41580.705s] GC(71)   Pre Evacuate Collection Set: 0.0ms
[2020-05-07T22:25:05.216+0200][41580.705s] GC(71)   Evacuate Collection Set: 0.6ms
[2020-05-07T22:25:05.216+0200][41580.705s] GC(71)   Post Evacuate Collection Set: 0.4ms
[2020-05-07T22:25:05.216+0200][41580.705s] GC(71)   Other: 0.1ms
[2020-05-07T22:25:05.216+0200][41580.705s] GC(71) Eden regions: 22->0(299)
[2020-05-07T22:25:05.216+0200][41580.705s] GC(71) Survivor regions: 3->2(4)
[2020-05-07T22:25:05.216+0200][41580.705s] GC(71) Old regions: 66->63
[2020-05-07T22:25:05.216+0200][41580.705s] GC(71) Humongous regions: 19->19
[2020-05-07T22:25:05.216+0200][41580.705s] GC(71) Metaspace: 60154K->60154K(1103872K)
[2020-05-07T22:25:05.216+0200][41580.705s] GC(71) Pause Young (Mixed) (G1 Evacuation Pause) 108M->82M(512M) 1.219ms
[2020-05-07T22:25:05.216+0200][41580.705s] GC(71) User=0.00s Sys=0.00s Real=0.00s
[2020-05-07T22:25:06.427+0200][41581.916s] GC(72) Pause Young (Normal) (G1 Evacuation Pause)
[2020-05-07T22:25:06.427+0200][41581.916s] GC(72) Using 10 workers of 10 for evacuation
[2020-05-07T22:25:06.428+0200][41581.918s] GC(72)   Pre Evacuate Collection Set: 0.0ms
[2020-05-07T22:25:06.428+0200][41581.918s] GC(72)   Evacuate Collection Set: 0.8ms
[2020-05-07T22:25:06.428+0200][41581.918s] GC(72)   Post Evacuate Collection Set: 0.4ms
[2020-05-07T22:25:06.428+0200][41581.918s] GC(72)   Other: 0.1ms
[2020-05-07T22:25:06.428+0200][41581.918s] GC(72) Eden regions: 299->0(306)
[2020-05-07T22:25:06.428+0200][41581.918s] GC(72) Survivor regions: 2->1(38)
[2020-05-07T22:25:06.428+0200][41581.918s] GC(72) Old regions: 63->63
[2020-05-07T22:25:06.428+0200][41581.918s] GC(72) Humongous regions: 19->19
[2020-05-07T22:25:06.428+0200][41581.918s] GC(72) Metaspace: 60155K->60155K(1103872K)
[2020-05-07T22:25:06.428+0200][41581.918s] GC(72) Pause Young (Normal) (G1 Evacuation Pause) 381M->82M(512M) 1.436ms
[2020-05-07T22:25:06.428+0200][41581.918s] GC(72) User=0.00s Sys=0.00s Real=0.00s
[2020-05-07T22:25:07.924+0200][41583.414s] GC(73) Pause Young (Normal) (G1 Evacuation Pause)
[2020-05-07T22:25:07.924+0200][41583.414s] GC(73) Using 10 workers of 10 for evacuation
[2020-05-07T22:25:07.925+0200][41583.415s] GC(73)   Pre Evacuate Collection Set: 0.0ms
[2020-05-07T22:25:07.925+0200][41583.415s] GC(73)   Evacuate Collection Set: 0.3ms
[2020-05-07T22:25:07.925+0200][41583.415s] GC(73)   Post Evacuate Collection Set: 0.3ms
[2020-05-07T22:25:07.925+0200][41583.415s] GC(73)   Other: 0.1ms
[2020-05-07T22:25:07.925+0200][41583.415s] GC(73) Eden regions: 306->0(306)
[2020-05-07T22:25:07.925+0200][41583.415s] GC(73) Survivor regions: 1->1(39)
[2020-05-07T22:25:07.925+0200][41583.415s] GC(73) Old regions: 63->63
[2020-05-07T22:25:07.925+0200][41583.415s] GC(73) Humongous regions: 19->19
[2020-05-07T22:25:07.925+0200][41583.415s] GC(73) Metaspace: 60158K->60158K(1103872K)
[2020-05-07T22:25:07.925+0200][41583.415s] GC(73) Pause Young (Normal) (G1 Evacuation Pause) 388M->82M(512M) 0.931ms
[2020-05-07T22:25:07.925+0200][41583.415s] GC(73) User=0.00s Sys=0.00s Real=0.00s
[2020-05-07T22:25:10.717+0200][41586.207s] GC(74) Pause Young (Concurrent Start) (G1 Evacuation Pause)
[2020-05-07T22:25:10.717+0200][41586.207s] GC(74) Using 10 workers of 10 for evacuation
[2020-05-07T22:25:10.719+0200][41586.208s] GC(74)   Pre Evacuate Collection Set: 0.1ms
[2020-05-07T22:25:10.719+0200][41586.208s] GC(74)   Evacuate Collection Set: 0.6ms
[2020-05-07T22:25:10.719+0200][41586.208s] GC(74)   Post Evacuate Collection Set: 0.4ms
[2020-05-07T22:25:10.719+0200][41586.208s] GC(74)   Other: 0.2ms
[2020-05-07T22:25:10.719+0200][41586.208s] GC(74) Eden regions: 306->0(305)
[2020-05-07T22:25:10.719+0200][41586.208s] GC(74) Survivor regions: 1->2(39)
[2020-05-07T22:25:10.719+0200][41586.208s] GC(74) Old regions: 63->63
[2020-05-07T22:25:10.719+0200][41586.208s] GC(74) Humongous regions: 19->19
[2020-05-07T22:25:10.719+0200][41586.208s] GC(74) Metaspace: 60158K->60158K(1103872K)
[2020-05-07T22:25:10.719+0200][41586.208s] GC(74) Pause Young (Concurrent Start) (G1 Evacuation Pause) 388M->82M(512M) 1.331ms
[2020-05-07T22:25:10.719+0200][41586.208s] GC(74) User=0.02s Sys=0.00s Real=0.00s
[2020-05-07T22:25:10.719+0200][41586.208s] GC(75) Concurrent Cycle
[2020-05-07T22:25:10.719+0200][41586.208s] GC(75) Concurrent Clear Claimed Marks
[2020-05-07T22:25:10.719+0200][41586.208s] GC(75) Concurrent Clear Claimed Marks 0.044ms
[2020-05-07T22:25:10.719+0200][41586.208s] GC(75) Concurrent Scan Root Regions
[2020-05-07T22:25:10.719+0200][41586.209s] GC(75) Concurrent Scan Root Regions 0.311ms
[2020-05-07T22:25:10.719+0200][41586.209s] GC(75) Concurrent Mark (41586.209s)
[2020-05-07T22:25:10.719+0200][41586.209s] GC(75) Concurrent Mark From Roots
[2020-05-07T22:25:10.719+0200][41586.209s] GC(75) Using 3 workers of 3 for marking
[2020-05-07T22:25:10.744+0200][41586.234s] GC(75) Concurrent Mark From Roots 24.852ms
[2020-05-07T22:25:10.744+0200][41586.234s] GC(75) Concurrent Preclean
[2020-05-07T22:25:10.744+0200][41586.234s] GC(75) Concurrent Preclean 0.295ms
[2020-05-07T22:25:10.744+0200][41586.234s] GC(75) Concurrent Mark (41586.209s, 41586.234s) 25.226ms
[2020-05-07T22:25:10.744+0200][41586.234s] GC(75) Pause Remark
[2020-05-07T22:25:10.748+0200][41586.238s] GC(75) Cleaned string and symbol table, strings: 27508 processed, 1 removed, symbols: 165202 processed, 0 removed
[2020-05-07T22:25:10.748+0200][41586.238s] GC(75) Pause Remark 85M->85M(512M) 3.558ms
[2020-05-07T22:25:10.748+0200][41586.238s] GC(75) User=0.00s Sys=0.00s Real=0.00s
[2020-05-07T22:25:10.748+0200][41586.238s] GC(75) Concurrent Rebuild Remembered Sets
[2020-05-07T22:25:10.761+0200][41586.250s] GC(75) Concurrent Rebuild Remembered Sets 12.547ms
[2020-05-07T22:25:10.761+0200][41586.251s] GC(75) Pause Cleanup
[2020-05-07T22:25:10.761+0200][41586.251s] GC(75) Pause Cleanup 86M->86M(512M) 0.151ms
[2020-05-07T22:25:10.761+0200][41586.251s] GC(75) User=0.00s Sys=0.00s Real=0.00s
[2020-05-07T22:25:10.762+0200][41586.251s] GC(75) Concurrent Cleanup for Next Mark
[2020-05-07T22:25:10.762+0200][41586.251s] GC(75) Concurrent Cleanup for Next Mark 0.231ms
[2020-05-07T22:25:10.762+0200][41586.251s] GC(75) Concurrent Cycle 42.794ms
[2020-05-07T22:25:14.036+0200][41589.525s] GC(76) Pause Young (Normal) (G1 Evacuation Pause)
[2020-05-07T22:25:14.036+0200][41589.525s] GC(76) Using 10 workers of 10 for evacuation
[2020-05-07T22:25:14.036+0200][41589.526s] GC(76)   Pre Evacuate Collection Set: 0.0ms
[2020-05-07T22:25:14.036+0200][41589.526s] GC(76)   Evacuate Collection Set: 0.5ms
[2020-05-07T22:25:14.036+0200][41589.526s] GC(76)   Post Evacuate Collection Set: 0.4ms
[2020-05-07T22:25:14.036+0200][41589.526s] GC(76)   Other: 0.2ms
[2020-05-07T22:25:14.036+0200][41589.526s] GC(76) Eden regions: 305->0(305)
[2020-05-07T22:25:14.036+0200][41589.526s] GC(76) Survivor regions: 2->2(39)
[2020-05-07T22:25:14.036+0200][41589.527s] GC(76) Old regions: 63->63
[2020-05-07T22:25:14.036+0200][41589.527s] GC(76) Humongous regions: 19->19
[2020-05-07T22:25:14.036+0200][41589.527s] GC(76) Metaspace: 60158K->60158K(1103872K)
[2020-05-07T22:25:14.036+0200][41589.527s] GC(76) Pause Young (Normal) (G1 Evacuation Pause) 387M->82M(512M) 1.112ms
[2020-05-07T22:25:14.036+0200][41589.527s] GC(76) User=0.00s Sys=0.00s Real=0.00s
[2020-05-07T22:25:16.657+0200][41592.147s] GC(77) Pause Young (Concurrent Start) (G1 Evacuation Pause)
[2020-05-07T22:25:16.657+0200][41592.147s] GC(77) Using 10 workers of 10 for evacuation
[2020-05-07T22:25:16.658+0200][41592.148s] GC(77)   Pre Evacuate Collection Set: 0.1ms
[2020-05-07T22:25:16.658+0200][41592.148s] GC(77)   Evacuate Collection Set: 0.6ms
[2020-05-07T22:25:16.658+0200][41592.148s] GC(77)   Post Evacuate Collection Set: 0.4ms
[2020-05-07T22:25:16.658+0200][41592.148s] GC(77)   Other: 0.2ms
[2020-05-07T22:25:16.658+0200][41592.148s] GC(77) Eden regions: 305->0(305)
[2020-05-07T22:25:16.658+0200][41592.148s] GC(77) Survivor regions: 2->2(39)
[2020-05-07T22:25:16.658+0200][41592.148s] GC(77) Old regions: 63->63
[2020-05-07T22:25:16.658+0200][41592.148s] GC(77) Humongous regions: 19->19
[2020-05-07T22:25:16.658+0200][41592.148s] GC(77) Metaspace: 60158K->60158K(1103872K)
[2020-05-07T22:25:16.658+0200][41592.148s] GC(77) Pause Young (Concurrent Start) (G1 Evacuation Pause) 387M->82M(512M) 1.337ms
[2020-05-07T22:25:16.658+0200][41592.148s] GC(77) User=0.00s Sys=0.00s Real=0.00s
[2020-05-07T22:25:16.658+0200][41592.148s] GC(78) Concurrent Cycle
[2020-05-07T22:25:16.658+0200][41592.148s] GC(78) Concurrent Clear Claimed Marks
[2020-05-07T22:25:16.659+0200][41592.148s] GC(78) Concurrent Clear Claimed Marks 0.024ms
[2020-05-07T22:25:16.659+0200][41592.148s] GC(78) Concurrent Scan Root Regions
[2020-05-07T22:25:16.659+0200][41592.148s] GC(78) Concurrent Scan Root Regions 0.317ms
[2020-05-07T22:25:16.659+0200][41592.148s] GC(78) Concurrent Mark (41592.148s)
[2020-05-07T22:25:16.659+0200][41592.148s] GC(78) Concurrent Mark From Roots
[2020-05-07T22:25:16.659+0200][41592.148s] GC(78) Using 3 workers of 3 for marking
[2020-05-07T22:25:16.676+0200][41592.165s] GC(78) Concurrent Mark From Roots 17.105ms
[2020-05-07T22:25:16.676+0200][41592.165s] GC(78) Concurrent Preclean
[2020-05-07T22:25:16.676+0200][41592.166s] GC(78) Concurrent Preclean 0.234ms
[2020-05-07T22:25:16.676+0200][41592.166s] GC(78) Concurrent Mark (41592.148s, 41592.166s) 17.406ms
[2020-05-07T22:25:16.677+0200][41592.166s] GC(78) Pause Remark
[2020-05-07T22:25:16.679+0200][41592.169s] GC(78) Cleaned string and symbol table, strings: 27507 processed, 0 removed, symbols: 165202 processed, 0 removed
[2020-05-07T22:25:16.680+0200][41592.169s] GC(78) Pause Remark 87M->87M(512M) 3.468ms
[2020-05-07T22:25:16.680+0200][41592.169s] GC(78) User=0.00s Sys=0.00s Real=0.00s
[2020-05-07T22:25:16.680+0200][41592.170s] GC(78) Concurrent Rebuild Remembered Sets
[2020-05-07T22:25:16.696+0200][41592.186s] GC(78) Concurrent Rebuild Remembered Sets 16.096ms
[2020-05-07T22:25:16.696+0200][41592.186s] GC(78) Pause Cleanup
[2020-05-07T22:25:16.696+0200][41592.186s] GC(78) Pause Cleanup 90M->90M(512M) 0.193ms
[2020-05-07T22:25:16.696+0200][41592.186s] GC(78) User=0.00s Sys=0.00s Real=0.00s
[2020-05-07T22:25:16.696+0200][41592.186s] GC(78) Concurrent Cleanup for Next Mark
[2020-05-07T22:25:16.696+0200][41592.186s] GC(78) Concurrent Cleanup for Next Mark 0.240ms
[2020-05-07T22:25:16.696+0200][41592.186s] GC(78) Concurrent Cycle 38.398ms
[2020-05-07T22:25:19.035+0200][41594.524s] GC(79) Pause Young (Normal) (G1 Evacuation Pause)
[2020-05-07T22:25:19.035+0200][41594.524s] GC(79) Using 10 workers of 10 for evacuation
[2020-05-07T22:25:19.036+0200][41594.525s] GC(79)   Pre Evacuate Collection Set: 0.0ms
[2020-05-07T22:25:19.036+0200][41594.525s] GC(79)   Evacuate Collection Set: 0.4ms
[2020-05-07T22:25:19.036+0200][41594.525s] GC(79)   Post Evacuate Collection Set: 0.5ms
[2020-05-07T22:25:19.036+0200][41594.525s] GC(79)   Other: 0.2ms
[2020-05-07T22:25:19.036+0200][41594.525s] GC(79) Eden regions: 305->0(306)
[2020-05-07T22:25:19.036+0200][41594.525s] GC(79) Survivor regions: 2->1(39)
[2020-05-07T22:25:19.036+0200][41594.525s] GC(79) Old regions: 63->63
[2020-05-07T22:25:19.036+0200][41594.525s] GC(79) Humongous regions: 19->19
[2020-05-07T22:25:19.036+0200][41594.525s] GC(79) Metaspace: 60158K->60158K(1103872K)
[2020-05-07T22:25:19.036+0200][41594.525s] GC(79) Pause Young (Normal) (G1 Evacuation Pause) 387M->82M(512M) 1.300ms
[2020-05-07T22:25:19.036+0200][41594.525s] GC(79) User=0.00s Sys=0.00s Real=0.00s
[2020-05-08T01:30:58.723+0200][52734.212s] GC(80) Pause Young (Concurrent Start) (G1 Humongous Allocation)
[2020-05-08T01:30:58.723+0200][52734.212s] GC(80) Using 10 workers of 10 for evacuation
[2020-05-08T01:30:58.732+0200][52734.222s] GC(80)   Pre Evacuate Collection Set: 1.3ms
[2020-05-08T01:30:58.732+0200][52734.222s] GC(80)   Evacuate Collection Set: 7.0ms
[2020-05-08T01:30:58.732+0200][52734.222s] GC(80)   Post Evacuate Collection Set: 1.3ms
[2020-05-08T01:30:58.732+0200][52734.222s] GC(80)   Other: 0.4ms
[2020-05-08T01:30:58.732+0200][52734.222s] GC(80) Eden regions: 290->0(298)
[2020-05-08T01:30:58.732+0200][52734.222s] GC(80) Survivor regions: 1->9(39)
[2020-05-08T01:30:58.732+0200][52734.222s] GC(80) Old regions: 63->63
[2020-05-08T01:30:58.732+0200][52734.222s] GC(80) Humongous regions: 19->19
[2020-05-08T01:30:58.732+0200][52734.222s] GC(80) Metaspace: 60241K->60241K(1103872K)
[2020-05-08T01:30:58.732+0200][52734.222s] GC(80) Pause Young (Concurrent Start) (G1 Humongous Allocation) 372M->89M(512M) 10.108ms
[2020-05-08T01:30:58.732+0200][52734.222s] GC(80) User=0.00s Sys=0.00s Real=0.01s
[2020-05-08T01:30:58.733+0200][52734.222s] GC(81) Concurrent Cycle
[2020-05-08T01:30:58.733+0200][52734.222s] GC(81) Concurrent Clear Claimed Marks
[2020-05-08T01:30:58.733+0200][52734.222s] GC(81) Concurrent Clear Claimed Marks 0.046ms
[2020-05-08T01:30:58.733+0200][52734.222s] GC(81) Concurrent Scan Root Regions
[2020-05-08T01:30:58.735+0200][52734.225s] GC(81) Concurrent Scan Root Regions 2.257ms
[2020-05-08T01:30:58.735+0200][52734.225s] GC(81) Concurrent Mark (52734.225s)
[2020-05-08T01:30:58.735+0200][52734.225s] GC(81) Concurrent Mark From Roots
[2020-05-08T01:30:58.735+0200][52734.225s] GC(81) Using 3 workers of 3 for marking
[2020-05-08T01:30:58.761+0200][52734.251s] GC(81) Concurrent Mark From Roots 26.497ms
[2020-05-08T01:30:58.762+0200][52734.251s] GC(81) Concurrent Preclean
[2020-05-08T01:30:58.762+0200][52734.251s] GC(81) Concurrent Preclean 0.207ms
[2020-05-08T01:30:58.762+0200][52734.251s] GC(81) Concurrent Mark (52734.225s, 52734.251s) 26.771ms
[2020-05-08T01:30:58.762+0200][52734.252s] GC(81) Pause Remark
[2020-05-08T01:30:58.775+0200][52734.265s] GC(81) Cleaned string and symbol table, strings: 27520 processed, 22 removed, symbols: 165219 processed, 4 removed
[2020-05-08T01:30:58.776+0200][52734.265s] GC(81) Pause Remark 92M->80M(512M) 13.300ms
[2020-05-08T01:30:58.776+0200][52734.265s] GC(81) User=0.02s Sys=0.06s Real=0.01s
[2020-05-08T01:30:58.776+0200][52734.265s] GC(81) Concurrent Rebuild Remembered Sets
[2020-05-08T01:30:58.785+0200][52734.275s] GC(81) Concurrent Rebuild Remembered Sets 10.130ms
[2020-05-08T01:30:58.786+0200][52734.275s] GC(81) Pause Cleanup
[2020-05-08T01:30:58.786+0200][52734.276s] GC(81) Pause Cleanup 81M->81M(512M) 0.440ms
[2020-05-08T01:30:58.786+0200][52734.276s] GC(81) User=0.00s Sys=0.00s Real=0.00s
[2020-05-08T01:30:58.786+0200][52734.276s] GC(81) Concurrent Cleanup for Next Mark
[2020-05-08T01:30:58.788+0200][52734.278s] GC(81) Concurrent Cleanup for Next Mark 1.633ms
[2020-05-08T01:30:58.788+0200][52734.278s] GC(81) Concurrent Cycle 55.425ms
[2020-05-08T01:31:03.122+0200][52738.611s] GC(82) Pause Young (Prepare Mixed) (G1 Evacuation Pause)
[2020-05-08T01:31:03.122+0200][52738.611s] GC(82) Using 10 workers of 10 for evacuation
[2020-05-08T01:31:03.140+0200][52738.630s] GC(82)   Pre Evacuate Collection Set: 0.0ms
[2020-05-08T01:31:03.140+0200][52738.630s] GC(82)   Evacuate Collection Set: 18.1ms
[2020-05-08T01:31:03.140+0200][52738.630s] GC(82)   Post Evacuate Collection Set: 0.5ms
[2020-05-08T01:31:03.140+0200][52738.630s] GC(82)   Other: 0.2ms
[2020-05-08T01:31:03.140+0200][52738.630s] GC(82) Eden regions: 298->0(1)
[2020-05-08T01:31:03.140+0200][52738.630s] GC(82) Survivor regions: 9->33(39)
[2020-05-08T01:31:03.140+0200][52738.630s] GC(82) Old regions: 63->63
[2020-05-08T01:31:03.140+0200][52738.630s] GC(82) Humongous regions: 37->27
[2020-05-08T01:31:03.140+0200][52738.630s] GC(82) Metaspace: 60241K->60241K(1103872K)
[2020-05-08T01:31:03.140+0200][52738.630s] GC(82) Pause Young (Prepare Mixed) (G1 Evacuation Pause) 405M->122M(512M) 19.080ms
[2020-05-08T01:31:03.140+0200][52738.630s] GC(82) User=0.00s Sys=0.11s Real=0.02s
[2020-05-08T01:31:03.153+0200][52738.643s] GC(83) Pause Young (Mixed) (G1 Evacuation Pause)
[2020-05-08T01:31:03.153+0200][52738.643s] GC(83) Using 10 workers of 10 for evacuation
[2020-05-08T01:31:03.162+0200][52738.652s] GC(83)   Pre Evacuate Collection Set: 0.0ms
[2020-05-08T01:31:03.162+0200][52738.652s] GC(83)   Evacuate Collection Set: 8.1ms
[2020-05-08T01:31:03.162+0200][52738.652s] GC(83)   Post Evacuate Collection Set: 0.4ms
[2020-05-08T01:31:03.162+0200][52738.652s] GC(83)   Other: 0.2ms
[2020-05-08T01:31:03.162+0200][52738.652s] GC(83) Eden regions: 1->0(296)
[2020-05-08T01:31:03.162+0200][52738.652s] GC(83) Survivor regions: 33->1(5)
[2020-05-08T01:31:03.162+0200][52738.652s] GC(83) Old regions: 63->95
[2020-05-08T01:31:03.162+0200][52738.652s] GC(83) Humongous regions: 34->27
[2020-05-08T01:31:03.162+0200][52738.652s] GC(83) Metaspace: 60241K->60241K(1103872K)
[2020-05-08T01:31:03.162+0200][52738.652s] GC(83) Pause Young (Mixed) (G1 Evacuation Pause) 130M->122M(512M) 8.890ms
[2020-05-08T01:31:03.162+0200][52738.652s] GC(83) User=0.08s Sys=0.08s Real=0.01s
[2020-05-08T01:31:07.491+0200][52742.981s] GC(84) Pause Young (Normal) (G1 Evacuation Pause)
[2020-05-08T01:31:07.491+0200][52742.981s] GC(84) Using 10 workers of 10 for evacuation
[2020-05-08T01:31:07.498+0200][52742.988s] GC(84) To-space exhausted
[2020-05-08T01:31:07.498+0200][52742.988s] GC(84)   Pre Evacuate Collection Set: 0.0ms
[2020-05-08T01:31:07.498+0200][52742.988s] GC(84)   Evacuate Collection Set: 1.2ms
[2020-05-08T01:31:07.498+0200][52742.988s] GC(84)   Post Evacuate Collection Set: 5.7ms
[2020-05-08T01:31:07.498+0200][52742.988s] GC(84)   Other: 0.2ms
[2020-05-08T01:31:07.498+0200][52742.988s] GC(84) Eden regions: 258->0(44)
[2020-05-08T01:31:07.498+0200][52742.988s] GC(84) Survivor regions: 1->0(38)
[2020-05-08T01:31:07.498+0200][52742.988s] GC(84) Old regions: 95->354
[2020-05-08T01:31:07.498+0200][52742.988s] GC(84) Humongous regions: 158->53
[2020-05-08T01:31:07.498+0200][52742.988s] GC(84) Metaspace: 60242K->60242K(1103872K)
[2020-05-08T01:31:07.498+0200][52742.988s] GC(84) Pause Young (Normal) (G1 Evacuation Pause) 511M->406M(512M) 7.204ms
[2020-05-08T01:31:07.498+0200][52742.988s] GC(84) User=0.00s Sys=0.00s Real=0.01s
[2020-05-08T01:31:08.272+0200][52743.761s] GC(85) Pause Young (Concurrent Start) (G1 Humongous Allocation)
[2020-05-08T01:31:08.272+0200][52743.761s] GC(85) Using 10 workers of 10 for evacuation
[2020-05-08T01:31:08.273+0200][52743.763s] GC(85)   Pre Evacuate Collection Set: 0.1ms
[2020-05-08T01:31:08.273+0200][52743.763s] GC(85)   Evacuate Collection Set: 1.1ms
[2020-05-08T01:31:08.273+0200][52743.763s] GC(85)   Post Evacuate Collection Set: 0.4ms
[2020-05-08T01:31:08.273+0200][52743.763s] GC(85)   Other: 0.2ms
[2020-05-08T01:31:08.274+0200][52743.763s] GC(85) Eden regions: 31->0(38)
[2020-05-08T01:31:08.274+0200][52743.763s] GC(85) Survivor regions: 0->5(6)
[2020-05-08T01:31:08.274+0200][52743.763s] GC(85) Old regions: 354->354
[2020-05-08T01:31:08.274+0200][52743.763s] GC(85) Humongous regions: 53->53
[2020-05-08T01:31:08.274+0200][52743.763s] GC(85) Metaspace: 60242K->60242K(1103872K)
[2020-05-08T01:31:08.274+0200][52743.763s] GC(85) Pause Young (Concurrent Start) (G1 Humongous Allocation) 436M->411M(512M) 1.819ms
[2020-05-08T01:31:08.274+0200][52743.763s] GC(85) User=0.00s Sys=0.00s Real=0.00s
[2020-05-08T01:31:08.274+0200][52743.763s] GC(86) Concurrent Cycle
[2020-05-08T01:31:08.274+0200][52743.763s] GC(86) Concurrent Clear Claimed Marks
[2020-05-08T01:31:08.274+0200][52743.763s] GC(86) Concurrent Clear Claimed Marks 0.024ms
[2020-05-08T01:31:08.274+0200][52743.763s] GC(86) Concurrent Scan Root Regions
[2020-05-08T01:31:08.274+0200][52743.763s] GC(86) Concurrent Scan Root Regions 0.317ms
[2020-05-08T01:31:08.274+0200][52743.763s] GC(86) Concurrent Mark (52743.763s)
[2020-05-08T01:31:08.274+0200][52743.763s] GC(86) Concurrent Mark From Roots
[2020-05-08T01:31:08.274+0200][52743.763s] GC(86) Using 3 workers of 3 for marking
[2020-05-08T01:31:08.292+0200][52743.782s] GC(86) Concurrent Mark From Roots 18.165ms
[2020-05-08T01:31:08.292+0200][52743.782s] GC(86) Concurrent Preclean
[2020-05-08T01:31:08.292+0200][52743.782s] GC(86) Concurrent Preclean 0.194ms
[2020-05-08T01:31:08.292+0200][52743.782s] GC(86) Concurrent Mark (52743.763s, 52743.782s) 18.423ms
[2020-05-08T01:31:08.292+0200][52743.782s] GC(86) Pause Remark
[2020-05-08T01:31:08.312+0200][52743.801s] GC(86) Cleaned string and symbol table, strings: 27499 processed, 3 removed, symbols: 165215 processed, 0 removed
[2020-05-08T01:31:08.312+0200][52743.802s] GC(86) Pause Remark 413M->405M(512M) 19.435ms
[2020-05-08T01:31:08.312+0200][52743.802s] GC(86) User=0.00s Sys=0.06s Real=0.02s
[2020-05-08T01:31:08.312+0200][52743.802s] GC(86) Concurrent Rebuild Remembered Sets
[2020-05-08T01:31:08.323+0200][52743.813s] GC(86) Concurrent Rebuild Remembered Sets 11.149ms
[2020-05-08T01:31:08.323+0200][52743.813s] GC(86) Pause Cleanup
[2020-05-08T01:31:08.324+0200][52743.813s] GC(86) Pause Cleanup 405M->405M(512M) 0.212ms
[2020-05-08T01:31:08.324+0200][52743.813s] GC(86) User=0.00s Sys=0.00s Real=0.00s
[2020-05-08T01:31:08.324+0200][52743.813s] GC(86) Concurrent Cleanup for Next Mark
[2020-05-08T01:31:08.324+0200][52743.814s] GC(86) Concurrent Cleanup for Next Mark 0.597ms
[2020-05-08T01:31:08.324+0200][52743.814s] GC(86) Concurrent Cycle 50.847ms
[2020-05-08T01:31:08.654+0200][52744.143s] GC(87) Pause Young (Prepare Mixed) (G1 Evacuation Pause)
[2020-05-08T01:31:08.654+0200][52744.143s] GC(87) Using 10 workers of 10 for evacuation
[2020-05-08T01:31:08.656+0200][52744.146s] GC(87)   Pre Evacuate Collection Set: 0.0ms
[2020-05-08T01:31:08.656+0200][52744.146s] GC(87)   Evacuate Collection Set: 2.1ms
[2020-05-08T01:31:08.656+0200][52744.146s] GC(87)   Post Evacuate Collection Set: 0.4ms
[2020-05-08T01:31:08.656+0200][52744.146s] GC(87)   Other: 0.2ms
[2020-05-08T01:31:08.656+0200][52744.146s] GC(87) Eden regions: 38->0(21)
[2020-05-08T01:31:08.656+0200][52744.146s] GC(87) Survivor regions: 5->4(6)
[2020-05-08T01:31:08.656+0200][52744.146s] GC(87) Old regions: 354->359
[2020-05-08T01:31:08.656+0200][52744.146s] GC(87) Humongous regions: 46->46
[2020-05-08T01:31:08.656+0200][52744.146s] GC(87) Metaspace: 60234K->60234K(1103872K)
[2020-05-08T01:31:08.656+0200][52744.146s] GC(87) Pause Young (Prepare Mixed) (G1 Evacuation Pause) 442M->407M(512M) 2.902ms
[2020-05-08T01:31:08.656+0200][52744.146s] GC(87) User=0.08s Sys=0.02s Real=0.00s
[2020-05-08T01:31:09.214+0200][52744.704s] GC(88) Pause Young (Mixed) (G1 Evacuation Pause)
[2020-05-08T01:31:09.214+0200][52744.704s] GC(88) Using 10 workers of 10 for evacuation
[2020-05-08T01:31:09.218+0200][52744.707s] GC(88)   Pre Evacuate Collection Set: 0.0ms
[2020-05-08T01:31:09.218+0200][52744.707s] GC(88)   Evacuate Collection Set: 2.7ms
[2020-05-08T01:31:09.218+0200][52744.707s] GC(88)   Post Evacuate Collection Set: 0.4ms
[2020-05-08T01:31:09.218+0200][52744.707s] GC(88)   Other: 0.1ms
[2020-05-08T01:31:09.218+0200][52744.707s] GC(88) Eden regions: 21->0(21)
[2020-05-08T01:31:09.218+0200][52744.707s] GC(88) Survivor regions: 4->4(4)
[2020-05-08T01:31:09.218+0200][52744.707s] GC(88) Old regions: 359->313
[2020-05-08T01:31:09.218+0200][52744.707s] GC(88) Humongous regions: 75->75
[2020-05-08T01:31:09.218+0200][52744.707s] GC(88) Metaspace: 60234K->60234K(1103872K)
[2020-05-08T01:31:09.218+0200][52744.707s] GC(88) Pause Young (Mixed) (G1 Evacuation Pause) 457M->391M(512M) 3.388ms
[2020-05-08T01:31:09.218+0200][52744.707s] GC(88) User=0.00s Sys=0.00s Real=0.00s
[2020-05-08T01:31:09.463+0200][52744.952s] GC(89) Pause Young (Mixed) (G1 Evacuation Pause)
[2020-05-08T01:31:09.463+0200][52744.952s] GC(89) Using 10 workers of 10 for evacuation
[2020-05-08T01:31:09.465+0200][52744.954s] GC(89)   Pre Evacuate Collection Set: 0.0ms
[2020-05-08T01:31:09.465+0200][52744.954s] GC(89)   Evacuate Collection Set: 1.6ms
[2020-05-08T01:31:09.465+0200][52744.954s] GC(89)   Post Evacuate Collection Set: 0.4ms
[2020-05-08T01:31:09.465+0200][52744.954s] GC(89)   Other: 0.1ms
[2020-05-08T01:31:09.465+0200][52744.954s] GC(89) Eden regions: 21->0(22)
[2020-05-08T01:31:09.465+0200][52744.954s] GC(89) Survivor regions: 4->3(4)
[2020-05-08T01:31:09.465+0200][52744.954s] GC(89) Old regions: 313->270
[2020-05-08T01:31:09.465+0200][52744.954s] GC(89) Humongous regions: 75->75
[2020-05-08T01:31:09.465+0200][52744.955s] GC(89) Metaspace: 60234K->60234K(1103872K)
[2020-05-08T01:31:09.465+0200][52744.955s] GC(89) Pause Young (Mixed) (G1 Evacuation Pause) 412M->346M(512M) 2.344ms
[2020-05-08T01:31:09.465+0200][52744.955s] GC(89) User=0.00s Sys=0.00s Real=0.00s
[2020-05-08T01:31:09.898+0200][52745.387s] GC(90) Pause Young (Mixed) (G1 Evacuation Pause)
[2020-05-08T01:31:09.898+0200][52745.387s] GC(90) Using 10 workers of 10 for evacuation
[2020-05-08T01:31:09.900+0200][52745.389s] GC(90)   Pre Evacuate Collection Set: 0.0ms
[2020-05-08T01:31:09.900+0200][52745.389s] GC(90)   Evacuate Collection Set: 1.4ms
[2020-05-08T01:31:09.900+0200][52745.389s] GC(90)   Post Evacuate Collection Set: 0.5ms
[2020-05-08T01:31:09.900+0200][52745.389s] GC(90)   Other: 0.1ms
[2020-05-08T01:31:09.900+0200][52745.389s] GC(90) Eden regions: 22->0(22)
[2020-05-08T01:31:09.900+0200][52745.389s] GC(90) Survivor regions: 3->3(4)
[2020-05-08T01:31:09.900+0200][52745.389s] GC(90) Old regions: 270->226
[2020-05-08T01:31:09.900+0200][52745.389s] GC(90) Humongous regions: 75->75
[2020-05-08T01:31:09.900+0200][52745.389s] GC(90) Metaspace: 60234K->60234K(1103872K)
[2020-05-08T01:31:09.900+0200][52745.389s] GC(90) Pause Young (Mixed) (G1 Evacuation Pause) 368M->302M(512M) 2.182ms
[2020-05-08T01:31:09.900+0200][52745.389s] GC(90) User=0.00s Sys=0.00s Real=0.00s
[2020-05-08T01:31:10.148+0200][52745.637s] GC(91) Pause Young (Mixed) (G1 Evacuation Pause)
[2020-05-08T01:31:10.148+0200][52745.637s] GC(91) Using 10 workers of 10 for evacuation
[2020-05-08T01:31:10.149+0200][52745.639s] GC(91)   Pre Evacuate Collection Set: 0.1ms
[2020-05-08T01:31:10.150+0200][52745.639s] GC(91)   Evacuate Collection Set: 1.2ms
[2020-05-08T01:31:10.150+0200][52745.639s] GC(91)   Post Evacuate Collection Set: 0.5ms
[2020-05-08T01:31:10.150+0200][52745.639s] GC(91)   Other: 0.1ms
[2020-05-08T01:31:10.150+0200][52745.639s] GC(91) Eden regions: 22->0(24)
[2020-05-08T01:31:10.150+0200][52745.639s] GC(91) Survivor regions: 3->1(4)
[2020-05-08T01:31:10.150+0200][52745.639s] GC(91) Old regions: 226->184
[2020-05-08T01:31:10.150+0200][52745.639s] GC(91) Humongous regions: 75->75
[2020-05-08T01:31:10.150+0200][52745.639s] GC(91) Metaspace: 60236K->60236K(1103872K)
[2020-05-08T01:31:10.150+0200][52745.639s] GC(91) Pause Young (Mixed) (G1 Evacuation Pause) 324M->259M(512M) 1.968ms
[2020-05-08T01:31:10.150+0200][52745.639s] GC(91) User=0.00s Sys=0.00s Real=0.00s
[2020-05-08T01:31:10.187+0200][52745.676s] GC(92) Pause Young (Mixed) (G1 Evacuation Pause)
[2020-05-08T01:31:10.187+0200][52745.676s] GC(92) Using 10 workers of 10 for evacuation
[2020-05-08T01:31:10.189+0200][52745.679s] GC(92)   Pre Evacuate Collection Set: 0.0ms
[2020-05-08T01:31:10.189+0200][52745.679s] GC(92)   Evacuate Collection Set: 1.7ms
[2020-05-08T01:31:10.189+0200][52745.679s] GC(92)   Post Evacuate Collection Set: 0.4ms
[2020-05-08T01:31:10.189+0200][52745.679s] GC(92)   Other: 0.2ms
[2020-05-08T01:31:10.189+0200][52745.679s] GC(92) Eden regions: 24->0(154)
[2020-05-08T01:31:10.189+0200][52745.679s] GC(92) Survivor regions: 1->1(4)
[2020-05-08T01:31:10.189+0200][52745.679s] GC(92) Old regions: 184->143
[2020-05-08T01:31:10.189+0200][52745.679s] GC(92) Humongous regions: 75->47
[2020-05-08T01:31:10.189+0200][52745.679s] GC(92) Metaspace: 60236K->60236K(1103872K)
[2020-05-08T01:31:10.189+0200][52745.679s] GC(92) Pause Young (Mixed) (G1 Evacuation Pause) 283M->189M(512M) 2.456ms
[2020-05-08T01:31:10.189+0200][52745.679s] GC(92) User=0.00s Sys=0.00s Real=0.00s
[2020-05-08T01:31:10.511+0200][52746.001s] GC(93) Pause Young (Normal) (G1 Evacuation Pause)
[2020-05-08T01:31:10.511+0200][52746.001s] GC(93) Using 10 workers of 10 for evacuation
[2020-05-08T01:31:10.512+0200][52746.002s] GC(93)   Pre Evacuate Collection Set: 0.0ms
[2020-05-08T01:31:10.512+0200][52746.002s] GC(93)   Evacuate Collection Set: 0.4ms
[2020-05-08T01:31:10.512+0200][52746.002s] GC(93)   Post Evacuate Collection Set: 0.3ms
[2020-05-08T01:31:10.512+0200][52746.002s] GC(93)   Other: 0.1ms
[2020-05-08T01:31:10.512+0200][52746.002s] GC(93) Eden regions: 154->0(168)
[2020-05-08T01:31:10.512+0200][52746.002s] GC(93) Survivor regions: 1->1(20)
[2020-05-08T01:31:10.512+0200][52746.002s] GC(93) Old regions: 143->143
[2020-05-08T01:31:10.512+0200][52746.002s] GC(93) Humongous regions: 47->47
[2020-05-08T01:31:10.512+0200][52746.002s] GC(93) Metaspace: 60236K->60236K(1103872K)
[2020-05-08T01:31:10.512+0200][52746.002s] GC(93) Pause Young (Normal) (G1 Evacuation Pause) 343M->189M(512M) 1.020ms
[2020-05-08T01:31:10.512+0200][52746.002s] GC(93) User=0.00s Sys=0.00s Real=0.00s
[2020-05-08T01:31:10.860+0200][52746.350s] GC(94) Pause Young (Normal) (G1 Evacuation Pause)
[2020-05-08T01:31:10.860+0200][52746.350s] GC(94) Using 10 workers of 10 for evacuation
[2020-05-08T01:31:10.861+0200][52746.351s] GC(94)   Pre Evacuate Collection Set: 0.0ms
[2020-05-08T01:31:10.861+0200][52746.351s] GC(94)   Evacuate Collection Set: 0.4ms
[2020-05-08T01:31:10.861+0200][52746.351s] GC(94)   Post Evacuate Collection Set: 0.4ms
[2020-05-08T01:31:10.861+0200][52746.351s] GC(94)   Other: 0.1ms
[2020-05-08T01:31:10.861+0200][52746.351s] GC(94) Eden regions: 168->0(179)
[2020-05-08T01:31:10.861+0200][52746.351s] GC(94) Survivor regions: 1->1(22)
[2020-05-08T01:31:10.861+0200][52746.351s] GC(94) Old regions: 143->143
[2020-05-08T01:31:10.861+0200][52746.351s] GC(94) Humongous regions: 47->47
[2020-05-08T01:31:10.861+0200][52746.351s] GC(94) Metaspace: 60236K->60236K(1103872K)
[2020-05-08T01:31:10.861+0200][52746.351s] GC(94) Pause Young (Normal) (G1 Evacuation Pause) 357M->189M(512M) 1.067ms
[2020-05-08T01:31:10.861+0200][52746.351s] GC(94) User=0.00s Sys=0.00s Real=0.00s
[2020-05-08T01:31:11.254+0200][52746.744s] GC(95) Pause Young (Concurrent Start) (G1 Evacuation Pause)
[2020-05-08T01:31:11.254+0200][52746.744s] GC(95) Using 10 workers of 10 for evacuation
[2020-05-08T01:31:11.256+0200][52746.745s] GC(95)   Pre Evacuate Collection Set: 0.1ms
[2020-05-08T01:31:11.256+0200][52746.745s] GC(95)   Evacuate Collection Set: 0.6ms
[2020-05-08T01:31:11.256+0200][52746.745s] GC(95)   Post Evacuate Collection Set: 0.3ms
[2020-05-08T01:31:11.256+0200][52746.745s] GC(95)   Other: 0.1ms
[2020-05-08T01:31:11.256+0200][52746.745s] GC(95) Eden regions: 179->0(191)
[2020-05-08T01:31:11.256+0200][52746.745s] GC(95) Survivor regions: 1->1(23)
[2020-05-08T01:31:11.256+0200][52746.745s] GC(95) Old regions: 143->143
[2020-05-08T01:31:11.256+0200][52746.745s] GC(95) Humongous regions: 47->47
[2020-05-08T01:31:11.256+0200][52746.745s] GC(95) Metaspace: 60236K->60236K(1103872K)
[2020-05-08T01:31:11.256+0200][52746.745s] GC(95) Pause Young (Concurrent Start) (G1 Evacuation Pause) 368M->189M(512M) 1.285ms
[2020-05-08T01:31:11.256+0200][52746.745s] GC(95) User=0.00s Sys=0.00s Real=0.00s
[2020-05-08T01:31:11.256+0200][52746.746s] GC(96) Concurrent Cycle
[2020-05-08T01:31:11.256+0200][52746.746s] GC(96) Concurrent Clear Claimed Marks
[2020-05-08T01:31:11.256+0200][52746.746s] GC(96) Concurrent Clear Claimed Marks 0.021ms
[2020-05-08T01:31:11.256+0200][52746.746s] GC(96) Concurrent Scan Root Regions
[2020-05-08T01:31:11.257+0200][52746.746s] GC(96) Concurrent Scan Root Regions 0.415ms
[2020-05-08T01:31:11.257+0200][52746.746s] GC(96) Concurrent Mark (52746.746s)
[2020-05-08T01:31:11.257+0200][52746.746s] GC(96) Concurrent Mark From Roots
[2020-05-08T01:31:11.257+0200][52746.746s] GC(96) Using 3 workers of 3 for marking
[2020-05-08T01:31:11.273+0200][52746.763s] GC(96) Concurrent Mark From Roots 17.261ms
[2020-05-08T01:31:11.273+0200][52746.763s] GC(96) Concurrent Preclean
[2020-05-08T01:31:11.274+0200][52746.764s] GC(96) Concurrent Preclean 0.202ms
[2020-05-08T01:31:11.274+0200][52746.764s] GC(96) Concurrent Mark (52746.746s, 52746.764s) 17.522ms
[2020-05-08T01:31:11.274+0200][52746.764s] GC(96) Pause Remark
[2020-05-08T01:31:11.277+0200][52746.766s] GC(96) Cleaned string and symbol table, strings: 27499 processed, 0 removed, symbols: 165215 processed, 4 removed
[2020-05-08T01:31:11.277+0200][52746.767s] GC(96) Pause Remark 194M->193M(512M) 3.027ms
[2020-05-08T01:31:11.277+0200][52746.767s] GC(96) User=0.00s Sys=0.00s Real=0.00s
[2020-05-08T01:31:11.277+0200][52746.767s] GC(96) Concurrent Rebuild Remembered Sets
[2020-05-08T01:31:11.287+0200][52746.777s] GC(96) Concurrent Rebuild Remembered Sets 9.758ms
[2020-05-08T01:31:11.288+0200][52746.777s] GC(96) Pause Cleanup
[2020-05-08T01:31:11.288+0200][52746.777s] GC(96) Pause Cleanup 197M->197M(512M) 0.142ms
[2020-05-08T01:31:11.288+0200][52746.777s] GC(96) User=0.00s Sys=0.00s Real=0.00s
[2020-05-08T01:31:11.288+0200][52746.777s] GC(96) Concurrent Cleanup for Next Mark
[2020-05-08T01:31:11.288+0200][52746.777s] GC(96) Concurrent Cleanup for Next Mark 0.226ms
[2020-05-08T01:31:11.288+0200][52746.777s] GC(96) Concurrent Cycle 31.835ms
[2020-05-08T01:31:11.793+0200][52747.282s] GC(97) Pause Young (Prepare Mixed) (G1 Evacuation Pause)
[2020-05-08T01:31:11.793+0200][52747.282s] GC(97) Using 10 workers of 10 for evacuation
[2020-05-08T01:31:11.794+0200][52747.283s] GC(97)   Pre Evacuate Collection Set: 0.0ms
[2020-05-08T01:31:11.794+0200][52747.283s] GC(97)   Evacuate Collection Set: 0.6ms
[2020-05-08T01:31:11.794+0200][52747.284s] GC(97)   Post Evacuate Collection Set: 0.3ms
[2020-05-08T01:31:11.794+0200][52747.284s] GC(97)   Other: 0.1ms
[2020-05-08T01:31:11.794+0200][52747.284s] GC(97) Eden regions: 191->0(23)
[2020-05-08T01:31:11.794+0200][52747.284s] GC(97) Survivor regions: 1->2(24)
[2020-05-08T01:31:11.794+0200][52747.284s] GC(97) Old regions: 143->143
[2020-05-08T01:31:11.794+0200][52747.284s] GC(97) Humongous regions: 46->46
[2020-05-08T01:31:11.794+0200][52747.284s] GC(97) Metaspace: 60236K->60236K(1103872K)
[2020-05-08T01:31:11.794+0200][52747.284s] GC(97) Pause Young (Prepare Mixed) (G1 Evacuation Pause) 379M->189M(512M) 1.158ms
[2020-05-08T01:31:11.794+0200][52747.284s] GC(97) User=0.00s Sys=0.00s Real=0.00s
[2020-05-08T01:31:12.499+0200][52747.988s] GC(98) Pause Young (Mixed) (G1 Evacuation Pause)
[2020-05-08T01:31:12.499+0200][52747.988s] GC(98) Using 10 workers of 10 for evacuation
[2020-05-08T01:31:12.499+0200][52747.989s] GC(98)   Pre Evacuate Collection Set: 0.0ms
[2020-05-08T01:31:12.500+0200][52747.989s] GC(98)   Evacuate Collection Set: 0.6ms
[2020-05-08T01:31:12.500+0200][52747.989s] GC(98)   Post Evacuate Collection Set: 0.4ms
[2020-05-08T01:31:12.500+0200][52747.989s] GC(98)   Other: 0.2ms
[2020-05-08T01:31:12.500+0200][52747.989s] GC(98) Eden regions: 23->0(201)
[2020-05-08T01:31:12.500+0200][52747.989s] GC(98) Survivor regions: 2->4(4)
[2020-05-08T01:31:12.500+0200][52747.989s] GC(98) Old regions: 143->139
[2020-05-08T01:31:12.500+0200][52747.989s] GC(98) Humongous regions: 47->47
[2020-05-08T01:31:12.500+0200][52747.989s] GC(98) Metaspace: 60236K->60236K(1103872K)
[2020-05-08T01:31:12.500+0200][52747.989s] GC(98) Pause Young (Mixed) (G1 Evacuation Pause) 213M->189M(512M) 1.336ms
[2020-05-08T01:31:12.500+0200][52747.989s] GC(98) User=0.00s Sys=0.02s Real=0.00s
[2020-05-08T01:31:13.826+0200][52749.316s] GC(99) Pause Young (Normal) (G1 Evacuation Pause)
[2020-05-08T01:31:13.826+0200][52749.316s] GC(99) Using 10 workers of 10 for evacuation
[2020-05-08T01:31:13.828+0200][52749.317s] GC(99)   Pre Evacuate Collection Set: 0.0ms
[2020-05-08T01:31:13.828+0200][52749.317s] GC(99)   Evacuate Collection Set: 0.9ms
[2020-05-08T01:31:13.828+0200][52749.317s] GC(99)   Post Evacuate Collection Set: 0.3ms
[2020-05-08T01:31:13.828+0200][52749.317s] GC(99)   Other: 0.1ms
[2020-05-08T01:31:13.828+0200][52749.317s] GC(99) Eden regions: 201->0(206)
[2020-05-08T01:31:13.828+0200][52749.317s] GC(99) Survivor regions: 4->8(26)
[2020-05-08T01:31:13.828+0200][52749.317s] GC(99) Old regions: 139->139
[2020-05-08T01:31:13.828+0200][52749.317s] GC(99) Humongous regions: 49->46
[2020-05-08T01:31:13.828+0200][52749.317s] GC(99) Metaspace: 60241K->60241K(1103872K)
[2020-05-08T01:31:13.828+0200][52749.317s] GC(99) Pause Young (Normal) (G1 Evacuation Pause) 392M->192M(512M) 1.466ms
[2020-05-08T01:31:13.828+0200][52749.317s] GC(99) User=0.05s Sys=0.02s Real=0.00s
[2020-05-08T01:31:13.915+0200][52749.405s] GC(100) Pause Young (Concurrent Start) (G1 Humongous Allocation)
[2020-05-08T01:31:13.915+0200][52749.405s] GC(100) Using 10 workers of 10 for evacuation
[2020-05-08T01:31:13.917+0200][52749.406s] GC(100)   Pre Evacuate Collection Set: 0.1ms
[2020-05-08T01:31:13.917+0200][52749.406s] GC(100)   Evacuate Collection Set: 1.2ms
[2020-05-08T01:31:13.917+0200][52749.406s] GC(100)   Post Evacuate Collection Set: 0.3ms
[2020-05-08T01:31:13.917+0200][52749.406s] GC(100)   Other: 0.1ms
[2020-05-08T01:31:13.917+0200][52749.406s] GC(100) Eden regions: 13->0(182)
[2020-05-08T01:31:13.917+0200][52749.406s] GC(100) Survivor regions: 8->9(27)
[2020-05-08T01:31:13.917+0200][52749.406s] GC(100) Old regions: 139->139
[2020-05-08T01:31:13.917+0200][52749.406s] GC(100) Humongous regions: 46->46
[2020-05-08T01:31:13.917+0200][52749.406s] GC(100) Metaspace: 60241K->60241K(1103872K)
[2020-05-08T01:31:13.917+0200][52749.406s] GC(100) Pause Young (Concurrent Start) (G1 Humongous Allocation) 204M->193M(512M) 1.864ms
[2020-05-08T01:31:13.917+0200][52749.407s] GC(100) User=0.00s Sys=0.00s Real=0.00s
[2020-05-08T01:31:13.917+0200][52749.407s] GC(101) Concurrent Cycle
[2020-05-08T01:31:13.917+0200][52749.407s] GC(101) Concurrent Clear Claimed Marks
[2020-05-08T01:31:13.917+0200][52749.407s] GC(101) Concurrent Clear Claimed Marks 0.034ms
[2020-05-08T01:31:13.917+0200][52749.407s] GC(101) Concurrent Scan Root Regions
[2020-05-08T01:31:13.917+0200][52749.407s] GC(101) Concurrent Scan Root Regions 0.354ms
[2020-05-08T01:31:13.917+0200][52749.407s] GC(101) Concurrent Mark (52749.407s)
[2020-05-08T01:31:13.917+0200][52749.407s] GC(101) Concurrent Mark From Roots
[2020-05-08T01:31:13.917+0200][52749.407s] GC(101) Using 3 workers of 3 for marking
[2020-05-08T01:31:13.938+0200][52749.427s] GC(101) Concurrent Mark From Roots 20.148ms
[2020-05-08T01:31:13.938+0200][52749.427s] GC(101) Concurrent Preclean
[2020-05-08T01:31:13.938+0200][52749.427s] GC(101) Concurrent Preclean 0.198ms
[2020-05-08T01:31:13.938+0200][52749.427s] GC(101) Concurrent Mark (52749.407s, 52749.427s) 20.400ms
[2020-05-08T01:31:13.938+0200][52749.428s] GC(101) Pause Remark
[2020-05-08T01:31:13.941+0200][52749.430s] GC(101) Cleaned string and symbol table, strings: 27499 processed, 0 removed, symbols: 165211 processed, 0 removed
[2020-05-08T01:31:13.941+0200][52749.431s] GC(101) Pause Remark 198M->197M(512M) 3.079ms
[2020-05-08T01:31:13.941+0200][52749.431s] GC(101) User=0.00s Sys=0.00s Real=0.00s
[2020-05-08T01:31:13.941+0200][52749.431s] GC(101) Concurrent Rebuild Remembered Sets
[2020-05-08T01:31:13.951+0200][52749.441s] GC(101) Concurrent Rebuild Remembered Sets 9.793ms
[2020-05-08T01:31:13.952+0200][52749.441s] GC(101) Pause Cleanup
[2020-05-08T01:31:13.952+0200][52749.441s] GC(101) Pause Cleanup 199M->199M(512M) 0.158ms
[2020-05-08T01:31:13.952+0200][52749.441s] GC(101) User=0.00s Sys=0.00s Real=0.00s
[2020-05-08T01:31:13.952+0200][52749.441s] GC(101) Concurrent Cleanup for Next Mark
[2020-05-08T01:31:13.952+0200][52749.441s] GC(101) Concurrent Cleanup for Next Mark 0.234ms
[2020-05-08T01:31:13.952+0200][52749.441s] GC(101) Concurrent Cycle 34.841ms
[2020-05-08T01:31:15.213+0200][52750.702s] GC(102) Pause Young (Prepare Mixed) (G1 Evacuation Pause)
[2020-05-08T01:31:15.213+0200][52750.702s] GC(102) Using 10 workers of 10 for evacuation
[2020-05-08T01:31:15.215+0200][52750.704s] GC(102)   Pre Evacuate Collection Set: 0.0ms
[2020-05-08T01:31:15.215+0200][52750.704s] GC(102)   Evacuate Collection Set: 1.7ms
[2020-05-08T01:31:15.215+0200][52750.704s] GC(102)   Post Evacuate Collection Set: 0.4ms
[2020-05-08T01:31:15.215+0200][52750.704s] GC(102)   Other: 0.1ms
[2020-05-08T01:31:15.215+0200][52750.704s] GC(102) Eden regions: 182->0(8)
[2020-05-08T01:31:15.215+0200][52750.704s] GC(102) Survivor regions: 9->17(24)
[2020-05-08T01:31:15.215+0200][52750.704s] GC(102) Old regions: 139->139
[2020-05-08T01:31:15.215+0200][52750.704s] GC(102) Humongous regions: 48->47
[2020-05-08T01:31:15.215+0200][52750.704s] GC(102) Metaspace: 60243K->60243K(1103872K)
[2020-05-08T01:31:15.215+0200][52750.704s] GC(102) Pause Young (Prepare Mixed) (G1 Evacuation Pause) 377M->202M(512M) 2.466ms
[2020-05-08T01:31:15.215+0200][52750.704s] GC(102) User=0.00s Sys=0.00s Real=0.00s
[2020-05-08T01:31:15.270+0200][52750.760s] GC(103) Pause Young (Mixed) (G1 Evacuation Pause)
[2020-05-08T01:31:15.270+0200][52750.760s] GC(103) Using 10 workers of 10 for evacuation
[2020-05-08T01:31:15.273+0200][52750.763s] GC(103)   Pre Evacuate Collection Set: 0.0ms
[2020-05-08T01:31:15.273+0200][52750.763s] GC(103)   Evacuate Collection Set: 2.2ms
[2020-05-08T01:31:15.273+0200][52750.763s] GC(103)   Post Evacuate Collection Set: 0.5ms
[2020-05-08T01:31:15.273+0200][52750.763s] GC(103)   Other: 0.2ms
[2020-05-08T01:31:15.273+0200][52750.763s] GC(103) Eden regions: 8->0(180)
[2020-05-08T01:31:15.273+0200][52750.763s] GC(103) Survivor regions: 17->4(4)
[2020-05-08T01:31:15.273+0200][52750.763s] GC(103) Old regions: 139->152
[2020-05-08T01:31:15.273+0200][52750.763s] GC(103) Humongous regions: 51->49
[2020-05-08T01:31:15.273+0200][52750.763s] GC(103) Metaspace: 60243K->60243K(1103872K)
[2020-05-08T01:31:15.273+0200][52750.763s] GC(103) Pause Young (Mixed) (G1 Evacuation Pause) 214M->204M(512M) 2.978ms
[2020-05-08T01:31:15.273+0200][52750.763s] GC(103) User=0.00s Sys=0.00s Real=0.00s
[2020-05-08T01:31:16.794+0200][52752.284s] GC(104) Pause Young (Normal) (G1 Evacuation Pause)
[2020-05-08T01:31:16.794+0200][52752.284s] GC(104) Using 10 workers of 10 for evacuation
[2020-05-08T01:31:16.797+0200][52752.286s] GC(104)   Pre Evacuate Collection Set: 0.0ms
[2020-05-08T01:31:16.797+0200][52752.286s] GC(104)   Evacuate Collection Set: 1.5ms
[2020-05-08T01:31:16.797+0200][52752.286s] GC(104)   Post Evacuate Collection Set: 0.5ms
[2020-05-08T01:31:16.797+0200][52752.286s] GC(104)   Other: 0.1ms
[2020-05-08T01:31:16.797+0200][52752.286s] GC(104) Eden regions: 180->0(172)
[2020-05-08T01:31:16.797+0200][52752.286s] GC(104) Survivor regions: 4->20(23)
[2020-05-08T01:31:16.797+0200][52752.286s] GC(104) Old regions: 152->152
[2020-05-08T01:31:16.797+0200][52752.286s] GC(104) Humongous regions: 51->50
[2020-05-08T01:31:16.797+0200][52752.286s] GC(104) Metaspace: 60243K->60243K(1103872K)
[2020-05-08T01:31:16.797+0200][52752.286s] GC(104) Pause Young (Normal) (G1 Evacuation Pause) 386M->221M(512M) 2.278ms
[2020-05-08T01:31:16.797+0200][52752.286s] GC(104) User=0.02s Sys=0.00s Real=0.00s
[2020-05-08T01:31:22.811+0200][52758.300s] GC(105) Pause Young (Normal) (G1 Evacuation Pause)
[2020-05-08T01:31:22.811+0200][52758.300s] GC(105) Using 10 workers of 10 for evacuation
[2020-05-08T01:31:22.815+0200][52758.305s] GC(105)   Pre Evacuate Collection Set: 0.0ms
[2020-05-08T01:31:22.815+0200][52758.305s] GC(105)   Evacuate Collection Set: 3.8ms
[2020-05-08T01:31:22.815+0200][52758.305s] GC(105)   Post Evacuate Collection Set: 0.4ms
[2020-05-08T01:31:22.815+0200][52758.305s] GC(105)   Other: 0.3ms
[2020-05-08T01:31:22.815+0200][52758.305s] GC(105) Eden regions: 172->0(174)
[2020-05-08T01:31:22.815+0200][52758.305s] GC(105) Survivor regions: 20->8(24)
[2020-05-08T01:31:22.815+0200][52758.305s] GC(105) Old regions: 152->170
[2020-05-08T01:31:22.815+0200][52758.305s] GC(105) Humongous regions: 50->50
[2020-05-08T01:31:22.815+0200][52758.305s] GC(105) Metaspace: 60252K->60252K(1103872K)
[2020-05-08T01:31:22.815+0200][52758.305s] GC(105) Pause Young (Normal) (G1 Evacuation Pause) 393M->227M(512M) 4.797ms
[2020-05-08T01:31:22.815+0200][52758.305s] GC(105) User=0.13s Sys=0.02s Real=0.00s
[2020-05-08T04:38:02.217+0200][63957.706s] GC(106) Pause Young (Concurrent Start) (G1 Evacuation Pause)
[2020-05-08T04:38:02.217+0200][63957.706s] GC(106) Using 10 workers of 10 for evacuation
[2020-05-08T04:38:02.217+0200][63957.707s] GC(106)   Pre Evacuate Collection Set: 0.1ms
[2020-05-08T04:38:02.217+0200][63957.707s] GC(106)   Evacuate Collection Set: 0.9ms
[2020-05-08T04:38:02.217+0200][63957.707s] GC(106)   Post Evacuate Collection Set: 0.3ms
[2020-05-08T04:38:02.217+0200][63957.707s] GC(106)   Other: 0.2ms
[2020-05-08T04:38:02.217+0200][63957.707s] GC(106) Eden regions: 174->0(184)
[2020-05-08T04:38:02.217+0200][63957.707s] GC(106) Survivor regions: 8->4(23)
[2020-05-08T04:38:02.217+0200][63957.707s] GC(106) Old regions: 170->170
[2020-05-08T04:38:02.217+0200][63957.708s] GC(106) Humongous regions: 50->50
[2020-05-08T04:38:02.217+0200][63957.708s] GC(106) Metaspace: 60271K->60271K(1103872K)
[2020-05-08T04:38:02.217+0200][63957.708s] GC(106) Pause Young (Concurrent Start) (G1 Evacuation Pause) 401M->223M(512M) 1.665ms
[2020-05-08T04:38:02.217+0200][63957.708s] GC(106) User=0.00s Sys=0.00s Real=0.00s
[2020-05-08T04:38:02.218+0200][63957.708s] GC(107) Concurrent Cycle
[2020-05-08T04:38:02.218+0200][63957.708s] GC(107) Concurrent Clear Claimed Marks
[2020-05-08T04:38:02.218+0200][63957.708s] GC(107) Concurrent Clear Claimed Marks 0.046ms
[2020-05-08T04:38:02.218+0200][63957.708s] GC(107) Concurrent Scan Root Regions
[2020-05-08T04:38:02.218+0200][63957.708s] GC(107) Concurrent Scan Root Regions 0.602ms
[2020-05-08T04:38:02.218+0200][63957.708s] GC(107) Concurrent Mark (63957.708s)
[2020-05-08T04:38:02.218+0200][63957.708s] GC(107) Concurrent Mark From Roots
[2020-05-08T04:38:02.218+0200][63957.708s] GC(107) Using 3 workers of 3 for marking
[2020-05-08T04:38:02.245+0200][63957.734s] GC(107) Concurrent Mark From Roots 25.704ms
[2020-05-08T04:38:02.245+0200][63957.734s] GC(107) Concurrent Preclean
[2020-05-08T04:38:02.245+0200][63957.734s] GC(107) Concurrent Preclean 0.250ms
[2020-05-08T04:38:02.245+0200][63957.734s] GC(107) Concurrent Mark (63957.708s, 63957.734s) 26.059ms
[2020-05-08T04:38:02.245+0200][63957.735s] GC(107) Pause Remark
[2020-05-08T04:38:02.249+0200][63957.738s] GC(107) Cleaned string and symbol table, strings: 27525 processed, 1 removed, symbols: 165215 processed, 0 removed
[2020-05-08T04:38:02.249+0200][63957.739s] GC(107) Pause Remark 226M->115M(512M) 4.034ms
[2020-05-08T04:38:02.249+0200][63957.739s] GC(107) User=0.00s Sys=0.00s Real=0.00s
[2020-05-08T04:38:02.249+0200][63957.739s] GC(107) Concurrent Rebuild Remembered Sets
[2020-05-08T04:38:02.261+0200][63957.751s] GC(107) Concurrent Rebuild Remembered Sets 11.996ms
[2020-05-08T04:38:02.261+0200][63957.751s] GC(107) Pause Cleanup
[2020-05-08T04:38:02.262+0200][63957.751s] GC(107) Pause Cleanup 115M->115M(512M) 0.122ms
[2020-05-08T04:38:02.262+0200][63957.751s] GC(107) User=0.00s Sys=0.00s Real=0.00s
[2020-05-08T04:38:02.262+0200][63957.751s] GC(107) Concurrent Cleanup for Next Mark
[2020-05-08T04:38:02.262+0200][63957.751s] GC(107) Concurrent Cleanup for Next Mark 0.270ms
[2020-05-08T04:38:02.262+0200][63957.751s] GC(107) Concurrent Cycle 43.742ms
[2020-05-08T04:38:04.561+0200][63960.051s] GC(108) Pause Young (Prepare Mixed) (G1 Evacuation Pause)
[2020-05-08T04:38:04.561+0200][63960.051s] GC(108) Using 10 workers of 10 for evacuation
[2020-05-08T04:38:04.564+0200][63960.053s] GC(108)   Pre Evacuate Collection Set: 0.0ms
[2020-05-08T04:38:04.564+0200][63960.053s] GC(108)   Evacuate Collection Set: 2.0ms
[2020-05-08T04:38:04.564+0200][63960.053s] GC(108)   Post Evacuate Collection Set: 0.6ms
[2020-05-08T04:38:04.564+0200][63960.053s] GC(108)   Other: 0.1ms
[2020-05-08T04:38:04.564+0200][63960.054s] GC(108) Eden regions: 184->0(4)
[2020-05-08T04:38:04.564+0200][63960.054s] GC(108) Survivor regions: 4->21(24)
[2020-05-08T04:38:04.564+0200][63960.054s] GC(108) Old regions: 102->102
[2020-05-08T04:38:04.564+0200][63960.054s] GC(108) Humongous regions: 9->9
[2020-05-08T04:38:04.564+0200][63960.054s] GC(108) Metaspace: 60271K->60271K(1103872K)
[2020-05-08T04:38:04.564+0200][63960.054s] GC(108) Pause Young (Prepare Mixed) (G1 Evacuation Pause) 298M->131M(512M) 2.827ms
[2020-05-08T04:38:04.564+0200][63960.054s] GC(108) User=0.16s Sys=0.00s Real=0.00s
[2020-05-08T04:38:04.868+0200][63960.357s] GC(109) Pause Young (Mixed) (G1 Evacuation Pause)
[2020-05-08T04:38:04.868+0200][63960.357s] GC(109) Using 10 workers of 10 for evacuation
[2020-05-08T04:38:04.872+0200][63960.361s] GC(109)   Pre Evacuate Collection Set: 0.0ms
[2020-05-08T04:38:04.872+0200][63960.361s] GC(109)   Evacuate Collection Set: 3.8ms
[2020-05-08T04:38:04.872+0200][63960.361s] GC(109)   Post Evacuate Collection Set: 0.4ms
[2020-05-08T04:38:04.872+0200][63960.361s] GC(109)   Other: 0.2ms
[2020-05-08T04:38:04.872+0200][63960.361s] GC(109) Eden regions: 4->0(275)
[2020-05-08T04:38:04.872+0200][63960.361s] GC(109) Survivor regions: 21->1(4)
[2020-05-08T04:38:04.872+0200][63960.361s] GC(109) Old regions: 102->82
[2020-05-08T04:38:04.872+0200][63960.361s] GC(109) Humongous regions: 9->9
[2020-05-08T04:38:04.872+0200][63960.361s] GC(109) Metaspace: 60271K->60271K(1103872K)
[2020-05-08T04:38:04.872+0200][63960.361s] GC(109) Pause Young (Mixed) (G1 Evacuation Pause) 135M->91M(512M) 4.604ms
[2020-05-08T04:38:04.872+0200][63960.361s] GC(109) User=0.00s Sys=0.00s Real=0.00s
[2020-05-08T04:38:09.028+0200][63964.518s] GC(110) Pause Young (Normal) (G1 Evacuation Pause)
[2020-05-08T04:38:09.028+0200][63964.518s] GC(110) Using 10 workers of 10 for evacuation
[2020-05-08T04:38:09.033+0200][63964.523s] GC(110)   Pre Evacuate Collection Set: 0.0ms
[2020-05-08T04:38:09.033+0200][63964.523s] GC(110)   Evacuate Collection Set: 3.8ms
[2020-05-08T04:38:09.033+0200][63964.523s] GC(110)   Post Evacuate Collection Set: 0.6ms
[2020-05-08T04:38:09.033+0200][63964.523s] GC(110)   Other: 0.1ms
[2020-05-08T04:38:09.033+0200][63964.523s] GC(110) Eden regions: 275->0(236)
[2020-05-08T04:38:09.033+0200][63964.523s] GC(110) Survivor regions: 1->34(35)
[2020-05-08T04:38:09.033+0200][63964.523s] GC(110) Old regions: 82->82
[2020-05-08T04:38:09.033+0200][63964.523s] GC(110) Humongous regions: 111->29
[2020-05-08T04:38:09.033+0200][63964.523s] GC(110) Metaspace: 60271K->60271K(1103872K)
[2020-05-08T04:38:09.033+0200][63964.523s] GC(110) Pause Young (Normal) (G1 Evacuation Pause) 468M->143M(512M) 4.678ms
[2020-05-08T04:38:09.033+0200][63964.523s] GC(110) User=0.03s Sys=0.06s Real=0.00s
[2020-05-08T04:38:09.653+0200][63965.143s] GC(111) Pause Young (Concurrent Start) (G1 Humongous Allocation)
[2020-05-08T04:38:09.653+0200][63965.143s] GC(111) Using 10 workers of 10 for evacuation
[2020-05-08T04:38:09.658+0200][63965.147s] GC(111)   Pre Evacuate Collection Set: 0.1ms
[2020-05-08T04:38:09.658+0200][63965.147s] GC(111)   Evacuate Collection Set: 3.9ms
[2020-05-08T04:38:09.658+0200][63965.147s] GC(111)   Post Evacuate Collection Set: 0.4ms
[2020-05-08T04:38:09.658+0200][63965.147s] GC(111)   Other: 0.1ms
[2020-05-08T04:38:09.658+0200][63965.147s] GC(111) Eden regions: 25->0(227)
[2020-05-08T04:38:09.658+0200][63965.147s] GC(111) Survivor regions: 34->4(34)
[2020-05-08T04:38:09.658+0200][63965.147s] GC(111) Old regions: 82->114
[2020-05-08T04:38:09.658+0200][63965.147s] GC(111) Humongous regions: 29->28
[2020-05-08T04:38:09.658+0200][63965.147s] GC(111) Metaspace: 60294K->60294K(1103872K)
[2020-05-08T04:38:09.658+0200][63965.147s] GC(111) Pause Young (Concurrent Start) (G1 Humongous Allocation) 168M->145M(512M) 4.602ms
[2020-05-08T04:38:09.658+0200][63965.147s] GC(111) User=0.16s Sys=0.00s Real=0.00s
[2020-05-08T04:38:09.658+0200][63965.147s] GC(112) Concurrent Cycle
[2020-05-08T04:38:09.658+0200][63965.147s] GC(112) Concurrent Clear Claimed Marks
[2020-05-08T04:38:09.658+0200][63965.147s] GC(112) Concurrent Clear Claimed Marks 0.060ms
[2020-05-08T04:38:09.658+0200][63965.147s] GC(112) Concurrent Scan Root Regions
[2020-05-08T04:38:09.658+0200][63965.148s] GC(112) Concurrent Scan Root Regions 0.448ms
[2020-05-08T04:38:09.658+0200][63965.148s] GC(112) Concurrent Mark (63965.148s)
[2020-05-08T04:38:09.658+0200][63965.148s] GC(112) Concurrent Mark From Roots
[2020-05-08T04:38:09.659+0200][63965.148s] GC(112) Using 3 workers of 3 for marking
[2020-05-08T04:38:09.678+0200][63965.168s] GC(112) Concurrent Mark From Roots 19.796ms
[2020-05-08T04:38:09.678+0200][63965.168s] GC(112) Concurrent Preclean
[2020-05-08T04:38:09.678+0200][63965.168s] GC(112) Concurrent Preclean 0.214ms
[2020-05-08T04:38:09.678+0200][63965.168s] GC(112) Concurrent Mark (63965.148s, 63965.168s) 20.081ms
[2020-05-08T04:38:09.679+0200][63965.168s] GC(112) Pause Remark
[2020-05-08T04:38:09.684+0200][63965.174s] GC(112) Cleaned string and symbol table, strings: 27528 processed, 7 removed, symbols: 165215 processed, 0 removed
[2020-05-08T04:38:09.685+0200][63965.174s] GC(112) Pause Remark 162M->162M(512M) 5.671ms
[2020-05-08T04:38:09.685+0200][63965.174s] GC(112) User=0.00s Sys=0.00s Real=0.01s
[2020-05-08T04:38:09.685+0200][63965.174s] GC(112) Concurrent Rebuild Remembered Sets
[2020-05-08T04:38:09.694+0200][63965.184s] GC(112) Concurrent Rebuild Remembered Sets 9.591ms
[2020-05-08T04:38:09.695+0200][63965.184s] GC(112) Pause Cleanup
[2020-05-08T04:38:09.695+0200][63965.184s] GC(112) Pause Cleanup 162M->162M(512M) 0.150ms
[2020-05-08T04:38:09.695+0200][63965.184s] GC(112) User=0.00s Sys=0.00s Real=0.00s
[2020-05-08T04:38:09.695+0200][63965.184s] GC(112) Concurrent Cleanup for Next Mark
[2020-05-08T04:38:09.695+0200][63965.184s] GC(112) Concurrent Cleanup for Next Mark 0.208ms
[2020-05-08T04:38:09.695+0200][63965.184s] GC(112) Concurrent Cycle 36.941ms
[2020-05-08T04:38:13.802+0200][63969.291s] GC(113) Pause Young (Prepare Mixed) (G1 Evacuation Pause)
[2020-05-08T04:38:13.802+0200][63969.291s] GC(113) Using 10 workers of 10 for evacuation
[2020-05-08T04:38:13.806+0200][63969.295s] GC(113)   Pre Evacuate Collection Set: 0.0ms
[2020-05-08T04:38:13.806+0200][63969.295s] GC(113)   Evacuate Collection Set: 2.8ms
[2020-05-08T04:38:13.806+0200][63969.295s] GC(113)   Post Evacuate Collection Set: 0.5ms
[2020-05-08T04:38:13.806+0200][63969.295s] GC(113)   Other: 0.2ms
[2020-05-08T04:38:13.806+0200][63969.295s] GC(113) Eden regions: 227->0(1)
[2020-05-08T04:38:13.806+0200][63969.295s] GC(113) Survivor regions: 4->28(29)
[2020-05-08T04:38:13.806+0200][63969.295s] GC(113) Old regions: 114->114
[2020-05-08T04:38:13.806+0200][63969.295s] GC(113) Humongous regions: 126->61
[2020-05-08T04:38:13.806+0200][63969.295s] GC(113) Metaspace: 60288K->60288K(1103872K)
[2020-05-08T04:38:13.806+0200][63969.295s] GC(113) Pause Young (Prepare Mixed) (G1 Evacuation Pause) 470M->202M(512M) 3.704ms
[2020-05-08T04:38:13.806+0200][63969.295s] GC(113) User=0.00s Sys=0.00s Real=0.00s
[2020-05-08T04:38:13.824+0200][63969.315s] GC(114) Pause Young (Mixed) (G1 Evacuation Pause)
[2020-05-08T04:38:13.824+0200][63969.315s] GC(114) Using 10 workers of 10 for evacuation
[2020-05-08T04:38:13.828+0200][63969.318s] GC(114)   Pre Evacuate Collection Set: 0.0ms
[2020-05-08T04:38:13.828+0200][63969.318s] GC(114)   Evacuate Collection Set: 3.0ms
[2020-05-08T04:38:13.828+0200][63969.318s] GC(114)   Post Evacuate Collection Set: 0.4ms
[2020-05-08T04:38:13.828+0200][63969.318s] GC(114)   Other: 0.1ms
[2020-05-08T04:38:13.828+0200][63969.318s] GC(114) Eden regions: 1->0(192)
[2020-05-08T04:38:13.828+0200][63969.318s] GC(114) Survivor regions: 28->1(4)
[2020-05-08T04:38:13.828+0200][63969.318s] GC(114) Old regions: 114->137
[2020-05-08T04:38:13.828+0200][63969.318s] GC(114) Humongous regions: 61->61
[2020-05-08T04:38:13.828+0200][63969.318s] GC(114) Metaspace: 60288K->60288K(1103872K)
[2020-05-08T04:38:13.828+0200][63969.318s] GC(114) Pause Young (Mixed) (G1 Evacuation Pause) 203M->198M(512M) 3.776ms
[2020-05-08T04:38:13.828+0200][63969.318s] GC(114) User=0.16s Sys=0.00s Real=0.00s
[2020-05-08T04:38:14.787+0200][63970.277s] GC(115) Pause Young (Normal) (G1 Evacuation Pause)
[2020-05-08T04:38:14.787+0200][63970.277s] GC(115) Using 10 workers of 10 for evacuation
[2020-05-08T04:38:14.788+0200][63970.278s] GC(115)   Pre Evacuate Collection Set: 0.0ms
[2020-05-08T04:38:14.788+0200][63970.278s] GC(115)   Evacuate Collection Set: 0.7ms
[2020-05-08T04:38:14.788+0200][63970.278s] GC(115)   Post Evacuate Collection Set: 0.4ms
[2020-05-08T04:38:14.788+0200][63970.278s] GC(115)   Other: 0.1ms
[2020-05-08T04:38:14.788+0200][63970.278s] GC(115) Eden regions: 192->0(199)
[2020-05-08T04:38:14.788+0200][63970.278s] GC(115) Survivor regions: 1->4(25)
[2020-05-08T04:38:14.788+0200][63970.278s] GC(115) Old regions: 137->137
[2020-05-08T04:38:14.788+0200][63970.278s] GC(115) Humongous regions: 61->61
[2020-05-08T04:38:14.788+0200][63970.278s] GC(115) Metaspace: 60292K->60292K(1103872K)
[2020-05-08T04:38:14.788+0200][63970.278s] GC(115) Pause Young (Normal) (G1 Evacuation Pause) 390M->201M(512M) 1.394ms
[2020-05-08T04:38:14.788+0200][63970.278s] GC(115) User=0.00s Sys=0.00s Real=0.00s
[2020-05-08T04:38:15.189+0200][63970.678s] GC(116) Pause Young (Normal) (G1 Evacuation Pause)
[2020-05-08T04:38:15.189+0200][63970.678s] GC(116) Using 10 workers of 10 for evacuation
[2020-05-08T04:38:15.190+0200][63970.679s] GC(116)   Pre Evacuate Collection Set: 0.0ms
[2020-05-08T04:38:15.190+0200][63970.679s] GC(116)   Evacuate Collection Set: 0.5ms
[2020-05-08T04:38:15.190+0200][63970.679s] GC(116)   Post Evacuate Collection Set: 0.5ms
[2020-05-08T04:38:15.190+0200][63970.679s] GC(116)   Other: 0.1ms
[2020-05-08T04:38:15.190+0200][63970.679s] GC(116) Eden regions: 199->0(205)
[2020-05-08T04:38:15.190+0200][63970.679s] GC(116) Survivor regions: 4->4(26)
[2020-05-08T04:38:15.190+0200][63970.679s] GC(116) Old regions: 137->137
[2020-05-08T04:38:15.190+0200][63970.679s] GC(116) Humongous regions: 61->61
[2020-05-08T04:38:15.190+0200][63970.679s] GC(116) Metaspace: 60292K->60292K(1103872K)
[2020-05-08T04:38:15.190+0200][63970.679s] GC(116) Pause Young (Normal) (G1 Evacuation Pause) 400M->201M(512M) 1.259ms
[2020-05-08T04:38:15.190+0200][63970.679s] GC(116) User=0.00s Sys=0.00s Real=0.00s
[2020-05-08T04:38:15.684+0200][63971.173s] GC(117) Pause Young (Concurrent Start) (G1 Evacuation Pause)
[2020-05-08T04:38:15.684+0200][63971.173s] GC(117) Using 10 workers of 10 for evacuation
[2020-05-08T04:38:15.685+0200][63971.175s] GC(117)   Pre Evacuate Collection Set: 0.1ms
[2020-05-08T04:38:15.685+0200][63971.175s] GC(117)   Evacuate Collection Set: 0.9ms
[2020-05-08T04:38:15.685+0200][63971.175s] GC(117)   Post Evacuate Collection Set: 0.4ms
[2020-05-08T04:38:15.685+0200][63971.175s] GC(117)   Other: 0.1ms
[2020-05-08T04:38:15.685+0200][63971.175s] GC(117) Eden regions: 205->0(209)
[2020-05-08T04:38:15.685+0200][63971.175s] GC(117) Survivor regions: 4->4(27)
[2020-05-08T04:38:15.685+0200][63971.175s] GC(117) Old regions: 137->137
[2020-05-08T04:38:15.685+0200][63971.175s] GC(117) Humongous regions: 61->61
[2020-05-08T04:38:15.685+0200][63971.175s] GC(117) Metaspace: 60292K->60292K(1103872K)
[2020-05-08T04:38:15.685+0200][63971.175s] GC(117) Pause Young (Concurrent Start) (G1 Evacuation Pause) 406M->201M(512M) 1.608ms
[2020-05-08T04:38:15.685+0200][63971.175s] GC(117) User=0.00s Sys=0.00s Real=0.00s
[2020-05-08T04:38:15.685+0200][63971.175s] GC(118) Concurrent Cycle
[2020-05-08T04:38:15.686+0200][63971.175s] GC(118) Concurrent Clear Claimed Marks
[2020-05-08T04:38:15.686+0200][63971.175s] GC(118) Concurrent Clear Claimed Marks 0.025ms
[2020-05-08T04:38:15.686+0200][63971.175s] GC(118) Concurrent Scan Root Regions
[2020-05-08T04:38:15.686+0200][63971.175s] GC(118) Concurrent Scan Root Regions 0.350ms
[2020-05-08T04:38:15.686+0200][63971.175s] GC(118) Concurrent Mark (63971.175s)
[2020-05-08T04:38:15.686+0200][63971.175s] GC(118) Concurrent Mark From Roots
[2020-05-08T04:38:15.686+0200][63971.175s] GC(118) Using 3 workers of 3 for marking
[2020-05-08T04:38:15.703+0200][63971.192s] GC(118) Concurrent Mark From Roots 17.082ms
[2020-05-08T04:38:15.703+0200][63971.192s] GC(118) Concurrent Preclean
[2020-05-08T04:38:15.703+0200][63971.193s] GC(118) Concurrent Preclean 0.187ms
[2020-05-08T04:38:15.703+0200][63971.193s] GC(118) Concurrent Mark (63971.175s, 63971.193s) 17.330ms
[2020-05-08T04:38:15.703+0200][63971.193s] GC(118) Pause Remark
[2020-05-08T04:38:15.706+0200][63971.196s] GC(118) Cleaned string and symbol table, strings: 27527 processed, 0 removed, symbols: 165215 processed, 4 removed
[2020-05-08T04:38:15.706+0200][63971.196s] GC(118) Pause Remark 208M->193M(512M) 3.036ms
[2020-05-08T04:38:15.706+0200][63971.196s] GC(118) User=0.00s Sys=0.00s Real=0.00s
[2020-05-08T04:38:15.707+0200][63971.196s] GC(118) Concurrent Rebuild Remembered Sets
[2020-05-08T04:38:15.716+0200][63971.206s] GC(118) Concurrent Rebuild Remembered Sets 9.684ms
[2020-05-08T04:38:15.717+0200][63971.206s] GC(118) Pause Cleanup
[2020-05-08T04:38:15.717+0200][63971.206s] GC(118) Pause Cleanup 196M->196M(512M) 0.133ms
[2020-05-08T04:38:15.717+0200][63971.206s] GC(118) User=0.00s Sys=0.00s Real=0.00s
[2020-05-08T04:38:15.717+0200][63971.206s] GC(118) Concurrent Cleanup for Next Mark
[2020-05-08T04:38:15.717+0200][63971.206s] GC(118) Concurrent Cleanup for Next Mark 0.203ms
[2020-05-08T04:38:15.717+0200][63971.206s] GC(118) Concurrent Cycle 31.484ms
[2020-05-08T04:38:16.925+0200][63972.414s] GC(119) Pause Young (Prepare Mixed) (G1 Evacuation Pause)
[2020-05-08T04:38:16.925+0200][63972.414s] GC(119) Using 10 workers of 10 for evacuation
[2020-05-08T04:38:16.927+0200][63972.416s] GC(119)   Pre Evacuate Collection Set: 0.0ms
[2020-05-08T04:38:16.927+0200][63972.416s] GC(119)   Evacuate Collection Set: 1.2ms
[2020-05-08T04:38:16.927+0200][63972.416s] GC(119)   Post Evacuate Collection Set: 0.5ms
[2020-05-08T04:38:16.927+0200][63972.416s] GC(119)   Other: 0.1ms
[2020-05-08T04:38:16.927+0200][63972.416s] GC(119) Eden regions: 209->0(13)
[2020-05-08T04:38:16.927+0200][63972.416s] GC(119) Survivor regions: 4->12(27)
[2020-05-08T04:38:16.927+0200][63972.416s] GC(119) Old regions: 137->137
[2020-05-08T04:38:16.927+0200][63972.416s] GC(119) Humongous regions: 46->46
[2020-05-08T04:38:16.927+0200][63972.416s] GC(119) Metaspace: 60295K->60295K(1103872K)
[2020-05-08T04:38:16.927+0200][63972.416s] GC(119) Pause Young (Prepare Mixed) (G1 Evacuation Pause) 395M->194M(512M) 2.009ms
[2020-05-08T04:38:16.927+0200][63972.416s] GC(119) User=0.00s Sys=0.00s Real=0.00s
[2020-05-08T04:38:17.028+0200][63972.517s] GC(120) Pause Young (Mixed) (G1 Evacuation Pause)
[2020-05-08T04:38:17.028+0200][63972.517s] GC(120) Using 10 workers of 10 for evacuation
[2020-05-08T04:38:17.030+0200][63972.519s] GC(120)   Pre Evacuate Collection Set: 0.0ms
[2020-05-08T04:38:17.030+0200][63972.519s] GC(120)   Evacuate Collection Set: 1.2ms
[2020-05-08T04:38:17.030+0200][63972.519s] GC(120)   Post Evacuate Collection Set: 0.4ms
[2020-05-08T04:38:17.030+0200][63972.519s] GC(120)   Other: 0.2ms
[2020-05-08T04:38:17.030+0200][63972.519s] GC(120) Eden regions: 13->0(213)
[2020-05-08T04:38:17.030+0200][63972.519s] GC(120) Survivor regions: 12->4(4)
[2020-05-08T04:38:17.030+0200][63972.519s] GC(120) Old regions: 137->144
[2020-05-08T04:38:17.030+0200][63972.519s] GC(120) Humongous regions: 48->48
[2020-05-08T04:38:17.030+0200][63972.519s] GC(120) Metaspace: 60295K->60295K(1103872K)
[2020-05-08T04:38:17.030+0200][63972.519s] GC(120) Pause Young (Mixed) (G1 Evacuation Pause) 209M->195M(512M) 1.890ms
[2020-05-08T04:38:17.030+0200][63972.519s] GC(120) User=0.00s Sys=0.00s Real=0.00s
[2020-05-08T04:38:17.670+0200][63973.160s] GC(121) Pause Young (Normal) (G1 Evacuation Pause)
[2020-05-08T04:38:17.670+0200][63973.160s] GC(121) Using 10 workers of 10 for evacuation
[2020-05-08T04:38:17.673+0200][63973.162s] GC(121)   Pre Evacuate Collection Set: 0.0ms
[2020-05-08T04:38:17.673+0200][63973.162s] GC(121)   Evacuate Collection Set: 1.5ms
[2020-05-08T04:38:17.673+0200][63973.162s] GC(121)   Post Evacuate Collection Set: 0.4ms
[2020-05-08T04:38:17.673+0200][63973.162s] GC(121)   Other: 0.2ms
[2020-05-08T04:38:17.673+0200][63973.162s] GC(121) Eden regions: 213->0(207)
[2020-05-08T04:38:17.673+0200][63973.162s] GC(121) Survivor regions: 4->16(28)
[2020-05-08T04:38:17.673+0200][63973.162s] GC(121) Old regions: 144->144
[2020-05-08T04:38:17.673+0200][63973.162s] GC(121) Humongous regions: 50->50
[2020-05-08T04:38:17.673+0200][63973.162s] GC(121) Metaspace: 60302K->60302K(1103872K)
[2020-05-08T04:38:17.673+0200][63973.162s] GC(121) Pause Young (Normal) (G1 Evacuation Pause) 410M->209M(512M) 2.365ms
[2020-05-08T04:38:17.673+0200][63973.162s] GC(121) User=0.09s Sys=0.00s Real=0.00s
[2020-05-08T04:38:17.974+0200][63973.463s] GC(122) Pause Young (Concurrent Start) (G1 Humongous Allocation)
[2020-05-08T04:38:17.974+0200][63973.463s] GC(122) Using 10 workers of 10 for evacuation
[2020-05-08T04:38:17.976+0200][63973.465s] GC(122)   Pre Evacuate Collection Set: 0.1ms
[2020-05-08T04:38:17.976+0200][63973.465s] GC(122)   Evacuate Collection Set: 1.5ms
[2020-05-08T04:38:17.976+0200][63973.465s] GC(122)   Post Evacuate Collection Set: 0.3ms
[2020-05-08T04:38:17.976+0200][63973.465s] GC(122)   Other: 0.2ms
[2020-05-08T04:38:17.976+0200][63973.465s] GC(122) Eden regions: 90->0(210)
[2020-05-08T04:38:17.976+0200][63973.465s] GC(122) Survivor regions: 16->7(28)
[2020-05-08T04:38:17.976+0200][63973.465s] GC(122) Old regions: 144->152
[2020-05-08T04:38:17.976+0200][63973.465s] GC(122) Humongous regions: 50->48
[2020-05-08T04:38:17.976+0200][63973.465s] GC(122) Metaspace: 60313K->60313K(1103872K)
[2020-05-08T04:38:17.976+0200][63973.465s] GC(122) Pause Young (Concurrent Start) (G1 Humongous Allocation) 299M->205M(512M) 2.282ms
[2020-05-08T04:38:17.976+0200][63973.465s] GC(122) User=0.00s Sys=0.00s Real=0.00s
[2020-05-08T04:38:17.976+0200][63973.465s] GC(123) Concurrent Cycle
[2020-05-08T04:38:17.976+0200][63973.465s] GC(123) Concurrent Clear Claimed Marks
[2020-05-08T04:38:17.976+0200][63973.465s] GC(123) Concurrent Clear Claimed Marks 0.059ms
[2020-05-08T04:38:17.976+0200][63973.465s] GC(123) Concurrent Scan Root Regions
[2020-05-08T04:38:17.976+0200][63973.466s] GC(123) Concurrent Scan Root Regions 0.482ms
[2020-05-08T04:38:17.977+0200][63973.466s] GC(123) Concurrent Mark (63973.466s)
[2020-05-08T04:38:17.977+0200][63973.466s] GC(123) Concurrent Mark From Roots
[2020-05-08T04:38:17.977+0200][63973.466s] GC(123) Using 3 workers of 3 for marking
[2020-05-08T04:38:18.002+0200][63973.492s] GC(123) Concurrent Mark From Roots 25.782ms
[2020-05-08T04:38:18.002+0200][63973.492s] GC(123) Concurrent Preclean
[2020-05-08T04:38:18.002+0200][63973.492s] GC(123) Concurrent Preclean 0.204ms
[2020-05-08T04:38:18.002+0200][63973.492s] GC(123) Concurrent Mark (63973.466s, 63973.492s) 26.056ms
[2020-05-08T04:38:18.003+0200][63973.492s] GC(123) Pause Remark
[2020-05-08T04:38:18.005+0200][63973.495s] GC(123) Cleaned string and symbol table, strings: 27529 processed, 0 removed, symbols: 165211 processed, 0 removed
[2020-05-08T04:38:18.006+0200][63973.496s] GC(123) Pause Remark 209M->97M(512M) 3.484ms
[2020-05-08T04:38:18.006+0200][63973.496s] GC(123) User=0.00s Sys=0.00s Real=0.00s
[2020-05-08T04:38:18.006+0200][63973.496s] GC(123) Concurrent Rebuild Remembered Sets
[2020-05-08T04:38:18.016+0200][63973.506s] GC(123) Concurrent Rebuild Remembered Sets 9.855ms
[2020-05-08T04:38:18.017+0200][63973.506s] GC(123) Pause Cleanup
[2020-05-08T04:38:18.017+0200][63973.506s] GC(123) Pause Cleanup 98M->98M(512M) 0.175ms
[2020-05-08T04:38:18.017+0200][63973.506s] GC(123) User=0.00s Sys=0.00s Real=0.00s
[2020-05-08T04:38:18.017+0200][63973.506s] GC(123) Concurrent Cleanup for Next Mark
[2020-05-08T04:38:18.017+0200][63973.506s] GC(123) Concurrent Cleanup for Next Mark 0.249ms
[2020-05-08T04:38:18.017+0200][63973.506s] GC(123) Concurrent Cycle 41.216ms
[2020-05-08T04:38:20.349+0200][63975.838s] GC(124) Pause Young (Prepare Mixed) (G1 Evacuation Pause)
[2020-05-08T04:38:20.349+0200][63975.838s] GC(124) Using 10 workers of 10 for evacuation
[2020-05-08T04:38:20.351+0200][63975.841s] GC(124)   Pre Evacuate Collection Set: 0.0ms
[2020-05-08T04:38:20.351+0200][63975.841s] GC(124)   Evacuate Collection Set: 2.2ms
[2020-05-08T04:38:20.351+0200][63975.841s] GC(124)   Post Evacuate Collection Set: 0.4ms
[2020-05-08T04:38:20.351+0200][63975.841s] GC(124)   Other: 0.1ms
[2020-05-08T04:38:20.351+0200][63975.841s] GC(124) Eden regions: 210->0(1)
[2020-05-08T04:38:20.351+0200][63975.841s] GC(124) Survivor regions: 7->27(28)
[2020-05-08T04:38:20.352+0200][63975.841s] GC(124) Old regions: 80->80
[2020-05-08T04:38:20.352+0200][63975.841s] GC(124) Humongous regions: 21->12
[2020-05-08T04:38:20.352+0200][63975.841s] GC(124) Metaspace: 60317K->60317K(1103872K)
[2020-05-08T04:38:20.352+0200][63975.841s] GC(124) Pause Young (Prepare Mixed) (G1 Evacuation Pause) 317M->118M(512M) 2.858ms
[2020-05-08T04:38:20.352+0200][63975.841s] GC(124) User=0.00s Sys=0.00s Real=0.00s
[2020-05-08T04:38:20.358+0200][63975.848s] GC(125) Pause Young (Mixed) (G1 Evacuation Pause)
[2020-05-08T04:38:20.358+0200][63975.848s] GC(125) Using 10 workers of 10 for evacuation
[2020-05-08T04:38:20.361+0200][63975.850s] GC(125)   Pre Evacuate Collection Set: 0.0ms
[2020-05-08T04:38:20.361+0200][63975.850s] GC(125)   Evacuate Collection Set: 2.1ms
[2020-05-08T04:38:20.361+0200][63975.850s] GC(125)   Post Evacuate Collection Set: 0.4ms
[2020-05-08T04:38:20.361+0200][63975.850s] GC(125)   Other: 0.1ms
[2020-05-08T04:38:20.361+0200][63975.850s] GC(125) Eden regions: 1->0(258)
[2020-05-08T04:38:20.361+0200][63975.850s] GC(125) Survivor regions: 27->1(4)
[2020-05-08T04:38:20.361+0200][63975.850s] GC(125) Old regions: 80->90
[2020-05-08T04:38:20.361+0200][63975.850s] GC(125) Humongous regions: 12->12
[2020-05-08T04:38:20.361+0200][63975.850s] GC(125) Metaspace: 60317K->60317K(1103872K)
[2020-05-08T04:38:20.361+0200][63975.850s] GC(125) Pause Young (Mixed) (G1 Evacuation Pause) 119M->101M(512M) 2.896ms
[2020-05-08T04:38:20.361+0200][63975.850s] GC(125) User=0.14s Sys=0.00s Real=0.00s
[2020-05-08T05:28:53.199+0200][67008.689s] GC(126) Pause Young (Normal) (G1 Evacuation Pause)
[2020-05-08T05:28:53.199+0200][67008.689s] GC(126) Using 10 workers of 10 for evacuation
[2020-05-08T05:28:53.200+0200][67008.690s] GC(126)   Pre Evacuate Collection Set: 0.0ms
[2020-05-08T05:28:53.200+0200][67008.690s] GC(126)   Evacuate Collection Set: 0.7ms
[2020-05-08T05:28:53.200+0200][67008.690s] GC(126)   Post Evacuate Collection Set: 0.4ms
[2020-05-08T05:28:53.200+0200][67008.690s] GC(126)   Other: 0.2ms
[2020-05-08T05:28:53.200+0200][67008.690s] GC(126) Eden regions: 258->0(271)
[2020-05-08T05:28:53.200+0200][67008.690s] GC(126) Survivor regions: 1->1(33)
[2020-05-08T05:28:53.200+0200][67008.690s] GC(126) Old regions: 90->90
[2020-05-08T05:28:53.200+0200][67008.690s] GC(126) Humongous regions: 12->12
[2020-05-08T05:28:53.200+0200][67008.690s] GC(126) Metaspace: 60359K->60359K(1103872K)
[2020-05-08T05:28:53.200+0200][67008.690s] GC(126) Pause Young (Normal) (G1 Evacuation Pause) 359M->102M(512M) 1.426ms
[2020-05-08T05:28:53.200+0200][67008.690s] GC(126) User=0.00s Sys=0.00s Real=0.00s
[2020-05-08T07:45:09.441+0200][75184.931s] GC(127) Pause Young (Concurrent Start) (G1 Humongous Allocation)
[2020-05-08T07:45:09.441+0200][75184.931s] GC(127) Using 10 workers of 10 for evacuation
[2020-05-08T07:45:09.443+0200][75184.933s] GC(127)   Pre Evacuate Collection Set: 0.1ms
[2020-05-08T07:45:09.443+0200][75184.933s] GC(127)   Evacuate Collection Set: 1.3ms
[2020-05-08T07:45:09.443+0200][75184.933s] GC(127)   Post Evacuate Collection Set: 0.5ms
[2020-05-08T07:45:09.443+0200][75184.933s] GC(127)   Other: 0.2ms
[2020-05-08T07:45:09.443+0200][75184.933s] GC(127) Eden regions: 138->0(237)
[2020-05-08T07:45:09.443+0200][75184.933s] GC(127) Survivor regions: 1->6(34)
[2020-05-08T07:45:09.443+0200][75184.933s] GC(127) Old regions: 90->90
[2020-05-08T07:45:09.443+0200][75184.933s] GC(127) Humongous regions: 12->12
[2020-05-08T07:45:09.443+0200][75184.933s] GC(127) Metaspace: 60367K->60367K(1103872K)
[2020-05-08T07:45:09.443+0200][75184.933s] GC(127) Pause Young (Concurrent Start) (G1 Humongous Allocation) 240M->107M(512M) 2.158ms
[2020-05-08T07:45:09.443+0200][75184.933s] GC(127) User=0.00s Sys=0.00s Real=0.00s
[2020-05-08T07:45:09.443+0200][75184.933s] GC(128) Concurrent Cycle
[2020-05-08T07:45:09.444+0200][75184.933s] GC(128) Concurrent Clear Claimed Marks
[2020-05-08T07:45:09.444+0200][75184.933s] GC(128) Concurrent Clear Claimed Marks 0.031ms
[2020-05-08T07:45:09.444+0200][75184.933s] GC(128) Concurrent Scan Root Regions
[2020-05-08T07:45:09.444+0200][75184.934s] GC(128) Concurrent Scan Root Regions 0.811ms
[2020-05-08T07:45:09.444+0200][75184.934s] GC(128) Concurrent Mark (75184.934s)
[2020-05-08T07:45:09.444+0200][75184.934s] GC(128) Concurrent Mark From Roots
[2020-05-08T07:45:09.444+0200][75184.934s] GC(128) Using 3 workers of 3 for marking
[2020-05-08T07:45:09.461+0200][75184.951s] GC(128) Concurrent Mark From Roots 17.227ms
[2020-05-08T07:45:09.462+0200][75184.951s] GC(128) Concurrent Preclean
[2020-05-08T07:45:09.462+0200][75184.952s] GC(128) Concurrent Preclean 0.211ms
[2020-05-08T07:45:09.462+0200][75184.952s] GC(128) Concurrent Mark (75184.934s, 75184.952s) 17.513ms
[2020-05-08T07:45:09.462+0200][75184.952s] GC(128) Pause Remark
[2020-05-08T07:45:09.467+0200][75184.956s] GC(128) Cleaned string and symbol table, strings: 27570 processed, 1 removed, symbols: 165215 processed, 0 removed
[2020-05-08T07:45:09.467+0200][75184.956s] GC(128) Pause Remark 109M->107M(512M) 4.624ms
[2020-05-08T07:45:09.467+0200][75184.956s] GC(128) User=0.00s Sys=0.00s Real=0.01s
[2020-05-08T07:45:09.467+0200][75184.957s] GC(128) Concurrent Rebuild Remembered Sets
[2020-05-08T07:45:09.476+0200][75184.966s] GC(128) Concurrent Rebuild Remembered Sets 9.272ms
[2020-05-08T07:45:09.477+0200][75184.966s] GC(128) Pause Cleanup
[2020-05-08T07:45:09.477+0200][75184.966s] GC(128) Pause Cleanup 108M->108M(512M) 0.135ms
[2020-05-08T07:45:09.477+0200][75184.966s] GC(128) User=0.00s Sys=0.00s Real=0.00s
[2020-05-08T07:45:09.477+0200][75184.966s] GC(128) Concurrent Cleanup for Next Mark
[2020-05-08T07:45:09.477+0200][75184.967s] GC(128) Concurrent Cleanup for Next Mark 0.461ms
[2020-05-08T07:45:09.477+0200][75184.967s] GC(128) Concurrent Cycle 33.578ms
[2020-05-08T07:45:12.653+0200][75188.142s] GC(129) Pause Young (Prepare Mixed) (G1 Evacuation Pause)
[2020-05-08T07:45:12.653+0200][75188.142s] GC(129) Using 10 workers of 10 for evacuation
[2020-05-08T07:45:12.656+0200][75188.146s] GC(129)   Pre Evacuate Collection Set: 0.0ms
[2020-05-08T07:45:12.656+0200][75188.146s] GC(129)   Evacuate Collection Set: 2.7ms
[2020-05-08T07:45:12.656+0200][75188.146s] GC(129)   Post Evacuate Collection Set: 0.6ms
[2020-05-08T07:45:12.656+0200][75188.146s] GC(129)   Other: 0.1ms
[2020-05-08T07:45:12.656+0200][75188.146s] GC(129) Eden regions: 237->0(1)
[2020-05-08T07:45:12.656+0200][75188.146s] GC(129) Survivor regions: 6->29(31)
[2020-05-08T07:45:12.656+0200][75188.146s] GC(129) Old regions: 89->89
[2020-05-08T07:45:12.656+0200][75188.146s] GC(129) Humongous regions: 20->16
[2020-05-08T07:45:12.656+0200][75188.146s] GC(129) Metaspace: 60376K->60376K(1103872K)
[2020-05-08T07:45:12.656+0200][75188.146s] GC(129) Pause Young (Prepare Mixed) (G1 Evacuation Pause) 351M->132M(512M) 3.652ms
[2020-05-08T07:45:12.656+0200][75188.146s] GC(129) User=0.02s Sys=0.00s Real=0.00s
[2020-05-08T07:45:12.661+0200][75188.150s] GC(130) Pause Young (Mixed) (G1 Evacuation Pause)
[2020-05-08T07:45:12.661+0200][75188.150s] GC(130) Using 10 workers of 10 for evacuation
[2020-05-08T07:45:12.664+0200][75188.154s] GC(130)   Pre Evacuate Collection Set: 0.0ms
[2020-05-08T07:45:12.664+0200][75188.154s] GC(130)   Evacuate Collection Set: 3.1ms
[2020-05-08T07:45:12.664+0200][75188.154s] GC(130)   Post Evacuate Collection Set: 0.4ms
[2020-05-08T07:45:12.664+0200][75188.154s] GC(130)   Other: 0.1ms
[2020-05-08T07:45:12.664+0200][75188.154s] GC(130) Eden regions: 1->0(229)
[2020-05-08T07:45:12.664+0200][75188.154s] GC(130) Survivor regions: 29->1(4)
[2020-05-08T07:45:12.664+0200][75188.154s] GC(130) Old regions: 89->114
[2020-05-08T07:45:12.664+0200][75188.154s] GC(130) Humongous regions: 16->16
[2020-05-08T07:45:12.664+0200][75188.154s] GC(130) Metaspace: 60376K->60376K(1103872K)
[2020-05-08T07:45:12.664+0200][75188.154s] GC(130) Pause Young (Mixed) (G1 Evacuation Pause) 133M->130M(512M) 3.732ms
[2020-05-08T07:45:12.664+0200][75188.154s] GC(130) User=0.00s Sys=0.00s Real=0.00s
[2020-05-08T07:45:16.458+0200][75191.948s] GC(131) Pause Young (Normal) (G1 Evacuation Pause)
[2020-05-08T07:45:16.458+0200][75191.948s] GC(131) Using 10 workers of 10 for evacuation
[2020-05-08T07:45:16.465+0200][75191.955s] GC(131) To-space exhausted
[2020-05-08T07:45:16.465+0200][75191.955s] GC(131)   Pre Evacuate Collection Set: 0.0ms
[2020-05-08T07:45:16.465+0200][75191.955s] GC(131)   Evacuate Collection Set: 2.7ms
[2020-05-08T07:45:16.465+0200][75191.955s] GC(131)   Post Evacuate Collection Set: 4.1ms
[2020-05-08T07:45:16.465+0200][75191.955s] GC(131)   Other: 0.2ms
[2020-05-08T07:45:16.465+0200][75191.955s] GC(131) Eden regions: 229->0(40)
[2020-05-08T07:45:16.465+0200][75191.955s] GC(131) Survivor regions: 1->28(29)
[2020-05-08T07:45:16.465+0200][75191.955s] GC(131) Old regions: 114->316
[2020-05-08T07:45:16.465+0200][75191.955s] GC(131) Humongous regions: 140->48
[2020-05-08T07:45:16.465+0200][75191.955s] GC(131) Metaspace: 60378K->60378K(1103872K)
[2020-05-08T07:45:16.465+0200][75191.955s] GC(131) Pause Young (Normal) (G1 Evacuation Pause) 483M->391M(512M) 7.115ms
[2020-05-08T07:45:16.465+0200][75191.955s] GC(131) User=0.00s Sys=0.00s Real=0.01s
[2020-05-08T07:45:16.890+0200][75192.379s] GC(132) Pause Young (Concurrent Start) (G1 Humongous Allocation)
[2020-05-08T07:45:16.890+0200][75192.379s] GC(132) Using 10 workers of 10 for evacuation
[2020-05-08T07:45:16.894+0200][75192.383s] GC(132)   Pre Evacuate Collection Set: 0.1ms
[2020-05-08T07:45:16.894+0200][75192.383s] GC(132)   Evacuate Collection Set: 3.1ms
[2020-05-08T07:45:16.894+0200][75192.383s] GC(132)   Post Evacuate Collection Set: 0.4ms
[2020-05-08T07:45:16.894+0200][75192.383s] GC(132)   Other: 0.1ms
[2020-05-08T07:45:16.894+0200][75192.383s] GC(132) Eden regions: 28->0(38)
[2020-05-08T07:45:16.894+0200][75192.383s] GC(132) Survivor regions: 28->4(9)
[2020-05-08T07:45:16.894+0200][75192.383s] GC(132) Old regions: 316->344
[2020-05-08T07:45:16.894+0200][75192.383s] GC(132) Humongous regions: 48->48
[2020-05-08T07:45:16.894+0200][75192.383s] GC(132) Metaspace: 60378K->60378K(1103872K)
[2020-05-08T07:45:16.894+0200][75192.383s] GC(132) Pause Young (Concurrent Start) (G1 Humongous Allocation) 419M->395M(512M) 3.828ms
[2020-05-08T07:45:16.894+0200][75192.383s] GC(132) User=0.00s Sys=0.00s Real=0.00s
[2020-05-08T07:45:16.894+0200][75192.383s] GC(133) Concurrent Cycle
[2020-05-08T07:45:16.894+0200][75192.383s] GC(133) Concurrent Clear Claimed Marks
[2020-05-08T07:45:16.894+0200][75192.383s] GC(133) Concurrent Clear Claimed Marks 0.071ms
[2020-05-08T07:45:16.894+0200][75192.383s] GC(133) Concurrent Scan Root Regions
[2020-05-08T07:45:16.894+0200][75192.384s] GC(133) Concurrent Scan Root Regions 0.348ms
[2020-05-08T07:45:16.894+0200][75192.384s] GC(133) Concurrent Mark (75192.384s)
[2020-05-08T07:45:16.894+0200][75192.384s] GC(133) Concurrent Mark From Roots
[2020-05-08T07:45:16.894+0200][75192.384s] GC(133) Using 3 workers of 3 for marking
[2020-05-08T07:45:16.911+0200][75192.401s] GC(133) Concurrent Mark From Roots 16.822ms
[2020-05-08T07:45:16.911+0200][75192.401s] GC(133) Concurrent Preclean
[2020-05-08T07:45:16.911+0200][75192.401s] GC(133) Concurrent Preclean 0.198ms
[2020-05-08T07:45:16.911+0200][75192.401s] GC(133) Concurrent Mark (75192.384s, 75192.401s) 17.088ms
[2020-05-08T07:45:16.911+0200][75192.401s] GC(133) Pause Remark
[2020-05-08T07:45:16.917+0200][75192.406s] GC(133) Cleaned string and symbol table, strings: 27574 processed, 7 removed, symbols: 165215 processed, 0 removed
[2020-05-08T07:45:16.917+0200][75192.407s] GC(133) Pause Remark 401M->376M(512M) 5.558ms
[2020-05-08T07:45:16.917+0200][75192.407s] GC(133) User=0.00s Sys=0.00s Real=0.01s
[2020-05-08T07:45:16.918+0200][75192.407s] GC(133) Concurrent Rebuild Remembered Sets
[2020-05-08T07:45:16.929+0200][75192.419s] GC(133) Concurrent Rebuild Remembered Sets 11.819ms
[2020-05-08T07:45:16.930+0200][75192.419s] GC(133) Pause Cleanup
[2020-05-08T07:45:16.930+0200][75192.419s] GC(133) Pause Cleanup 376M->376M(512M) 0.210ms
[2020-05-08T07:45:16.930+0200][75192.419s] GC(133) User=0.00s Sys=0.00s Real=0.00s
[2020-05-08T07:45:16.930+0200][75192.419s] GC(133) Concurrent Cleanup for Next Mark
[2020-05-08T07:45:16.930+0200][75192.419s] GC(133) Concurrent Cleanup for Next Mark 0.308ms
[2020-05-08T07:45:16.930+0200][75192.419s] GC(133) Concurrent Cycle 36.147ms
[2020-05-08T07:45:17.634+0200][75193.123s] GC(134) Pause Young (Prepare Mixed) (G1 Evacuation Pause)
[2020-05-08T07:45:17.634+0200][75193.124s] GC(134) Using 10 workers of 10 for evacuation
[2020-05-08T07:45:17.636+0200][75193.125s] GC(134)   Pre Evacuate Collection Set: 0.0ms
[2020-05-08T07:45:17.636+0200][75193.125s] GC(134)   Evacuate Collection Set: 1.1ms
[2020-05-08T07:45:17.636+0200][75193.125s] GC(134)   Post Evacuate Collection Set: 0.4ms
[2020-05-08T07:45:17.636+0200][75193.125s] GC(134)   Other: 0.1ms
[2020-05-08T07:45:17.636+0200][75193.125s] GC(134) Eden regions: 38->0(20)
[2020-05-08T07:45:17.636+0200][75193.125s] GC(134) Survivor regions: 4->5(6)
[2020-05-08T07:45:17.636+0200][75193.125s] GC(134) Old regions: 325->329
[2020-05-08T07:45:17.636+0200][75193.125s] GC(134) Humongous regions: 60->49
[2020-05-08T07:45:17.636+0200][75193.125s] GC(134) Metaspace: 60371K->60371K(1103872K)
[2020-05-08T07:45:17.636+0200][75193.125s] GC(134) Pause Young (Prepare Mixed) (G1 Evacuation Pause) 426M->381M(512M) 1.827ms
[2020-05-08T07:45:17.636+0200][75193.125s] GC(134) User=0.00s Sys=0.00s Real=0.00s
[2020-05-08T07:45:17.880+0200][75193.370s] GC(135) Pause Young (Mixed) (G1 Evacuation Pause)
[2020-05-08T07:45:17.880+0200][75193.370s] GC(135) Using 10 workers of 10 for evacuation
[2020-05-08T07:45:17.882+0200][75193.371s] GC(135)   Pre Evacuate Collection Set: 0.0ms
[2020-05-08T07:45:17.882+0200][75193.371s] GC(135)   Evacuate Collection Set: 0.8ms
[2020-05-08T07:45:17.882+0200][75193.371s] GC(135)   Post Evacuate Collection Set: 0.4ms
[2020-05-08T07:45:17.882+0200][75193.371s] GC(135)   Other: 0.1ms
[2020-05-08T07:45:17.882+0200][75193.371s] GC(135) Eden regions: 20->0(22)
[2020-05-08T07:45:17.882+0200][75193.371s] GC(135) Survivor regions: 5->3(4)
[2020-05-08T07:45:17.882+0200][75193.371s] GC(135) Old regions: 329->281
[2020-05-08T07:45:17.882+0200][75193.371s] GC(135) Humongous regions: 78->78
[2020-05-08T07:45:17.882+0200][75193.371s] GC(135) Metaspace: 60371K->60371K(1103872K)
[2020-05-08T07:45:17.882+0200][75193.371s] GC(135) Pause Young (Mixed) (G1 Evacuation Pause) 430M->360M(512M) 1.488ms
[2020-05-08T07:45:17.882+0200][75193.371s] GC(135) User=0.00s Sys=0.00s Real=0.00s
[2020-05-08T07:45:18.079+0200][75193.569s] GC(136) Pause Young (Mixed) (G1 Evacuation Pause)
[2020-05-08T07:45:18.079+0200][75193.569s] GC(136) Using 10 workers of 10 for evacuation
[2020-05-08T07:45:18.081+0200][75193.570s] GC(136)   Pre Evacuate Collection Set: 0.0ms
[2020-05-08T07:45:18.081+0200][75193.570s] GC(136)   Evacuate Collection Set: 0.7ms
[2020-05-08T07:45:18.081+0200][75193.570s] GC(136)   Post Evacuate Collection Set: 0.3ms
[2020-05-08T07:45:18.081+0200][75193.570s] GC(136)   Other: 0.1ms
[2020-05-08T07:45:18.081+0200][75193.570s] GC(136) Eden regions: 22->0(23)
[2020-05-08T07:45:18.081+0200][75193.570s] GC(136) Survivor regions: 3->2(4)
[2020-05-08T07:45:18.081+0200][75193.570s] GC(136) Old regions: 281->231
[2020-05-08T07:45:18.081+0200][75193.570s] GC(136) Humongous regions: 78->78
[2020-05-08T07:45:18.081+0200][75193.570s] GC(136) Metaspace: 60371K->60371K(1103872K)
[2020-05-08T07:45:18.081+0200][75193.570s] GC(136) Pause Young (Mixed) (G1 Evacuation Pause) 382M->310M(512M) 1.329ms
[2020-05-08T07:45:18.081+0200][75193.570s] GC(136) User=0.00s Sys=0.00s Real=0.00s
[2020-05-08T07:45:18.741+0200][75194.231s] GC(137) Pause Young (Mixed) (G1 Evacuation Pause)
[2020-05-08T07:45:18.741+0200][75194.231s] GC(137) Using 10 workers of 10 for evacuation
[2020-05-08T07:45:18.742+0200][75194.232s] GC(137)   Pre Evacuate Collection Set: 0.0ms
[2020-05-08T07:45:18.742+0200][75194.232s] GC(137)   Evacuate Collection Set: 0.7ms
[2020-05-08T07:45:18.742+0200][75194.232s] GC(137)   Post Evacuate Collection Set: 0.4ms
[2020-05-08T07:45:18.743+0200][75194.232s] GC(137)   Other: 0.1ms
[2020-05-08T07:45:18.743+0200][75194.232s] GC(137) Eden regions: 23->0(21)
[2020-05-08T07:45:18.743+0200][75194.232s] GC(137) Survivor regions: 2->4(4)
[2020-05-08T07:45:18.743+0200][75194.232s] GC(137) Old regions: 231->181
[2020-05-08T07:45:18.743+0200][75194.232s] GC(137) Humongous regions: 78->78
[2020-05-08T07:45:18.743+0200][75194.232s] GC(137) Metaspace: 60371K->60371K(1103872K)
[2020-05-08T07:45:18.743+0200][75194.232s] GC(137) Pause Young (Mixed) (G1 Evacuation Pause) 333M->262M(512M) 1.395ms
[2020-05-08T07:45:18.743+0200][75194.232s] GC(137) User=0.00s Sys=0.00s Real=0.00s
[2020-05-08T07:45:19.015+0200][75194.504s] GC(138) Pause Young (Mixed) (G1 Evacuation Pause)
[2020-05-08T07:45:19.015+0200][75194.504s] GC(138) Using 10 workers of 10 for evacuation
[2020-05-08T07:45:19.016+0200][75194.506s] GC(138)   Pre Evacuate Collection Set: 0.1ms
[2020-05-08T07:45:19.016+0200][75194.506s] GC(138)   Evacuate Collection Set: 1.0ms
[2020-05-08T07:45:19.016+0200][75194.506s] GC(138)   Post Evacuate Collection Set: 0.5ms
[2020-05-08T07:45:19.016+0200][75194.506s] GC(138)   Other: 0.1ms
[2020-05-08T07:45:19.016+0200][75194.506s] GC(138) Eden regions: 21->0(22)
[2020-05-08T07:45:19.016+0200][75194.506s] GC(138) Survivor regions: 4->3(4)
[2020-05-08T07:45:19.016+0200][75194.506s] GC(138) Old regions: 181->134
[2020-05-08T07:45:19.016+0200][75194.506s] GC(138) Humongous regions: 78->78
[2020-05-08T07:45:19.016+0200][75194.506s] GC(138) Metaspace: 60371K->60371K(1103872K)
[2020-05-08T07:45:19.016+0200][75194.506s] GC(138) Pause Young (Mixed) (G1 Evacuation Pause) 283M->214M(512M) 1.776ms
[2020-05-08T07:45:19.016+0200][75194.506s] GC(138) User=0.14s Sys=0.00s Real=0.00s
[2020-05-08T07:45:19.943+0200][75195.433s] GC(139) Pause Young (Mixed) (G1 Evacuation Pause)
[2020-05-08T07:45:19.943+0200][75195.433s] GC(139) Using 10 workers of 10 for evacuation
[2020-05-08T07:45:19.945+0200][75195.435s] GC(139)   Pre Evacuate Collection Set: 0.0ms
[2020-05-08T07:45:19.945+0200][75195.435s] GC(139)   Evacuate Collection Set: 1.0ms
[2020-05-08T07:45:19.945+0200][75195.435s] GC(139)   Post Evacuate Collection Set: 0.4ms
[2020-05-08T07:45:19.945+0200][75195.435s] GC(139)   Other: 0.2ms
[2020-05-08T07:45:19.945+0200][75195.435s] GC(139) Eden regions: 22->0(101)
[2020-05-08T07:45:19.945+0200][75195.435s] GC(139) Survivor regions: 3->4(4)
[2020-05-08T07:45:19.945+0200][75195.435s] GC(139) Old regions: 134->131
[2020-05-08T07:45:19.945+0200][75195.435s] GC(139) Humongous regions: 106->106
[2020-05-08T07:45:19.945+0200][75195.435s] GC(139) Metaspace: 60371K->60371K(1103872K)
[2020-05-08T07:45:19.945+0200][75195.435s] GC(139) Pause Young (Mixed) (G1 Evacuation Pause) 264M->239M(512M) 1.747ms
[2020-05-08T07:45:19.945+0200][75195.435s] GC(139) User=0.00s Sys=0.00s Real=0.00s
[2020-05-08T07:45:21.731+0200][75197.220s] GC(140) Pause Young (Normal) (G1 Evacuation Pause)
[2020-05-08T07:45:21.731+0200][75197.220s] GC(140) Using 10 workers of 10 for evacuation
[2020-05-08T07:45:21.733+0200][75197.222s] GC(140)   Pre Evacuate Collection Set: 0.0ms
[2020-05-08T07:45:21.733+0200][75197.222s] GC(140)   Evacuate Collection Set: 1.3ms
[2020-05-08T07:45:21.733+0200][75197.222s] GC(140)   Post Evacuate Collection Set: 0.5ms
[2020-05-08T07:45:21.733+0200][75197.222s] GC(140)   Other: 0.1ms
[2020-05-08T07:45:21.733+0200][75197.222s] GC(140) Eden regions: 101->0(106)
[2020-05-08T07:45:21.733+0200][75197.222s] GC(140) Survivor regions: 4->13(14)
[2020-05-08T07:45:21.733+0200][75197.222s] GC(140) Old regions: 131->131
[2020-05-08T07:45:21.733+0200][75197.222s] GC(140) Humongous regions: 108->106
[2020-05-08T07:45:21.733+0200][75197.222s] GC(140) Metaspace: 60372K->60372K(1103872K)
[2020-05-08T07:45:21.733+0200][75197.222s] GC(140) Pause Young (Normal) (G1 Evacuation Pause) 342M->248M(512M) 2.141ms
[2020-05-08T07:45:21.733+0200][75197.222s] GC(140) User=0.00s Sys=0.00s Real=0.00s
[2020-05-08T07:45:21.994+0200][75197.483s] GC(141) Pause Young (Normal) (G1 Evacuation Pause)
[2020-05-08T07:45:21.994+0200][75197.483s] GC(141) Using 10 workers of 10 for evacuation
[2020-05-08T07:45:21.996+0200][75197.485s] GC(141)   Pre Evacuate Collection Set: 0.1ms
[2020-05-08T07:45:21.996+0200][75197.485s] GC(141)   Evacuate Collection Set: 1.3ms
[2020-05-08T07:45:21.996+0200][75197.485s] GC(141)   Post Evacuate Collection Set: 0.3ms
[2020-05-08T07:45:21.996+0200][75197.485s] GC(141)   Other: 0.2ms
[2020-05-08T07:45:21.996+0200][75197.485s] GC(141) Eden regions: 106->0(117)
[2020-05-08T07:45:21.996+0200][75197.485s] GC(141) Survivor regions: 13->1(15)
[2020-05-08T07:45:21.996+0200][75197.485s] GC(141) Old regions: 131->143
[2020-05-08T07:45:21.996+0200][75197.485s] GC(141) Humongous regions: 106->106
[2020-05-08T07:45:21.996+0200][75197.485s] GC(141) Metaspace: 60372K->60372K(1103872K)
[2020-05-08T07:45:21.996+0200][75197.485s] GC(141) Pause Young (Normal) (G1 Evacuation Pause) 354M->248M(512M) 2.044ms
[2020-05-08T07:45:21.996+0200][75197.485s] GC(141) User=0.00s Sys=0.00s Real=0.00s
[2020-05-08T07:45:22.256+0200][75197.746s] GC(142) Pause Young (Concurrent Start) (G1 Evacuation Pause)
[2020-05-08T07:45:22.256+0200][75197.746s] GC(142) Using 10 workers of 10 for evacuation
[2020-05-08T07:45:22.257+0200][75197.747s] GC(142)   Pre Evacuate Collection Set: 0.1ms
[2020-05-08T07:45:22.258+0200][75197.747s] GC(142)   Evacuate Collection Set: 0.7ms
[2020-05-08T07:45:22.258+0200][75197.747s] GC(142)   Post Evacuate Collection Set: 0.4ms
[2020-05-08T07:45:22.258+0200][75197.747s] GC(142)   Other: 0.1ms
[2020-05-08T07:45:22.258+0200][75197.747s] GC(142) Eden regions: 117->0(127)
[2020-05-08T07:45:22.258+0200][75197.747s] GC(142) Survivor regions: 1->1(15)
[2020-05-08T07:45:22.258+0200][75197.747s] GC(142) Old regions: 143->143
[2020-05-08T07:45:22.258+0200][75197.747s] GC(142) Humongous regions: 106->106
[2020-05-08T07:45:22.258+0200][75197.747s] GC(142) Metaspace: 60372K->60372K(1103872K)
[2020-05-08T07:45:22.258+0200][75197.747s] GC(142) Pause Young (Concurrent Start) (G1 Evacuation Pause) 365M->248M(512M) 1.386ms
[2020-05-08T07:45:22.258+0200][75197.747s] GC(142) User=0.00s Sys=0.00s Real=0.00s
[2020-05-08T07:45:22.258+0200][75197.747s] GC(143) Concurrent Cycle
[2020-05-08T07:45:22.258+0200][75197.747s] GC(143) Concurrent Clear Claimed Marks
[2020-05-08T07:45:22.258+0200][75197.747s] GC(143) Concurrent Clear Claimed Marks 0.021ms
[2020-05-08T07:45:22.258+0200][75197.747s] GC(143) Concurrent Scan Root Regions
[2020-05-08T07:45:22.258+0200][75197.748s] GC(143) Concurrent Scan Root Regions 0.355ms
[2020-05-08T07:45:22.258+0200][75197.748s] GC(143) Concurrent Mark (75197.748s)
[2020-05-08T07:45:22.258+0200][75197.748s] GC(143) Concurrent Mark From Roots
[2020-05-08T07:45:22.258+0200][75197.748s] GC(143) Using 3 workers of 3 for marking
[2020-05-08T07:45:22.276+0200][75197.765s] GC(143) Concurrent Mark From Roots 17.383ms
[2020-05-08T07:45:22.276+0200][75197.765s] GC(143) Concurrent Preclean
[2020-05-08T07:45:22.276+0200][75197.765s] GC(143) Concurrent Preclean 0.199ms
[2020-05-08T07:45:22.276+0200][75197.765s] GC(143) Concurrent Mark (75197.748s, 75197.765s) 17.644ms
[2020-05-08T07:45:22.276+0200][75197.766s] GC(143) Pause Remark
[2020-05-08T07:45:22.279+0200][75197.768s] GC(143) Cleaned string and symbol table, strings: 27567 processed, 0 removed, symbols: 165215 processed, 4 removed
[2020-05-08T07:45:22.279+0200][75197.769s] GC(143) Pause Remark 254M->192M(512M) 3.297ms
[2020-05-08T07:45:22.279+0200][75197.769s] GC(143) User=0.00s Sys=0.00s Real=0.00s
[2020-05-08T07:45:22.280+0200][75197.769s] GC(143) Concurrent Rebuild Remembered Sets
[2020-05-08T07:45:22.289+0200][75197.779s] GC(143) Concurrent Rebuild Remembered Sets 10.158ms
[2020-05-08T07:45:22.290+0200][75197.779s] GC(143) Pause Cleanup
[2020-05-08T07:45:22.290+0200][75197.780s] GC(143) Pause Cleanup 195M->195M(512M) 0.137ms
[2020-05-08T07:45:22.290+0200][75197.780s] GC(143) User=0.00s Sys=0.00s Real=0.00s
[2020-05-08T07:45:22.290+0200][75197.780s] GC(143) Concurrent Cleanup for Next Mark
[2020-05-08T07:45:22.290+0200][75197.780s] GC(143) Concurrent Cleanup for Next Mark 0.246ms
[2020-05-08T07:45:22.290+0200][75197.780s] GC(143) Concurrent Cycle 32.710ms
[2020-05-08T07:45:22.527+0200][75198.017s] GC(144) Pause Young (Prepare Mixed) (G1 Evacuation Pause)
[2020-05-08T07:45:22.527+0200][75198.017s] GC(144) Using 10 workers of 10 for evacuation
[2020-05-08T07:45:22.529+0200][75198.018s] GC(144)   Pre Evacuate Collection Set: 0.0ms
[2020-05-08T07:45:22.529+0200][75198.018s] GC(144)   Evacuate Collection Set: 0.5ms
[2020-05-08T07:45:22.529+0200][75198.018s] GC(144)   Post Evacuate Collection Set: 0.4ms
[2020-05-08T07:45:22.529+0200][75198.018s] GC(144)   Other: 0.1ms
[2020-05-08T07:45:22.529+0200][75198.018s] GC(144) Eden regions: 127->0(24)
[2020-05-08T07:45:22.529+0200][75198.018s] GC(144) Survivor regions: 1->1(16)
[2020-05-08T07:45:22.529+0200][75198.018s] GC(144) Old regions: 142->142
[2020-05-08T07:45:22.529+0200][75198.018s] GC(144) Humongous regions: 45->45
[2020-05-08T07:45:22.529+0200][75198.018s] GC(144) Metaspace: 60372K->60372K(1103872K)
[2020-05-08T07:45:22.529+0200][75198.018s] GC(144) Pause Young (Prepare Mixed) (G1 Evacuation Pause) 313M->186M(512M) 1.190ms
[2020-05-08T07:45:22.529+0200][75198.018s] GC(144) User=0.00s Sys=0.00s Real=0.00s
[2020-05-08T07:45:22.567+0200][75198.057s] GC(145) Pause Young (Mixed) (G1 Evacuation Pause)
[2020-05-08T07:45:22.567+0200][75198.057s] GC(145) Using 10 workers of 10 for evacuation
[2020-05-08T07:45:22.568+0200][75198.058s] GC(145)   Pre Evacuate Collection Set: 0.0ms
[2020-05-08T07:45:22.568+0200][75198.058s] GC(145)   Evacuate Collection Set: 0.4ms
[2020-05-08T07:45:22.568+0200][75198.058s] GC(145)   Post Evacuate Collection Set: 0.4ms
[2020-05-08T07:45:22.568+0200][75198.058s] GC(145)   Other: 0.1ms
[2020-05-08T07:45:22.568+0200][75198.058s] GC(145) Eden regions: 24->0(174)
[2020-05-08T07:45:22.568+0200][75198.058s] GC(145) Survivor regions: 1->1(4)
[2020-05-08T07:45:22.568+0200][75198.058s] GC(145) Old regions: 142->139
[2020-05-08T07:45:22.568+0200][75198.058s] GC(145) Humongous regions: 45->45
[2020-05-08T07:45:22.568+0200][75198.058s] GC(145) Metaspace: 60372K->60372K(1103872K)
[2020-05-08T07:45:22.568+0200][75198.058s] GC(145) Pause Young (Mixed) (G1 Evacuation Pause) 210M->184M(512M) 1.090ms
[2020-05-08T07:45:22.568+0200][75198.058s] GC(145) User=0.00s Sys=0.00s Real=0.00s
[2020-05-08T07:45:23.019+0200][75198.509s] GC(146) Pause Young (Normal) (G1 Evacuation Pause)
[2020-05-08T07:45:23.019+0200][75198.509s] GC(146) Using 10 workers of 10 for evacuation
[2020-05-08T07:45:23.020+0200][75198.510s] GC(146)   Pre Evacuate Collection Set: 0.0ms
[2020-05-08T07:45:23.020+0200][75198.510s] GC(146)   Evacuate Collection Set: 0.5ms
[2020-05-08T07:45:23.020+0200][75198.510s] GC(146)   Post Evacuate Collection Set: 0.3ms
[2020-05-08T07:45:23.020+0200][75198.510s] GC(146)   Other: 0.1ms
[2020-05-08T07:45:23.020+0200][75198.510s] GC(146) Eden regions: 174->0(188)
[2020-05-08T07:45:23.020+0200][75198.510s] GC(146) Survivor regions: 1->1(22)
[2020-05-08T07:45:23.020+0200][75198.510s] GC(146) Old regions: 139->139
[2020-05-08T07:45:23.020+0200][75198.510s] GC(146) Humongous regions: 45->45
[2020-05-08T07:45:23.020+0200][75198.510s] GC(146) Metaspace: 60372K->60372K(1103872K)
[2020-05-08T07:45:23.020+0200][75198.510s] GC(146) Pause Young (Normal) (G1 Evacuation Pause) 358M->184M(512M) 1.064ms
[2020-05-08T07:45:23.020+0200][75198.510s] GC(146) User=0.00s Sys=0.00s Real=0.00s
[2020-05-08T07:45:23.526+0200][75199.015s] GC(147) Pause Young (Normal) (G1 Evacuation Pause)
[2020-05-08T07:45:23.526+0200][75199.015s] GC(147) Using 10 workers of 10 for evacuation
[2020-05-08T07:45:23.527+0200][75199.016s] GC(147)   Pre Evacuate Collection Set: 0.0ms
[2020-05-08T07:45:23.527+0200][75199.016s] GC(147)   Evacuate Collection Set: 0.5ms
[2020-05-08T07:45:23.527+0200][75199.016s] GC(147)   Post Evacuate Collection Set: 0.4ms
[2020-05-08T07:45:23.527+0200][75199.016s] GC(147)   Other: 0.1ms
[2020-05-08T07:45:23.527+0200][75199.016s] GC(147) Eden regions: 188->0(198)
[2020-05-08T07:45:23.527+0200][75199.016s] GC(147) Survivor regions: 1->3(24)
[2020-05-08T07:45:23.527+0200][75199.016s] GC(147) Old regions: 139->139
[2020-05-08T07:45:23.527+0200][75199.016s] GC(147) Humongous regions: 45->45
[2020-05-08T07:45:23.527+0200][75199.016s] GC(147) Metaspace: 60372K->60372K(1103872K)
[2020-05-08T07:45:23.527+0200][75199.016s] GC(147) Pause Young (Normal) (G1 Evacuation Pause) 372M->186M(512M) 1.134ms
[2020-05-08T07:45:23.527+0200][75199.016s] GC(147) User=0.00s Sys=0.00s Real=0.00s
[2020-05-08T07:45:23.764+0200][75199.253s] GC(148) Pause Young (Concurrent Start) (G1 Humongous Allocation)
[2020-05-08T07:45:23.764+0200][75199.253s] GC(148) Using 10 workers of 10 for evacuation
[2020-05-08T07:45:23.765+0200][75199.255s] GC(148)   Pre Evacuate Collection Set: 0.1ms
[2020-05-08T07:45:23.765+0200][75199.255s] GC(148)   Evacuate Collection Set: 1.2ms
[2020-05-08T07:45:23.765+0200][75199.255s] GC(148)   Post Evacuate Collection Set: 0.3ms
[2020-05-08T07:45:23.765+0200][75199.255s] GC(148)   Other: 0.2ms
[2020-05-08T07:45:23.765+0200][75199.255s] GC(148) Eden regions: 38->0(157)
[2020-05-08T07:45:23.765+0200][75199.255s] GC(148) Survivor regions: 3->8(26)
[2020-05-08T07:45:23.765+0200][75199.255s] GC(148) Old regions: 139->139
[2020-05-08T07:45:23.765+0200][75199.255s] GC(148) Humongous regions: 45->45
[2020-05-08T07:45:23.765+0200][75199.255s] GC(148) Metaspace: 60372K->60372K(1103872K)
[2020-05-08T07:45:23.765+0200][75199.255s] GC(148) Pause Young (Concurrent Start) (G1 Humongous Allocation) 223M->191M(512M) 1.907ms
[2020-05-08T07:45:23.765+0200][75199.255s] GC(148) User=0.00s Sys=0.00s Real=0.00s
[2020-05-08T07:45:23.765+0200][75199.255s] GC(149) Concurrent Cycle
[2020-05-08T07:45:23.765+0200][75199.255s] GC(149) Concurrent Clear Claimed Marks
[2020-05-08T07:45:23.765+0200][75199.255s] GC(149) Concurrent Clear Claimed Marks 0.035ms
[2020-05-08T07:45:23.766+0200][75199.255s] GC(149) Concurrent Scan Root Regions
[2020-05-08T07:45:23.766+0200][75199.256s] GC(149) Concurrent Scan Root Regions 0.436ms
[2020-05-08T07:45:23.766+0200][75199.256s] GC(149) Concurrent Mark (75199.256s)
[2020-05-08T07:45:23.766+0200][75199.256s] GC(149) Concurrent Mark From Roots
[2020-05-08T07:45:23.766+0200][75199.256s] GC(149) Using 3 workers of 3 for marking
[2020-05-08T07:45:23.793+0200][75199.283s] GC(149) Concurrent Mark From Roots 27.085ms
[2020-05-08T07:45:23.793+0200][75199.283s] GC(149) Concurrent Preclean
[2020-05-08T07:45:23.793+0200][75199.283s] GC(149) Concurrent Preclean 0.186ms
[2020-05-08T07:45:23.793+0200][75199.283s] GC(149) Concurrent Mark (75199.256s, 75199.283s) 27.334ms
[2020-05-08T07:45:23.794+0200][75199.283s] GC(149) Pause Remark
[2020-05-08T07:45:23.797+0200][75199.286s] GC(149) Cleaned string and symbol table, strings: 27567 processed, 0 removed, symbols: 165211 processed, 0 removed
[2020-05-08T07:45:23.797+0200][75199.286s] GC(149) Pause Remark 195M->195M(512M) 3.309ms
[2020-05-08T07:45:23.797+0200][75199.286s] GC(149) User=0.03s Sys=0.13s Real=0.00s
[2020-05-08T07:45:23.797+0200][75199.287s] GC(149) Concurrent Rebuild Remembered Sets
[2020-05-08T07:45:23.806+0200][75199.296s] GC(149) Concurrent Rebuild Remembered Sets 9.455ms
[2020-05-08T07:45:23.807+0200][75199.296s] GC(149) Pause Cleanup
[2020-05-08T07:45:23.807+0200][75199.297s] GC(149) Pause Cleanup 197M->197M(512M) 0.151ms
[2020-05-08T07:45:23.807+0200][75199.297s] GC(149) User=0.00s Sys=0.00s Real=0.00s
[2020-05-08T07:45:23.807+0200][75199.297s] GC(149) Concurrent Cleanup for Next Mark
[2020-05-08T07:45:23.807+0200][75199.297s] GC(149) Concurrent Cleanup for Next Mark 0.220ms
[2020-05-08T07:45:23.807+0200][75199.297s] GC(149) Concurrent Cycle 41.839ms
[2020-05-08T07:45:24.432+0200][75199.922s] GC(150) Pause Young (Prepare Mixed) (G1 Evacuation Pause)
[2020-05-08T07:45:24.432+0200][75199.922s] GC(150) Using 10 workers of 10 for evacuation
[2020-05-08T07:45:24.435+0200][75199.924s] GC(150)   Pre Evacuate Collection Set: 0.0ms
[2020-05-08T07:45:24.435+0200][75199.924s] GC(150)   Evacuate Collection Set: 1.7ms
[2020-05-08T07:45:24.435+0200][75199.924s] GC(150)   Post Evacuate Collection Set: 0.5ms
[2020-05-08T07:45:24.435+0200][75199.924s] GC(150)   Other: 0.1ms
[2020-05-08T07:45:24.435+0200][75199.924s] GC(150) Eden regions: 157->0(5)
[2020-05-08T07:45:24.435+0200][75199.924s] GC(150) Survivor regions: 8->20(21)
[2020-05-08T07:45:24.435+0200][75199.924s] GC(150) Old regions: 139->139
[2020-05-08T07:45:24.435+0200][75199.924s] GC(150) Humongous regions: 47->47
[2020-05-08T07:45:24.435+0200][75199.924s] GC(150) Metaspace: 60375K->60375K(1103872K)
[2020-05-08T07:45:24.435+0200][75199.924s] GC(150) Pause Young (Prepare Mixed) (G1 Evacuation Pause) 350M->205M(512M) 2.452ms
[2020-05-08T07:45:24.435+0200][75199.924s] GC(150) User=0.00s Sys=0.00s Real=0.00s
[2020-05-08T07:45:24.444+0200][75199.933s] GC(151) Pause Young (Mixed) (G1 Evacuation Pause)
[2020-05-08T07:45:24.444+0200][75199.933s] GC(151) Using 10 workers of 10 for evacuation
[2020-05-08T07:45:24.446+0200][75199.935s] GC(151)   Pre Evacuate Collection Set: 0.0ms
[2020-05-08T07:45:24.446+0200][75199.935s] GC(151)   Evacuate Collection Set: 1.8ms
[2020-05-08T07:45:24.446+0200][75199.935s] GC(151)   Post Evacuate Collection Set: 0.4ms
[2020-05-08T07:45:24.446+0200][75199.936s] GC(151)   Other: 0.2ms
[2020-05-08T07:45:24.446+0200][75199.936s] GC(151) Eden regions: 5->0(159)
[2020-05-08T07:45:24.446+0200][75199.936s] GC(151) Survivor regions: 20->1(4)
[2020-05-08T07:45:24.446+0200][75199.936s] GC(151) Old regions: 139->158
[2020-05-08T07:45:24.446+0200][75199.936s] GC(151) Humongous regions: 47->47
[2020-05-08T07:45:24.446+0200][75199.936s] GC(151) Metaspace: 60375K->60375K(1103872K)
[2020-05-08T07:45:24.446+0200][75199.936s] GC(151) Pause Young (Mixed) (G1 Evacuation Pause) 210M->204M(512M) 2.463ms
[2020-05-08T07:45:24.446+0200][75199.936s] GC(151) User=0.00s Sys=0.00s Real=0.00s
[2020-05-08T07:45:25.378+0200][75200.868s] GC(152) Pause Young (Normal) (G1 Evacuation Pause)
[2020-05-08T07:45:25.378+0200][75200.868s] GC(152) Using 10 workers of 10 for evacuation
[2020-05-08T07:45:25.380+0200][75200.869s] GC(152)   Pre Evacuate Collection Set: 0.0ms
[2020-05-08T07:45:25.380+0200][75200.869s] GC(152)   Evacuate Collection Set: 0.9ms
[2020-05-08T07:45:25.380+0200][75200.869s] GC(152)   Post Evacuate Collection Set: 0.3ms
[2020-05-08T07:45:25.380+0200][75200.869s] GC(152)   Other: 0.1ms
[2020-05-08T07:45:25.380+0200][75200.869s] GC(152) Eden regions: 159->0(162)
[2020-05-08T07:45:25.380+0200][75200.869s] GC(152) Survivor regions: 1->11(20)
[2020-05-08T07:45:25.380+0200][75200.869s] GC(152) Old regions: 158->158
[2020-05-08T07:45:25.380+0200][75200.869s] GC(152) Humongous regions: 47->47
[2020-05-08T07:45:25.380+0200][75200.869s] GC(152) Metaspace: 60381K->60381K(1103872K)
[2020-05-08T07:45:25.380+0200][75200.869s] GC(152) Pause Young (Normal) (G1 Evacuation Pause) 363M->214M(512M) 1.514ms
[2020-05-08T07:45:25.380+0200][75200.869s] GC(152) User=0.00s Sys=0.00s Real=0.00s
[2020-05-08T07:45:25.388+0200][75200.878s] GC(153) Pause Young (Concurrent Start) (G1 Humongous Allocation)
[2020-05-08T07:45:25.388+0200][75200.878s] GC(153) Using 10 workers of 10 for evacuation
[2020-05-08T07:45:25.390+0200][75200.879s] GC(153)   Pre Evacuate Collection Set: 0.1ms
[2020-05-08T07:45:25.390+0200][75200.879s] GC(153)   Evacuate Collection Set: 1.2ms
[2020-05-08T07:45:25.390+0200][75200.879s] GC(153)   Post Evacuate Collection Set: 0.2ms
[2020-05-08T07:45:25.390+0200][75200.879s] GC(153)   Other: 0.1ms
[2020-05-08T07:45:25.390+0200][75200.879s] GC(153) Eden regions: 3->0(174)
[2020-05-08T07:45:25.390+0200][75200.879s] GC(153) Survivor regions: 11->11(22)
[2020-05-08T07:45:25.390+0200][75200.879s] GC(153) Old regions: 158->158
[2020-05-08T07:45:25.390+0200][75200.879s] GC(153) Humongous regions: 47->47
[2020-05-08T07:45:25.390+0200][75200.879s] GC(153) Metaspace: 60381K->60381K(1103872K)
[2020-05-08T07:45:25.390+0200][75200.879s] GC(153) Pause Young (Concurrent Start) (G1 Humongous Allocation) 217M->214M(512M) 1.758ms
[2020-05-08T07:45:25.390+0200][75200.879s] GC(153) User=0.00s Sys=0.00s Real=0.00s
[2020-05-08T07:45:25.390+0200][75200.879s] GC(154) Concurrent Cycle
[2020-05-08T07:45:25.390+0200][75200.879s] GC(154) Concurrent Clear Claimed Marks
[2020-05-08T07:45:25.390+0200][75200.879s] GC(154) Concurrent Clear Claimed Marks 0.032ms
[2020-05-08T07:45:25.390+0200][75200.879s] GC(154) Concurrent Scan Root Regions
[2020-05-08T07:45:25.390+0200][75200.880s] GC(154) Concurrent Scan Root Regions 0.472ms
[2020-05-08T07:45:25.390+0200][75200.880s] GC(154) Concurrent Mark (75200.880s)
[2020-05-08T07:45:25.390+0200][75200.880s] GC(154) Concurrent Mark From Roots
[2020-05-08T07:45:25.390+0200][75200.880s] GC(154) Using 3 workers of 3 for marking
[2020-05-08T07:45:25.407+0200][75200.897s] GC(154) Concurrent Mark From Roots 16.873ms
[2020-05-08T07:45:25.407+0200][75200.897s] GC(154) Concurrent Preclean
[2020-05-08T07:45:25.407+0200][75200.897s] GC(154) Concurrent Preclean 0.195ms
[2020-05-08T07:45:25.407+0200][75200.897s] GC(154) Concurrent Mark (75200.880s, 75200.897s) 17.127ms
[2020-05-08T07:45:25.408+0200][75200.897s] GC(154) Pause Remark
[2020-05-08T07:45:25.411+0200][75200.900s] GC(154) Cleaned string and symbol table, strings: 27567 processed, 0 removed, symbols: 165211 processed, 0 removed
[2020-05-08T07:45:25.411+0200][75200.900s] GC(154) Pause Remark 219M->128M(512M) 3.189ms
[2020-05-08T07:45:25.411+0200][75200.900s] GC(154) User=0.00s Sys=0.00s Real=0.00s
[2020-05-08T07:45:25.411+0200][75200.901s] GC(154) Concurrent Rebuild Remembered Sets
[2020-05-08T07:45:25.421+0200][75200.910s] GC(154) Concurrent Rebuild Remembered Sets 9.594ms
[2020-05-08T07:45:25.421+0200][75200.910s] GC(154) Pause Cleanup
[2020-05-08T07:45:25.421+0200][75200.911s] GC(154) Pause Cleanup 129M->129M(512M) 0.135ms
[2020-05-08T07:45:25.421+0200][75200.911s] GC(154) User=0.00s Sys=0.00s Real=0.00s
[2020-05-08T07:45:25.421+0200][75200.911s] GC(154) Concurrent Cleanup for Next Mark
[2020-05-08T07:45:25.421+0200][75200.911s] GC(154) Concurrent Cleanup for Next Mark 0.234ms
[2020-05-08T07:45:25.421+0200][75200.911s] GC(154) Concurrent Cycle 31.465ms
[2020-05-08T07:45:26.636+0200][75202.125s] GC(155) Pause Young (Prepare Mixed) (G1 Evacuation Pause)
[2020-05-08T07:45:26.636+0200][75202.126s] GC(155) Using 10 workers of 10 for evacuation
[2020-05-08T07:45:26.639+0200][75202.128s] GC(155)   Pre Evacuate Collection Set: 0.0ms
[2020-05-08T07:45:26.639+0200][75202.128s] GC(155)   Evacuate Collection Set: 2.2ms
[2020-05-08T07:45:26.639+0200][75202.128s] GC(155)   Post Evacuate Collection Set: 0.4ms
[2020-05-08T07:45:26.639+0200][75202.128s] GC(155)   Other: 0.2ms
[2020-05-08T07:45:26.639+0200][75202.128s] GC(155) Eden regions: 174->0(1)
[2020-05-08T07:45:26.639+0200][75202.128s] GC(155) Survivor regions: 11->24(24)
[2020-05-08T07:45:26.639+0200][75202.128s] GC(155) Old regions: 105->105
[2020-05-08T07:45:26.639+0200][75202.128s] GC(155) Humongous regions: 15->13
[2020-05-08T07:45:26.639+0200][75202.128s] GC(155) Metaspace: 60381K->60381K(1103872K)
[2020-05-08T07:45:26.639+0200][75202.128s] GC(155) Pause Young (Prepare Mixed) (G1 Evacuation Pause) 303M->140M(512M) 3.008ms
[2020-05-08T07:45:26.639+0200][75202.129s] GC(155) User=0.00s Sys=0.00s Real=0.00s
[2020-05-08T07:45:26.645+0200][75202.135s] GC(156) Pause Young (Mixed) (G1 Evacuation Pause)
[2020-05-08T07:45:26.645+0200][75202.135s] GC(156) Using 10 workers of 10 for evacuation
[2020-05-08T07:45:26.648+0200][75202.137s] GC(156)   Pre Evacuate Collection Set: 0.0ms
[2020-05-08T07:45:26.648+0200][75202.137s] GC(156)   Evacuate Collection Set: 2.2ms
[2020-05-08T07:45:26.648+0200][75202.137s] GC(156)   Post Evacuate Collection Set: 0.3ms
[2020-05-08T07:45:26.648+0200][75202.137s] GC(156)   Other: 0.2ms
[2020-05-08T07:45:26.648+0200][75202.137s] GC(156) Eden regions: 1->0(243)
[2020-05-08T07:45:26.648+0200][75202.137s] GC(156) Survivor regions: 24->1(4)
[2020-05-08T07:45:26.648+0200][75202.137s] GC(156) Old regions: 105->100
[2020-05-08T07:45:26.648+0200][75202.137s] GC(156) Humongous regions: 13->13
[2020-05-08T07:45:26.648+0200][75202.137s] GC(156) Metaspace: 60381K->60381K(1103872K)
[2020-05-08T07:45:26.648+0200][75202.137s] GC(156) Pause Young (Mixed) (G1 Evacuation Pause) 141M->112M(512M) 2.903ms
[2020-05-08T07:45:26.648+0200][75202.137s] GC(156) User=0.00s Sys=0.00s Real=0.00s
[2020-05-08T07:45:27.628+0200][75203.118s] GC(157) Pause Young (Normal) (G1 Evacuation Pause)
[2020-05-08T07:45:27.628+0200][75203.118s] GC(157) Using 10 workers of 10 for evacuation
[2020-05-08T07:45:27.630+0200][75203.119s] GC(157)   Pre Evacuate Collection Set: 0.0ms
[2020-05-08T07:45:27.630+0200][75203.119s] GC(157)   Evacuate Collection Set: 0.8ms
[2020-05-08T07:45:27.630+0200][75203.119s] GC(157)   Post Evacuate Collection Set: 0.5ms
[2020-05-08T07:45:27.630+0200][75203.119s] GC(157)   Other: 0.1ms
[2020-05-08T07:45:27.630+0200][75203.119s] GC(157) Eden regions: 243->0(252)
[2020-05-08T07:45:27.630+0200][75203.119s] GC(157) Survivor regions: 1->8(31)
[2020-05-08T07:45:27.630+0200][75203.119s] GC(157) Old regions: 100->100
[2020-05-08T07:45:27.630+0200][75203.119s] GC(157) Humongous regions: 13->13
[2020-05-08T07:45:27.630+0200][75203.119s] GC(157) Metaspace: 60382K->60382K(1103872K)
[2020-05-08T07:45:27.630+0200][75203.119s] GC(157) Pause Young (Normal) (G1 Evacuation Pause) 355M->120M(512M) 1.547ms
[2020-05-08T07:45:27.630+0200][75203.119s] GC(157) User=0.00s Sys=0.00s Real=0.00s
[2020-05-08T07:45:30.310+0200][75205.799s] GC(158) Pause Young (Normal) (G1 Evacuation Pause)
[2020-05-08T07:45:30.310+0200][75205.799s] GC(158) Using 10 workers of 10 for evacuation
[2020-05-08T07:45:30.311+0200][75205.800s] GC(158)   Pre Evacuate Collection Set: 0.0ms
[2020-05-08T07:45:30.311+0200][75205.801s] GC(158)   Evacuate Collection Set: 0.7ms
[2020-05-08T07:45:30.311+0200][75205.801s] GC(158)   Post Evacuate Collection Set: 0.3ms
[2020-05-08T07:45:30.311+0200][75205.801s] GC(158)   Other: 0.1ms
[2020-05-08T07:45:30.311+0200][75205.801s] GC(158) Eden regions: 252->0(263)
[2020-05-08T07:45:30.311+0200][75205.801s] GC(158) Survivor regions: 8->8(33)
[2020-05-08T07:45:30.311+0200][75205.801s] GC(158) Old regions: 100->100
[2020-05-08T07:45:30.311+0200][75205.801s] GC(158) Humongous regions: 13->13
[2020-05-08T07:45:30.311+0200][75205.801s] GC(158) Metaspace: 60384K->60384K(1103872K)
[2020-05-08T07:45:30.311+0200][75205.801s] GC(158) Pause Young (Normal) (G1 Evacuation Pause) 372M->120M(512M) 1.310ms
[2020-05-08T07:45:30.311+0200][75205.801s] GC(158) User=0.00s Sys=0.00s Real=0.00s
[2020-05-08T10:54:53.125+0200][86568.614s] GC(159) Pause Young (Concurrent Start) (G1 Humongous Allocation)
[2020-05-08T10:54:53.125+0200][86568.614s] GC(159) Using 10 workers of 10 for evacuation
[2020-05-08T10:54:53.127+0200][86568.617s] GC(159)   Pre Evacuate Collection Set: 0.1ms
[2020-05-08T10:54:53.127+0200][86568.617s] GC(159)   Evacuate Collection Set: 2.2ms
[2020-05-08T10:54:53.127+0200][86568.617s] GC(159)   Post Evacuate Collection Set: 0.5ms
[2020-05-08T10:54:53.127+0200][86568.617s] GC(159)   Other: 0.2ms
[2020-05-08T10:54:53.127+0200][86568.617s] GC(159) Eden regions: 256->0(269)
[2020-05-08T10:54:53.127+0200][86568.617s] GC(159) Survivor regions: 8->11(34)
[2020-05-08T10:54:53.127+0200][86568.618s] GC(159) Old regions: 100->100
[2020-05-08T10:54:53.127+0200][86568.618s] GC(159) Humongous regions: 13->13
[2020-05-08T10:54:53.127+0200][86568.618s] GC(159) Metaspace: 60534K->60534K(1105920K)
[2020-05-08T10:54:53.127+0200][86568.618s] GC(159) Pause Young (Concurrent Start) (G1 Humongous Allocation) 376M->123M(512M) 3.264ms
[2020-05-08T10:54:53.127+0200][86568.618s] GC(159) User=0.00s Sys=0.00s Real=0.00s
[2020-05-08T10:54:53.127+0200][86568.618s] GC(160) Concurrent Cycle
[2020-05-08T10:54:53.128+0200][86568.618s] GC(160) Concurrent Clear Claimed Marks
[2020-05-08T10:54:53.128+0200][86568.618s] GC(160) Concurrent Clear Claimed Marks 0.079ms
[2020-05-08T10:54:53.128+0200][86568.618s] GC(160) Concurrent Scan Root Regions
[2020-05-08T10:54:53.129+0200][86568.619s] GC(160) Concurrent Scan Root Regions 1.043ms
[2020-05-08T10:54:53.129+0200][86568.619s] GC(160) Concurrent Mark (86568.619s)
[2020-05-08T10:54:53.129+0200][86568.619s] GC(160) Concurrent Mark From Roots
[2020-05-08T10:54:53.129+0200][86568.619s] GC(160) Using 3 workers of 3 for marking
[2020-05-08T10:54:53.162+0200][86568.652s] GC(160) Concurrent Mark From Roots 32.882ms
[2020-05-08T10:54:53.162+0200][86568.652s] GC(160) Concurrent Preclean
[2020-05-08T10:54:53.163+0200][86568.652s] GC(160) Concurrent Preclean 0.330ms
[2020-05-08T10:54:53.163+0200][86568.652s] GC(160) Concurrent Mark (86568.619s, 86568.652s) 33.310ms
[2020-05-08T10:54:53.163+0200][86568.652s] GC(160) Pause Remark
[2020-05-08T10:54:53.169+0200][86568.658s] GC(160) Cleaned string and symbol table, strings: 27689 processed, 1 removed, symbols: 165377 processed, 4 removed
[2020-05-08T10:54:53.169+0200][86568.658s] GC(160) Pause Remark 129M->108M(512M) 6.054ms
[2020-05-08T10:54:53.169+0200][86568.659s] GC(160) User=0.00s Sys=0.00s Real=0.01s
[2020-05-08T10:54:53.169+0200][86568.659s] GC(160) Concurrent Rebuild Remembered Sets
[2020-05-08T10:54:53.185+0200][86568.674s] GC(160) Concurrent Rebuild Remembered Sets 15.419ms
[2020-05-08T10:54:53.185+0200][86568.674s] GC(160) Pause Cleanup
[2020-05-08T10:54:53.185+0200][86568.674s] GC(160) Pause Cleanup 109M->109M(512M) 0.114ms
[2020-05-08T10:54:53.185+0200][86568.674s] GC(160) User=0.00s Sys=0.00s Real=0.00s
[2020-05-08T10:54:53.185+0200][86568.674s] GC(160) Concurrent Cleanup for Next Mark
[2020-05-08T10:54:53.186+0200][86568.675s] GC(160) Concurrent Cleanup for Next Mark 0.512ms
[2020-05-08T10:54:53.186+0200][86568.675s] GC(160) Concurrent Cycle 57.234ms
[2020-05-08T10:54:56.986+0200][86572.476s] GC(161) Pause Young (Prepare Mixed) (G1 Evacuation Pause)
[2020-05-08T10:54:56.986+0200][86572.476s] GC(161) Using 10 workers of 10 for evacuation
[2020-05-08T10:54:56.991+0200][86572.480s] GC(161)   Pre Evacuate Collection Set: 0.0ms
[2020-05-08T10:54:56.991+0200][86572.480s] GC(161)   Evacuate Collection Set: 3.6ms
[2020-05-08T10:54:56.991+0200][86572.480s] GC(161)   Post Evacuate Collection Set: 0.5ms
[2020-05-08T10:54:56.991+0200][86572.480s] GC(161)   Other: 0.2ms
[2020-05-08T10:54:56.991+0200][86572.480s] GC(161) Eden regions: 269->0(1)
[2020-05-08T10:54:56.991+0200][86572.480s] GC(161) Survivor regions: 11->33(35)
[2020-05-08T10:54:56.991+0200][86572.480s] GC(161) Old regions: 85->85
[2020-05-08T10:54:56.991+0200][86572.480s] GC(161) Humongous regions: 20->12
[2020-05-08T10:54:56.991+0200][86572.480s] GC(161) Metaspace: 60534K->60534K(1105920K)
[2020-05-08T10:54:56.991+0200][86572.480s] GC(161) Pause Young (Prepare Mixed) (G1 Evacuation Pause) 383M->129M(512M) 4.464ms
[2020-05-08T10:54:56.991+0200][86572.480s] GC(161) User=0.00s Sys=0.00s Real=0.00s
[2020-05-08T10:54:56.991+0200][86572.481s] GC(162) Pause Young (Mixed) (G1 Evacuation Pause)
[2020-05-08T10:54:56.991+0200][86572.481s] GC(162) Using 10 workers of 10 for evacuation
[2020-05-08T10:54:56.995+0200][86572.485s] GC(162)   Pre Evacuate Collection Set: 0.0ms
[2020-05-08T10:54:56.995+0200][86572.485s] GC(162)   Evacuate Collection Set: 3.5ms
[2020-05-08T10:54:56.995+0200][86572.485s] GC(162)   Post Evacuate Collection Set: 0.4ms
[2020-05-08T10:54:56.995+0200][86572.485s] GC(162)   Other: 0.1ms
[2020-05-08T10:54:56.995+0200][86572.485s] GC(162) Eden regions: 1->0(267)
[2020-05-08T10:54:56.995+0200][86572.485s] GC(162) Survivor regions: 33->1(5)
[2020-05-08T10:54:56.995+0200][86572.485s] GC(162) Old regions: 85->108
[2020-05-08T10:54:56.995+0200][86572.485s] GC(162) Humongous regions: 12->12
[2020-05-08T10:54:56.995+0200][86572.485s] GC(162) Metaspace: 60534K->60534K(1105920K)
[2020-05-08T10:54:56.995+0200][86572.485s] GC(162) Pause Young (Mixed) (G1 Evacuation Pause) 130M->120M(512M) 4.169ms
[2020-05-08T10:54:56.995+0200][86572.485s] GC(162) User=0.00s Sys=0.00s Real=0.00s
[2020-05-08T10:55:02.202+0200][86577.692s] GC(163) Pause Young (Normal) (G1 Evacuation Pause)
[2020-05-08T10:55:02.202+0200][86577.692s] GC(163) Using 10 workers of 10 for evacuation
[2020-05-08T10:55:02.213+0200][86577.703s] GC(163) To-space exhausted
[2020-05-08T10:55:02.213+0200][86577.703s] GC(163)   Pre Evacuate Collection Set: 0.0ms
[2020-05-08T10:55:02.213+0200][86577.703s] GC(163)   Evacuate Collection Set: 3.1ms
[2020-05-08T10:55:02.213+0200][86577.703s] GC(163)   Post Evacuate Collection Set: 7.7ms
[2020-05-08T10:55:02.213+0200][86577.703s] GC(163)   Other: 0.2ms
[2020-05-08T10:55:02.213+0200][86577.703s] GC(163) Eden regions: 267->0(11)
[2020-05-08T10:55:02.213+0200][86577.703s] GC(163) Survivor regions: 1->27(34)
[2020-05-08T10:55:02.213+0200][86577.703s] GC(163) Old regions: 108->367
[2020-05-08T10:55:02.213+0200][86577.703s] GC(163) Humongous regions: 109->28
[2020-05-08T10:55:02.213+0200][86577.703s] GC(163) Metaspace: 60542K->60542K(1105920K)
[2020-05-08T10:55:02.213+0200][86577.703s] GC(163) Pause Young (Normal) (G1 Evacuation Pause) 484M->422M(512M) 11.099ms
[2020-05-08T10:55:02.213+0200][86577.703s] GC(163) User=0.16s Sys=0.00s Real=0.01s
[2020-05-08T10:55:02.333+0200][86577.823s] GC(164) Pause Young (Concurrent Start) (G1 Evacuation Pause)
[2020-05-08T10:55:02.333+0200][86577.824s] GC(164) Using 10 workers of 10 for evacuation
[2020-05-08T10:55:02.338+0200][86577.827s] GC(164)   Pre Evacuate Collection Set: 0.1ms
[2020-05-08T10:55:02.338+0200][86577.827s] GC(164)   Evacuate Collection Set: 3.2ms
[2020-05-08T10:55:02.338+0200][86577.827s] GC(164)   Post Evacuate Collection Set: 0.5ms
[2020-05-08T10:55:02.338+0200][86577.827s] GC(164)   Other: 0.1ms
[2020-05-08T10:55:02.338+0200][86577.827s] GC(164) Eden regions: 11->0(23)
[2020-05-08T10:55:02.338+0200][86577.827s] GC(164) Survivor regions: 27->2(5)
[2020-05-08T10:55:02.338+0200][86577.827s] GC(164) Old regions: 367->394
[2020-05-08T10:55:02.338+0200][86577.827s] GC(164) Humongous regions: 28->28
[2020-05-08T10:55:02.338+0200][86577.827s] GC(164) Metaspace: 60542K->60542K(1105920K)
[2020-05-08T10:55:02.338+0200][86577.827s] GC(164) Pause Young (Concurrent Start) (G1 Evacuation Pause) 433M->422M(512M) 3.932ms
[2020-05-08T10:55:02.338+0200][86577.827s] GC(164) User=0.00s Sys=0.00s Real=0.01s
[2020-05-08T10:55:02.338+0200][86577.828s] GC(165) Concurrent Cycle
[2020-05-08T10:55:02.338+0200][86577.828s] GC(165) Concurrent Clear Claimed Marks
[2020-05-08T10:55:02.338+0200][86577.828s] GC(165) Concurrent Clear Claimed Marks 0.052ms
[2020-05-08T10:55:02.338+0200][86577.828s] GC(165) Concurrent Scan Root Regions
[2020-05-08T10:55:02.338+0200][86577.828s] GC(165) Concurrent Scan Root Regions 0.422ms
[2020-05-08T10:55:02.338+0200][86577.828s] GC(165) Concurrent Mark (86577.828s)
[2020-05-08T10:55:02.338+0200][86577.828s] GC(165) Concurrent Mark From Roots
[2020-05-08T10:55:02.338+0200][86577.828s] GC(165) Using 3 workers of 3 for marking
[2020-05-08T10:55:02.359+0200][86577.849s] GC(165) Concurrent Mark From Roots 20.776ms
[2020-05-08T10:55:02.359+0200][86577.849s] GC(165) Concurrent Preclean
[2020-05-08T10:55:02.359+0200][86577.849s] GC(165) Concurrent Preclean 0.287ms
[2020-05-08T10:55:02.359+0200][86577.849s] GC(165) Concurrent Mark (86577.828s, 86577.849s) 21.155ms
[2020-05-08T10:55:02.359+0200][86577.849s] GC(165) Pause Remark
[2020-05-08T10:55:02.365+0200][86577.856s] GC(165) Cleaned string and symbol table, strings: 27690 processed, 7 removed, symbols: 165373 processed, 0 removed
[2020-05-08T10:55:02.366+0200][86577.856s] GC(165) Pause Remark 424M->419M(512M) 6.525ms
[2020-05-08T10:55:02.366+0200][86577.856s] GC(165) User=0.00s Sys=0.00s Real=0.01s
[2020-05-08T10:55:02.366+0200][86577.856s] GC(165) Concurrent Rebuild Remembered Sets
[2020-05-08T10:55:02.386+0200][86577.876s] GC(165) Concurrent Rebuild Remembered Sets 19.563ms
[2020-05-08T10:55:02.386+0200][86577.876s] GC(165) Pause Cleanup
[2020-05-08T10:55:02.386+0200][86577.876s] GC(165) Pause Cleanup 419M->419M(512M) 0.211ms
[2020-05-08T10:55:02.386+0200][86577.876s] GC(165) User=0.00s Sys=0.00s Real=0.00s
[2020-05-08T10:55:02.386+0200][86577.876s] GC(165) Concurrent Cleanup for Next Mark
[2020-05-08T10:55:02.386+0200][86577.876s] GC(165) Concurrent Cleanup for Next Mark 0.298ms
[2020-05-08T10:55:02.386+0200][86577.876s] GC(165) Concurrent Cycle 48.809ms
[2020-05-08T10:55:02.720+0200][86578.210s] GC(166) Pause Young (Prepare Mixed) (G1 Evacuation Pause)
[2020-05-08T10:55:02.720+0200][86578.210s] GC(166) Using 10 workers of 10 for evacuation
[2020-05-08T10:55:02.722+0200][86578.211s] GC(166)   Pre Evacuate Collection Set: 0.0ms
[2020-05-08T10:55:02.722+0200][86578.211s] GC(166)   Evacuate Collection Set: 0.8ms
[2020-05-08T10:55:02.722+0200][86578.211s] GC(166)   Post Evacuate Collection Set: 0.4ms
[2020-05-08T10:55:02.722+0200][86578.211s] GC(166)   Other: 0.1ms
[2020-05-08T10:55:02.722+0200][86578.211s] GC(166) Eden regions: 23->0(21)
[2020-05-08T10:55:02.722+0200][86578.211s] GC(166) Survivor regions: 2->4(4)
[2020-05-08T10:55:02.722+0200][86578.211s] GC(166) Old regions: 389->390
[2020-05-08T10:55:02.722+0200][86578.211s] GC(166) Humongous regions: 43->43
[2020-05-08T10:55:02.722+0200][86578.211s] GC(166) Metaspace: 60534K->60534K(1105920K)
[2020-05-08T10:55:02.722+0200][86578.211s] GC(166) Pause Young (Prepare Mixed) (G1 Evacuation Pause) 455M->436M(512M) 1.482ms
[2020-05-08T10:55:02.722+0200][86578.211s] GC(166) User=0.00s Sys=0.00s Real=0.00s
[2020-05-08T10:55:03.020+0200][86578.509s] GC(167) Pause Young (Mixed) (G1 Evacuation Pause)
[2020-05-08T10:55:03.020+0200][86578.509s] GC(167) Using 10 workers of 10 for evacuation
[2020-05-08T10:55:03.021+0200][86578.511s] GC(167)   Pre Evacuate Collection Set: 0.0ms
[2020-05-08T10:55:03.021+0200][86578.511s] GC(167)   Evacuate Collection Set: 1.0ms
[2020-05-08T10:55:03.021+0200][86578.511s] GC(167)   Post Evacuate Collection Set: 0.4ms
[2020-05-08T10:55:03.021+0200][86578.511s] GC(167)   Other: 0.1ms
[2020-05-08T10:55:03.021+0200][86578.511s] GC(167) Eden regions: 21->0(21)
[2020-05-08T10:55:03.021+0200][86578.511s] GC(167) Survivor regions: 4->4(4)
[2020-05-08T10:55:03.021+0200][86578.511s] GC(167) Old regions: 390->342
[2020-05-08T10:55:03.021+0200][86578.511s] GC(167) Humongous regions: 61->60
[2020-05-08T10:55:03.021+0200][86578.511s] GC(167) Metaspace: 60534K->60534K(1105920K)
[2020-05-08T10:55:03.021+0200][86578.511s] GC(167) Pause Young (Mixed) (G1 Evacuation Pause) 475M->405M(512M) 1.675ms
[2020-05-08T10:55:03.021+0200][86578.511s] GC(167) User=0.00s Sys=0.00s Real=0.00s
[2020-05-08T10:55:03.490+0200][86578.980s] GC(168) Pause Young (Mixed) (G1 Evacuation Pause)
[2020-05-08T10:55:03.490+0200][86578.980s] GC(168) Using 10 workers of 10 for evacuation
[2020-05-08T10:55:03.491+0200][86578.981s] GC(168)   Pre Evacuate Collection Set: 0.1ms
[2020-05-08T10:55:03.491+0200][86578.981s] GC(168)   Evacuate Collection Set: 1.0ms
[2020-05-08T10:55:03.491+0200][86578.981s] GC(168)   Post Evacuate Collection Set: 0.3ms
[2020-05-08T10:55:03.491+0200][86578.981s] GC(168)   Other: 0.1ms
[2020-05-08T10:55:03.491+0200][86578.981s] GC(168) Eden regions: 21->0(21)
[2020-05-08T10:55:03.491+0200][86578.981s] GC(168) Survivor regions: 4->4(4)
[2020-05-08T10:55:03.491+0200][86578.981s] GC(168) Old regions: 342->293
[2020-05-08T10:55:03.491+0200][86578.981s] GC(168) Humongous regions: 99->76
[2020-05-08T10:55:03.491+0200][86578.981s] GC(168) Metaspace: 60534K->60534K(1105920K)
[2020-05-08T10:55:03.491+0200][86578.981s] GC(168) Pause Young (Mixed) (G1 Evacuation Pause) 465M->372M(512M) 1.618ms
[2020-05-08T10:55:03.491+0200][86578.981s] GC(168) User=0.00s Sys=0.00s Real=0.00s
[2020-05-08T10:55:04.356+0200][86579.846s] GC(169) Pause Young (Mixed) (G1 Evacuation Pause)
[2020-05-08T10:55:04.356+0200][86579.846s] GC(169) Using 10 workers of 10 for evacuation
[2020-05-08T10:55:04.358+0200][86579.848s] GC(169)   Pre Evacuate Collection Set: 0.0ms
[2020-05-08T10:55:04.358+0200][86579.848s] GC(169)   Evacuate Collection Set: 1.1ms
[2020-05-08T10:55:04.358+0200][86579.848s] GC(169)   Post Evacuate Collection Set: 0.4ms
[2020-05-08T10:55:04.358+0200][86579.848s] GC(169)   Other: 0.1ms
[2020-05-08T10:55:04.358+0200][86579.848s] GC(169) Eden regions: 21->0(21)
[2020-05-08T10:55:04.358+0200][86579.848s] GC(169) Survivor regions: 4->4(4)
[2020-05-08T10:55:04.358+0200][86579.848s] GC(169) Old regions: 293->245
[2020-05-08T10:55:04.358+0200][86579.848s] GC(169) Humongous regions: 76->76
[2020-05-08T10:55:04.358+0200][86579.848s] GC(169) Metaspace: 60541K->60541K(1105920K)
[2020-05-08T10:55:04.358+0200][86579.848s] GC(169) Pause Young (Mixed) (G1 Evacuation Pause) 393M->324M(512M) 1.827ms
[2020-05-08T10:55:04.358+0200][86579.848s] GC(169) User=0.00s Sys=0.00s Real=0.00s
[2020-05-08T10:55:04.757+0200][86580.247s] GC(170) Pause Young (Mixed) (G1 Evacuation Pause)
[2020-05-08T10:55:04.757+0200][86580.247s] GC(170) Using 10 workers of 10 for evacuation
[2020-05-08T10:55:04.759+0200][86580.248s] GC(170)   Pre Evacuate Collection Set: 0.0ms
[2020-05-08T10:55:04.759+0200][86580.248s] GC(170)   Evacuate Collection Set: 0.8ms
[2020-05-08T10:55:04.759+0200][86580.248s] GC(170)   Post Evacuate Collection Set: 0.4ms
[2020-05-08T10:55:04.759+0200][86580.248s] GC(170)   Other: 0.1ms
[2020-05-08T10:55:04.759+0200][86580.248s] GC(170) Eden regions: 21->0(21)
[2020-05-08T10:55:04.759+0200][86580.248s] GC(170) Survivor regions: 4->4(4)
[2020-05-08T10:55:04.759+0200][86580.248s] GC(170) Old regions: 245->198
[2020-05-08T10:55:04.759+0200][86580.248s] GC(170) Humongous regions: 105->105
[2020-05-08T10:55:04.759+0200][86580.248s] GC(170) Metaspace: 60541K->60541K(1105920K)
[2020-05-08T10:55:04.759+0200][86580.248s] GC(170) Pause Young (Mixed) (G1 Evacuation Pause) 374M->306M(512M) 1.541ms
[2020-05-08T10:55:04.759+0200][86580.248s] GC(170) User=0.00s Sys=0.00s Real=0.00s
[2020-05-08T10:55:05.156+0200][86580.646s] GC(171) Pause Young (Mixed) (G1 Evacuation Pause)
[2020-05-08T10:55:05.156+0200][86580.646s] GC(171) Using 10 workers of 10 for evacuation
[2020-05-08T10:55:05.158+0200][86580.647s] GC(171)   Pre Evacuate Collection Set: 0.1ms
[2020-05-08T10:55:05.158+0200][86580.647s] GC(171)   Evacuate Collection Set: 1.1ms
[2020-05-08T10:55:05.158+0200][86580.647s] GC(171)   Post Evacuate Collection Set: 0.5ms
[2020-05-08T10:55:05.158+0200][86580.647s] GC(171)   Other: 0.1ms
[2020-05-08T10:55:05.158+0200][86580.647s] GC(171) Eden regions: 21->0(21)
[2020-05-08T10:55:05.158+0200][86580.647s] GC(171) Survivor regions: 4->4(4)
[2020-05-08T10:55:05.158+0200][86580.647s] GC(171) Old regions: 198->152
[2020-05-08T10:55:05.158+0200][86580.647s] GC(171) Humongous regions: 105->105
[2020-05-08T10:55:05.158+0200][86580.647s] GC(171) Metaspace: 60541K->60541K(1105920K)
[2020-05-08T10:55:05.158+0200][86580.647s] GC(171) Pause Young (Mixed) (G1 Evacuation Pause) 327M->260M(512M) 1.876ms
[2020-05-08T10:55:05.158+0200][86580.648s] GC(171) User=0.00s Sys=0.00s Real=0.00s
[2020-05-08T10:55:05.507+0200][86580.997s] GC(172) Pause Young (Mixed) (G1 Evacuation Pause)
[2020-05-08T10:55:05.507+0200][86580.997s] GC(172) Using 10 workers of 10 for evacuation
[2020-05-08T10:55:05.508+0200][86580.999s] GC(172)   Pre Evacuate Collection Set: 0.0ms
[2020-05-08T10:55:05.508+0200][86580.999s] GC(172)   Evacuate Collection Set: 1.1ms
[2020-05-08T10:55:05.508+0200][86580.999s] GC(172)   Post Evacuate Collection Set: 0.4ms
[2020-05-08T10:55:05.508+0200][86580.999s] GC(172)   Other: 0.2ms
[2020-05-08T10:55:05.510+0200][86580.999s] GC(172) Eden regions: 21->0(110)
[2020-05-08T10:55:05.510+0200][86580.999s] GC(172) Survivor regions: 4->3(4)
[2020-05-08T10:55:05.510+0200][86580.999s] GC(172) Old regions: 152->140
[2020-05-08T10:55:05.510+0200][86580.999s] GC(172) Humongous regions: 105->105
[2020-05-08T10:55:05.510+0200][86580.999s] GC(172) Metaspace: 60541K->60541K(1105920K)
[2020-05-08T10:55:05.510+0200][86580.999s] GC(172) Pause Young (Mixed) (G1 Evacuation Pause) 281M->247M(512M) 1.865ms
[2020-05-08T10:55:05.510+0200][86580.999s] GC(172) User=0.00s Sys=0.00s Real=0.00s
[2020-05-08T10:55:06.260+0200][86581.750s] GC(173) Pause Young (Normal) (G1 Evacuation Pause)
[2020-05-08T10:55:06.260+0200][86581.750s] GC(173) Using 10 workers of 10 for evacuation
[2020-05-08T10:55:06.262+0200][86581.751s] GC(173)   Pre Evacuate Collection Set: 0.0ms
[2020-05-08T10:55:06.262+0200][86581.751s] GC(173)   Evacuate Collection Set: 0.7ms
[2020-05-08T10:55:06.262+0200][86581.751s] GC(173)   Post Evacuate Collection Set: 0.5ms
[2020-05-08T10:55:06.262+0200][86581.751s] GC(173)   Other: 0.1ms
[2020-05-08T10:55:06.262+0200][86581.751s] GC(173) Eden regions: 110->0(111)
[2020-05-08T10:55:06.262+0200][86581.751s] GC(173) Survivor regions: 3->6(15)
[2020-05-08T10:55:06.262+0200][86581.751s] GC(173) Old regions: 140->140
[2020-05-08T10:55:06.262+0200][86581.751s] GC(173) Humongous regions: 121->120
[2020-05-08T10:55:06.262+0200][86581.751s] GC(173) Metaspace: 60544K->60544K(1105920K)
[2020-05-08T10:55:06.262+0200][86581.751s] GC(173) Pause Young (Normal) (G1 Evacuation Pause) 373M->265M(512M) 1.528ms
[2020-05-08T10:55:06.262+0200][86581.751s] GC(173) User=0.00s Sys=0.00s Real=0.00s
[2020-05-08T10:55:06.533+0200][86582.023s] GC(174) Pause Young (Normal) (G1 Evacuation Pause)
[2020-05-08T10:55:06.533+0200][86582.023s] GC(174) Using 10 workers of 10 for evacuation
[2020-05-08T10:55:06.534+0200][86582.024s] GC(174)   Pre Evacuate Collection Set: 0.0ms
[2020-05-08T10:55:06.534+0200][86582.024s] GC(174)   Evacuate Collection Set: 0.6ms
[2020-05-08T10:55:06.534+0200][86582.024s] GC(174)   Post Evacuate Collection Set: 0.4ms
[2020-05-08T10:55:06.534+0200][86582.024s] GC(174)   Other: 0.1ms
[2020-05-08T10:55:06.534+0200][86582.024s] GC(174) Eden regions: 111->0(118)
[2020-05-08T10:55:06.534+0200][86582.024s] GC(174) Survivor regions: 6->6(15)
[2020-05-08T10:55:06.534+0200][86582.024s] GC(174) Old regions: 140->140
[2020-05-08T10:55:06.534+0200][86582.024s] GC(174) Humongous regions: 120->120
[2020-05-08T10:55:06.534+0200][86582.024s] GC(174) Metaspace: 60544K->60544K(1105920K)
[2020-05-08T10:55:06.534+0200][86582.024s] GC(174) Pause Young (Normal) (G1 Evacuation Pause) 376M->265M(512M) 1.373ms
[2020-05-08T10:55:06.534+0200][86582.024s] GC(174) User=0.00s Sys=0.00s Real=0.00s
[2020-05-08T10:55:06.775+0200][86582.265s] GC(175) Pause Young (Concurrent Start) (G1 Evacuation Pause)
[2020-05-08T10:55:06.775+0200][86582.265s] GC(175) Using 10 workers of 10 for evacuation
[2020-05-08T10:55:06.777+0200][86582.266s] GC(175)   Pre Evacuate Collection Set: 0.1ms
[2020-05-08T10:55:06.777+0200][86582.266s] GC(175)   Evacuate Collection Set: 1.0ms
[2020-05-08T10:55:06.777+0200][86582.266s] GC(175)   Post Evacuate Collection Set: 0.5ms
[2020-05-08T10:55:06.777+0200][86582.266s] GC(175)   Other: 0.1ms
[2020-05-08T10:55:06.777+0200][86582.266s] GC(175) Eden regions: 118->0(124)
[2020-05-08T10:55:06.777+0200][86582.266s] GC(175) Survivor regions: 6->7(16)
[2020-05-08T10:55:06.777+0200][86582.266s] GC(175) Old regions: 140->140
[2020-05-08T10:55:06.777+0200][86582.266s] GC(175) Humongous regions: 120->120
[2020-05-08T10:55:06.777+0200][86582.266s] GC(175) Metaspace: 60544K->60544K(1105920K)
[2020-05-08T10:55:06.777+0200][86582.266s] GC(175) Pause Young (Concurrent Start) (G1 Evacuation Pause) 383M->265M(512M) 1.788ms
[2020-05-08T10:55:06.777+0200][86582.266s] GC(175) User=0.00s Sys=0.00s Real=0.00s
[2020-05-08T10:55:06.777+0200][86582.267s] GC(176) Concurrent Cycle
[2020-05-08T10:55:06.777+0200][86582.267s] GC(176) Concurrent Clear Claimed Marks
[2020-05-08T10:55:06.777+0200][86582.267s] GC(176) Concurrent Clear Claimed Marks 0.022ms
[2020-05-08T10:55:06.777+0200][86582.267s] GC(176) Concurrent Scan Root Regions
[2020-05-08T10:55:06.778+0200][86582.267s] GC(176) Concurrent Scan Root Regions 0.367ms
[2020-05-08T10:55:06.778+0200][86582.267s] GC(176) Concurrent Mark (86582.267s)
[2020-05-08T10:55:06.778+0200][86582.267s] GC(176) Concurrent Mark From Roots
[2020-05-08T10:55:06.778+0200][86582.267s] GC(176) Using 3 workers of 3 for marking
[2020-05-08T10:55:06.797+0200][86582.287s] GC(176) Concurrent Mark From Roots 19.610ms
[2020-05-08T10:55:06.797+0200][86582.287s] GC(176) Concurrent Preclean
[2020-05-08T10:55:06.797+0200][86582.287s] GC(176) Concurrent Preclean 0.202ms
[2020-05-08T10:55:06.797+0200][86582.287s] GC(176) Concurrent Mark (86582.267s, 86582.287s) 19.879ms
[2020-05-08T10:55:06.798+0200][86582.287s] GC(176) Pause Remark
[2020-05-08T10:55:06.801+0200][86582.290s] GC(176) Cleaned string and symbol table, strings: 27683 processed, 0 removed, symbols: 165373 processed, 4 removed
[2020-05-08T10:55:06.801+0200][86582.291s] GC(176) Pause Remark 272M->199M(512M) 3.642ms
[2020-05-08T10:55:06.801+0200][86582.291s] GC(176) User=0.00s Sys=0.00s Real=0.00s
[2020-05-08T10:55:06.801+0200][86582.291s] GC(176) Concurrent Rebuild Remembered Sets
[2020-05-08T10:55:06.813+0200][86582.302s] GC(176) Concurrent Rebuild Remembered Sets 11.155ms
[2020-05-08T10:55:06.813+0200][86582.302s] GC(176) Pause Cleanup
[2020-05-08T10:55:06.813+0200][86582.302s] GC(176) Pause Cleanup 204M->204M(512M) 0.164ms
[2020-05-08T10:55:06.813+0200][86582.302s] GC(176) User=0.00s Sys=0.00s Real=0.00s
[2020-05-08T10:55:06.813+0200][86582.302s] GC(176) Concurrent Cleanup for Next Mark
[2020-05-08T10:55:06.813+0200][86582.303s] GC(176) Concurrent Cleanup for Next Mark 0.239ms
[2020-05-08T10:55:06.813+0200][86582.303s] GC(176) Concurrent Cycle 36.219ms
[2020-05-08T10:55:07.030+0200][86582.520s] GC(177) Pause Young (Prepare Mixed) (G1 Evacuation Pause)
[2020-05-08T10:55:07.030+0200][86582.520s] GC(177) Using 10 workers of 10 for evacuation
[2020-05-08T10:55:07.032+0200][86582.521s] GC(177)   Pre Evacuate Collection Set: 0.0ms
[2020-05-08T10:55:07.032+0200][86582.521s] GC(177)   Evacuate Collection Set: 0.7ms
[2020-05-08T10:55:07.032+0200][86582.521s] GC(177)   Post Evacuate Collection Set: 0.4ms
[2020-05-08T10:55:07.032+0200][86582.521s] GC(177)   Other: 0.1ms
[2020-05-08T10:55:07.032+0200][86582.521s] GC(177) Eden regions: 124->0(19)
[2020-05-08T10:55:07.032+0200][86582.521s] GC(177) Survivor regions: 7->6(17)
[2020-05-08T10:55:07.032+0200][86582.521s] GC(177) Old regions: 140->140
[2020-05-08T10:55:07.032+0200][86582.521s] GC(177) Humongous regions: 47->47
[2020-05-08T10:55:07.032+0200][86582.521s] GC(177) Metaspace: 60547K->60547K(1105920K)
[2020-05-08T10:55:07.032+0200][86582.521s] GC(177) Pause Young (Prepare Mixed) (G1 Evacuation Pause) 316M->192M(512M) 1.392ms
[2020-05-08T10:55:07.032+0200][86582.521s] GC(177) User=0.14s Sys=0.00s Real=0.00s
[2020-05-08T10:55:07.085+0200][86582.575s] GC(178) Pause Young (Mixed) (G1 Evacuation Pause)
[2020-05-08T10:55:07.085+0200][86582.575s] GC(178) Using 10 workers of 10 for evacuation
[2020-05-08T10:55:07.087+0200][86582.576s] GC(178)   Pre Evacuate Collection Set: 0.0ms
[2020-05-08T10:55:07.087+0200][86582.576s] GC(178)   Evacuate Collection Set: 0.8ms
[2020-05-08T10:55:07.087+0200][86582.576s] GC(178)   Post Evacuate Collection Set: 0.5ms
[2020-05-08T10:55:07.087+0200][86582.576s] GC(178)   Other: 0.2ms
[2020-05-08T10:55:07.087+0200][86582.576s] GC(178) Eden regions: 19->0(163)
[2020-05-08T10:55:07.087+0200][86582.576s] GC(178) Survivor regions: 6->1(4)
[2020-05-08T10:55:07.087+0200][86582.576s] GC(178) Old regions: 140->142
[2020-05-08T10:55:07.087+0200][86582.576s] GC(178) Humongous regions: 47->47
[2020-05-08T10:55:07.087+0200][86582.576s] GC(178) Metaspace: 60547K->60547K(1105920K)
[2020-05-08T10:55:07.087+0200][86582.576s] GC(178) Pause Young (Mixed) (G1 Evacuation Pause) 211M->189M(512M) 1.649ms
[2020-05-08T10:55:07.087+0200][86582.576s] GC(178) User=0.00s Sys=0.00s Real=0.00s
[2020-05-08T10:55:07.580+0200][86583.069s] GC(179) Pause Young (Normal) (G1 Evacuation Pause)
[2020-05-08T10:55:07.580+0200][86583.069s] GC(179) Using 10 workers of 10 for evacuation
[2020-05-08T10:55:07.581+0200][86583.070s] GC(179)   Pre Evacuate Collection Set: 0.0ms
[2020-05-08T10:55:07.581+0200][86583.070s] GC(179)   Evacuate Collection Set: 0.5ms
[2020-05-08T10:55:07.581+0200][86583.070s] GC(179)   Post Evacuate Collection Set: 0.4ms
[2020-05-08T10:55:07.581+0200][86583.070s] GC(179)   Other: 0.1ms
[2020-05-08T10:55:07.581+0200][86583.070s] GC(179) Eden regions: 163->0(174)
[2020-05-08T10:55:07.581+0200][86583.070s] GC(179) Survivor regions: 1->1(21)
[2020-05-08T10:55:07.581+0200][86583.070s] GC(179) Old regions: 142->142
[2020-05-08T10:55:07.581+0200][86583.070s] GC(179) Humongous regions: 47->47
[2020-05-08T10:55:07.581+0200][86583.070s] GC(179) Metaspace: 60547K->60547K(1105920K)
[2020-05-08T10:55:07.581+0200][86583.071s] GC(179) Pause Young (Normal) (G1 Evacuation Pause) 352M->189M(512M) 1.143ms
[2020-05-08T10:55:07.581+0200][86583.071s] GC(179) User=0.00s Sys=0.00s Real=0.00s
[2020-05-08T10:55:08.205+0200][86583.695s] GC(180) Pause Young (Normal) (G1 Evacuation Pause)
[2020-05-08T10:55:08.206+0200][86583.695s] GC(180) Using 10 workers of 10 for evacuation
[2020-05-08T10:55:08.206+0200][86583.696s] GC(180)   Pre Evacuate Collection Set: 0.0ms
[2020-05-08T10:55:08.206+0200][86583.696s] GC(180)   Evacuate Collection Set: 0.8ms
[2020-05-08T10:55:08.206+0200][86583.696s] GC(180)   Post Evacuate Collection Set: 0.5ms
[2020-05-08T10:55:08.206+0200][86583.696s] GC(180)   Other: 0.1ms
[2020-05-08T10:55:08.206+0200][86583.696s] GC(180) Eden regions: 174->0(179)
[2020-05-08T10:55:08.206+0200][86583.696s] GC(180) Survivor regions: 1->7(22)
[2020-05-08T10:55:08.206+0200][86583.696s] GC(180) Old regions: 142->142
[2020-05-08T10:55:08.206+0200][86583.696s] GC(180) Humongous regions: 47->47
[2020-05-08T10:55:08.206+0200][86583.696s] GC(180) Metaspace: 60553K->60553K(1105920K)
[2020-05-08T10:55:08.206+0200][86583.696s] GC(180) Pause Young (Normal) (G1 Evacuation Pause) 363M->195M(512M) 1.605ms
[2020-05-08T10:55:08.206+0200][86583.696s] GC(180) User=0.00s Sys=0.00s Real=0.00s
[2020-05-08T10:55:09.039+0200][86584.528s] GC(181) Pause Young (Concurrent Start) (G1 Humongous Allocation)
[2020-05-08T10:55:09.039+0200][86584.528s] GC(181) Using 10 workers of 10 for evacuation
[2020-05-08T10:55:09.040+0200][86584.530s] GC(181)   Pre Evacuate Collection Set: 0.1ms
[2020-05-08T10:55:09.040+0200][86584.530s] GC(181)   Evacuate Collection Set: 1.4ms
[2020-05-08T10:55:09.040+0200][86584.530s] GC(181)   Post Evacuate Collection Set: 0.4ms
[2020-05-08T10:55:09.040+0200][86584.530s] GC(181)   Other: 0.2ms
[2020-05-08T10:55:09.040+0200][86584.530s] GC(181) Eden regions: 88->0(182)
[2020-05-08T10:55:09.040+0200][86584.530s] GC(181) Survivor regions: 7->11(24)
[2020-05-08T10:55:09.040+0200][86584.530s] GC(181) Old regions: 142->142
[2020-05-08T10:55:09.040+0200][86584.530s] GC(181) Humongous regions: 47->47
[2020-05-08T10:55:09.040+0200][86584.530s] GC(181) Metaspace: 60558K->60558K(1105920K)
[2020-05-08T10:55:09.040+0200][86584.530s] GC(181) Pause Young (Concurrent Start) (G1 Humongous Allocation) 283M->199M(512M) 2.158ms
[2020-05-08T10:55:09.040+0200][86584.530s] GC(181) User=0.00s Sys=0.00s Real=0.00s
[2020-05-08T10:55:09.041+0200][86584.531s] GC(182) Concurrent Cycle
[2020-05-08T10:55:09.041+0200][86584.531s] GC(182) Concurrent Clear Claimed Marks
[2020-05-08T10:55:09.041+0200][86584.531s] GC(182) Concurrent Clear Claimed Marks 0.057ms
[2020-05-08T10:55:09.041+0200][86584.531s] GC(182) Concurrent Scan Root Regions
[2020-05-08T10:55:09.041+0200][86584.531s] GC(182) Concurrent Scan Root Regions 0.505ms
[2020-05-08T10:55:09.041+0200][86584.531s] GC(182) Concurrent Mark (86584.531s)
[2020-05-08T10:55:09.041+0200][86584.531s] GC(182) Concurrent Mark From Roots
[2020-05-08T10:55:09.041+0200][86584.531s] GC(182) Using 3 workers of 3 for marking
[2020-05-08T10:55:09.059+0200][86584.549s] GC(182) Concurrent Mark From Roots 17.395ms
[2020-05-08T10:55:09.059+0200][86584.549s] GC(182) Concurrent Preclean
[2020-05-08T10:55:09.059+0200][86584.549s] GC(182) Concurrent Preclean 0.191ms
[2020-05-08T10:55:09.059+0200][86584.549s] GC(182) Concurrent Mark (86584.531s, 86584.549s) 17.648ms
[2020-05-08T10:55:09.060+0200][86584.549s] GC(182) Pause Remark
[2020-05-08T10:55:09.063+0200][86584.552s] GC(182) Cleaned string and symbol table, strings: 27697 processed, 0 removed, symbols: 165369 processed, 0 removed
[2020-05-08T10:55:09.063+0200][86584.552s] GC(182) Pause Remark 203M->201M(512M) 3.293ms
[2020-05-08T10:55:09.063+0200][86584.552s] GC(182) User=0.16s Sys=0.00s Real=0.00s
[2020-05-08T10:55:09.063+0200][86584.552s] GC(182) Concurrent Rebuild Remembered Sets
[2020-05-08T10:55:09.079+0200][86584.569s] GC(182) Concurrent Rebuild Remembered Sets 16.178ms
[2020-05-08T10:55:09.079+0200][86584.569s] GC(182) Pause Cleanup
[2020-05-08T10:55:09.079+0200][86584.569s] GC(182) Pause Cleanup 202M->202M(512M) 0.138ms
[2020-05-08T10:55:09.079+0200][86584.569s] GC(182) User=0.00s Sys=0.00s Real=0.00s
[2020-05-08T10:55:09.079+0200][86584.569s] GC(182) Concurrent Cleanup for Next Mark
[2020-05-08T10:55:09.079+0200][86584.569s] GC(182) Concurrent Cleanup for Next Mark 0.254ms
[2020-05-08T10:55:09.079+0200][86584.569s] GC(182) Concurrent Cycle 38.692ms
[2020-05-08T10:55:11.571+0200][86587.061s] GC(183) Pause Young (Prepare Mixed) (G1 Evacuation Pause)
[2020-05-08T10:55:11.571+0200][86587.061s] GC(183) Using 10 workers of 10 for evacuation
[2020-05-08T10:55:11.576+0200][86587.065s] GC(183)   Pre Evacuate Collection Set: 0.0ms
[2020-05-08T10:55:11.576+0200][86587.065s] GC(183)   Evacuate Collection Set: 3.9ms
[2020-05-08T10:55:11.576+0200][86587.065s] GC(183)   Post Evacuate Collection Set: 0.5ms
[2020-05-08T10:55:11.576+0200][86587.065s] GC(183)   Other: 0.2ms
[2020-05-08T10:55:11.576+0200][86587.065s] GC(183) Eden regions: 182->0(1)
[2020-05-08T10:55:11.576+0200][86587.065s] GC(183) Survivor regions: 11->25(25)
[2020-05-08T10:55:11.576+0200][86587.065s] GC(183) Old regions: 142->144
[2020-05-08T10:55:11.576+0200][86587.065s] GC(183) Humongous regions: 89->65
[2020-05-08T10:55:11.576+0200][86587.065s] GC(183) Metaspace: 60558K->60558K(1105920K)
[2020-05-08T10:55:11.576+0200][86587.066s] GC(183) Pause Young (Prepare Mixed) (G1 Evacuation Pause) 423M->233M(512M) 4.731ms
[2020-05-08T10:55:11.576+0200][86587.066s] GC(183) User=0.00s Sys=0.00s Real=0.00s
[2020-05-08T10:55:11.603+0200][86587.093s] GC(184) Pause Young (Mixed) (G1 Evacuation Pause)
[2020-05-08T10:55:11.603+0200][86587.093s] GC(184) Using 10 workers of 10 for evacuation
[2020-05-08T10:55:11.607+0200][86587.097s] GC(184)   Pre Evacuate Collection Set: 0.1ms
[2020-05-08T10:55:11.607+0200][86587.097s] GC(184)   Evacuate Collection Set: 3.6ms
[2020-05-08T10:55:11.607+0200][86587.097s] GC(184)   Post Evacuate Collection Set: 0.3ms
[2020-05-08T10:55:11.607+0200][86587.097s] GC(184)   Other: 0.3ms
[2020-05-08T10:55:11.607+0200][86587.097s] GC(184) Eden regions: 1->0(167)
[2020-05-08T10:55:11.607+0200][86587.097s] GC(184) Survivor regions: 25->1(4)
[2020-05-08T10:55:11.607+0200][86587.097s] GC(184) Old regions: 144->163
[2020-05-08T10:55:11.607+0200][86587.097s] GC(184) Humongous regions: 65->65
[2020-05-08T10:55:11.607+0200][86587.097s] GC(184) Metaspace: 60558K->60558K(1105920K)
[2020-05-08T10:55:11.607+0200][86587.097s] GC(184) Pause Young (Mixed) (G1 Evacuation Pause) 234M->228M(512M) 4.391ms
[2020-05-08T10:55:11.607+0200][86587.097s] GC(184) User=0.00s Sys=0.00s Real=0.00s
[2020-05-08T10:55:15.007+0200][86590.497s] GC(185) Pause Young (Normal) (G1 Evacuation Pause)
[2020-05-08T10:55:15.007+0200][86590.497s] GC(185) Using 10 workers of 10 for evacuation
[2020-05-08T10:55:15.010+0200][86590.499s] GC(185)   Pre Evacuate Collection Set: 0.0ms
[2020-05-08T10:55:15.010+0200][86590.499s] GC(185)   Evacuate Collection Set: 1.8ms
[2020-05-08T10:55:15.010+0200][86590.499s] GC(185)   Post Evacuate Collection Set: 0.4ms
[2020-05-08T10:55:15.010+0200][86590.499s] GC(185)   Other: 0.1ms
[2020-05-08T10:55:15.010+0200][86590.499s] GC(185) Eden regions: 167->0(148)
[2020-05-08T10:55:15.010+0200][86590.499s] GC(185) Survivor regions: 1->19(21)
[2020-05-08T10:55:15.010+0200][86590.499s] GC(185) Old regions: 163->163
[2020-05-08T10:55:15.010+0200][86590.499s] GC(185) Humongous regions: 95->80
[2020-05-08T10:55:15.010+0200][86590.499s] GC(185) Metaspace: 60558K->60558K(1105920K)
[2020-05-08T10:55:15.010+0200][86590.499s] GC(185) Pause Young (Normal) (G1 Evacuation Pause) 425M->261M(512M) 2.478ms
[2020-05-08T10:55:15.010+0200][86590.500s] GC(185) User=0.00s Sys=0.00s Real=0.00s
[2020-05-08T10:55:15.120+0200][86590.610s] GC(186) Pause Young (Concurrent Start) (G1 Humongous Allocation)
[2020-05-08T10:55:15.120+0200][86590.610s] GC(186) Using 10 workers of 10 for evacuation
[2020-05-08T10:55:15.122+0200][86590.612s] GC(186)   Pre Evacuate Collection Set: 0.1ms
[2020-05-08T10:55:15.122+0200][86590.612s] GC(186)   Evacuate Collection Set: 2.0ms
[2020-05-08T10:55:15.122+0200][86590.612s] GC(186)   Post Evacuate Collection Set: 0.4ms
[2020-05-08T10:55:15.122+0200][86590.612s] GC(186)   Other: 0.1ms
[2020-05-08T10:55:15.122+0200][86590.612s] GC(186) Eden regions: 10->0(144)
[2020-05-08T10:55:15.122+0200][86590.612s] GC(186) Survivor regions: 19->2(21)
[2020-05-08T10:55:15.122+0200][86590.612s] GC(186) Old regions: 163->181
[2020-05-08T10:55:15.122+0200][86590.612s] GC(186) Humongous regions: 80->80
[2020-05-08T10:55:15.122+0200][86590.612s] GC(186) Metaspace: 60558K->60558K(1105920K)
[2020-05-08T10:55:15.122+0200][86590.612s] GC(186) Pause Young (Concurrent Start) (G1 Humongous Allocation) 271M->262M(512M) 2.696ms
[2020-05-08T10:55:15.122+0200][86590.612s] GC(186) User=0.00s Sys=0.00s Real=0.00s
[2020-05-08T10:55:15.123+0200][86590.612s] GC(187) Concurrent Cycle
[2020-05-08T10:55:15.123+0200][86590.612s] GC(187) Concurrent Clear Claimed Marks
[2020-05-08T10:55:15.123+0200][86590.613s] GC(187) Concurrent Clear Claimed Marks 0.070ms
[2020-05-08T10:55:15.123+0200][86590.613s] GC(187) Concurrent Scan Root Regions
[2020-05-08T10:55:15.123+0200][86590.613s] GC(187) Concurrent Scan Root Regions 0.484ms
[2020-05-08T10:55:15.123+0200][86590.613s] GC(187) Concurrent Mark (86590.613s)
[2020-05-08T10:55:15.123+0200][86590.613s] GC(187) Concurrent Mark From Roots
[2020-05-08T10:55:15.123+0200][86590.613s] GC(187) Using 3 workers of 3 for marking
[2020-05-08T10:55:15.140+0200][86590.630s] GC(187) Concurrent Mark From Roots 16.547ms
[2020-05-08T10:55:15.140+0200][86590.630s] GC(187) Concurrent Preclean
[2020-05-08T10:55:15.140+0200][86590.630s] GC(187) Concurrent Preclean 0.200ms
[2020-05-08T10:55:15.140+0200][86590.630s] GC(187) Concurrent Mark (86590.613s, 86590.630s) 16.808ms
[2020-05-08T10:55:15.140+0200][86590.630s] GC(187) Pause Remark
[2020-05-08T10:55:15.143+0200][86590.633s] GC(187) Cleaned string and symbol table, strings: 27697 processed, 0 removed, symbols: 165369 processed, 0 removed
[2020-05-08T10:55:15.144+0200][86590.634s] GC(187) Pause Remark 270M->167M(512M) 3.650ms
[2020-05-08T10:55:15.144+0200][86590.634s] GC(187) User=0.00s Sys=0.00s Real=0.00s
[2020-05-08T10:55:15.144+0200][86590.634s] GC(187) Concurrent Rebuild Remembered Sets
[2020-05-08T10:55:15.153+0200][86590.642s] GC(187) Concurrent Rebuild Remembered Sets 8.635ms
[2020-05-08T10:55:15.153+0200][86590.643s] GC(187) Pause Cleanup
[2020-05-08T10:55:15.153+0200][86590.643s] GC(187) Pause Cleanup 168M->168M(512M) 0.188ms
[2020-05-08T10:55:15.153+0200][86590.643s] GC(187) User=0.00s Sys=0.00s Real=0.00s
[2020-05-08T10:55:15.153+0200][86590.643s] GC(187) Concurrent Cleanup for Next Mark
[2020-05-08T10:55:15.153+0200][86590.643s] GC(187) Concurrent Cleanup for Next Mark 0.235ms
[2020-05-08T10:55:15.153+0200][86590.643s] GC(187) Concurrent Cycle 30.857ms
[2020-05-08T10:55:17.328+0200][86592.818s] GC(188) Pause Young (Prepare Mixed) (G1 Evacuation Pause)
[2020-05-08T10:55:17.328+0200][86592.818s] GC(188) Using 10 workers of 10 for evacuation
[2020-05-08T10:55:17.331+0200][86592.820s] GC(188)   Pre Evacuate Collection Set: 0.0ms
[2020-05-08T10:55:17.331+0200][86592.820s] GC(188)   Evacuate Collection Set: 1.6ms
[2020-05-08T10:55:17.331+0200][86592.820s] GC(188)   Post Evacuate Collection Set: 0.4ms
[2020-05-08T10:55:17.331+0200][86592.820s] GC(188)   Other: 0.1ms
[2020-05-08T10:55:17.331+0200][86592.820s] GC(188) Eden regions: 144->0(8)
[2020-05-08T10:55:17.331+0200][86592.820s] GC(188) Survivor regions: 2->17(19)
[2020-05-08T10:55:17.331+0200][86592.820s] GC(188) Old regions: 130->130
[2020-05-08T10:55:17.331+0200][86592.820s] GC(188) Humongous regions: 84->56
[2020-05-08T10:55:17.331+0200][86592.820s] GC(188) Metaspace: 60558K->60558K(1105920K)
[2020-05-08T10:55:17.331+0200][86592.820s] GC(188) Pause Young (Prepare Mixed) (G1 Evacuation Pause) 359M->202M(512M) 2.358ms
[2020-05-08T10:55:17.331+0200][86592.820s] GC(188) User=0.00s Sys=0.00s Real=0.00s
[2020-05-08T10:55:17.430+0200][86592.920s] GC(189) Pause Young (Mixed) (G1 Evacuation Pause)
[2020-05-08T10:55:17.430+0200][86592.920s] GC(189) Using 10 workers of 10 for evacuation
[2020-05-08T10:55:17.432+0200][86592.922s] GC(189)   Pre Evacuate Collection Set: 0.0ms
[2020-05-08T10:55:17.432+0200][86592.922s] GC(189)   Evacuate Collection Set: 1.7ms
[2020-05-08T10:55:17.432+0200][86592.922s] GC(189)   Post Evacuate Collection Set: 0.5ms
[2020-05-08T10:55:17.432+0200][86592.922s] GC(189)   Other: 0.2ms
[2020-05-08T10:55:17.432+0200][86592.922s] GC(189) Eden regions: 8->0(193)
[2020-05-08T10:55:17.432+0200][86592.922s] GC(189) Survivor regions: 17->1(4)
[2020-05-08T10:55:17.432+0200][86592.922s] GC(189) Old regions: 130->123
[2020-05-08T10:55:17.432+0200][86592.922s] GC(189) Humongous regions: 56->56
[2020-05-08T10:55:17.432+0200][86592.922s] GC(189) Metaspace: 60558K->60558K(1105920K)
[2020-05-08T10:55:17.432+0200][86592.922s] GC(189) Pause Young (Mixed) (G1 Evacuation Pause) 210M->179M(512M) 2.502ms
[2020-05-08T10:55:17.432+0200][86592.922s] GC(189) User=0.00s Sys=0.00s Real=0.00s
[2020-05-08T10:55:20.610+0200][86596.100s] GC(190) Pause Young (Normal) (G1 Evacuation Pause)
[2020-05-08T10:55:20.610+0200][86596.100s] GC(190) Using 10 workers of 10 for evacuation
[2020-05-08T10:55:20.613+0200][86596.102s] GC(190)   Pre Evacuate Collection Set: 0.0ms
[2020-05-08T10:55:20.613+0200][86596.102s] GC(190)   Evacuate Collection Set: 2.1ms
[2020-05-08T10:55:20.613+0200][86596.102s] GC(190)   Post Evacuate Collection Set: 0.5ms
[2020-05-08T10:55:20.613+0200][86596.102s] GC(190)   Other: 0.1ms
[2020-05-08T10:55:20.613+0200][86596.102s] GC(190) Eden regions: 193->0(167)
[2020-05-08T10:55:20.613+0200][86596.102s] GC(190) Survivor regions: 1->20(25)
[2020-05-08T10:55:20.613+0200][86596.102s] GC(190) Old regions: 123->123
[2020-05-08T10:55:20.613+0200][86596.102s] GC(190) Humongous regions: 128->89
[2020-05-08T10:55:20.613+0200][86596.102s] GC(190) Metaspace: 60560K->60560K(1105920K)
[2020-05-08T10:55:20.613+0200][86596.102s] GC(190) Pause Young (Normal) (G1 Evacuation Pause) 444M->230M(512M) 2.895ms
[2020-05-08T10:55:20.613+0200][86596.102s] GC(190) User=0.00s Sys=0.00s Real=0.00s
[2020-05-08T10:55:20.960+0200][86596.450s] GC(191) Pause Young (Normal) (G1 Evacuation Pause)
[2020-05-08T10:55:20.960+0200][86596.450s] GC(191) Using 10 workers of 10 for evacuation
[2020-05-08T10:55:20.963+0200][86596.452s] GC(191)   Pre Evacuate Collection Set: 0.0ms
[2020-05-08T10:55:20.963+0200][86596.452s] GC(191)   Evacuate Collection Set: 1.8ms
[2020-05-08T10:55:20.963+0200][86596.452s] GC(191)   Post Evacuate Collection Set: 0.5ms
[2020-05-08T10:55:20.963+0200][86596.452s] GC(191)   Other: 0.1ms
[2020-05-08T10:55:20.963+0200][86596.452s] GC(191) Eden regions: 167->0(175)
[2020-05-08T10:55:20.963+0200][86596.452s] GC(191) Survivor regions: 20->1(24)
[2020-05-08T10:55:20.963+0200][86596.452s] GC(191) Old regions: 123->142
[2020-05-08T10:55:20.963+0200][86596.452s] GC(191) Humongous regions: 89->89
[2020-05-08T10:55:20.963+0200][86596.452s] GC(191) Metaspace: 60560K->60560K(1105920K)
[2020-05-08T10:55:20.963+0200][86596.452s] GC(191) Pause Young (Normal) (G1 Evacuation Pause) 397M->230M(512M) 2.518ms
[2020-05-08T10:55:20.963+0200][86596.452s] GC(191) User=0.00s Sys=0.00s Real=0.00s
[2020-05-08T10:55:21.352+0200][86596.842s] GC(192) Pause Young (Concurrent Start) (G1 Evacuation Pause)
[2020-05-08T10:55:21.352+0200][86596.842s] GC(192) Using 10 workers of 10 for evacuation
[2020-05-08T10:55:21.354+0200][86596.843s] GC(192)   Pre Evacuate Collection Set: 0.1ms
[2020-05-08T10:55:21.354+0200][86596.843s] GC(192)   Evacuate Collection Set: 0.6ms
[2020-05-08T10:55:21.354+0200][86596.843s] GC(192)   Post Evacuate Collection Set: 0.4ms
[2020-05-08T10:55:21.354+0200][86596.843s] GC(192)   Other: 0.1ms
[2020-05-08T10:55:21.354+0200][86596.843s] GC(192) Eden regions: 175->0(183)
[2020-05-08T10:55:21.354+0200][86596.843s] GC(192) Survivor regions: 1->1(22)
[2020-05-08T10:55:21.354+0200][86596.843s] GC(192) Old regions: 142->142
[2020-05-08T10:55:21.354+0200][86596.843s] GC(192) Humongous regions: 89->89
[2020-05-08T10:55:21.354+0200][86596.843s] GC(192) Metaspace: 60560K->60560K(1105920K)
[2020-05-08T10:55:21.354+0200][86596.843s] GC(192) Pause Young (Concurrent Start) (G1 Evacuation Pause) 405M->230M(512M) 1.320ms
[2020-05-08T10:55:21.354+0200][86596.843s] GC(192) User=0.00s Sys=0.00s Real=0.00s
[2020-05-08T10:55:21.354+0200][86596.843s] GC(193) Concurrent Cycle
[2020-05-08T10:55:21.354+0200][86596.843s] GC(193) Concurrent Clear Claimed Marks
[2020-05-08T10:55:21.354+0200][86596.843s] GC(193) Concurrent Clear Claimed Marks 0.022ms
[2020-05-08T10:55:21.354+0200][86596.843s] GC(193) Concurrent Scan Root Regions
[2020-05-08T10:55:21.354+0200][86596.844s] GC(193) Concurrent Scan Root Regions 0.342ms
[2020-05-08T10:55:21.354+0200][86596.844s] GC(193) Concurrent Mark (86596.844s)
[2020-05-08T10:55:21.354+0200][86596.844s] GC(193) Concurrent Mark From Roots
[2020-05-08T10:55:21.354+0200][86596.844s] GC(193) Using 3 workers of 3 for marking
[2020-05-08T10:55:21.372+0200][86596.861s] GC(193) Concurrent Mark From Roots 17.938ms
[2020-05-08T10:55:21.372+0200][86596.862s] GC(193) Concurrent Preclean
[2020-05-08T10:55:21.372+0200][86596.862s] GC(193) Concurrent Preclean 0.200ms
[2020-05-08T10:55:21.372+0200][86596.862s] GC(193) Concurrent Mark (86596.844s, 86596.862s) 18.197ms
[2020-05-08T10:55:21.372+0200][86596.862s] GC(193) Pause Remark
[2020-05-08T10:55:21.375+0200][86596.865s] GC(193) Cleaned string and symbol table, strings: 27697 processed, 0 removed, symbols: 165369 processed, 0 removed
[2020-05-08T10:55:21.376+0200][86596.865s] GC(193) Pause Remark 240M->196M(512M) 3.192ms
[2020-05-08T10:55:21.376+0200][86596.865s] GC(193) User=0.16s Sys=0.00s Real=0.00s
[2020-05-08T10:55:21.376+0200][86596.865s] GC(193) Concurrent Rebuild Remembered Sets
[2020-05-08T10:55:21.385+0200][86596.875s] GC(193) Concurrent Rebuild Remembered Sets 9.517ms
[2020-05-08T10:55:21.386+0200][86596.875s] GC(193) Pause Cleanup
[2020-05-08T10:55:21.386+0200][86596.875s] GC(193) Pause Cleanup 203M->203M(512M) 0.119ms
[2020-05-08T10:55:21.386+0200][86596.875s] GC(193) User=0.00s Sys=0.00s Real=0.00s
[2020-05-08T10:55:21.386+0200][86596.875s] GC(193) Concurrent Cleanup for Next Mark
[2020-05-08T10:55:21.386+0200][86596.875s] GC(193) Concurrent Cleanup for Next Mark 0.247ms
[2020-05-08T10:55:21.386+0200][86596.875s] GC(193) Concurrent Cycle 32.302ms
[2020-05-08T10:55:21.837+0200][86597.326s] GC(194) Pause Young (Prepare Mixed) (G1 Evacuation Pause)
[2020-05-08T10:55:21.837+0200][86597.326s] GC(194) Using 10 workers of 10 for evacuation
[2020-05-08T10:55:21.838+0200][86597.327s] GC(194)   Pre Evacuate Collection Set: 0.0ms
[2020-05-08T10:55:21.838+0200][86597.327s] GC(194)   Evacuate Collection Set: 0.6ms
[2020-05-08T10:55:21.838+0200][86597.327s] GC(194)   Post Evacuate Collection Set: 0.3ms
[2020-05-08T10:55:21.838+0200][86597.327s] GC(194)   Other: 0.1ms
[2020-05-08T10:55:21.838+0200][86597.327s] GC(194) Eden regions: 183->0(24)
[2020-05-08T10:55:21.838+0200][86597.327s] GC(194) Survivor regions: 1->1(23)
[2020-05-08T10:55:21.838+0200][86597.327s] GC(194) Old regions: 142->142
[2020-05-08T10:55:21.838+0200][86597.327s] GC(194) Humongous regions: 45->45
[2020-05-08T10:55:21.838+0200][86597.327s] GC(194) Metaspace: 60560K->60560K(1105920K)
[2020-05-08T10:55:21.838+0200][86597.327s] GC(194) Pause Young (Prepare Mixed) (G1 Evacuation Pause) 369M->186M(512M) 1.166ms
[2020-05-08T10:55:21.838+0200][86597.327s] GC(194) User=0.00s Sys=0.00s Real=0.00s
[2020-05-08T10:55:21.904+0200][86597.394s] GC(195) Pause Young (Mixed) (G1 Evacuation Pause)
[2020-05-08T10:55:21.904+0200][86597.394s] GC(195) Using 10 workers of 10 for evacuation
[2020-05-08T10:55:21.906+0200][86597.395s] GC(195)   Pre Evacuate Collection Set: 0.0ms
[2020-05-08T10:55:21.906+0200][86597.395s] GC(195)   Evacuate Collection Set: 0.4ms
[2020-05-08T10:55:21.906+0200][86597.395s] GC(195)   Post Evacuate Collection Set: 0.4ms
[2020-05-08T10:55:21.906+0200][86597.395s] GC(195)   Other: 0.1ms
[2020-05-08T10:55:21.906+0200][86597.395s] GC(195) Eden regions: 24->0(219)
[2020-05-08T10:55:21.906+0200][86597.395s] GC(195) Survivor regions: 1->1(4)
[2020-05-08T10:55:21.906+0200][86597.395s] GC(195) Old regions: 142->139
[2020-05-08T10:55:21.906+0200][86597.395s] GC(195) Humongous regions: 45->45
[2020-05-08T10:55:21.906+0200][86597.395s] GC(195) Metaspace: 60560K->60560K(1105920K)
[2020-05-08T10:55:21.906+0200][86597.395s] GC(195) Pause Young (Mixed) (G1 Evacuation Pause) 210M->184M(512M) 1.105ms
[2020-05-08T10:55:21.906+0200][86597.395s] GC(195) User=0.00s Sys=0.00s Real=0.00s
[2020-05-08T11:30:44.009+0200][88719.498s] GC(196) Pause Young (Normal) (G1 Evacuation Pause)
[2020-05-08T11:30:44.009+0200][88719.498s] GC(196) Using 10 workers of 10 for evacuation
[2020-05-08T11:30:44.009+0200][88719.500s] GC(196)   Pre Evacuate Collection Set: 0.0ms
[2020-05-08T11:30:44.010+0200][88719.500s] GC(196)   Evacuate Collection Set: 0.8ms
[2020-05-08T11:30:44.010+0200][88719.500s] GC(196)   Post Evacuate Collection Set: 0.5ms
[2020-05-08T11:30:44.010+0200][88719.500s] GC(196)   Other: 0.1ms
[2020-05-08T11:30:44.010+0200][88719.500s] GC(196) Eden regions: 219->0(226)
[2020-05-08T11:30:44.010+0200][88719.500s] GC(196) Survivor regions: 1->2(28)
[2020-05-08T11:30:44.010+0200][88719.500s] GC(196) Old regions: 139->139
[2020-05-08T11:30:44.010+0200][88719.500s] GC(196) Humongous regions: 45->45
[2020-05-08T11:30:44.010+0200][88719.500s] GC(196) Metaspace: 60716K->60716K(1105920K)
[2020-05-08T11:30:44.010+0200][88719.500s] GC(196) Pause Young (Normal) (G1 Evacuation Pause) 403M->185M(512M) 1.628ms
[2020-05-08T11:30:44.010+0200][88719.500s] GC(196) User=0.00s Sys=0.00s Real=0.00s
[2020-05-08T12:44:17.610+0200][93133.100s] GC(197) Pause Young (Concurrent Start) (G1 Humongous Allocation)
[2020-05-08T12:44:17.610+0200][93133.100s] GC(197) Using 10 workers of 10 for evacuation
[2020-05-08T12:44:17.621+0200][93133.110s] GC(197)   Pre Evacuate Collection Set: 0.9ms
[2020-05-08T12:44:17.621+0200][93133.110s] GC(197)   Evacuate Collection Set: 7.9ms
[2020-05-08T12:44:17.621+0200][93133.110s] GC(197)   Post Evacuate Collection Set: 0.8ms
[2020-05-08T12:44:17.621+0200][93133.110s] GC(197)   Other: 0.8ms
[2020-05-08T12:44:17.621+0200][93133.110s] GC(197) Eden regions: 108->0(221)
[2020-05-08T12:44:17.621+0200][93133.110s] GC(197) Survivor regions: 2->5(29)
[2020-05-08T12:44:17.621+0200][93133.110s] GC(197) Old regions: 139->139
[2020-05-08T12:44:17.621+0200][93133.110s] GC(197) Humongous regions: 45->45
[2020-05-08T12:44:17.621+0200][93133.110s] GC(197) Metaspace: 60768K->60768K(1105920K)
[2020-05-08T12:44:17.621+0200][93133.110s] GC(197) Pause Young (Concurrent Start) (G1 Humongous Allocation) 293M->187M(512M) 10.543ms
[2020-05-08T12:44:17.621+0200][93133.110s] GC(197) User=0.00s Sys=0.00s Real=0.01s
[2020-05-08T12:44:17.621+0200][93133.110s] GC(198) Concurrent Cycle
[2020-05-08T12:44:17.621+0200][93133.110s] GC(198) Concurrent Clear Claimed Marks
[2020-05-08T12:44:17.621+0200][93133.110s] GC(198) Concurrent Clear Claimed Marks 0.066ms
[2020-05-08T12:44:17.621+0200][93133.110s] GC(198) Concurrent Scan Root Regions
[2020-05-08T12:44:17.625+0200][93133.115s] GC(198) Concurrent Scan Root Regions 4.577ms
[2020-05-08T12:44:17.625+0200][93133.115s] GC(198) Concurrent Mark (93133.115s)
[2020-05-08T12:44:17.625+0200][93133.115s] GC(198) Concurrent Mark From Roots
[2020-05-08T12:44:17.625+0200][93133.115s] GC(198) Using 3 workers of 3 for marking
[2020-05-08T12:44:17.811+0200][93133.300s] GC(198) Concurrent Mark From Roots 185.143ms
[2020-05-08T12:44:17.811+0200][93133.300s] GC(198) Concurrent Preclean
[2020-05-08T12:44:17.811+0200][93133.301s] GC(198) Concurrent Preclean 0.548ms
[2020-05-08T12:44:17.811+0200][93133.301s] GC(198) Concurrent Mark (93133.115s, 93133.301s) 185.814ms
[2020-05-08T12:44:17.811+0200][93133.301s] GC(198) Pause Remark
[2020-05-08T12:44:17.823+0200][93133.312s] GC(198) Cleaned string and symbol table, strings: 27791 processed, 1 removed, symbols: 165427 processed, 4 removed
[2020-05-08T12:44:17.823+0200][93133.312s] GC(198) Pause Remark 196M->196M(512M) 11.154ms
[2020-05-08T12:44:17.823+0200][93133.312s] GC(198) User=0.08s Sys=0.02s Real=0.01s
[2020-05-08T12:44:17.823+0200][93133.312s] GC(198) Concurrent Rebuild Remembered Sets
[2020-05-08T12:44:17.841+0200][93133.331s] GC(198) Concurrent Rebuild Remembered Sets 18.583ms
[2020-05-08T12:44:17.842+0200][93133.331s] GC(198) Pause Cleanup
[2020-05-08T12:44:17.842+0200][93133.332s] GC(198) Pause Cleanup 197M->197M(512M) 0.215ms
[2020-05-08T12:44:17.842+0200][93133.332s] GC(198) User=0.00s Sys=0.00s Real=0.00s
[2020-05-08T12:44:17.842+0200][93133.332s] GC(198) Concurrent Cleanup for Next Mark
[2020-05-08T12:44:17.845+0200][93133.335s] GC(198) Concurrent Cleanup for Next Mark 2.907ms
[2020-05-08T12:44:17.845+0200][93133.335s] GC(198) Concurrent Cycle 224.331ms
[2020-05-08T13:23:11.651+0200][95467.140s] GC(199) Pause Young (Prepare Mixed) (G1 Evacuation Pause)
[2020-05-08T13:23:11.651+0200][95467.141s] GC(199) Using 10 workers of 10 for evacuation
[2020-05-08T13:23:11.660+0200][95467.149s] GC(199)   Pre Evacuate Collection Set: 0.1ms
[2020-05-08T13:23:11.660+0200][95467.149s] GC(199)   Evacuate Collection Set: 7.5ms
[2020-05-08T13:23:11.660+0200][95467.149s] GC(199)   Post Evacuate Collection Set: 0.8ms
[2020-05-08T13:23:11.660+0200][95467.149s] GC(199)   Other: 0.2ms
[2020-05-08T13:23:11.660+0200][95467.149s] GC(199) Eden regions: 221->0(9)
[2020-05-08T13:23:11.660+0200][95467.149s] GC(199) Survivor regions: 5->16(29)
[2020-05-08T13:23:11.660+0200][95467.149s] GC(199) Old regions: 139->139
[2020-05-08T13:23:11.660+0200][95467.149s] GC(199) Humongous regions: 46->45
[2020-05-08T13:23:11.660+0200][95467.149s] GC(199) Metaspace: 61045K->61045K(1105920K)
[2020-05-08T13:23:11.660+0200][95467.149s] GC(199) Pause Young (Prepare Mixed) (G1 Evacuation Pause) 409M->199M(512M) 8.733ms
[2020-05-08T13:23:11.660+0200][95467.149s] GC(199) User=0.08s Sys=0.06s Real=0.01s
[2020-05-08T13:23:11.686+0200][95467.176s] GC(200) Pause Young (Mixed) (G1 Evacuation Pause)
[2020-05-08T13:23:11.686+0200][95467.176s] GC(200) Using 10 workers of 10 for evacuation
[2020-05-08T13:23:11.704+0200][95467.194s] GC(200)   Pre Evacuate Collection Set: 0.0ms
[2020-05-08T13:23:11.704+0200][95467.194s] GC(200)   Evacuate Collection Set: 17.1ms
[2020-05-08T13:23:11.704+0200][95467.194s] GC(200)   Post Evacuate Collection Set: 0.2ms
[2020-05-08T13:23:11.704+0200][95467.194s] GC(200)   Other: 0.2ms
[2020-05-08T13:23:11.704+0200][95467.194s] GC(200) Eden regions: 9->0(216)
[2020-05-08T13:23:11.704+0200][95467.194s] GC(200) Survivor regions: 16->2(4)
[2020-05-08T13:23:11.704+0200][95467.194s] GC(200) Old regions: 139->150
[2020-05-08T13:23:11.704+0200][95467.194s] GC(200) Humongous regions: 45->45
[2020-05-08T13:23:11.704+0200][95467.194s] GC(200) Metaspace: 61055K->61055K(1105920K)
[2020-05-08T13:23:11.704+0200][95467.194s] GC(200) Pause Young (Mixed) (G1 Evacuation Pause) 208M->196M(512M) 17.655ms
[2020-05-08T13:23:11.704+0200][95467.194s] GC(200) User=0.13s Sys=0.00s Real=0.02s
[2020-05-08T13:26:30.259+0200][95665.748s] GC(201) Pause Young (Concurrent Start) (G1 Humongous Allocation)
[2020-05-08T13:26:30.259+0200][95665.748s] GC(201) Using 10 workers of 10 for evacuation
[2020-05-08T13:26:30.263+0200][95665.754s] GC(201)   Pre Evacuate Collection Set: 0.1ms
[2020-05-08T13:26:30.263+0200][95665.754s] GC(201)   Evacuate Collection Set: 4.4ms
[2020-05-08T13:26:30.263+0200][95665.754s] GC(201)   Post Evacuate Collection Set: 0.4ms
[2020-05-08T13:26:30.263+0200][95665.754s] GC(201)   Other: 0.3ms
[2020-05-08T13:26:30.264+0200][95665.754s] GC(201) Eden regions: 20->0(212)
[2020-05-08T13:26:30.264+0200][95665.754s] GC(201) Survivor regions: 2->7(28)
[2020-05-08T13:26:30.264+0200][95665.754s] GC(201) Old regions: 150->150
[2020-05-08T13:26:30.264+0200][95665.754s] GC(201) Humongous regions: 45->45
[2020-05-08T13:26:30.264+0200][95665.754s] GC(201) Metaspace: 61101K->61101K(1105920K)
[2020-05-08T13:26:30.264+0200][95665.754s] GC(201) Pause Young (Concurrent Start) (G1 Humongous Allocation) 215M->200M(512M) 5.520ms
[2020-05-08T13:26:30.264+0200][95665.754s] GC(201) User=0.00s Sys=0.00s Real=0.00s
[2020-05-08T13:26:30.264+0200][95665.754s] GC(202) Concurrent Cycle
[2020-05-08T13:26:30.264+0200][95665.754s] GC(202) Concurrent Clear Claimed Marks
[2020-05-08T13:26:30.264+0200][95665.754s] GC(202) Concurrent Clear Claimed Marks 0.090ms
[2020-05-08T13:26:30.264+0200][95665.754s] GC(202) Concurrent Scan Root Regions
[2020-05-08T13:26:30.267+0200][95665.756s] GC(202) Concurrent Scan Root Regions 2.137ms
[2020-05-08T13:26:30.267+0200][95665.756s] GC(202) Concurrent Mark (95665.756s)
[2020-05-08T13:26:30.267+0200][95665.756s] GC(202) Concurrent Mark From Roots
[2020-05-08T13:26:30.267+0200][95665.756s] GC(202) Using 3 workers of 3 for marking
[2020-05-08T13:26:30.299+0200][95665.789s] GC(202) Concurrent Mark From Roots 32.313ms
[2020-05-08T13:26:30.299+0200][95665.789s] GC(202) Concurrent Preclean
[2020-05-08T13:26:30.300+0200][95665.789s] GC(202) Concurrent Preclean 0.529ms
[2020-05-08T13:26:30.300+0200][95665.789s] GC(202) Concurrent Mark (95665.756s, 95665.789s) 32.980ms
[2020-05-08T13:26:30.300+0200][95665.790s] GC(202) Pause Remark
[2020-05-08T13:26:30.325+0200][95665.815s] GC(202) Cleaned string and symbol table, strings: 28089 processed, 102 removed, symbols: 165475 processed, 6 removed
[2020-05-08T13:26:30.325+0200][95665.815s] GC(202) Pause Remark 203M->108M(512M) 25.851ms
[2020-05-08T13:26:30.325+0200][95665.816s] GC(202) User=0.09s Sys=0.06s Real=0.03s
[2020-05-08T13:26:30.326+0200][95665.816s] GC(202) Concurrent Rebuild Remembered Sets
[2020-05-08T13:26:30.342+0200][95665.832s] GC(202) Concurrent Rebuild Remembered Sets 16.346ms
[2020-05-08T13:26:30.343+0200][95665.832s] GC(202) Pause Cleanup
[2020-05-08T13:26:30.343+0200][95665.832s] GC(202) Pause Cleanup 109M->109M(512M) 0.171ms
[2020-05-08T13:26:30.343+0200][95665.832s] GC(202) User=0.00s Sys=0.00s Real=0.00s
[2020-05-08T13:26:30.343+0200][95665.832s] GC(202) Concurrent Cleanup for Next Mark
[2020-05-08T13:26:30.344+0200][95665.834s] GC(202) Concurrent Cleanup for Next Mark 1.895ms
[2020-05-08T13:26:30.344+0200][95665.834s] GC(202) Concurrent Cycle 80.350ms
[2020-05-08T14:55:38.110+0200][101013.600s] GC(203) Pause Young (Prepare Mixed) (G1 Evacuation Pause)
[2020-05-08T14:55:38.110+0200][101013.600s] GC(203) Using 10 workers of 10 for evacuation
[2020-05-08T14:55:38.118+0200][101013.608s] GC(203)   Pre Evacuate Collection Set: 0.3ms
[2020-05-08T14:55:38.118+0200][101013.608s] GC(203)   Evacuate Collection Set: 6.5ms
[2020-05-08T14:55:38.118+0200][101013.608s] GC(203)   Post Evacuate Collection Set: 1.2ms
[2020-05-08T14:55:38.118+0200][101013.608s] GC(203)   Other: 0.4ms
[2020-05-08T14:55:38.118+0200][101013.608s] GC(203) Eden regions: 212->0(20)
[2020-05-08T14:55:38.118+0200][101013.608s] GC(203) Survivor regions: 7->5(28)
[2020-05-08T14:55:38.118+0200][101013.608s] GC(203) Old regions: 93->93
[2020-05-08T14:55:38.118+0200][101013.608s] GC(203) Humongous regions: 8->7
[2020-05-08T14:55:38.118+0200][101013.608s] GC(203) Metaspace: 61166K->61166K(1105920K)
[2020-05-08T14:55:38.119+0200][101013.608s] GC(203) Pause Young (Prepare Mixed) (G1 Evacuation Pause) 318M->104M(512M) 8.505ms
[2020-05-08T14:55:38.119+0200][101013.608s] GC(203) User=0.00s Sys=0.00s Real=0.01s
[2020-05-08T15:07:31.339+0200][101726.829s] GC(204) Pause Young (Mixed) (G1 Evacuation Pause)
[2020-05-08T15:07:31.339+0200][101726.829s] GC(204) Using 10 workers of 10 for evacuation
[2020-05-08T15:07:31.351+0200][101726.841s] GC(204)   Pre Evacuate Collection Set: 0.1ms
[2020-05-08T15:07:31.352+0200][101726.841s] GC(204)   Evacuate Collection Set: 11.0ms
[2020-05-08T15:07:31.352+0200][101726.841s] GC(204)   Post Evacuate Collection Set: 0.7ms
[2020-05-08T15:07:31.352+0200][101726.841s] GC(204)   Other: 0.5ms
[2020-05-08T15:07:31.352+0200][101726.841s] GC(204) Eden regions: 20->0(303)
[2020-05-08T15:07:31.352+0200][101726.841s] GC(204) Survivor regions: 5->4(4)
[2020-05-08T15:07:31.352+0200][101726.841s] GC(204) Old regions: 93->80
[2020-05-08T15:07:31.352+0200][101726.841s] GC(204) Humongous regions: 7->7
[2020-05-08T15:07:31.352+0200][101726.841s] GC(204) Metaspace: 61166K->61166K(1105920K)
[2020-05-08T15:07:31.352+0200][101726.841s] GC(204) Pause Young (Mixed) (G1 Evacuation Pause) 124M->89M(512M) 12.561ms
[2020-05-08T15:07:31.352+0200][101726.841s] GC(204) User=0.06s Sys=0.08s Real=0.01s
[2020-05-08T16:24:06.047+0200][106321.536s] GC(205) Pause Young (Concurrent Start) (G1 Evacuation Pause)
[2020-05-08T16:24:06.047+0200][106321.536s] GC(205) Using 10 workers of 10 for evacuation
[2020-05-08T16:24:06.052+0200][106321.541s] GC(205)   Pre Evacuate Collection Set: 0.1ms
[2020-05-08T16:24:06.052+0200][106321.542s] GC(205)   Evacuate Collection Set: 4.0ms
[2020-05-08T16:24:06.052+0200][106321.542s] GC(205)   Post Evacuate Collection Set: 0.6ms
[2020-05-08T16:24:06.052+0200][106321.542s] GC(205)   Other: 0.4ms
[2020-05-08T16:24:06.052+0200][106321.542s] GC(205) Eden regions: 303->0(301)
[2020-05-08T16:24:06.052+0200][106321.542s] GC(205) Survivor regions: 4->6(39)
[2020-05-08T16:24:06.052+0200][106321.542s] GC(205) Old regions: 80->80
[2020-05-08T16:24:06.052+0200][106321.542s] GC(205) Humongous regions: 7->7
[2020-05-08T16:24:06.052+0200][106321.542s] GC(205) Metaspace: 61208K->61208K(1105920K)
[2020-05-08T16:24:06.052+0200][106321.542s] GC(205) Pause Young (Concurrent Start) (G1 Evacuation Pause) 392M->91M(512M) 5.350ms
[2020-05-08T16:24:06.052+0200][106321.542s] GC(205) User=0.00s Sys=0.00s Real=0.01s
[2020-05-08T16:24:06.052+0200][106321.542s] GC(206) Concurrent Cycle
[2020-05-08T16:24:06.052+0200][106321.542s] GC(206) Concurrent Clear Claimed Marks
[2020-05-08T16:24:06.052+0200][106321.542s] GC(206) Concurrent Clear Claimed Marks 0.057ms
[2020-05-08T16:24:06.052+0200][106321.542s] GC(206) Concurrent Scan Root Regions
[2020-05-08T16:24:06.054+0200][106321.544s] GC(206) Concurrent Scan Root Regions 2.158ms
[2020-05-08T16:24:06.054+0200][106321.544s] GC(206) Concurrent Mark (106321.544s)
[2020-05-08T16:24:06.054+0200][106321.544s] GC(206) Concurrent Mark From Roots
[2020-05-08T16:24:06.054+0200][106321.544s] GC(206) Using 3 workers of 3 for marking
[2020-05-08T16:24:06.106+0200][106321.596s] GC(206) Concurrent Mark From Roots 51.954ms
[2020-05-08T16:24:06.106+0200][106321.596s] GC(206) Concurrent Preclean
[2020-05-08T16:24:06.106+0200][106321.596s] GC(206) Concurrent Preclean 0.225ms
[2020-05-08T16:24:06.106+0200][106321.596s] GC(206) Concurrent Mark (106321.544s, 106321.596s) 52.257ms
[2020-05-08T16:24:06.107+0200][106321.597s] GC(206) Pause Remark
[2020-05-08T16:24:06.170+0200][106321.660s] GC(206) Cleaned string and symbol table, strings: 28108 processed, 12 removed, symbols: 165517 processed, 44 removed
[2020-05-08T16:24:06.171+0200][106321.660s] GC(206) Pause Remark 107M->107M(512M) 63.695ms
[2020-05-08T16:24:06.171+0200][106321.660s] GC(206) User=0.09s Sys=0.33s Real=0.06s
[2020-05-08T16:24:06.171+0200][106321.660s] GC(206) Concurrent Rebuild Remembered Sets
[2020-05-08T16:24:06.181+0200][106321.671s] GC(206) Concurrent Rebuild Remembered Sets 10.344ms
[2020-05-08T16:24:06.181+0200][106321.671s] GC(206) Pause Cleanup
[2020-05-08T16:24:06.181+0200][106321.671s] GC(206) Pause Cleanup 115M->115M(512M) 0.115ms
[2020-05-08T16:24:06.181+0200][106321.671s] GC(206) User=0.00s Sys=0.00s Real=0.00s
[2020-05-08T16:24:06.181+0200][106321.671s] GC(206) Concurrent Cleanup for Next Mark
[2020-05-08T16:24:06.184+0200][106321.673s] GC(206) Concurrent Cleanup for Next Mark 1.678ms
[2020-05-08T16:24:06.184+0200][106321.673s] GC(206) Concurrent Cycle 130.989ms
[2020-05-08T17:10:02.777+0200][109078.267s] GC(207) Pause Young (Prepare Mixed) (G1 Evacuation Pause)
[2020-05-08T17:10:02.777+0200][109078.267s] GC(207) Using 10 workers of 10 for evacuation
[2020-05-08T17:10:02.779+0200][109078.269s] GC(207)   Pre Evacuate Collection Set: 0.0ms
[2020-05-08T17:10:02.779+0200][109078.269s] GC(207)   Evacuate Collection Set: 1.1ms
[2020-05-08T17:10:02.779+0200][109078.269s] GC(207)   Post Evacuate Collection Set: 0.5ms
[2020-05-08T17:10:02.779+0200][109078.269s] GC(207)   Other: 0.2ms
[2020-05-08T17:10:02.779+0200][109078.269s] GC(207) Eden regions: 301->0(22)
[2020-05-08T17:10:02.779+0200][109078.269s] GC(207) Survivor regions: 6->3(39)
[2020-05-08T17:10:02.779+0200][109078.269s] GC(207) Old regions: 80->80
[2020-05-08T17:10:02.779+0200][109078.269s] GC(207) Humongous regions: 7->7
[2020-05-08T17:10:02.779+0200][109078.269s] GC(207) Metaspace: 61066K->61066K(1105920K)
[2020-05-08T17:10:02.779+0200][109078.269s] GC(207) Pause Young (Prepare Mixed) (G1 Evacuation Pause) 392M->89M(512M) 1.940ms
[2020-05-08T17:10:02.779+0200][109078.269s] GC(207) User=0.00s Sys=0.00s Real=0.00s
[2020-05-08T17:10:03.044+0200][109078.533s] GC(208) Pause Young (Mixed) (G1 Evacuation Pause)
[2020-05-08T17:10:03.044+0200][109078.533s] GC(208) Using 10 workers of 10 for evacuation
[2020-05-08T17:10:03.047+0200][109078.537s] GC(208)   Pre Evacuate Collection Set: 0.0ms
[2020-05-08T17:10:03.047+0200][109078.537s] GC(208)   Evacuate Collection Set: 2.9ms
[2020-05-08T17:10:03.047+0200][109078.537s] GC(208)   Post Evacuate Collection Set: 0.4ms
[2020-05-08T17:10:03.047+0200][109078.537s] GC(208)   Other: 0.2ms
[2020-05-08T17:10:03.047+0200][109078.537s] GC(208) Eden regions: 22->0(306)
[2020-05-08T17:10:03.047+0200][109078.537s] GC(208) Survivor regions: 3->1(4)
[2020-05-08T17:10:03.047+0200][109078.537s] GC(208) Old regions: 80->77
[2020-05-08T17:10:03.047+0200][109078.537s] GC(208) Humongous regions: 7->7
[2020-05-08T17:10:03.047+0200][109078.537s] GC(208) Metaspace: 61066K->61066K(1105920K)
[2020-05-08T17:10:03.047+0200][109078.537s] GC(208) Pause Young (Mixed) (G1 Evacuation Pause) 111M->83M(512M) 3.686ms
[2020-05-08T17:10:03.047+0200][109078.537s] GC(208) User=0.00s Sys=0.00s Real=0.00s
[2020-05-08T17:52:53.284+0200][111649.911s] GC(209) Pause Young (Concurrent Start) (G1 Humongous Allocation)
[2020-05-08T17:52:53.284+0200][111649.911s] GC(209) Using 10 workers of 10 for evacuation
[2020-05-08T17:52:53.288+0200][111649.915s] GC(209)   Pre Evacuate Collection Set: 0.1ms
[2020-05-08T17:52:53.288+0200][111649.915s] GC(209)   Evacuate Collection Set: 3.1ms
[2020-05-08T17:52:53.288+0200][111649.915s] GC(209)   Post Evacuate Collection Set: 0.5ms
[2020-05-08T17:52:53.288+0200][111649.915s] GC(209)   Other: 0.2ms
[2020-05-08T17:52:53.288+0200][111649.915s] GC(209) Eden regions: 283->0(284)
[2020-05-08T17:52:53.288+0200][111649.915s] GC(209) Survivor regions: 1->23(39)
[2020-05-08T17:52:53.288+0200][111649.915s] GC(209) Old regions: 77->77
[2020-05-08T17:52:53.288+0200][111649.915s] GC(209) Humongous regions: 7->7
[2020-05-08T17:52:53.288+0200][111649.915s] GC(209) Metaspace: 61171K->61171K(1105920K)
[2020-05-08T17:52:53.288+0200][111649.915s] GC(209) Pause Young (Concurrent Start) (G1 Humongous Allocation) 366M->105M(512M) 4.139ms
[2020-05-08T17:52:53.288+0200][111649.915s] GC(209) User=0.00s Sys=0.00s Real=0.00s
[2020-05-08T17:52:53.288+0200][111649.916s] GC(210) Concurrent Cycle
[2020-05-08T17:52:53.288+0200][111649.916s] GC(210) Concurrent Clear Claimed Marks
[2020-05-08T17:52:53.288+0200][111649.916s] GC(210) Concurrent Clear Claimed Marks 0.056ms
[2020-05-08T17:52:53.288+0200][111649.916s] GC(210) Concurrent Scan Root Regions
[2020-05-08T17:52:53.288+0200][111649.916s] GC(210) Concurrent Scan Root Regions 0.814ms
[2020-05-08T17:52:53.288+0200][111649.917s] GC(210) Concurrent Mark (111649.917s)
[2020-05-08T17:52:53.288+0200][111649.917s] GC(210) Concurrent Mark From Roots
[2020-05-08T17:52:53.288+0200][111649.917s] GC(210) Using 3 workers of 3 for marking
[2020-05-08T17:52:53.307+0200][111649.935s] GC(210) Concurrent Mark From Roots 18.471ms
[2020-05-08T17:52:53.307+0200][111649.935s] GC(210) Concurrent Preclean
[2020-05-08T17:52:53.307+0200][111649.935s] GC(210) Concurrent Preclean 0.220ms
[2020-05-08T17:52:53.307+0200][111649.935s] GC(210) Concurrent Mark (111649.917s, 111649.935s) 18.751ms
[2020-05-08T17:52:53.307+0200][111649.935s] GC(210) Pause Remark
[2020-05-08T17:52:53.314+0200][111649.943s] GC(210) Cleaned string and symbol table, strings: 28175 processed, 10 removed, symbols: 165525 processed, 14 removed
[2020-05-08T17:52:53.315+0200][111649.943s] GC(210) Pause Remark 108M->108M(512M) 7.452ms
[2020-05-08T17:52:53.315+0200][111649.943s] GC(210) User=0.00s Sys=0.00s Real=0.01s
[2020-05-08T17:52:53.315+0200][111649.943s] GC(210) Concurrent Rebuild Remembered Sets
[2020-05-08T17:52:53.324+0200][111649.953s] GC(210) Concurrent Rebuild Remembered Sets 9.550ms
[2020-05-08T17:52:53.325+0200][111649.953s] GC(210) Pause Cleanup
[2020-05-08T17:52:53.325+0200][111649.953s] GC(210) Pause Cleanup 110M->110M(512M) 0.124ms
[2020-05-08T17:52:53.325+0200][111649.953s] GC(210) User=0.00s Sys=0.00s Real=0.00s
[2020-05-08T17:52:53.325+0200][111649.953s] GC(210) Concurrent Cleanup for Next Mark
[2020-05-08T17:52:53.326+0200][111649.954s] GC(210) Concurrent Cleanup for Next Mark 1.327ms
[2020-05-08T17:52:53.326+0200][111649.954s] GC(210) Concurrent Cycle 38.804ms
[2020-05-08T18:23:30.757+0200][113487.385s] GC(211) Pause Young (Prepare Mixed) (G1 Evacuation Pause)
[2020-05-08T18:23:30.757+0200][113487.385s] GC(211) Using 10 workers of 10 for evacuation
[2020-05-08T18:23:30.763+0200][113487.390s] GC(211)   Pre Evacuate Collection Set: 0.0ms
[2020-05-08T18:23:30.763+0200][113487.390s] GC(211)   Evacuate Collection Set: 4.7ms
[2020-05-08T18:23:30.763+0200][113487.390s] GC(211)   Post Evacuate Collection Set: 0.6ms
[2020-05-08T18:23:30.763+0200][113487.390s] GC(211)   Other: 0.2ms
[2020-05-08T18:23:30.763+0200][113487.390s] GC(211) Eden regions: 284->0(15)
[2020-05-08T18:23:30.763+0200][113487.390s] GC(211) Survivor regions: 23->10(39)
[2020-05-08T18:23:30.763+0200][113487.390s] GC(211) Old regions: 77->78
[2020-05-08T18:23:30.763+0200][113487.390s] GC(211) Humongous regions: 11->9
[2020-05-08T18:23:30.763+0200][113487.390s] GC(211) Metaspace: 61123K->61123K(1105920K)
[2020-05-08T18:23:30.763+0200][113487.390s] GC(211) Pause Young (Prepare Mixed) (G1 Evacuation Pause) 393M->96M(512M) 5.549ms
[2020-05-08T18:23:30.763+0200][113487.391s] GC(211) User=0.00s Sys=0.00s Real=0.01s
[2020-05-08T18:23:30.789+0200][113487.417s] GC(212) Pause Young (Mixed) (G1 Evacuation Pause)
[2020-05-08T18:23:30.789+0200][113487.417s] GC(212) Using 10 workers of 10 for evacuation
[2020-05-08T18:23:30.793+0200][113487.421s] GC(212)   Pre Evacuate Collection Set: 0.0ms
[2020-05-08T18:23:30.793+0200][113487.421s] GC(212)   Evacuate Collection Set: 3.0ms
[2020-05-08T18:23:30.793+0200][113487.421s] GC(212)   Post Evacuate Collection Set: 0.4ms
[2020-05-08T18:23:30.793+0200][113487.421s] GC(212)   Other: 0.2ms
[2020-05-08T18:23:30.793+0200][113487.421s] GC(212) Eden regions: 15->0(306)
[2020-05-08T18:23:30.793+0200][113487.421s] GC(212) Survivor regions: 10->1(4)
[2020-05-08T18:23:30.793+0200][113487.421s] GC(212) Old regions: 78->86
[2020-05-08T18:23:30.793+0200][113487.421s] GC(212) Humongous regions: 9->9
[2020-05-08T18:23:30.793+0200][113487.421s] GC(212) Metaspace: 61123K->61123K(1105920K)
[2020-05-08T18:23:30.793+0200][113487.421s] GC(212) Pause Young (Mixed) (G1 Evacuation Pause) 111M->94M(512M) 3.720ms
[2020-05-08T18:23:30.793+0200][113487.421s] GC(212) User=0.00s Sys=0.00s Real=0.00s
[2020-05-08T19:03:04.955+0200][115861.583s] GC(213) Pause Young (Concurrent Start) (G1 Humongous Allocation)
[2020-05-08T19:03:04.955+0200][115861.583s] GC(213) Using 10 workers of 10 for evacuation
[2020-05-08T19:03:04.958+0200][115861.585s] GC(213)   Pre Evacuate Collection Set: 0.1ms
[2020-05-08T19:03:04.958+0200][115861.585s] GC(213)   Evacuate Collection Set: 1.9ms
[2020-05-08T19:03:04.958+0200][115861.585s] GC(213)   Post Evacuate Collection Set: 0.4ms
[2020-05-08T19:03:04.958+0200][115861.585s] GC(213)   Other: 0.3ms
[2020-05-08T19:03:04.958+0200][115861.585s] GC(213) Eden regions: 100->0(297)
[2020-05-08T19:03:04.958+0200][115861.585s] GC(213) Survivor regions: 1->10(39)
[2020-05-08T19:03:04.958+0200][115861.585s] GC(213) Old regions: 86->86
[2020-05-08T19:03:04.958+0200][115861.585s] GC(213) Humongous regions: 9->9
[2020-05-08T19:03:04.958+0200][115861.585s] GC(213) Metaspace: 61150K->61150K(1105920K)
[2020-05-08T19:03:04.958+0200][115861.586s] GC(213) Pause Young (Concurrent Start) (G1 Humongous Allocation) 194M->103M(512M) 2.821ms
[2020-05-08T19:03:04.958+0200][115861.586s] GC(213) User=0.00s Sys=0.00s Real=0.00s
[2020-05-08T19:03:04.958+0200][115861.586s] GC(214) Concurrent Cycle
[2020-05-08T19:03:04.958+0200][115861.586s] GC(214) Concurrent Clear Claimed Marks
[2020-05-08T19:03:04.958+0200][115861.586s] GC(214) Concurrent Clear Claimed Marks 0.068ms
[2020-05-08T19:03:04.958+0200][115861.586s] GC(214) Concurrent Scan Root Regions
[2020-05-08T19:03:04.959+0200][115861.587s] GC(214) Concurrent Scan Root Regions 0.776ms
[2020-05-08T19:03:04.959+0200][115861.587s] GC(214) Concurrent Mark (115861.587s)
[2020-05-08T19:03:04.959+0200][115861.587s] GC(214) Concurrent Mark From Roots
[2020-05-08T19:03:04.959+0200][115861.587s] GC(214) Using 3 workers of 3 for marking
[2020-05-08T19:03:04.988+0200][115861.616s] GC(214) Concurrent Mark From Roots 29.471ms
[2020-05-08T19:03:04.988+0200][115861.616s] GC(214) Concurrent Preclean
[2020-05-08T19:03:04.988+0200][115861.616s] GC(214) Concurrent Preclean 0.256ms
[2020-05-08T19:03:04.988+0200][115861.616s] GC(214) Concurrent Mark (115861.587s, 115861.616s) 29.806ms
[2020-05-08T19:03:04.989+0200][115861.617s] GC(214) Pause Remark
[2020-05-08T19:03:04.997+0200][115861.625s] GC(214) Cleaned string and symbol table, strings: 28177 processed, 9 removed, symbols: 165521 processed, 42 removed
[2020-05-08T19:03:04.997+0200][115861.625s] GC(214) Pause Remark 108M->108M(512M) 8.591ms
[2020-05-08T19:03:04.997+0200][115861.625s] GC(214) User=0.00s Sys=0.00s Real=0.01s
[2020-05-08T19:03:04.997+0200][115861.625s] GC(214) Concurrent Rebuild Remembered Sets
[2020-05-08T19:03:05.010+0200][115861.638s] GC(214) Concurrent Rebuild Remembered Sets 12.653ms
[2020-05-08T19:03:05.011+0200][115861.638s] GC(214) Pause Cleanup
[2020-05-08T19:03:05.011+0200][115861.638s] GC(214) Pause Cleanup 108M->108M(512M) 0.149ms
[2020-05-08T19:03:05.011+0200][115861.638s] GC(214) User=0.00s Sys=0.00s Real=0.00s
[2020-05-08T19:03:05.011+0200][115861.638s] GC(214) Concurrent Cleanup for Next Mark
[2020-05-08T19:03:05.012+0200][115861.640s] GC(214) Concurrent Cleanup for Next Mark 2.042ms
[2020-05-08T19:03:05.013+0200][115861.640s] GC(214) Concurrent Cycle 54.851ms
[2020-05-08T19:41:07.655+0200][118144.282s] GC(215) Pause Young (Prepare Mixed) (G1 Evacuation Pause)
[2020-05-08T19:41:07.655+0200][118144.282s] GC(215) Using 10 workers of 10 for evacuation
[2020-05-08T19:41:07.661+0200][118144.289s] GC(215)   Pre Evacuate Collection Set: 0.0ms
[2020-05-08T19:41:07.661+0200][118144.289s] GC(215)   Evacuate Collection Set: 5.6ms
[2020-05-08T19:41:07.661+0200][118144.289s] GC(215)   Post Evacuate Collection Set: 0.8ms
[2020-05-08T19:41:07.661+0200][118144.289s] GC(215)   Other: 0.3ms
[2020-05-08T19:41:07.661+0200][118144.289s] GC(215) Eden regions: 297->0(10)
[2020-05-08T19:41:07.661+0200][118144.289s] GC(215) Survivor regions: 10->15(39)
[2020-05-08T19:41:07.661+0200][118144.289s] GC(215) Old regions: 86->86
[2020-05-08T19:41:07.661+0200][118144.289s] GC(215) Humongous regions: 13->11
[2020-05-08T19:41:07.661+0200][118144.289s] GC(215) Metaspace: 61113K->61113K(1105920K)
[2020-05-08T19:41:07.661+0200][118144.289s] GC(215) Pause Young (Prepare Mixed) (G1 Evacuation Pause) 404M->111M(512M) 7.008ms
[2020-05-08T19:41:07.661+0200][118144.289s] GC(215) User=0.02s Sys=0.06s Real=0.01s
[2020-05-08T19:41:07.733+0200][118144.361s] GC(216) Pause Young (Mixed) (G1 Evacuation Pause)
[2020-05-08T19:41:07.733+0200][118144.361s] GC(216) Using 10 workers of 10 for evacuation
[2020-05-08T19:41:07.742+0200][118144.370s] GC(216)   Pre Evacuate Collection Set: 0.0ms
[2020-05-08T19:41:07.742+0200][118144.370s] GC(216)   Evacuate Collection Set: 8.2ms
[2020-05-08T19:41:07.742+0200][118144.370s] GC(216)   Post Evacuate Collection Set: 0.5ms
[2020-05-08T19:41:07.742+0200][118144.370s] GC(216)   Other: 0.2ms
[2020-05-08T19:41:07.742+0200][118144.370s] GC(216) Eden regions: 10->0(304)
[2020-05-08T19:41:07.742+0200][118144.370s] GC(216) Survivor regions: 15->1(4)
[2020-05-08T19:41:07.742+0200][118144.370s] GC(216) Old regions: 86->98
[2020-05-08T19:41:07.742+0200][118144.370s] GC(216) Humongous regions: 11->11
[2020-05-08T19:41:07.742+0200][118144.370s] GC(216) Metaspace: 61113K->61113K(1105920K)
[2020-05-08T19:41:07.742+0200][118144.370s] GC(216) Pause Young (Mixed) (G1 Evacuation Pause) 121M->108M(512M) 9.133ms
[2020-05-08T19:41:07.742+0200][118144.370s] GC(216) User=0.03s Sys=0.05s Real=0.01s
[2020-05-08T20:49:42.550+0200][122259.178s] GC(217) Pause Young (Concurrent Start) (G1 Humongous Allocation)
[2020-05-08T20:49:42.551+0200][122259.178s] GC(217) Using 10 workers of 10 for evacuation
[2020-05-08T20:49:42.555+0200][122259.183s] GC(217)   Pre Evacuate Collection Set: 0.1ms
[2020-05-08T20:49:42.555+0200][122259.183s] GC(217)   Evacuate Collection Set: 3.9ms
[2020-05-08T20:49:42.555+0200][122259.183s] GC(217)   Post Evacuate Collection Set: 0.5ms
[2020-05-08T20:49:42.555+0200][122259.183s] GC(217)   Other: 0.3ms
[2020-05-08T20:49:42.555+0200][122259.183s] GC(217) Eden regions: 206->0(295)
[2020-05-08T20:49:42.555+0200][122259.183s] GC(217) Survivor regions: 1->12(39)
[2020-05-08T20:49:42.555+0200][122259.183s] GC(217) Old regions: 98->98
[2020-05-08T20:49:42.555+0200][122259.183s] GC(217) Humongous regions: 11->11
[2020-05-08T20:49:42.555+0200][122259.183s] GC(217) Metaspace: 61120K->61120K(1105920K)
[2020-05-08T20:49:42.555+0200][122259.183s] GC(217) Pause Young (Concurrent Start) (G1 Humongous Allocation) 313M->119M(512M) 4.913ms
[2020-05-08T20:49:42.555+0200][122259.183s] GC(217) User=0.00s Sys=0.00s Real=0.01s
[2020-05-08T20:49:42.555+0200][122259.183s] GC(218) Concurrent Cycle
[2020-05-08T20:49:42.555+0200][122259.183s] GC(218) Concurrent Clear Claimed Marks
[2020-05-08T20:49:42.556+0200][122259.183s] GC(218) Concurrent Clear Claimed Marks 0.053ms
[2020-05-08T20:49:42.556+0200][122259.183s] GC(218) Concurrent Scan Root Regions
[2020-05-08T20:49:42.557+0200][122259.185s] GC(218) Concurrent Scan Root Regions 1.784ms
[2020-05-08T20:49:42.557+0200][122259.185s] GC(218) Concurrent Mark (122259.185s)
[2020-05-08T20:49:42.557+0200][122259.185s] GC(218) Concurrent Mark From Roots
[2020-05-08T20:49:42.557+0200][122259.185s] GC(218) Using 3 workers of 3 for marking
[2020-05-08T20:49:42.585+0200][122259.213s] GC(218) Concurrent Mark From Roots 27.940ms
[2020-05-08T20:49:42.585+0200][122259.213s] GC(218) Concurrent Preclean
[2020-05-08T20:49:42.586+0200][122259.213s] GC(218) Concurrent Preclean 0.206ms
[2020-05-08T20:49:42.586+0200][122259.213s] GC(218) Concurrent Mark (122259.185s, 122259.213s) 28.202ms
[2020-05-08T20:49:42.586+0200][122259.213s] GC(218) Pause Remark
[2020-05-08T20:49:42.642+0200][122259.270s] GC(218) Cleaned string and symbol table, strings: 28177 processed, 9 removed, symbols: 165489 processed, 38 removed
[2020-05-08T20:49:42.643+0200][122259.270s] GC(218) Pause Remark 124M->115M(512M) 56.959ms
[2020-05-08T20:49:42.643+0200][122259.270s] GC(218) User=0.09s Sys=0.16s Real=0.06s
[2020-05-08T20:49:42.643+0200][122259.270s] GC(218) Concurrent Rebuild Remembered Sets
[2020-05-08T20:49:42.661+0200][122259.288s] GC(218) Concurrent Rebuild Remembered Sets 17.697ms
[2020-05-08T20:49:42.661+0200][122259.288s] GC(218) Pause Cleanup
[2020-05-08T20:49:42.661+0200][122259.289s] GC(218) Pause Cleanup 116M->116M(512M) 0.156ms
[2020-05-08T20:49:42.661+0200][122259.289s] GC(218) User=0.00s Sys=0.00s Real=0.00s
[2020-05-08T20:49:42.661+0200][122259.289s] GC(218) Concurrent Cleanup for Next Mark
[2020-05-08T20:49:42.663+0200][122259.291s] GC(218) Concurrent Cleanup for Next Mark 2.113ms
[2020-05-08T20:49:42.663+0200][122259.291s] GC(218) Concurrent Cycle 107.702ms
[2020-05-08T21:37:56.425+0200][125153.053s] GC(219) Pause Young (Prepare Mixed) (G1 Evacuation Pause)
[2020-05-08T21:37:56.426+0200][125153.053s] GC(219) Using 10 workers of 10 for evacuation
[2020-05-08T21:37:56.427+0200][125153.055s] GC(219)   Pre Evacuate Collection Set: 0.0ms
[2020-05-08T21:37:56.427+0200][125153.055s] GC(219)   Evacuate Collection Set: 0.9ms
[2020-05-08T21:37:56.427+0200][125153.055s] GC(219)   Post Evacuate Collection Set: 0.6ms
[2020-05-08T21:37:56.427+0200][125153.055s] GC(219)   Other: 0.2ms
[2020-05-08T21:37:56.427+0200][125153.055s] GC(219) Eden regions: 295->0(23)
[2020-05-08T21:37:56.427+0200][125153.055s] GC(219) Survivor regions: 12->2(39)
[2020-05-08T21:37:56.427+0200][125153.055s] GC(219) Old regions: 91->91
[2020-05-08T21:37:56.427+0200][125153.055s] GC(219) Humongous regions: 11->9
[2020-05-08T21:37:56.427+0200][125153.055s] GC(219) Metaspace: 61128K->61128K(1105920K)
[2020-05-08T21:37:56.427+0200][125153.055s] GC(219) Pause Young (Prepare Mixed) (G1 Evacuation Pause) 407M->100M(512M) 1.813ms
[2020-05-08T21:37:56.427+0200][125153.055s] GC(219) User=0.00s Sys=0.00s Real=0.00s
[2020-05-08T22:00:58.027+0200][126534.655s] GC(220) Pause Young (Mixed) (G1 Evacuation Pause)
[2020-05-08T22:00:58.027+0200][126534.655s] GC(220) Using 10 workers of 10 for evacuation
[2020-05-08T22:00:58.030+0200][126534.657s] GC(220)   Pre Evacuate Collection Set: 0.0ms
[2020-05-08T22:00:58.030+0200][126534.657s] GC(220)   Evacuate Collection Set: 1.6ms
[2020-05-08T22:00:58.030+0200][126534.657s] GC(220)   Post Evacuate Collection Set: 0.6ms
[2020-05-08T22:00:58.030+0200][126534.657s] GC(220)   Other: 0.2ms
[2020-05-08T22:00:58.030+0200][126534.657s] GC(220) Eden regions: 23->0(305)
[2020-05-08T22:00:58.030+0200][126534.657s] GC(220) Survivor regions: 2->2(4)
[2020-05-08T22:00:58.030+0200][126534.657s] GC(220) Old regions: 91->87
[2020-05-08T22:00:58.030+0200][126534.657s] GC(220) Humongous regions: 9->9
[2020-05-08T22:00:58.030+0200][126534.657s] GC(220) Metaspace: 61128K->61128K(1105920K)
[2020-05-08T22:00:58.030+0200][126534.657s] GC(220) Pause Young (Mixed) (G1 Evacuation Pause) 123M->97M(512M) 2.568ms
[2020-05-08T22:00:58.030+0200][126534.657s] GC(220) User=0.00s Sys=0.00s Real=0.00s
[2020-05-08T22:20:40.874+0200][127717.501s] GC(221) Pause Young (Concurrent Start) (G1 Humongous Allocation)
[2020-05-08T22:20:40.874+0200][127717.501s] GC(221) Using 10 workers of 10 for evacuation
[2020-05-08T22:20:40.876+0200][127717.504s] GC(221)   Pre Evacuate Collection Set: 0.1ms
[2020-05-08T22:20:40.876+0200][127717.504s] GC(221)   Evacuate Collection Set: 2.0ms
[2020-05-08T22:20:40.877+0200][127717.504s] GC(221)   Post Evacuate Collection Set: 0.5ms
[2020-05-08T22:20:40.877+0200][127717.504s] GC(221)   Other: 0.3ms
[2020-05-08T22:20:40.877+0200][127717.504s] GC(221) Eden regions: 94->0(251)
[2020-05-08T22:20:40.877+0200][127717.504s] GC(221) Survivor regions: 2->12(39)
[2020-05-08T22:20:40.877+0200][127717.504s] GC(221) Old regions: 87->87
[2020-05-08T22:20:40.877+0200][127717.504s] GC(221) Humongous regions: 9->9
[2020-05-08T22:20:40.877+0200][127717.504s] GC(221) Metaspace: 61128K->61128K(1105920K)
[2020-05-08T22:20:40.877+0200][127717.504s] GC(221) Pause Young (Concurrent Start) (G1 Humongous Allocation) 191M->107M(512M) 3.045ms
[2020-05-08T22:20:40.877+0200][127717.504s] GC(221) User=0.02s Sys=0.00s Real=0.00s
[2020-05-08T22:20:40.877+0200][127717.505s] GC(222) Concurrent Cycle
[2020-05-08T22:20:40.877+0200][127717.505s] GC(222) Concurrent Clear Claimed Marks
[2020-05-08T22:20:40.877+0200][127717.505s] GC(222) Concurrent Clear Claimed Marks 0.067ms
[2020-05-08T22:20:40.877+0200][127717.505s] GC(222) Concurrent Scan Root Regions
[2020-05-08T22:20:40.878+0200][127717.506s] GC(222) Concurrent Scan Root Regions 0.906ms
[2020-05-08T22:20:40.878+0200][127717.506s] GC(222) Concurrent Mark (127717.506s)
[2020-05-08T22:20:40.878+0200][127717.506s] GC(222) Concurrent Mark From Roots
[2020-05-08T22:20:40.878+0200][127717.506s] GC(222) Using 3 workers of 3 for marking
[2020-05-08T22:20:40.897+0200][127717.525s] GC(222) Concurrent Mark From Roots 19.686ms
[2020-05-08T22:20:40.897+0200][127717.525s] GC(222) Concurrent Preclean
[2020-05-08T22:20:40.898+0200][127717.526s] GC(222) Concurrent Preclean 0.232ms
[2020-05-08T22:20:40.898+0200][127717.526s] GC(222) Concurrent Mark (127717.506s, 127717.526s) 19.999ms
[2020-05-08T22:20:40.898+0200][127717.526s] GC(222) Pause Remark
[2020-05-08T22:20:40.905+0200][127717.533s] GC(222) Cleaned string and symbol table, strings: 28176 processed, 0 removed, symbols: 165459 processed, 6 removed
[2020-05-08T22:20:40.906+0200][127717.534s] GC(222) Pause Remark 112M->101M(512M) 7.782ms
[2020-05-08T22:20:40.906+0200][127717.534s] GC(222) User=0.00s Sys=0.00s Real=0.01s
[2020-05-08T22:20:40.906+0200][127717.534s] GC(222) Concurrent Rebuild Remembered Sets
[2020-05-08T22:20:40.920+0200][127717.548s] GC(222) Concurrent Rebuild Remembered Sets 13.944ms
[2020-05-08T22:20:40.920+0200][127717.548s] GC(222) Pause Cleanup
[2020-05-08T22:20:40.920+0200][127717.548s] GC(222) Pause Cleanup 102M->102M(512M) 0.151ms
[2020-05-08T22:20:40.920+0200][127717.548s] GC(222) User=0.00s Sys=0.00s Real=0.00s
[2020-05-08T22:20:40.920+0200][127717.548s] GC(222) Concurrent Cleanup for Next Mark
[2020-05-08T22:20:40.922+0200][127717.550s] GC(222) Concurrent Cleanup for Next Mark 1.748ms
[2020-05-08T22:20:40.922+0200][127717.550s] GC(222) Concurrent Cycle 45.317ms
[2020-05-08T22:20:44.614+0200][127721.242s] GC(223) Pause Young (Prepare Mixed) (G1 Evacuation Pause)
[2020-05-08T22:20:44.614+0200][127721.242s] GC(223) Using 10 workers of 10 for evacuation
[2020-05-08T22:20:44.618+0200][127721.246s] GC(223)   Pre Evacuate Collection Set: 0.0ms
[2020-05-08T22:20:44.618+0200][127721.246s] GC(223)   Evacuate Collection Set: 3.1ms
[2020-05-08T22:20:44.618+0200][127721.246s] GC(223)   Post Evacuate Collection Set: 0.5ms
[2020-05-08T22:20:44.618+0200][127721.246s] GC(223)   Other: 0.2ms
[2020-05-08T22:20:44.618+0200][127721.246s] GC(223) Eden regions: 251->0(1)
[2020-05-08T22:20:44.618+0200][127721.246s] GC(223) Survivor regions: 12->30(33)
[2020-05-08T22:20:44.618+0200][127721.246s] GC(223) Old regions: 78->78
[2020-05-08T22:20:44.618+0200][127721.246s] GC(223) Humongous regions: 13->11
[2020-05-08T22:20:44.618+0200][127721.246s] GC(223) Metaspace: 61120K->61120K(1105920K)
[2020-05-08T22:20:44.618+0200][127721.246s] GC(223) Pause Young (Prepare Mixed) (G1 Evacuation Pause) 353M->117M(512M) 3.965ms
[2020-05-08T22:20:44.618+0200][127721.246s] GC(223) User=0.00s Sys=0.00s Real=0.00s
[2020-05-08T22:20:44.627+0200][127721.255s] GC(224) Pause Young (Mixed) (G1 Evacuation Pause)
[2020-05-08T22:20:44.627+0200][127721.255s] GC(224) Using 10 workers of 10 for evacuation
[2020-05-08T22:20:44.643+0200][127721.271s] GC(224)   Pre Evacuate Collection Set: 0.0ms
[2020-05-08T22:20:44.643+0200][127721.271s] GC(224)   Evacuate Collection Set: 15.1ms
[2020-05-08T22:20:44.643+0200][127721.271s] GC(224)   Post Evacuate Collection Set: 0.4ms
[2020-05-08T22:20:44.643+0200][127721.271s] GC(224)   Other: 0.2ms
[2020-05-08T22:20:44.643+0200][127721.271s] GC(224) Eden regions: 1->0(252)
[2020-05-08T22:20:44.643+0200][127721.271s] GC(224) Survivor regions: 30->1(4)
[2020-05-08T22:20:44.643+0200][127721.271s] GC(224) Old regions: 78->105
[2020-05-08T22:20:44.643+0200][127721.271s] GC(224) Humongous regions: 11->11
[2020-05-08T22:20:44.643+0200][127721.271s] GC(224) Metaspace: 61120K->61120K(1105920K)
[2020-05-08T22:20:44.643+0200][127721.271s] GC(224) Pause Young (Mixed) (G1 Evacuation Pause) 118M->115M(512M) 15.878ms
[2020-05-08T22:20:44.643+0200][127721.271s] GC(224) User=0.02s Sys=0.00s Real=0.02s
