[2020-05-09T00:36:44.500+0200][0.017s] Heap region size: 1M
[2020-05-09T00:36:44.656+0200][0.173s] Using G1
[2020-05-09T00:36:44.656+0200][0.173s] Heap address: 0x00000000e0000000, size: 512 MB, Compressed Oops mode: 32-bit
[2020-05-09T00:36:46.228+0200][1.746s] GC(0) Pause Young (Normal) (G1 Evacuation Pause)
[2020-05-09T00:36:46.229+0200][1.746s] GC(0) Using 10 workers of 10 for evacuation
[2020-05-09T00:36:46.233+0200][1.750s] GC(0)   Pre Evacuate Collection Set: 0.0ms
[2020-05-09T00:36:46.233+0200][1.750s] GC(0)   Evacuate Collection Set: 2.7ms
[2020-05-09T00:36:46.233+0200][1.750s] GC(0)   Post Evacuate Collection Set: 0.7ms
[2020-05-09T00:36:46.233+0200][1.750s] GC(0)   Other: 1.6ms
[2020-05-09T00:36:46.233+0200][1.750s] GC(0) Eden regions: 30->0(303)
[2020-05-09T00:36:46.233+0200][1.751s] GC(0) Survivor regions: 0->4(4)
[2020-05-09T00:36:46.233+0200][1.751s] GC(0) Old regions: 0->0
[2020-05-09T00:36:46.233+0200][1.751s] GC(0) Humongous regions: 0->0
[2020-05-09T00:36:46.233+0200][1.751s] GC(0) Metaspace: 15807K->15807K(1062912K)
[2020-05-09T00:36:46.234+0200][1.751s] GC(0) Pause Young (Normal) (G1 Evacuation Pause) 30M->3M(512M) 5.083ms
[2020-05-09T00:36:46.234+0200][1.751s] GC(0) User=0.16s Sys=0.00s Real=0.01s
[2020-05-09T00:36:46.498+0200][2.016s] GC(1) Pause Young (Concurrent Start) (Metadata GC Threshold)
[2020-05-09T00:36:46.498+0200][2.016s] GC(1) Using 10 workers of 10 for evacuation
[2020-05-09T00:36:46.504+0200][2.021s] GC(1)   Pre Evacuate Collection Set: 0.0ms
[2020-05-09T00:36:46.504+0200][2.021s] GC(1)   Evacuate Collection Set: 5.2ms
[2020-05-09T00:36:46.504+0200][2.021s] GC(1)   Post Evacuate Collection Set: 0.4ms
[2020-05-09T00:36:46.504+0200][2.021s] GC(1)   Other: 0.3ms
[2020-05-09T00:36:46.504+0200][2.022s] GC(1) Eden regions: 19->0(62)
[2020-05-09T00:36:46.504+0200][2.022s] GC(1) Survivor regions: 4->12(39)
[2020-05-09T00:36:46.504+0200][2.022s] GC(1) Old regions: 0->0
[2020-05-09T00:36:46.504+0200][2.022s] GC(1) Humongous regions: 4->4
[2020-05-09T00:36:46.504+0200][2.022s] GC(1) Metaspace: 20741K->20741K(1069056K)
[2020-05-09T00:36:46.504+0200][2.022s] GC(1) Pause Young (Concurrent Start) (Metadata GC Threshold) 26M->15M(512M) 6.018ms
[2020-05-09T00:36:46.504+0200][2.022s] GC(1) User=0.00s Sys=0.00s Real=0.01s
[2020-05-09T00:36:46.504+0200][2.022s] GC(2) Concurrent Cycle
[2020-05-09T00:36:46.504+0200][2.022s] GC(2) Concurrent Clear Claimed Marks
[2020-05-09T00:36:46.504+0200][2.022s] GC(2) Concurrent Clear Claimed Marks 0.032ms
[2020-05-09T00:36:46.504+0200][2.022s] GC(2) Concurrent Scan Root Regions
[2020-05-09T00:36:46.509+0200][2.026s] GC(2) Concurrent Scan Root Regions 4.151ms
[2020-05-09T00:36:46.509+0200][2.026s] GC(2) Concurrent Mark (2.026s)
[2020-05-09T00:36:46.509+0200][2.026s] GC(2) Concurrent Mark From Roots
[2020-05-09T00:36:46.509+0200][2.026s] GC(2) Using 3 workers of 3 for marking
[2020-05-09T00:36:46.510+0200][2.027s] GC(2) Concurrent Mark From Roots 0.792ms
[2020-05-09T00:36:46.510+0200][2.027s] GC(2) Concurrent Preclean
[2020-05-09T00:36:46.510+0200][2.027s] GC(2) Concurrent Preclean 0.133ms
[2020-05-09T00:36:46.510+0200][2.027s] GC(2) Concurrent Mark (2.026s, 2.027s) 0.984ms
[2020-05-09T00:36:46.510+0200][2.027s] GC(2) Pause Remark
[2020-05-09T00:36:46.511+0200][2.028s] GC(2) Cleaned string and symbol table, strings: 10274 processed, 0 removed, symbols: 68172 processed, 12 removed
[2020-05-09T00:36:46.511+0200][2.028s] GC(2) Pause Remark 16M->16M(512M) 1.110ms
[2020-05-09T00:36:46.511+0200][2.028s] GC(2) User=0.00s Sys=0.00s Real=0.00s
[2020-05-09T00:36:46.511+0200][2.028s] GC(2) Concurrent Rebuild Remembered Sets
[2020-05-09T00:36:46.512+0200][2.030s] GC(2) Concurrent Rebuild Remembered Sets 1.253ms
[2020-05-09T00:36:46.512+0200][2.030s] GC(2) Pause Cleanup
[2020-05-09T00:36:46.512+0200][2.030s] GC(2) Pause Cleanup 16M->16M(512M) 0.071ms
[2020-05-09T00:36:46.512+0200][2.030s] GC(2) User=0.00s Sys=0.00s Real=0.00s
[2020-05-09T00:36:46.512+0200][2.030s] GC(2) Concurrent Cleanup for Next Mark
[2020-05-09T00:36:46.513+0200][2.030s] GC(2) Concurrent Cleanup for Next Mark 0.167ms
[2020-05-09T00:36:46.513+0200][2.030s] GC(2) Concurrent Cycle 8.233ms
[2020-05-09T00:36:46.934+0200][2.451s] GC(3) Pause Young (Normal) (G1 Evacuation Pause)
[2020-05-09T00:36:46.934+0200][2.451s] GC(3) Using 10 workers of 10 for evacuation
[2020-05-09T00:36:46.940+0200][2.458s] GC(3)   Pre Evacuate Collection Set: 0.0ms
[2020-05-09T00:36:46.941+0200][2.458s] GC(3)   Evacuate Collection Set: 5.9ms
[2020-05-09T00:36:46.941+0200][2.458s] GC(3)   Post Evacuate Collection Set: 0.5ms
[2020-05-09T00:36:46.941+0200][2.458s] GC(3)   Other: 0.1ms
[2020-05-09T00:36:46.941+0200][2.458s] GC(3) Eden regions: 38->0(62)
[2020-05-09T00:36:46.941+0200][2.458s] GC(3) Survivor regions: 12->7(7)
[2020-05-09T00:36:46.941+0200][2.458s] GC(3) Old regions: 0->13
[2020-05-09T00:36:46.941+0200][2.458s] GC(3) Humongous regions: 4->4
[2020-05-09T00:36:46.941+0200][2.458s] GC(3) Metaspace: 24428K->24428K(1071104K)
[2020-05-09T00:36:46.941+0200][2.458s] GC(3) Pause Young (Normal) (G1 Evacuation Pause) 53M->23M(512M) 6.725ms
[2020-05-09T00:36:46.941+0200][2.458s] GC(3) User=0.00s Sys=0.00s Real=0.01s
[2020-05-09T00:36:47.460+0200][2.977s] GC(4) Pause Young (Normal) (G1 Evacuation Pause)
[2020-05-09T00:36:47.460+0200][2.977s] GC(4) Using 10 workers of 10 for evacuation
[2020-05-09T00:36:47.462+0200][2.979s] GC(4)   Pre Evacuate Collection Set: 0.0ms
[2020-05-09T00:36:47.462+0200][2.979s] GC(4)   Evacuate Collection Set: 1.2ms
[2020-05-09T00:36:47.462+0200][2.979s] GC(4)   Post Evacuate Collection Set: 0.3ms
[2020-05-09T00:36:47.462+0200][2.979s] GC(4)   Other: 0.1ms
[2020-05-09T00:36:47.462+0200][2.979s] GC(4) Eden regions: 62->0(107)
[2020-05-09T00:36:47.462+0200][2.979s] GC(4) Survivor regions: 7->2(9)
[2020-05-09T00:36:47.462+0200][2.979s] GC(4) Old regions: 13->20
[2020-05-09T00:36:47.462+0200][2.979s] GC(4) Humongous regions: 4->4
[2020-05-09T00:36:47.462+0200][2.979s] GC(4) Metaspace: 32157K->32157K(1079296K)
[2020-05-09T00:36:47.462+0200][2.979s] GC(4) Pause Young (Normal) (G1 Evacuation Pause) 85M->24M(512M) 1.756ms
[2020-05-09T00:36:47.462+0200][2.979s] GC(4) User=0.00s Sys=0.00s Real=0.00s
[2020-05-09T00:36:47.598+0200][3.116s] GC(5) Pause Young (Concurrent Start) (Metadata GC Threshold)
[2020-05-09T00:36:47.598+0200][3.116s] GC(5) Using 10 workers of 10 for evacuation
[2020-05-09T00:36:47.600+0200][3.117s] GC(5)   Pre Evacuate Collection Set: 0.0ms
[2020-05-09T00:36:47.600+0200][3.117s] GC(5)   Evacuate Collection Set: 1.2ms
[2020-05-09T00:36:47.600+0200][3.117s] GC(5)   Post Evacuate Collection Set: 0.3ms
[2020-05-09T00:36:47.600+0200][3.117s] GC(5)   Other: 0.1ms
[2020-05-09T00:36:47.600+0200][3.117s] GC(5) Eden regions: 11->0(131)
[2020-05-09T00:36:47.600+0200][3.117s] GC(5) Survivor regions: 2->2(14)
[2020-05-09T00:36:47.600+0200][3.117s] GC(5) Old regions: 20->20
[2020-05-09T00:36:47.600+0200][3.118s] GC(5) Humongous regions: 4->4
[2020-05-09T00:36:47.600+0200][3.118s] GC(5) Metaspace: 35031K->35031K(1081344K)
[2020-05-09T00:36:47.600+0200][3.118s] GC(5) Pause Young (Concurrent Start) (Metadata GC Threshold) 34M->24M(512M) 1.726ms
[2020-05-09T00:36:47.600+0200][3.118s] GC(5) User=0.00s Sys=0.00s Real=0.00s
[2020-05-09T00:36:47.600+0200][3.118s] GC(6) Concurrent Cycle
[2020-05-09T00:36:47.600+0200][3.118s] GC(6) Concurrent Clear Claimed Marks
[2020-05-09T00:36:47.600+0200][3.118s] GC(6) Concurrent Clear Claimed Marks 0.017ms
[2020-05-09T00:36:47.600+0200][3.118s] GC(6) Concurrent Scan Root Regions
[2020-05-09T00:36:47.601+0200][3.119s] GC(6) Concurrent Scan Root Regions 0.976ms
[2020-05-09T00:36:47.601+0200][3.119s] GC(6) Concurrent Mark (3.119s)
[2020-05-09T00:36:47.601+0200][3.119s] GC(6) Concurrent Mark From Roots
[2020-05-09T00:36:47.601+0200][3.119s] GC(6) Using 3 workers of 3 for marking
[2020-05-09T00:36:47.611+0200][3.129s] GC(6) Concurrent Mark From Roots 10.306ms
[2020-05-09T00:36:47.611+0200][3.129s] GC(6) Concurrent Preclean
[2020-05-09T00:36:47.612+0200][3.129s] GC(6) Concurrent Preclean 0.168ms
[2020-05-09T00:36:47.612+0200][3.129s] GC(6) Concurrent Mark (3.119s, 3.129s) 10.537ms
[2020-05-09T00:36:47.612+0200][3.129s] GC(6) Pause Remark
[2020-05-09T00:36:47.613+0200][3.131s] GC(6) Cleaned string and symbol table, strings: 16694 processed, 22 removed, symbols: 114997 processed, 55 removed
[2020-05-09T00:36:47.613+0200][3.131s] GC(6) Pause Remark 26M->26M(512M) 1.479ms
[2020-05-09T00:36:47.613+0200][3.131s] GC(6) User=0.00s Sys=0.00s Real=0.00s
[2020-05-09T00:36:47.613+0200][3.131s] GC(6) Concurrent Rebuild Remembered Sets
[2020-05-09T00:36:47.617+0200][3.134s] GC(6) Concurrent Rebuild Remembered Sets 3.463ms
[2020-05-09T00:36:47.617+0200][3.135s] GC(6) Pause Cleanup
[2020-05-09T00:36:47.617+0200][3.135s] GC(6) Pause Cleanup 26M->26M(512M) 0.105ms
[2020-05-09T00:36:47.617+0200][3.135s] GC(6) User=0.00s Sys=0.00s Real=0.00s
[2020-05-09T00:36:47.617+0200][3.135s] GC(6) Concurrent Cleanup for Next Mark
[2020-05-09T00:36:47.618+0200][3.135s] GC(6) Concurrent Cleanup for Next Mark 0.255ms
[2020-05-09T00:36:47.618+0200][3.135s] GC(6) Concurrent Cycle 17.684ms
[2020-05-09T00:37:00.232+0200][15.749s] GC(7) Pause Young (Concurrent Start) (G1 Evacuation Pause)
[2020-05-09T00:37:00.232+0200][15.749s] GC(7) Using 10 workers of 10 for evacuation
[2020-05-09T00:37:00.236+0200][15.753s] GC(7)   Pre Evacuate Collection Set: 0.0ms
[2020-05-09T00:37:00.236+0200][15.753s] GC(7)   Evacuate Collection Set: 2.9ms
[2020-05-09T00:37:00.236+0200][15.753s] GC(7)   Post Evacuate Collection Set: 0.4ms
[2020-05-09T00:37:00.236+0200][15.753s] GC(7)   Other: 0.2ms
[2020-05-09T00:37:00.236+0200][15.753s] GC(7) Eden regions: 131->0(193)
[2020-05-09T00:37:00.236+0200][15.753s] GC(7) Survivor regions: 2->7(17)
[2020-05-09T00:37:00.236+0200][15.753s] GC(7) Old regions: 20->20
[2020-05-09T00:37:00.236+0200][15.753s] GC(7) Humongous regions: 5->4
[2020-05-09T00:37:00.236+0200][15.753s] GC(7) Metaspace: 42161K->42161K(1087488K)
[2020-05-09T00:37:00.236+0200][15.753s] GC(7) Pause Young (Concurrent Start) (G1 Evacuation Pause) 156M->29M(512M) 3.615ms
[2020-05-09T00:37:00.236+0200][15.753s] GC(7) User=0.00s Sys=0.00s Real=0.00s
[2020-05-09T00:37:00.236+0200][15.753s] GC(8) Concurrent Cycle
[2020-05-09T00:37:00.236+0200][15.753s] GC(8) Concurrent Clear Claimed Marks
[2020-05-09T00:37:00.236+0200][15.753s] GC(8) Concurrent Clear Claimed Marks 0.039ms
[2020-05-09T00:37:00.236+0200][15.753s] GC(8) Concurrent Scan Root Regions
[2020-05-09T00:37:00.238+0200][15.755s] GC(8) Concurrent Scan Root Regions 2.003ms
[2020-05-09T00:37:00.238+0200][15.755s] GC(8) Concurrent Mark (15.755s)
[2020-05-09T00:37:00.238+0200][15.755s] GC(8) Concurrent Mark From Roots
[2020-05-09T00:37:00.238+0200][15.755s] GC(8) Using 3 workers of 3 for marking
[2020-05-09T00:37:00.249+0200][15.766s] GC(8) Concurrent Mark From Roots 11.029ms
[2020-05-09T00:37:00.249+0200][15.766s] GC(8) Concurrent Preclean
[2020-05-09T00:37:00.249+0200][15.766s] GC(8) Concurrent Preclean 0.190ms
[2020-05-09T00:37:00.249+0200][15.766s] GC(8) Concurrent Mark (15.755s, 15.766s) 11.287ms
[2020-05-09T00:37:00.249+0200][15.767s] GC(8) Pause Remark
[2020-05-09T00:37:00.251+0200][15.768s] GC(8) Cleaned string and symbol table, strings: 19863 processed, 1 removed, symbols: 135462 processed, 41 removed
[2020-05-09T00:37:00.251+0200][15.768s] GC(8) Pause Remark 32M->32M(512M) 1.745ms
[2020-05-09T00:37:00.251+0200][15.768s] GC(8) User=0.00s Sys=0.00s Real=0.00s
[2020-05-09T00:37:00.251+0200][15.768s] GC(8) Concurrent Rebuild Remembered Sets
[2020-05-09T00:37:00.257+0200][15.774s] GC(8) Concurrent Rebuild Remembered Sets 5.960ms
[2020-05-09T00:37:00.258+0200][15.775s] GC(8) Pause Cleanup
[2020-05-09T00:37:00.258+0200][15.775s] GC(8) Pause Cleanup 33M->33M(512M) 0.099ms
[2020-05-09T00:37:00.258+0200][15.775s] GC(8) User=0.00s Sys=0.00s Real=0.00s
[2020-05-09T00:37:00.258+0200][15.775s] GC(8) Concurrent Cleanup for Next Mark
[2020-05-09T00:37:00.258+0200][15.775s] GC(8) Concurrent Cleanup for Next Mark 0.203ms
[2020-05-09T00:37:00.258+0200][15.775s] GC(8) Concurrent Cycle 22.132ms
[2020-05-09T00:37:00.638+0200][16.155s] GC(9) Pause Young (Normal) (G1 Evacuation Pause)
[2020-05-09T00:37:00.638+0200][16.155s] GC(9) Using 10 workers of 10 for evacuation
[2020-05-09T00:37:00.642+0200][16.159s] GC(9)   Pre Evacuate Collection Set: 0.0ms
[2020-05-09T00:37:00.642+0200][16.159s] GC(9)   Evacuate Collection Set: 3.2ms
[2020-05-09T00:37:00.642+0200][16.159s] GC(9)   Post Evacuate Collection Set: 0.5ms
[2020-05-09T00:37:00.642+0200][16.159s] GC(9)   Other: 0.1ms
[2020-05-09T00:37:00.642+0200][16.159s] GC(9) Eden regions: 201->0(262)
[2020-05-09T00:37:00.642+0200][16.159s] GC(9) Survivor regions: 7->9(26)
[2020-05-09T00:37:00.642+0200][16.159s] GC(9) Old regions: 20->20
[2020-05-09T00:37:00.642+0200][16.159s] GC(9) Humongous regions: 4->4
[2020-05-09T00:37:00.642+0200][16.159s] GC(9) Metaspace: 47062K->47062K(1091584K)
[2020-05-09T00:37:00.642+0200][16.159s] GC(9) Pause Young (Normal) (G1 Evacuation Pause) 230M->31M(512M) 3.956ms
[2020-05-09T00:37:00.642+0200][16.159s] GC(9) User=0.00s Sys=0.00s Real=0.00s
[2020-05-09T02:29:02.113+0200][6737.630s] GC(10) Pause Young (Normal) (G1 Evacuation Pause)
[2020-05-09T02:29:02.113+0200][6737.630s] GC(10) Using 10 workers of 10 for evacuation
[2020-05-09T02:29:02.119+0200][6737.637s] GC(10)   Pre Evacuate Collection Set: 0.0ms
[2020-05-09T02:29:02.120+0200][6737.637s] GC(10)   Evacuate Collection Set: 6.1ms
[2020-05-09T02:29:02.120+0200][6737.637s] GC(10)   Post Evacuate Collection Set: 0.8ms
[2020-05-09T02:29:02.120+0200][6737.637s] GC(10)   Other: 0.2ms
[2020-05-09T02:29:02.120+0200][6737.637s] GC(10) Eden regions: 262->0(285)
[2020-05-09T02:29:02.120+0200][6737.637s] GC(10) Survivor regions: 9->22(34)
[2020-05-09T02:29:02.120+0200][6737.637s] GC(10) Old regions: 20->20
[2020-05-09T02:29:02.120+0200][6737.637s] GC(10) Humongous regions: 7->7
[2020-05-09T02:29:02.120+0200][6737.637s] GC(10) Metaspace: 55124K->55124K(1099776K)
[2020-05-09T02:29:02.120+0200][6737.637s] GC(10) Pause Young (Normal) (G1 Evacuation Pause) 296M->47M(512M) 7.362ms
[2020-05-09T02:29:02.120+0200][6737.637s] GC(10) User=0.00s Sys=0.00s Real=0.01s
[2020-05-09T07:50:48.510+0200][26044.027s] GC(11) Pause Young (Normal) (G1 Evacuation Pause)
[2020-05-09T07:50:48.510+0200][26044.027s] GC(11) Using 10 workers of 10 for evacuation
[2020-05-09T07:50:48.515+0200][26044.032s] GC(11)   Pre Evacuate Collection Set: 0.0ms
[2020-05-09T07:50:48.515+0200][26044.032s] GC(11)   Evacuate Collection Set: 4.6ms
[2020-05-09T07:50:48.515+0200][26044.032s] GC(11)   Post Evacuate Collection Set: 1.0ms
[2020-05-09T07:50:48.515+0200][26044.032s] GC(11)   Other: 0.2ms
[2020-05-09T07:50:48.515+0200][26044.032s] GC(11) Eden regions: 285->0(287)
[2020-05-09T07:50:48.515+0200][26044.032s] GC(11) Survivor regions: 22->20(39)
[2020-05-09T07:50:48.515+0200][26044.032s] GC(11) Old regions: 20->20
[2020-05-09T07:50:48.515+0200][26044.032s] GC(11) Humongous regions: 7->7
[2020-05-09T07:50:48.515+0200][26044.032s] GC(11) Metaspace: 55263K->55263K(1099776K)
[2020-05-09T07:50:48.516+0200][26044.032s] GC(11) Pause Young (Normal) (G1 Evacuation Pause) 332M->46M(512M) 5.940ms
[2020-05-09T07:50:48.516+0200][26044.033s] GC(11) User=0.16s Sys=0.00s Real=0.01s
[2020-05-09T13:05:36.470+0200][44931.988s] GC(12) Pause Young (Normal) (G1 Evacuation Pause)
[2020-05-09T13:05:36.470+0200][44931.988s] GC(12) Using 10 workers of 10 for evacuation
[2020-05-09T13:05:36.477+0200][44931.994s] GC(12)   Pre Evacuate Collection Set: 0.0ms
[2020-05-09T13:05:36.477+0200][44931.994s] GC(12)   Evacuate Collection Set: 5.6ms
[2020-05-09T13:05:36.477+0200][44931.994s] GC(12)   Post Evacuate Collection Set: 1.0ms
[2020-05-09T13:05:36.477+0200][44931.995s] GC(12)   Other: 0.2ms
[2020-05-09T13:05:36.477+0200][44931.995s] GC(12) Eden regions: 287->0(288)
[2020-05-09T13:05:36.477+0200][44931.995s] GC(12) Survivor regions: 20->19(39)
[2020-05-09T13:05:36.477+0200][44931.995s] GC(12) Old regions: 20->20
[2020-05-09T13:05:36.477+0200][44931.995s] GC(12) Humongous regions: 7->7
[2020-05-09T13:05:36.477+0200][44931.995s] GC(12) Metaspace: 55485K->55485K(1099776K)
[2020-05-09T13:05:36.477+0200][44931.995s] GC(12) Pause Young (Normal) (G1 Evacuation Pause) 333M->45M(512M) 7.002ms
[2020-05-09T13:05:36.477+0200][44931.995s] GC(12) User=0.00s Sys=0.00s Real=0.01s
[2020-05-09T15:57:15.074+0200][55230.591s] GC(13) Pause Young (Normal) (G1 Evacuation Pause)
[2020-05-09T15:57:15.075+0200][55230.591s] GC(13) Using 10 workers of 10 for evacuation
[2020-05-09T15:57:15.084+0200][55230.600s] GC(13)   Pre Evacuate Collection Set: 0.0ms
[2020-05-09T15:57:15.084+0200][55230.600s] GC(13)   Evacuate Collection Set: 8.0ms
[2020-05-09T15:57:15.084+0200][55230.600s] GC(13)   Post Evacuate Collection Set: 0.9ms
[2020-05-09T15:57:15.084+0200][55230.601s] GC(13)   Other: 0.2ms
[2020-05-09T15:57:15.084+0200][55230.601s] GC(13) Eden regions: 288->0(282)
[2020-05-09T15:57:15.084+0200][55230.601s] GC(13) Survivor regions: 19->25(39)
[2020-05-09T15:57:15.084+0200][55230.601s] GC(13) Old regions: 20->20
[2020-05-09T15:57:15.084+0200][55230.601s] GC(13) Humongous regions: 7->7
[2020-05-09T15:57:15.084+0200][55230.601s] GC(13) Metaspace: 57207K->57207K(1101824K)
[2020-05-09T15:57:15.084+0200][55230.601s] GC(13) Pause Young (Normal) (G1 Evacuation Pause) 333M->51M(512M) 9.386ms
[2020-05-09T15:57:15.084+0200][55230.601s] GC(13) User=0.03s Sys=0.02s Real=0.01s
[2020-05-09T16:04:45.720+0200][55681.237s] GC(14) Pause Young (Normal) (G1 Evacuation Pause)
[2020-05-09T16:04:45.720+0200][55681.237s] GC(14) Using 10 workers of 10 for evacuation
[2020-05-09T16:04:45.737+0200][55681.254s] GC(14)   Pre Evacuate Collection Set: 0.0ms
[2020-05-09T16:04:45.737+0200][55681.254s] GC(14)   Evacuate Collection Set: 14.5ms
[2020-05-09T16:04:45.737+0200][55681.254s] GC(14)   Post Evacuate Collection Set: 1.6ms
[2020-05-09T16:04:45.737+0200][55681.254s] GC(14)   Other: 0.4ms
[2020-05-09T16:04:45.737+0200][55681.254s] GC(14) Eden regions: 282->0(269)
[2020-05-09T16:04:45.737+0200][55681.254s] GC(14) Survivor regions: 25->38(39)
[2020-05-09T16:04:45.737+0200][55681.254s] GC(14) Old regions: 20->25
[2020-05-09T16:04:45.737+0200][55681.254s] GC(14) Humongous regions: 18->11
[2020-05-09T16:04:45.737+0200][55681.254s] GC(14) Metaspace: 58151K->58151K(1101824K)
[2020-05-09T16:04:45.737+0200][55681.254s] GC(14) Pause Young (Normal) (G1 Evacuation Pause) 344M->73M(512M) 17.074ms
[2020-05-09T16:04:45.737+0200][55681.255s] GC(14) User=0.16s Sys=0.00s Real=0.02s
