[2020-05-04T17:44:01.494+0200][0.011s] Heap region size: 1M
[2020-05-04T17:44:01.593+0200][0.110s] Using G1
[2020-05-04T17:44:01.593+0200][0.110s] Heap address: 0x00000000e0000000, size: 512 MB, Compressed Oops mode: 32-bit
[2020-05-04T17:44:02.244+0200][0.761s] GC(0) Pause Young (Normal) (G1 Evacuation Pause)
[2020-05-04T17:44:02.244+0200][0.762s] GC(0) Using 10 workers of 10 for evacuation
[2020-05-04T17:44:02.248+0200][0.765s] GC(0)   Pre Evacuate Collection Set: 0.0ms
[2020-05-04T17:44:02.248+0200][0.765s] GC(0)   Evacuate Collection Set: 3.2ms
[2020-05-04T17:44:02.248+0200][0.765s] GC(0)   Post Evacuate Collection Set: 0.3ms
[2020-05-04T17:44:02.248+0200][0.765s] GC(0)   Other: 0.7ms
[2020-05-04T17:44:02.248+0200][0.765s] GC(0) Eden regions: 30->0(303)
[2020-05-04T17:44:02.257+0200][0.774s] GC(0) Survivor regions: 0->4(4)
[2020-05-04T17:44:02.257+0200][0.774s] GC(0) Old regions: 0->0
[2020-05-04T17:44:02.257+0200][0.774s] GC(0) Humongous regions: 0->0
[2020-05-04T17:44:02.257+0200][0.774s] GC(0) Metaspace: 15633K->15633K(1062912K)
[2020-05-04T17:44:02.257+0200][0.774s] GC(0) Pause Young (Normal) (G1 Evacuation Pause) 30M->3M(512M) 12.565ms
[2020-05-04T17:44:02.257+0200][0.774s] GC(0) User=0.00s Sys=0.00s Real=0.01s
[2020-05-04T17:44:02.487+0200][1.004s] GC(1) Pause Young (Concurrent Start) (Metadata GC Threshold)
[2020-05-04T17:44:02.487+0200][1.004s] GC(1) Using 10 workers of 10 for evacuation
[2020-05-04T17:44:02.498+0200][1.015s] GC(1)   Pre Evacuate Collection Set: 0.0ms
[2020-05-04T17:44:02.498+0200][1.015s] GC(1)   Evacuate Collection Set: 10.0ms
[2020-05-04T17:44:02.498+0200][1.015s] GC(1)   Post Evacuate Collection Set: 0.5ms
[2020-05-04T17:44:02.498+0200][1.015s] GC(1)   Other: 0.2ms
[2020-05-04T17:44:02.498+0200][1.015s] GC(1) Eden regions: 19->0(58)
[2020-05-04T17:44:02.498+0200][1.015s] GC(1) Survivor regions: 4->12(39)
[2020-05-04T17:44:02.498+0200][1.015s] GC(1) Old regions: 0->0
[2020-05-04T17:44:02.498+0200][1.015s] GC(1) Humongous regions: 4->4
[2020-05-04T17:44:02.498+0200][1.015s] GC(1) Metaspace: 20744K->20744K(1069056K)
[2020-05-04T17:44:02.498+0200][1.015s] GC(1) Pause Young (Concurrent Start) (Metadata GC Threshold) 26M->15M(512M) 10.902ms
[2020-05-04T17:44:02.498+0200][1.015s] GC(1) User=0.17s Sys=0.00s Real=0.01s
[2020-05-04T17:44:02.498+0200][1.015s] GC(2) Concurrent Cycle
[2020-05-04T17:44:02.498+0200][1.015s] GC(2) Concurrent Clear Claimed Marks
[2020-05-04T17:44:02.498+0200][1.015s] GC(2) Concurrent Clear Claimed Marks 0.024ms
[2020-05-04T17:44:02.498+0200][1.015s] GC(2) Concurrent Scan Root Regions
[2020-05-04T17:44:02.501+0200][1.018s] GC(2) Concurrent Scan Root Regions 2.941ms
[2020-05-04T17:44:02.501+0200][1.018s] GC(2) Concurrent Mark (1.018s)
[2020-05-04T17:44:02.501+0200][1.018s] GC(2) Concurrent Mark From Roots
[2020-05-04T17:44:02.501+0200][1.018s] GC(2) Using 3 workers of 3 for marking
[2020-05-04T17:44:02.502+0200][1.019s] GC(2) Concurrent Mark From Roots 1.081ms
[2020-05-04T17:44:02.502+0200][1.019s] GC(2) Concurrent Preclean
[2020-05-04T17:44:02.502+0200][1.020s] GC(2) Concurrent Preclean 0.045ms
[2020-05-04T17:44:02.502+0200][1.020s] GC(2) Concurrent Mark (1.018s, 1.020s) 1.177ms
[2020-05-04T17:44:02.502+0200][1.020s] GC(2) Pause Remark
[2020-05-04T17:44:02.503+0200][1.020s] GC(2) Cleaned string and symbol table, strings: 10298 processed, 0 removed, symbols: 68258 processed, 12 removed
[2020-05-04T17:44:02.503+0200][1.021s] GC(2) Pause Remark 16M->16M(512M) 0.923ms
[2020-05-04T17:44:02.503+0200][1.021s] GC(2) User=0.00s Sys=0.00s Real=0.00s
[2020-05-04T17:44:02.503+0200][1.021s] GC(2) Concurrent Rebuild Remembered Sets
[2020-05-04T17:44:02.505+0200][1.022s] GC(2) Concurrent Rebuild Remembered Sets 1.419ms
[2020-05-04T17:44:02.505+0200][1.022s] GC(2) Pause Cleanup
[2020-05-04T17:44:02.505+0200][1.022s] GC(2) Pause Cleanup 16M->16M(512M) 0.077ms
[2020-05-04T17:44:02.505+0200][1.022s] GC(2) User=0.00s Sys=0.00s Real=0.00s
[2020-05-04T17:44:02.505+0200][1.022s] GC(2) Concurrent Cleanup for Next Mark
[2020-05-04T17:44:02.505+0200][1.022s] GC(2) Concurrent Cleanup for Next Mark 0.185ms
[2020-05-04T17:44:02.505+0200][1.022s] GC(2) Concurrent Cycle 7.191ms
[2020-05-04T17:44:02.811+0200][1.328s] GC(3) Pause Young (Normal) (G1 Evacuation Pause)
[2020-05-04T17:44:02.811+0200][1.328s] GC(3) Using 10 workers of 10 for evacuation
[2020-05-04T17:44:02.817+0200][1.334s] GC(3)   Pre Evacuate Collection Set: 0.0ms
[2020-05-04T17:44:02.818+0200][1.335s] GC(3)   Evacuate Collection Set: 6.0ms
[2020-05-04T17:44:02.818+0200][1.335s] GC(3)   Post Evacuate Collection Set: 0.6ms
[2020-05-04T17:44:02.818+0200][1.335s] GC(3)   Other: 0.1ms
[2020-05-04T17:44:02.818+0200][1.335s] GC(3) Eden regions: 35->0(61)
[2020-05-04T17:44:02.818+0200][1.335s] GC(3) Survivor regions: 12->6(6)
[2020-05-04T17:44:02.818+0200][1.335s] GC(3) Old regions: 0->13
[2020-05-04T17:44:02.818+0200][1.335s] GC(3) Humongous regions: 4->4
[2020-05-04T17:44:02.818+0200][1.335s] GC(3) Metaspace: 23976K->23976K(1071104K)
[2020-05-04T17:44:02.818+0200][1.335s] GC(3) Pause Young (Normal) (G1 Evacuation Pause) 50M->22M(512M) 6.792ms
[2020-05-04T17:44:02.818+0200][1.335s] GC(3) User=0.00s Sys=0.00s Real=0.01s
[2020-05-04T17:44:03.425+0200][1.941s] GC(4) Pause Young (Normal) (G1 Evacuation Pause)
[2020-05-04T17:44:03.425+0200][1.941s] GC(4) Using 10 workers of 10 for evacuation
[2020-05-04T17:44:03.426+0200][1.943s] GC(4)   Pre Evacuate Collection Set: 0.0ms
[2020-05-04T17:44:03.426+0200][1.943s] GC(4)   Evacuate Collection Set: 1.1ms
[2020-05-04T17:44:03.426+0200][1.943s] GC(4)   Post Evacuate Collection Set: 0.6ms
[2020-05-04T17:44:03.426+0200][1.943s] GC(4)   Other: 0.1ms
[2020-05-04T17:44:03.426+0200][1.943s] GC(4) Eden regions: 61->0(104)
[2020-05-04T17:44:03.426+0200][1.943s] GC(4) Survivor regions: 6->2(9)
[2020-05-04T17:44:03.426+0200][1.943s] GC(4) Old regions: 13->19
[2020-05-04T17:44:03.426+0200][1.943s] GC(4) Humongous regions: 4->4
[2020-05-04T17:44:03.426+0200][1.943s] GC(4) Metaspace: 30414K->30414K(1077248K)
[2020-05-04T17:44:03.426+0200][1.943s] GC(4) Pause Young (Normal) (G1 Evacuation Pause) 83M->23M(512M) 1.959ms
[2020-05-04T17:44:03.426+0200][1.943s] GC(4) User=0.00s Sys=0.00s Real=0.00s
[2020-05-04T17:44:03.615+0200][2.131s] GC(5) Pause Young (Concurrent Start) (Metadata GC Threshold)
[2020-05-04T17:44:03.615+0200][2.131s] GC(5) Using 10 workers of 10 for evacuation
[2020-05-04T17:44:03.616+0200][2.133s] GC(5)   Pre Evacuate Collection Set: 0.0ms
[2020-05-04T17:44:03.616+0200][2.133s] GC(5)   Evacuate Collection Set: 1.2ms
[2020-05-04T17:44:03.616+0200][2.133s] GC(5)   Post Evacuate Collection Set: 0.2ms
[2020-05-04T17:44:03.616+0200][2.133s] GC(5)   Other: 0.1ms
[2020-05-04T17:44:03.616+0200][2.133s] GC(5) Eden regions: 25->0(115)
[2020-05-04T17:44:03.616+0200][2.133s] GC(5) Survivor regions: 2->2(14)
[2020-05-04T17:44:03.616+0200][2.133s] GC(5) Old regions: 19->19
[2020-05-04T17:44:03.616+0200][2.133s] GC(5) Humongous regions: 4->4
[2020-05-04T17:44:03.616+0200][2.133s] GC(5) Metaspace: 35053K->35053K(1081344K)
[2020-05-04T17:44:03.616+0200][2.133s] GC(5) Pause Young (Concurrent Start) (Metadata GC Threshold) 48M->24M(512M) 1.728ms
[2020-05-04T17:44:03.616+0200][2.133s] GC(5) User=0.00s Sys=0.00s Real=0.00s
[2020-05-04T17:44:03.616+0200][2.133s] GC(6) Concurrent Cycle
[2020-05-04T17:44:03.616+0200][2.133s] GC(6) Concurrent Clear Claimed Marks
[2020-05-04T17:44:03.616+0200][2.133s] GC(6) Concurrent Clear Claimed Marks 0.018ms
[2020-05-04T17:44:03.616+0200][2.133s] GC(6) Concurrent Scan Root Regions
[2020-05-04T17:44:03.617+0200][2.134s] GC(6) Concurrent Scan Root Regions 1.058ms
[2020-05-04T17:44:03.617+0200][2.134s] GC(6) Concurrent Mark (2.134s)
[2020-05-04T17:44:03.617+0200][2.134s] GC(6) Concurrent Mark From Roots
[2020-05-04T17:44:03.617+0200][2.134s] GC(6) Using 3 workers of 3 for marking
[2020-05-04T17:44:03.628+0200][2.145s] GC(6) Concurrent Mark From Roots 10.431ms
[2020-05-04T17:44:03.628+0200][2.145s] GC(6) Concurrent Preclean
[2020-05-04T17:44:03.628+0200][2.145s] GC(6) Concurrent Preclean 0.118ms
[2020-05-04T17:44:03.628+0200][2.145s] GC(6) Concurrent Mark (2.134s, 2.145s) 10.609ms
[2020-05-04T17:44:03.628+0200][2.145s] GC(6) Pause Remark
[2020-05-04T17:44:03.629+0200][2.146s] GC(6) Cleaned string and symbol table, strings: 16680 processed, 22 removed, symbols: 115306 processed, 55 removed
[2020-05-04T17:44:03.630+0200][2.147s] GC(6) Pause Remark 25M->25M(512M) 1.712ms
[2020-05-04T17:44:03.630+0200][2.147s] GC(6) User=0.00s Sys=0.00s Real=0.00s
[2020-05-04T17:44:03.630+0200][2.147s] GC(6) Concurrent Rebuild Remembered Sets
[2020-05-04T17:44:03.635+0200][2.152s] GC(6) Concurrent Rebuild Remembered Sets 5.576ms
[2020-05-04T17:44:03.636+0200][2.153s] GC(6) Pause Cleanup
[2020-05-04T17:44:03.636+0200][2.153s] GC(6) Pause Cleanup 26M->26M(512M) 0.107ms
[2020-05-04T17:44:03.636+0200][2.153s] GC(6) User=0.00s Sys=0.00s Real=0.00s
[2020-05-04T17:44:03.636+0200][2.153s] GC(6) Concurrent Cleanup for Next Mark
[2020-05-04T17:44:03.636+0200][2.153s] GC(6) Concurrent Cleanup for Next Mark 0.247ms
[2020-05-04T17:44:03.636+0200][2.153s] GC(6) Concurrent Cycle 19.998ms
[2020-05-04T20:58:25.313+0200][11663.830s] GC(7) Pause Young (Concurrent Start) (G1 Evacuation Pause)
[2020-05-04T20:58:25.313+0200][11663.830s] GC(7) Using 10 workers of 10 for evacuation
[2020-05-04T20:58:25.317+0200][11663.834s] GC(7)   Pre Evacuate Collection Set: 0.1ms
[2020-05-04T20:58:25.317+0200][11663.834s] GC(7)   Evacuate Collection Set: 2.7ms
[2020-05-04T20:58:25.317+0200][11663.834s] GC(7)   Post Evacuate Collection Set: 0.6ms
[2020-05-04T20:58:25.317+0200][11663.834s] GC(7)   Other: 0.2ms
[2020-05-04T20:58:25.317+0200][11663.834s] GC(7) Eden regions: 115->0(180)
[2020-05-04T20:58:25.317+0200][11663.834s] GC(7) Survivor regions: 2->6(15)
[2020-05-04T20:58:25.317+0200][11663.834s] GC(7) Old regions: 19->19
[2020-05-04T20:58:25.317+0200][11663.834s] GC(7) Humongous regions: 4->4
[2020-05-04T20:58:25.317+0200][11663.834s] GC(7) Metaspace: 41892K->41892K(1087488K)
[2020-05-04T20:58:25.317+0200][11663.834s] GC(7) Pause Young (Concurrent Start) (G1 Evacuation Pause) 139M->27M(512M) 3.618ms
[2020-05-04T20:58:25.317+0200][11663.834s] GC(7) User=0.00s Sys=0.00s Real=0.00s
[2020-05-04T20:58:25.317+0200][11663.834s] GC(8) Concurrent Cycle
[2020-05-04T20:58:25.317+0200][11663.834s] GC(8) Concurrent Clear Claimed Marks
[2020-05-04T20:58:25.317+0200][11663.834s] GC(8) Concurrent Clear Claimed Marks 0.024ms
[2020-05-04T20:58:25.317+0200][11663.834s] GC(8) Concurrent Scan Root Regions
[2020-05-04T20:58:25.319+0200][11663.835s] GC(8) Concurrent Scan Root Regions 1.488ms
[2020-05-04T20:58:25.319+0200][11663.835s] GC(8) Concurrent Mark (11663.835s)
[2020-05-04T20:58:25.319+0200][11663.835s] GC(8) Concurrent Mark From Roots
[2020-05-04T20:58:25.319+0200][11663.835s] GC(8) Using 3 workers of 3 for marking
[2020-05-04T20:58:25.325+0200][11663.842s] GC(8) Concurrent Mark From Roots 6.516ms
[2020-05-04T20:58:25.325+0200][11663.842s] GC(8) Concurrent Preclean
[2020-05-04T20:58:25.325+0200][11663.842s] GC(8) Concurrent Preclean 0.115ms
[2020-05-04T20:58:25.326+0200][11663.842s] GC(8) Concurrent Mark (11663.835s, 11663.842s) 6.671ms
[2020-05-04T20:58:25.326+0200][11663.842s] GC(8) Pause Remark
[2020-05-04T20:58:25.329+0200][11663.846s] GC(8) Cleaned string and symbol table, strings: 19479 processed, 905 removed, symbols: 129514 processed, 25 removed
[2020-05-04T20:58:25.330+0200][11663.846s] GC(8) Pause Remark 28M->28M(512M) 4.048ms
[2020-05-04T20:58:25.330+0200][11663.846s] GC(8) User=0.00s Sys=0.00s Real=0.00s
[2020-05-04T20:58:25.330+0200][11663.846s] GC(8) Concurrent Rebuild Remembered Sets
[2020-05-04T20:58:25.333+0200][11663.850s] GC(8) Concurrent Rebuild Remembered Sets 3.126ms
[2020-05-04T20:58:25.333+0200][11663.850s] GC(8) Pause Cleanup
[2020-05-04T20:58:25.333+0200][11663.850s] GC(8) Pause Cleanup 28M->28M(512M) 0.145ms
[2020-05-04T20:58:25.333+0200][11663.850s] GC(8) User=0.00s Sys=0.00s Real=0.00s
[2020-05-04T20:58:25.333+0200][11663.850s] GC(8) Concurrent Cleanup for Next Mark
[2020-05-04T20:58:25.334+0200][11663.850s] GC(8) Concurrent Cleanup for Next Mark 0.393ms
[2020-05-04T20:58:25.334+0200][11663.850s] GC(8) Concurrent Cycle 16.545ms
[2020-05-05T08:46:10.256+0200][54128.773s] GC(9) Pause Young (Normal) (G1 Evacuation Pause)
[2020-05-05T08:46:10.256+0200][54128.773s] GC(9) Using 10 workers of 10 for evacuation
[2020-05-05T08:46:10.259+0200][54128.776s] GC(9)   Pre Evacuate Collection Set: 0.0ms
[2020-05-05T08:46:10.259+0200][54128.776s] GC(9)   Evacuate Collection Set: 1.9ms
[2020-05-05T08:46:10.259+0200][54128.776s] GC(9)   Post Evacuate Collection Set: 0.8ms
[2020-05-05T08:46:10.259+0200][54128.776s] GC(9)   Other: 0.2ms
[2020-05-05T08:46:10.259+0200][54128.776s] GC(9) Eden regions: 186->0(302)
[2020-05-05T08:46:10.259+0200][54128.776s] GC(9) Survivor regions: 6->5(24)
[2020-05-05T08:46:10.259+0200][54128.776s] GC(9) Old regions: 19->19
[2020-05-05T08:46:10.259+0200][54128.776s] GC(9) Humongous regions: 4->4
[2020-05-05T08:46:10.259+0200][54128.776s] GC(9) Metaspace: 41819K->41819K(1087488K)
[2020-05-05T08:46:10.259+0200][54128.776s] GC(9) Pause Young (Normal) (G1 Evacuation Pause) 213M->27M(512M) 3.010ms
[2020-05-05T08:46:10.259+0200][54128.776s] GC(9) User=0.02s Sys=0.00s Real=0.00s
