[2020-05-04T17:40:40.995+0200][0.010s] Heap region size: 1M
[2020-05-04T17:40:41.096+0200][0.111s] Using G1
[2020-05-04T17:40:41.096+0200][0.111s] Heap address: 0x00000000e0000000, size: 512 MB, Compressed Oops mode: 32-bit
[2020-05-04T17:40:41.757+0200][0.771s] GC(0) Pause Young (Normal) (G1 Evacuation Pause)
[2020-05-04T17:40:41.757+0200][0.772s] GC(0) Using 10 workers of 10 for evacuation
[2020-05-04T17:40:41.760+0200][0.775s] GC(0)   Pre Evacuate Collection Set: 0.0ms
[2020-05-04T17:40:41.760+0200][0.775s] GC(0)   Evacuate Collection Set: 2.7ms
[2020-05-04T17:40:41.760+0200][0.775s] GC(0)   Post Evacuate Collection Set: 0.3ms
[2020-05-04T17:40:41.760+0200][0.775s] GC(0)   Other: 0.6ms
[2020-05-04T17:40:41.760+0200][0.775s] GC(0) Eden regions: 30->0(303)
[2020-05-04T17:40:41.768+0200][0.783s] GC(0) Survivor regions: 0->4(4)
[2020-05-04T17:40:41.768+0200][0.783s] GC(0) Old regions: 0->0
[2020-05-04T17:40:41.768+0200][0.783s] GC(0) Humongous regions: 0->0
[2020-05-04T17:40:41.768+0200][0.783s] GC(0) Metaspace: 15442K->15442K(1062912K)
[2020-05-04T17:40:41.768+0200][0.783s] GC(0) Pause Young (Normal) (G1 Evacuation Pause) 30M->3M(512M) 11.685ms
[2020-05-04T17:40:41.768+0200][0.783s] GC(0) User=0.16s Sys=0.00s Real=0.01s
[2020-05-04T17:40:42.021+0200][1.036s] GC(1) Pause Young (Concurrent Start) (Metadata GC Threshold)
[2020-05-04T17:40:42.021+0200][1.036s] GC(1) Using 10 workers of 10 for evacuation
[2020-05-04T17:40:42.027+0200][1.042s] GC(1)   Pre Evacuate Collection Set: 0.0ms
[2020-05-04T17:40:42.027+0200][1.042s] GC(1)   Evacuate Collection Set: 5.3ms
[2020-05-04T17:40:42.027+0200][1.042s] GC(1)   Post Evacuate Collection Set: 0.3ms
[2020-05-04T17:40:42.027+0200][1.042s] GC(1)   Other: 0.1ms
[2020-05-04T17:40:42.027+0200][1.042s] GC(1) Eden regions: 19->0(62)
[2020-05-04T17:40:42.027+0200][1.042s] GC(1) Survivor regions: 4->12(39)
[2020-05-04T17:40:42.027+0200][1.042s] GC(1) Old regions: 0->0
[2020-05-04T17:40:42.027+0200][1.042s] GC(1) Humongous regions: 4->4
[2020-05-04T17:40:42.027+0200][1.042s] GC(1) Metaspace: 20744K->20744K(1069056K)
[2020-05-04T17:40:42.027+0200][1.042s] GC(1) Pause Young (Concurrent Start) (Metadata GC Threshold) 26M->15M(512M) 5.918ms
[2020-05-04T17:40:42.027+0200][1.042s] GC(1) User=0.17s Sys=0.00s Real=0.01s
[2020-05-04T17:40:42.027+0200][1.042s] GC(2) Concurrent Cycle
[2020-05-04T17:40:42.027+0200][1.042s] GC(2) Concurrent Clear Claimed Marks
[2020-05-04T17:40:42.027+0200][1.042s] GC(2) Concurrent Clear Claimed Marks 0.020ms
[2020-05-04T17:40:42.027+0200][1.042s] GC(2) Concurrent Scan Root Regions
[2020-05-04T17:40:42.030+0200][1.045s] GC(2) Concurrent Scan Root Regions 2.560ms
[2020-05-04T17:40:42.030+0200][1.045s] GC(2) Concurrent Mark (1.045s)
[2020-05-04T17:40:42.030+0200][1.045s] GC(2) Concurrent Mark From Roots
[2020-05-04T17:40:42.030+0200][1.045s] GC(2) Using 3 workers of 3 for marking
[2020-05-04T17:40:42.030+0200][1.045s] GC(2) Concurrent Mark From Roots 0.457ms
[2020-05-04T17:40:42.030+0200][1.045s] GC(2) Concurrent Preclean
[2020-05-04T17:40:42.031+0200][1.045s] GC(2) Concurrent Preclean 0.043ms
[2020-05-04T17:40:42.031+0200][1.045s] GC(2) Concurrent Mark (1.045s, 1.045s) 0.534ms
[2020-05-04T17:40:42.031+0200][1.045s] GC(2) Pause Remark
[2020-05-04T17:40:42.031+0200][1.046s] GC(2) Cleaned string and symbol table, strings: 10276 processed, 0 removed, symbols: 68251 processed, 12 removed
[2020-05-04T17:40:42.031+0200][1.046s] GC(2) Pause Remark 16M->16M(512M) 0.830ms
[2020-05-04T17:40:42.031+0200][1.046s] GC(2) User=0.00s Sys=0.00s Real=0.00s
[2020-05-04T17:40:42.031+0200][1.046s] GC(2) Concurrent Rebuild Remembered Sets
[2020-05-04T17:40:42.033+0200][1.047s] GC(2) Concurrent Rebuild Remembered Sets 1.303ms
[2020-05-04T17:40:42.033+0200][1.047s] GC(2) Pause Cleanup
[2020-05-04T17:40:42.033+0200][1.048s] GC(2) Pause Cleanup 16M->16M(512M) 0.129ms
[2020-05-04T17:40:42.033+0200][1.048s] GC(2) User=0.00s Sys=0.00s Real=0.00s
[2020-05-04T17:40:42.033+0200][1.048s] GC(2) Concurrent Cleanup for Next Mark
[2020-05-04T17:40:42.033+0200][1.048s] GC(2) Concurrent Cleanup for Next Mark 0.257ms
[2020-05-04T17:40:42.033+0200][1.048s] GC(2) Concurrent Cycle 6.067ms
[2020-05-04T17:40:42.358+0200][1.372s] GC(3) Pause Young (Normal) (G1 Evacuation Pause)
[2020-05-04T17:40:42.358+0200][1.372s] GC(3) Using 10 workers of 10 for evacuation
[2020-05-04T17:40:42.365+0200][1.380s] GC(3)   Pre Evacuate Collection Set: 0.0ms
[2020-05-04T17:40:42.365+0200][1.380s] GC(3)   Evacuate Collection Set: 6.9ms
[2020-05-04T17:40:42.365+0200][1.380s] GC(3)   Post Evacuate Collection Set: 0.6ms
[2020-05-04T17:40:42.365+0200][1.380s] GC(3)   Other: 0.1ms
[2020-05-04T17:40:42.365+0200][1.380s] GC(3) Eden regions: 39->0(64)
[2020-05-04T17:40:42.365+0200][1.380s] GC(3) Survivor regions: 12->7(7)
[2020-05-04T17:40:42.365+0200][1.380s] GC(3) Old regions: 0->13
[2020-05-04T17:40:42.365+0200][1.380s] GC(3) Humongous regions: 4->4
[2020-05-04T17:40:42.365+0200][1.380s] GC(3) Metaspace: 24419K->24419K(1071104K)
[2020-05-04T17:40:42.365+0200][1.380s] GC(3) Pause Young (Normal) (G1 Evacuation Pause) 54M->23M(512M) 7.737ms
[2020-05-04T17:40:42.365+0200][1.380s] GC(3) User=0.00s Sys=0.00s Real=0.01s
[2020-05-04T17:40:42.875+0200][1.890s] GC(4) Pause Young (Normal) (G1 Evacuation Pause)
[2020-05-04T17:40:42.875+0200][1.890s] GC(4) Using 10 workers of 10 for evacuation
[2020-05-04T17:40:42.876+0200][1.892s] GC(4)   Pre Evacuate Collection Set: 0.0ms
[2020-05-04T17:40:42.877+0200][1.892s] GC(4)   Evacuate Collection Set: 1.1ms
[2020-05-04T17:40:42.877+0200][1.892s] GC(4)   Post Evacuate Collection Set: 0.2ms
[2020-05-04T17:40:42.877+0200][1.892s] GC(4)   Other: 0.1ms
[2020-05-04T17:40:42.877+0200][1.892s] GC(4) Eden regions: 64->0(108)
[2020-05-04T17:40:42.877+0200][1.892s] GC(4) Survivor regions: 7->2(9)
[2020-05-04T17:40:42.877+0200][1.892s] GC(4) Old regions: 13->19
[2020-05-04T17:40:42.877+0200][1.892s] GC(4) Humongous regions: 4->4
[2020-05-04T17:40:42.877+0200][1.892s] GC(4) Metaspace: 31495K->31495K(1077248K)
[2020-05-04T17:40:42.877+0200][1.892s] GC(4) Pause Young (Normal) (G1 Evacuation Pause) 87M->24M(512M) 1.506ms
[2020-05-04T17:40:42.877+0200][1.892s] GC(4) User=0.00s Sys=0.00s Real=0.00s
[2020-05-04T17:40:43.029+0200][2.044s] GC(5) Pause Young (Concurrent Start) (Metadata GC Threshold)
[2020-05-04T17:40:43.029+0200][2.044s] GC(5) Using 10 workers of 10 for evacuation
[2020-05-04T17:40:43.031+0200][2.046s] GC(5)   Pre Evacuate Collection Set: 0.0ms
[2020-05-04T17:40:43.031+0200][2.046s] GC(5)   Evacuate Collection Set: 1.2ms
[2020-05-04T17:40:43.031+0200][2.046s] GC(5)   Post Evacuate Collection Set: 0.3ms
[2020-05-04T17:40:43.031+0200][2.046s] GC(5)   Other: 0.1ms
[2020-05-04T17:40:43.031+0200][2.046s] GC(5) Eden regions: 18->0(120)
[2020-05-04T17:40:43.031+0200][2.046s] GC(5) Survivor regions: 2->2(14)
[2020-05-04T17:40:43.031+0200][2.046s] GC(5) Old regions: 19->19
[2020-05-04T17:40:43.031+0200][2.046s] GC(5) Humongous regions: 4->4
[2020-05-04T17:40:43.031+0200][2.046s] GC(5) Metaspace: 35070K->35070K(1081344K)
[2020-05-04T17:40:43.031+0200][2.046s] GC(5) Pause Young (Concurrent Start) (Metadata GC Threshold) 41M->24M(512M) 1.748ms
[2020-05-04T17:40:43.031+0200][2.046s] GC(5) User=0.00s Sys=0.00s Real=0.00s
[2020-05-04T17:40:43.031+0200][2.046s] GC(6) Concurrent Cycle
[2020-05-04T17:40:43.031+0200][2.046s] GC(6) Concurrent Clear Claimed Marks
[2020-05-04T17:40:43.031+0200][2.046s] GC(6) Concurrent Clear Claimed Marks 0.018ms
[2020-05-04T17:40:43.031+0200][2.046s] GC(6) Concurrent Scan Root Regions
[2020-05-04T17:40:43.032+0200][2.047s] GC(6) Concurrent Scan Root Regions 1.006ms
[2020-05-04T17:40:43.032+0200][2.047s] GC(6) Concurrent Mark (2.047s)
[2020-05-04T17:40:43.032+0200][2.047s] GC(6) Concurrent Mark From Roots
[2020-05-04T17:40:43.032+0200][2.047s] GC(6) Using 3 workers of 3 for marking
[2020-05-04T17:40:43.042+0200][2.057s] GC(6) Concurrent Mark From Roots 9.741ms
[2020-05-04T17:40:43.042+0200][2.057s] GC(6) Concurrent Preclean
[2020-05-04T17:40:43.042+0200][2.057s] GC(6) Concurrent Preclean 0.104ms
[2020-05-04T17:40:43.042+0200][2.057s] GC(6) Concurrent Mark (2.047s, 2.057s) 9.893ms
[2020-05-04T17:40:43.042+0200][2.057s] GC(6) Pause Remark
[2020-05-04T17:40:43.044+0200][2.059s] GC(6) Cleaned string and symbol table, strings: 16719 processed, 23 removed, symbols: 114913 processed, 55 removed
[2020-05-04T17:40:43.044+0200][2.059s] GC(6) Pause Remark 26M->26M(512M) 1.647ms
[2020-05-04T17:40:43.044+0200][2.059s] GC(6) User=0.00s Sys=0.00s Real=0.00s
[2020-05-04T17:40:43.044+0200][2.059s] GC(6) Concurrent Rebuild Remembered Sets
[2020-05-04T17:40:43.051+0200][2.066s] GC(6) Concurrent Rebuild Remembered Sets 6.661ms
[2020-05-04T17:40:43.051+0200][2.066s] GC(6) Pause Cleanup
[2020-05-04T17:40:43.051+0200][2.066s] GC(6) Pause Cleanup 26M->26M(512M) 0.084ms
[2020-05-04T17:40:43.051+0200][2.066s] GC(6) User=0.00s Sys=0.00s Real=0.00s
[2020-05-04T17:40:43.051+0200][2.066s] GC(6) Concurrent Cleanup for Next Mark
[2020-05-04T17:40:43.051+0200][2.066s] GC(6) Concurrent Cleanup for Next Mark 0.277ms
[2020-05-04T17:40:43.051+0200][2.066s] GC(6) Concurrent Cycle 20.417ms
[2020-05-04T17:43:07.541+0200][146.556s] Heap
[2020-05-04T17:43:07.541+0200][146.556s]  garbage-first heap   total 524288K, used 96029K [0x00000000e0000000, 0x0000000100000000)
[2020-05-04T17:43:07.541+0200][146.556s]   region size 1024K, 72 young (73728K), 2 survivors (2048K)
[2020-05-04T17:43:07.541+0200][146.556s]  Metaspace       used 41825K, capacity 42736K, committed 42928K, reserved 1087488K
[2020-05-04T17:43:07.541+0200][146.556s]   class space    used 4690K, capacity 5057K, committed 5120K, reserved 1048576K
