[2020-05-07T10:47:55.678+0200][0.023s] Heap region size: 1M
[2020-05-07T10:47:55.853+0200][0.197s] Using G1
[2020-05-07T10:47:55.853+0200][0.197s] Heap address: 0x00000000e0000000, size: 512 MB, Compressed Oops mode: 32-bit
[2020-05-07T10:47:57.273+0200][1.617s] GC(0) Pause Young (Normal) (G1 Evacuation Pause)
[2020-05-07T10:47:57.273+0200][1.618s] GC(0) Using 10 workers of 10 for evacuation
[2020-05-07T10:47:57.277+0200][1.622s] GC(0)   Pre Evacuate Collection Set: 0.0ms
[2020-05-07T10:47:57.277+0200][1.622s] GC(0)   Evacuate Collection Set: 3.2ms
[2020-05-07T10:47:57.278+0200][1.622s] GC(0)   Post Evacuate Collection Set: 0.5ms
[2020-05-07T10:47:57.278+0200][1.622s] GC(0)   Other: 0.7ms
[2020-05-07T10:47:57.278+0200][1.622s] GC(0) Eden regions: 30->0(303)
[2020-05-07T10:47:57.285+0200][1.629s] GC(0) Survivor regions: 0->4(4)
[2020-05-07T10:47:57.285+0200][1.629s] GC(0) Old regions: 0->0
[2020-05-07T10:47:57.285+0200][1.629s] GC(0) Humongous regions: 0->0
[2020-05-07T10:47:57.285+0200][1.629s] GC(0) Metaspace: 15465K->15465K(1062912K)
[2020-05-07T10:47:57.285+0200][1.629s] GC(0) Pause Young (Normal) (G1 Evacuation Pause) 30M->3M(512M) 11.720ms
[2020-05-07T10:47:57.285+0200][1.629s] GC(0) User=0.02s Sys=0.00s Real=0.01s
[2020-05-07T10:47:57.513+0200][1.857s] GC(1) Pause Young (Concurrent Start) (Metadata GC Threshold)
[2020-05-07T10:47:57.513+0200][1.857s] GC(1) Using 10 workers of 10 for evacuation
[2020-05-07T10:47:57.520+0200][1.864s] GC(1)   Pre Evacuate Collection Set: 0.0ms
[2020-05-07T10:47:57.520+0200][1.864s] GC(1)   Evacuate Collection Set: 6.6ms
[2020-05-07T10:47:57.520+0200][1.864s] GC(1)   Post Evacuate Collection Set: 0.4ms
[2020-05-07T10:47:57.520+0200][1.864s] GC(1)   Other: 0.2ms
[2020-05-07T10:47:57.520+0200][1.864s] GC(1) Eden regions: 19->0(61)
[2020-05-07T10:47:57.520+0200][1.864s] GC(1) Survivor regions: 4->12(39)
[2020-05-07T10:47:57.520+0200][1.864s] GC(1) Old regions: 0->0
[2020-05-07T10:47:57.520+0200][1.864s] GC(1) Humongous regions: 4->4
[2020-05-07T10:47:57.520+0200][1.864s] GC(1) Metaspace: 20744K->20744K(1069056K)
[2020-05-07T10:47:57.520+0200][1.864s] GC(1) Pause Young (Concurrent Start) (Metadata GC Threshold) 26M->15M(512M) 7.375ms
[2020-05-07T10:47:57.520+0200][1.865s] GC(1) User=0.16s Sys=0.00s Real=0.01s
[2020-05-07T10:47:57.520+0200][1.865s] GC(2) Concurrent Cycle
[2020-05-07T10:47:57.520+0200][1.865s] GC(2) Concurrent Clear Claimed Marks
[2020-05-07T10:47:57.520+0200][1.865s] GC(2) Concurrent Clear Claimed Marks 0.022ms
[2020-05-07T10:47:57.520+0200][1.865s] GC(2) Concurrent Scan Root Regions
[2020-05-07T10:47:57.523+0200][1.867s] GC(2) Concurrent Scan Root Regions 2.219ms
[2020-05-07T10:47:57.523+0200][1.867s] GC(2) Concurrent Mark (1.867s)
[2020-05-07T10:47:57.523+0200][1.867s] GC(2) Concurrent Mark From Roots
[2020-05-07T10:47:57.523+0200][1.867s] GC(2) Using 3 workers of 3 for marking
[2020-05-07T10:47:57.523+0200][1.868s] GC(2) Concurrent Mark From Roots 0.741ms
[2020-05-07T10:47:57.523+0200][1.868s] GC(2) Concurrent Preclean
[2020-05-07T10:47:57.523+0200][1.868s] GC(2) Concurrent Preclean 0.118ms
[2020-05-07T10:47:57.523+0200][1.868s] GC(2) Concurrent Mark (1.867s, 1.868s) 0.905ms
[2020-05-07T10:47:57.524+0200][1.868s] GC(2) Pause Remark
[2020-05-07T10:47:57.524+0200][1.869s] GC(2) Cleaned string and symbol table, strings: 10288 processed, 0 removed, symbols: 68252 processed, 12 removed
[2020-05-07T10:47:57.525+0200][1.869s] GC(2) Pause Remark 16M->16M(512M) 0.813ms
[2020-05-07T10:47:57.525+0200][1.869s] GC(2) User=0.00s Sys=0.00s Real=0.00s
[2020-05-07T10:47:57.525+0200][1.869s] GC(2) Concurrent Rebuild Remembered Sets
[2020-05-07T10:47:57.526+0200][1.870s] GC(2) Concurrent Rebuild Remembered Sets 1.132ms
[2020-05-07T10:47:57.526+0200][1.870s] GC(2) Pause Cleanup
[2020-05-07T10:47:57.526+0200][1.870s] GC(2) Pause Cleanup 16M->16M(512M) 0.102ms
[2020-05-07T10:47:57.526+0200][1.870s] GC(2) User=0.00s Sys=0.00s Real=0.00s
[2020-05-07T10:47:57.526+0200][1.870s] GC(2) Concurrent Cleanup for Next Mark
[2020-05-07T10:47:57.526+0200][1.871s] GC(2) Concurrent Cleanup for Next Mark 0.189ms
[2020-05-07T10:47:57.526+0200][1.871s] GC(2) Concurrent Cycle 6.100ms
[2020-05-07T10:47:57.914+0200][2.258s] GC(3) Pause Young (Normal) (G1 Evacuation Pause)
[2020-05-07T10:47:57.914+0200][2.259s] GC(3) Using 10 workers of 10 for evacuation
[2020-05-07T10:47:57.922+0200][2.267s] GC(3)   Pre Evacuate Collection Set: 0.0ms
[2020-05-07T10:47:57.922+0200][2.267s] GC(3)   Evacuate Collection Set: 7.5ms
[2020-05-07T10:47:57.922+0200][2.267s] GC(3)   Post Evacuate Collection Set: 0.5ms
[2020-05-07T10:47:57.922+0200][2.267s] GC(3)   Other: 0.1ms
[2020-05-07T10:47:57.922+0200][2.267s] GC(3) Eden regions: 38->0(63)
[2020-05-07T10:47:57.922+0200][2.267s] GC(3) Survivor regions: 12->7(7)
[2020-05-07T10:47:57.922+0200][2.267s] GC(3) Old regions: 0->13
[2020-05-07T10:47:57.922+0200][2.267s] GC(3) Humongous regions: 4->4
[2020-05-07T10:47:57.922+0200][2.267s] GC(3) Metaspace: 24337K->24337K(1071104K)
[2020-05-07T10:47:57.922+0200][2.267s] GC(3) Pause Young (Normal) (G1 Evacuation Pause) 53M->23M(512M) 8.392ms
[2020-05-07T10:47:57.922+0200][2.267s] GC(3) User=0.17s Sys=0.00s Real=0.01s
[2020-05-07T10:47:58.435+0200][2.780s] GC(4) Pause Young (Normal) (G1 Evacuation Pause)
[2020-05-07T10:47:58.435+0200][2.780s] GC(4) Using 10 workers of 10 for evacuation
[2020-05-07T10:47:58.438+0200][2.783s] GC(4)   Pre Evacuate Collection Set: 0.0ms
[2020-05-07T10:47:58.438+0200][2.783s] GC(4)   Evacuate Collection Set: 2.2ms
[2020-05-07T10:47:58.438+0200][2.783s] GC(4)   Post Evacuate Collection Set: 0.3ms
[2020-05-07T10:47:58.438+0200][2.783s] GC(4)   Other: 0.1ms
[2020-05-07T10:47:58.438+0200][2.783s] GC(4) Eden regions: 63->0(106)
[2020-05-07T10:47:58.438+0200][2.783s] GC(4) Survivor regions: 7->2(9)
[2020-05-07T10:47:58.438+0200][2.783s] GC(4) Old regions: 13->19
[2020-05-07T10:47:58.438+0200][2.783s] GC(4) Humongous regions: 4->4
[2020-05-07T10:47:58.438+0200][2.783s] GC(4) Metaspace: 32202K->32202K(1079296K)
[2020-05-07T10:47:58.438+0200][2.783s] GC(4) Pause Young (Normal) (G1 Evacuation Pause) 86M->24M(512M) 2.849ms
[2020-05-07T10:47:58.438+0200][2.783s] GC(4) User=0.17s Sys=0.00s Real=0.00s
[2020-05-07T10:47:58.569+0200][2.914s] GC(5) Pause Young (Concurrent Start) (Metadata GC Threshold)
[2020-05-07T10:47:58.569+0200][2.914s] GC(5) Using 10 workers of 10 for evacuation
[2020-05-07T10:47:58.571+0200][2.916s] GC(5)   Pre Evacuate Collection Set: 0.0ms
[2020-05-07T10:47:58.571+0200][2.916s] GC(5)   Evacuate Collection Set: 1.6ms
[2020-05-07T10:47:58.571+0200][2.916s] GC(5)   Post Evacuate Collection Set: 0.3ms
[2020-05-07T10:47:58.571+0200][2.916s] GC(5)   Other: 0.1ms
[2020-05-07T10:47:58.571+0200][2.916s] GC(5) Eden regions: 11->0(116)
[2020-05-07T10:47:58.571+0200][2.916s] GC(5) Survivor regions: 2->2(14)
[2020-05-07T10:47:58.571+0200][2.916s] GC(5) Old regions: 19->19
[2020-05-07T10:47:58.571+0200][2.916s] GC(5) Humongous regions: 4->4
[2020-05-07T10:47:58.571+0200][2.916s] GC(5) Metaspace: 35126K->35126K(1081344K)
[2020-05-07T10:47:58.571+0200][2.916s] GC(5) Pause Young (Concurrent Start) (Metadata GC Threshold) 34M->24M(512M) 2.256ms
[2020-05-07T10:47:58.571+0200][2.916s] GC(5) User=0.00s Sys=0.00s Real=0.00s
[2020-05-07T10:47:58.571+0200][2.916s] GC(6) Concurrent Cycle
[2020-05-07T10:47:58.571+0200][2.916s] GC(6) Concurrent Clear Claimed Marks
[2020-05-07T10:47:58.571+0200][2.916s] GC(6) Concurrent Clear Claimed Marks 0.029ms
[2020-05-07T10:47:58.571+0200][2.916s] GC(6) Concurrent Scan Root Regions
[2020-05-07T10:47:58.572+0200][2.917s] GC(6) Concurrent Scan Root Regions 1.020ms
[2020-05-07T10:47:58.572+0200][2.917s] GC(6) Concurrent Mark (2.917s)
[2020-05-07T10:47:58.572+0200][2.917s] GC(6) Concurrent Mark From Roots
[2020-05-07T10:47:58.572+0200][2.917s] GC(6) Using 3 workers of 3 for marking
[2020-05-07T10:47:58.583+0200][2.927s] GC(6) Concurrent Mark From Roots 9.671ms
[2020-05-07T10:47:58.583+0200][2.927s] GC(6) Concurrent Preclean
[2020-05-07T10:47:58.583+0200][2.927s] GC(6) Concurrent Preclean 0.326ms
[2020-05-07T10:47:58.583+0200][2.927s] GC(6) Concurrent Mark (2.917s, 2.927s) 10.102ms
[2020-05-07T10:47:58.583+0200][2.928s] GC(6) Pause Remark
[2020-05-07T10:47:58.584+0200][2.929s] GC(6) Cleaned string and symbol table, strings: 16701 processed, 22 removed, symbols: 115412 processed, 55 removed
[2020-05-07T10:47:58.585+0200][2.929s] GC(6) Pause Remark 25M->25M(512M) 1.853ms
[2020-05-07T10:47:58.585+0200][2.929s] GC(6) User=0.00s Sys=0.00s Real=0.00s
[2020-05-07T10:47:58.585+0200][2.930s] GC(6) Concurrent Rebuild Remembered Sets
[2020-05-07T10:47:58.591+0200][2.936s] GC(6) Concurrent Rebuild Remembered Sets 6.310ms
[2020-05-07T10:47:58.592+0200][2.936s] GC(6) Pause Cleanup
[2020-05-07T10:47:58.592+0200][2.936s] GC(6) Pause Cleanup 26M->26M(512M) 0.075ms
[2020-05-07T10:47:58.592+0200][2.936s] GC(6) User=0.00s Sys=0.00s Real=0.00s
[2020-05-07T10:47:58.592+0200][2.936s] GC(6) Concurrent Cleanup for Next Mark
[2020-05-07T10:47:58.592+0200][2.936s] GC(6) Concurrent Cleanup for Next Mark 0.234ms
[2020-05-07T10:47:58.592+0200][2.936s] GC(6) Concurrent Cycle 20.331ms
[2020-05-07T10:47:59.236+0200][3.580s] GC(7) Pause Young (Concurrent Start) (G1 Evacuation Pause)
[2020-05-07T10:47:59.236+0200][3.580s] GC(7) Using 10 workers of 10 for evacuation
[2020-05-07T10:47:59.240+0200][3.585s] GC(7)   Pre Evacuate Collection Set: 0.0ms
[2020-05-07T10:47:59.240+0200][3.585s] GC(7)   Evacuate Collection Set: 4.0ms
[2020-05-07T10:47:59.240+0200][3.585s] GC(7)   Post Evacuate Collection Set: 0.4ms
[2020-05-07T10:47:59.240+0200][3.585s] GC(7)   Other: 0.2ms
[2020-05-07T10:47:59.240+0200][3.585s] GC(7) Eden regions: 116->0(177)
[2020-05-07T10:47:59.240+0200][3.585s] GC(7) Survivor regions: 2->7(15)
[2020-05-07T10:47:59.240+0200][3.585s] GC(7) Old regions: 19->19
[2020-05-07T10:47:59.240+0200][3.585s] GC(7) Humongous regions: 5->4
[2020-05-07T10:47:59.240+0200][3.585s] GC(7) Metaspace: 42799K->42799K(1087488K)
[2020-05-07T10:47:59.240+0200][3.585s] GC(7) Pause Young (Concurrent Start) (G1 Evacuation Pause) 141M->29M(512M) 4.772ms
[2020-05-07T10:47:59.240+0200][3.585s] GC(7) User=0.00s Sys=0.00s Real=0.00s
[2020-05-07T10:47:59.241+0200][3.585s] GC(8) Concurrent Cycle
[2020-05-07T10:47:59.241+0200][3.585s] GC(8) Concurrent Clear Claimed Marks
[2020-05-07T10:47:59.241+0200][3.585s] GC(8) Concurrent Clear Claimed Marks 0.058ms
[2020-05-07T10:47:59.241+0200][3.585s] GC(8) Concurrent Scan Root Regions
[2020-05-07T10:47:59.243+0200][3.587s] GC(8) Concurrent Scan Root Regions 1.966ms
[2020-05-07T10:47:59.243+0200][3.587s] GC(8) Concurrent Mark (3.587s)
[2020-05-07T10:47:59.243+0200][3.587s] GC(8) Concurrent Mark From Roots
[2020-05-07T10:47:59.243+0200][3.587s] GC(8) Using 3 workers of 3 for marking
[2020-05-07T10:47:59.258+0200][3.602s] GC(8) Concurrent Mark From Roots 15.018ms
[2020-05-07T10:47:59.258+0200][3.602s] GC(8) Concurrent Preclean
[2020-05-07T10:47:59.258+0200][3.602s] GC(8) Concurrent Preclean 0.188ms
[2020-05-07T10:47:59.258+0200][3.602s] GC(8) Concurrent Mark (3.587s, 3.602s) 15.267ms
[2020-05-07T10:47:59.258+0200][3.602s] GC(8) Pause Remark
[2020-05-07T10:47:59.260+0200][3.604s] GC(8) Cleaned string and symbol table, strings: 20185 processed, 0 removed, symbols: 136948 processed, 72 removed
[2020-05-07T10:47:59.260+0200][3.605s] GC(8) Pause Remark 37M->37M(512M) 2.239ms
[2020-05-07T10:47:59.260+0200][3.605s] GC(8) User=0.00s Sys=0.00s Real=0.00s
[2020-05-07T10:47:59.260+0200][3.605s] GC(8) Concurrent Rebuild Remembered Sets
[2020-05-07T10:47:59.267+0200][3.612s] GC(8) Concurrent Rebuild Remembered Sets 7.221ms
[2020-05-07T10:47:59.267+0200][3.612s] GC(8) Pause Cleanup
[2020-05-07T10:47:59.267+0200][3.612s] GC(8) Pause Cleanup 41M->41M(512M) 0.114ms
[2020-05-07T10:47:59.267+0200][3.612s] GC(8) User=0.00s Sys=0.00s Real=0.00s
[2020-05-07T10:47:59.268+0200][3.612s] GC(8) Concurrent Cleanup for Next Mark
[2020-05-07T10:47:59.268+0200][3.612s] GC(8) Concurrent Cleanup for Next Mark 0.233ms
[2020-05-07T10:47:59.268+0200][3.612s] GC(8) Concurrent Cycle 27.606ms
[2020-05-07T10:47:59.918+0200][4.262s] GC(9) Pause Young (Normal) (G1 Evacuation Pause)
[2020-05-07T10:47:59.918+0200][4.263s] GC(9) Using 10 workers of 10 for evacuation
[2020-05-07T10:47:59.925+0200][4.269s] GC(9)   Pre Evacuate Collection Set: 0.0ms
[2020-05-07T10:47:59.925+0200][4.269s] GC(9)   Evacuate Collection Set: 6.1ms
[2020-05-07T10:47:59.925+0200][4.269s] GC(9)   Post Evacuate Collection Set: 0.4ms
[2020-05-07T10:47:59.925+0200][4.269s] GC(9)   Other: 0.2ms
[2020-05-07T10:47:59.925+0200][4.269s] GC(9) Eden regions: 184->0(248)
[2020-05-07T10:47:59.925+0200][4.269s] GC(9) Survivor regions: 7->13(24)
[2020-05-07T10:47:59.925+0200][4.269s] GC(9) Old regions: 19->19
[2020-05-07T10:47:59.925+0200][4.269s] GC(9) Humongous regions: 4->4
[2020-05-07T10:47:59.925+0200][4.269s] GC(9) Metaspace: 51418K->51418K(1095680K)
[2020-05-07T10:47:59.925+0200][4.269s] GC(9) Pause Young (Normal) (G1 Evacuation Pause) 213M->35M(512M) 6.919ms
[2020-05-07T10:47:59.925+0200][4.269s] GC(9) User=0.17s Sys=0.00s Real=0.01s
[2020-05-07T10:52:01.289+0200][245.633s] Heap
[2020-05-07T10:52:01.289+0200][245.633s]  garbage-first heap   total 524288K, used 80922K [0x00000000e0000000, 0x0000000100000000)
[2020-05-07T10:52:01.289+0200][245.633s]   region size 1024K, 58 young (59392K), 13 survivors (13312K)
[2020-05-07T10:52:01.289+0200][245.633s]  Metaspace       used 54335K, capacity 55431K, committed 55600K, reserved 1097728K
[2020-05-07T10:52:01.289+0200][245.633s]   class space    used 6248K, capacity 6730K, committed 6784K, reserved 1048576K
