[2020-05-06T13:21:56.629+0200][0.017s] Heap region size: 1M
[2020-05-06T13:21:56.804+0200][0.192s] Using G1
[2020-05-06T13:21:56.804+0200][0.192s] Heap address: 0x00000000e0000000, size: 512 MB, Compressed Oops mode: 32-bit
[2020-05-06T13:21:58.364+0200][1.753s] GC(0) Pause Young (Normal) (G1 Evacuation Pause)
[2020-05-06T13:21:58.365+0200][1.753s] GC(0) Using 10 workers of 10 for evacuation
[2020-05-06T13:21:58.369+0200][1.757s] GC(0)   Pre Evacuate Collection Set: 0.0ms
[2020-05-06T13:21:58.369+0200][1.757s] GC(0)   Evacuate Collection Set: 3.2ms
[2020-05-06T13:21:58.369+0200][1.757s] GC(0)   Post Evacuate Collection Set: 0.4ms
[2020-05-06T13:21:58.369+0200][1.757s] GC(0)   Other: 0.6ms
[2020-05-06T13:21:58.369+0200][1.757s] GC(0) Eden regions: 30->0(303)
[2020-05-06T13:21:58.369+0200][1.757s] GC(0) Survivor regions: 0->4(4)
[2020-05-06T13:21:58.369+0200][1.757s] GC(0) Old regions: 0->0
[2020-05-06T13:21:58.369+0200][1.758s] GC(0) Humongous regions: 0->0
[2020-05-06T13:21:58.369+0200][1.758s] GC(0) Metaspace: 15561K->15561K(1062912K)
[2020-05-06T13:21:58.369+0200][1.758s] GC(0) Pause Young (Normal) (G1 Evacuation Pause) 30M->3M(512M) 4.527ms
[2020-05-06T13:21:58.369+0200][1.758s] GC(0) User=0.16s Sys=0.00s Real=0.00s
[2020-05-06T13:21:58.648+0200][2.037s] GC(1) Pause Young (Concurrent Start) (Metadata GC Threshold)
[2020-05-06T13:21:58.648+0200][2.037s] GC(1) Using 10 workers of 10 for evacuation
[2020-05-06T13:21:58.660+0200][2.048s] GC(1)   Pre Evacuate Collection Set: 0.0ms
[2020-05-06T13:21:58.660+0200][2.048s] GC(1)   Evacuate Collection Set: 11.0ms
[2020-05-06T13:21:58.660+0200][2.048s] GC(1)   Post Evacuate Collection Set: 0.3ms
[2020-05-06T13:21:58.660+0200][2.048s] GC(1)   Other: 0.2ms
[2020-05-06T13:21:58.660+0200][2.048s] GC(1) Eden regions: 19->0(59)
[2020-05-06T13:21:58.660+0200][2.048s] GC(1) Survivor regions: 4->12(39)
[2020-05-06T13:21:58.660+0200][2.048s] GC(1) Old regions: 0->0
[2020-05-06T13:21:58.660+0200][2.048s] GC(1) Humongous regions: 4->4
[2020-05-06T13:21:58.660+0200][2.048s] GC(1) Metaspace: 20743K->20743K(1069056K)
[2020-05-06T13:21:58.660+0200][2.048s] GC(1) Pause Young (Concurrent Start) (Metadata GC Threshold) 26M->15M(512M) 11.622ms
[2020-05-06T13:21:58.660+0200][2.048s] GC(1) User=0.03s Sys=0.00s Real=0.01s
[2020-05-06T13:21:58.660+0200][2.048s] GC(2) Concurrent Cycle
[2020-05-06T13:21:58.660+0200][2.048s] GC(2) Concurrent Clear Claimed Marks
[2020-05-06T13:21:58.660+0200][2.048s] GC(2) Concurrent Clear Claimed Marks 0.023ms
[2020-05-06T13:21:58.660+0200][2.048s] GC(2) Concurrent Scan Root Regions
[2020-05-06T13:21:58.662+0200][2.051s] GC(2) Concurrent Scan Root Regions 2.555ms
[2020-05-06T13:21:58.662+0200][2.051s] GC(2) Concurrent Mark (2.051s)
[2020-05-06T13:21:58.662+0200][2.051s] GC(2) Concurrent Mark From Roots
[2020-05-06T13:21:58.662+0200][2.051s] GC(2) Using 3 workers of 3 for marking
[2020-05-06T13:21:58.663+0200][2.052s] GC(2) Concurrent Mark From Roots 0.548ms
[2020-05-06T13:21:58.663+0200][2.052s] GC(2) Concurrent Preclean
[2020-05-06T13:21:58.663+0200][2.052s] GC(2) Concurrent Preclean 0.167ms
[2020-05-06T13:21:58.663+0200][2.052s] GC(2) Concurrent Mark (2.051s, 2.052s) 0.760ms
[2020-05-06T13:21:58.663+0200][2.052s] GC(2) Pause Remark
[2020-05-06T13:21:58.664+0200][2.053s] GC(2) Cleaned string and symbol table, strings: 10282 processed, 0 removed, symbols: 68258 processed, 12 removed
[2020-05-06T13:21:58.664+0200][2.053s] GC(2) Pause Remark 16M->16M(512M) 0.937ms
[2020-05-06T13:21:58.664+0200][2.053s] GC(2) User=0.16s Sys=0.00s Real=0.00s
[2020-05-06T13:21:58.664+0200][2.053s] GC(2) Concurrent Rebuild Remembered Sets
[2020-05-06T13:21:58.665+0200][2.054s] GC(2) Concurrent Rebuild Remembered Sets 1.165ms
[2020-05-06T13:21:58.666+0200][2.054s] GC(2) Pause Cleanup
[2020-05-06T13:21:58.666+0200][2.054s] GC(2) Pause Cleanup 16M->16M(512M) 0.074ms
[2020-05-06T13:21:58.666+0200][2.054s] GC(2) User=0.00s Sys=0.00s Real=0.00s
[2020-05-06T13:21:58.666+0200][2.054s] GC(2) Concurrent Cleanup for Next Mark
[2020-05-06T13:21:58.666+0200][2.054s] GC(2) Concurrent Cleanup for Next Mark 0.171ms
[2020-05-06T13:21:58.666+0200][2.054s] GC(2) Concurrent Cycle 6.098ms
[2020-05-06T13:21:59.029+0200][2.418s] GC(3) Pause Young (Normal) (G1 Evacuation Pause)
[2020-05-06T13:21:59.029+0200][2.418s] GC(3) Using 10 workers of 10 for evacuation
[2020-05-06T13:21:59.039+0200][2.428s] GC(3)   Pre Evacuate Collection Set: 0.0ms
[2020-05-06T13:21:59.039+0200][2.428s] GC(3)   Evacuate Collection Set: 9.4ms
[2020-05-06T13:21:59.039+0200][2.428s] GC(3)   Post Evacuate Collection Set: 0.6ms
[2020-05-06T13:21:59.039+0200][2.428s] GC(3)   Other: 0.2ms
[2020-05-06T13:21:59.039+0200][2.428s] GC(3) Eden regions: 32->0(58)
[2020-05-06T13:21:59.039+0200][2.428s] GC(3) Survivor regions: 12->6(6)
[2020-05-06T13:21:59.039+0200][2.428s] GC(3) Old regions: 0->14
[2020-05-06T13:21:59.039+0200][2.428s] GC(3) Humongous regions: 4->4
[2020-05-06T13:21:59.039+0200][2.428s] GC(3) Metaspace: 23773K->23773K(1071104K)
[2020-05-06T13:21:59.040+0200][2.428s] GC(3) Pause Young (Normal) (G1 Evacuation Pause) 47M->23M(512M) 10.251ms
[2020-05-06T13:21:59.040+0200][2.428s] GC(3) User=0.17s Sys=0.00s Real=0.01s
[2020-05-06T13:21:59.783+0200][3.171s] GC(4) Pause Young (Normal) (G1 Evacuation Pause)
[2020-05-06T13:21:59.783+0200][3.171s] GC(4) Using 10 workers of 10 for evacuation
[2020-05-06T13:21:59.785+0200][3.173s] GC(4)   Pre Evacuate Collection Set: 0.0ms
[2020-05-06T13:21:59.785+0200][3.173s] GC(4)   Evacuate Collection Set: 1.2ms
[2020-05-06T13:21:59.785+0200][3.173s] GC(4)   Post Evacuate Collection Set: 0.6ms
[2020-05-06T13:21:59.785+0200][3.173s] GC(4)   Other: 0.1ms
[2020-05-06T13:21:59.785+0200][3.173s] GC(4) Eden regions: 58->0(100)
[2020-05-06T13:21:59.785+0200][3.173s] GC(4) Survivor regions: 6->2(8)
[2020-05-06T13:21:59.785+0200][3.173s] GC(4) Old regions: 14->19
[2020-05-06T13:21:59.785+0200][3.173s] GC(4) Humongous regions: 4->4
[2020-05-06T13:21:59.785+0200][3.173s] GC(4) Metaspace: 30271K->30271K(1077248K)
[2020-05-06T13:21:59.785+0200][3.173s] GC(4) Pause Young (Normal) (G1 Evacuation Pause) 81M->24M(512M) 2.177ms
[2020-05-06T13:21:59.785+0200][3.173s] GC(4) User=0.00s Sys=0.00s Real=0.00s
[2020-05-06T13:21:59.995+0200][3.383s] GC(5) Pause Young (Concurrent Start) (Metadata GC Threshold)
[2020-05-06T13:21:59.995+0200][3.384s] GC(5) Using 10 workers of 10 for evacuation
[2020-05-06T13:21:59.997+0200][3.385s] GC(5)   Pre Evacuate Collection Set: 0.0ms
[2020-05-06T13:21:59.997+0200][3.385s] GC(5)   Evacuate Collection Set: 1.4ms
[2020-05-06T13:21:59.997+0200][3.385s] GC(5)   Post Evacuate Collection Set: 0.3ms
[2020-05-06T13:21:59.997+0200][3.385s] GC(5)   Other: 0.1ms
[2020-05-06T13:21:59.997+0200][3.385s] GC(5) Eden regions: 26->0(109)
[2020-05-06T13:21:59.997+0200][3.385s] GC(5) Survivor regions: 2->3(13)
[2020-05-06T13:21:59.997+0200][3.385s] GC(5) Old regions: 19->19
[2020-05-06T13:21:59.997+0200][3.385s] GC(5) Humongous regions: 4->4
[2020-05-06T13:21:59.997+0200][3.385s] GC(5) Metaspace: 35051K->35051K(1081344K)
[2020-05-06T13:21:59.997+0200][3.385s] GC(5) Pause Young (Concurrent Start) (Metadata GC Threshold) 50M->24M(512M) 1.995ms
[2020-05-06T13:21:59.997+0200][3.385s] GC(5) User=0.00s Sys=0.00s Real=0.00s
[2020-05-06T13:21:59.997+0200][3.386s] GC(6) Concurrent Cycle
[2020-05-06T13:21:59.997+0200][3.386s] GC(6) Concurrent Clear Claimed Marks
[2020-05-06T13:21:59.997+0200][3.386s] GC(6) Concurrent Clear Claimed Marks 0.019ms
[2020-05-06T13:21:59.997+0200][3.386s] GC(6) Concurrent Scan Root Regions
[2020-05-06T13:21:59.998+0200][3.387s] GC(6) Concurrent Scan Root Regions 1.427ms
[2020-05-06T13:21:59.998+0200][3.387s] GC(6) Concurrent Mark (3.387s)
[2020-05-06T13:21:59.998+0200][3.387s] GC(6) Concurrent Mark From Roots
[2020-05-06T13:21:59.998+0200][3.387s] GC(6) Using 3 workers of 3 for marking
[2020-05-06T13:22:00.011+0200][3.400s] GC(6) Concurrent Mark From Roots 12.824ms
[2020-05-06T13:22:00.011+0200][3.400s] GC(6) Concurrent Preclean
[2020-05-06T13:22:00.012+0200][3.400s] GC(6) Concurrent Preclean 0.239ms
[2020-05-06T13:22:00.012+0200][3.400s] GC(6) Concurrent Mark (3.387s, 3.400s) 13.147ms
[2020-05-06T13:22:00.012+0200][3.400s] GC(6) Pause Remark
[2020-05-06T13:22:00.013+0200][3.402s] GC(6) Cleaned string and symbol table, strings: 16784 processed, 22 removed, symbols: 115403 processed, 55 removed
[2020-05-06T13:22:00.014+0200][3.402s] GC(6) Pause Remark 25M->25M(512M) 1.870ms
[2020-05-06T13:22:00.014+0200][3.402s] GC(6) User=0.00s Sys=0.00s Real=0.00s
[2020-05-06T13:22:00.014+0200][3.402s] GC(6) Concurrent Rebuild Remembered Sets
[2020-05-06T13:22:00.019+0200][3.408s] GC(6) Concurrent Rebuild Remembered Sets 5.610ms
[2020-05-06T13:22:00.020+0200][3.408s] GC(6) Pause Cleanup
[2020-05-06T13:22:00.020+0200][3.408s] GC(6) Pause Cleanup 26M->26M(512M) 0.183ms
[2020-05-06T13:22:00.020+0200][3.409s] GC(6) User=0.00s Sys=0.00s Real=0.00s
[2020-05-06T13:22:00.020+0200][3.409s] GC(6) Concurrent Cleanup for Next Mark
[2020-05-06T13:22:00.020+0200][3.409s] GC(6) Concurrent Cleanup for Next Mark 0.280ms
[2020-05-06T13:22:00.020+0200][3.409s] GC(6) Concurrent Cycle 23.360ms
[2020-05-06T13:50:02.707+0200][1686.095s] Heap
[2020-05-06T13:50:02.707+0200][1686.095s]  garbage-first heap   total 524288K, used 110494K [0x00000000e0000000, 0x0000000100000000)
[2020-05-06T13:50:02.707+0200][1686.095s]   region size 1024K, 88 young (90112K), 3 survivors (3072K)
[2020-05-06T13:50:02.707+0200][1686.095s]  Metaspace       used 42407K, capacity 43304K, committed 43440K, reserved 1087488K
[2020-05-06T13:50:02.707+0200][1686.095s]   class space    used 4699K, capacity 5094K, committed 5120K, reserved 1048576K
